Archive member included to satisfy reference by file (symbol)

build/cooja/mtype203.a(simEnvChange.o)
                              build/cooja/mtype203.o (simDontFallAsleep)
build/cooja/mtype203.a(cooja_mt.o)
                              build/cooja/mtype203.o (cooja_mt_start)
build/cooja/mtype203.a(cooja_mtarch.o)
                              build/cooja/mtype203.a(cooja_mt.o) (cooja_mtarch_start)
build/cooja/mtype203.a(rtimer-arch.o)
                              build/cooja/mtype203.o (rtimer_arch_check)
build/cooja/mtype203.a(beep.o)
                              build/cooja/mtype203.o (beep_interface)
build/cooja/mtype203.a(leds-arch.o)
                              build/cooja/mtype203.o (leds_interface)
build/cooja/mtype203.a(moteid.o)
                              build/cooja/mtype203.o (moteid_interface)
build/cooja/mtype203.a(pir-sensor.o)
                              build/cooja/mtype203.o (pir_interface)
build/cooja/mtype203.a(rs232.o)
                              build/cooja/mtype203.o (rs232_interface)
build/cooja/mtype203.a(vib-sensor.o)
                              build/cooja/mtype203.o (vib_interface)
build/cooja/mtype203.a(clock.o)
                              build/cooja/mtype203.o (clock_interface)
build/cooja/mtype203.a(cooja-log.o)
                              build/cooja/mtype203.o (simlog_interface)
build/cooja/mtype203.a(cfs-cooja.o)
                              build/cooja/mtype203.o (cfs_interface)
build/cooja/mtype203.a(cooja-radio.o)
                              build/cooja/mtype203.o (radio_interface)
build/cooja/mtype203.a(eeprom.o)
                              build/cooja/mtype203.o (eeprom_interface)
build/cooja/mtype203.a(random.o)
                              build/cooja/mtype203.a(moteid.o) (random_init)
build/cooja/mtype203.a(sensors.o)
                              build/cooja/mtype203.a(pir-sensor.o) (sensors_changed)
build/cooja/mtype203.a(leds.o)
                              air.o (leds_set)
build/cooja/mtype203.a(gpio-hal-arch.o)
                              build/cooja/mtype203.a(leds-arch.o) (gpio_hal_arch_register_pin_callback)
build/cooja/mtype203.a(buttons.o)
                              build/cooja/mtype203.o (button_interface)
build/cooja/mtype203.a(res_presence.o)
                              air.o (presence)
build/cooja/mtype203.a(res_air.o)
                              air.o (air_state)
build/cooja/mtype203.a(res_quality.o)
                              air.o (quality)
build/cooja/mtype203.a(coap-blocking-a)
                              air.o (coap_blocking_request)
build/cooja/mtype203.a(coap-engine.o)
                              air.o (coap_activate_resource)
build/cooja/mtype203.a(coap-res-well-k)
                              build/cooja/mtype203.a(coap-engine.o) (res_well_known_core)
build/cooja/mtype203.a(coap-observe.o)
                              build/cooja/mtype203.a(coap-engine.o) (coap_remove_observer_by_mid)
build/cooja/mtype203.a(coap-uip.o)
                              build/cooja/mtype203.a(coap-observe.o) (coap_endpoint_copy)
build/cooja/mtype203.a(coap-timer.o)
                              build/cooja/mtype203.a(coap-engine.o) (coap_timer_set)
build/cooja/mtype203.a(coap-transactio)
                              build/cooja/mtype203.a(coap-blocking-a) (coap_send_transaction)
build/cooja/mtype203.a(coap.o)
                              build/cooja/mtype203.a(coap-engine.o) (coap_status_code)
build/cooja/mtype203.a(contiki-main.o)
                              build/cooja/mtype203.o (main)
build/cooja/mtype203.a(autostart.o)
                              build/cooja/mtype203.a(contiki-main.o) (autostart_start)
build/cooja/mtype203.a(ctimer.o)
                              build/cooja/mtype203.a(contiki-main.o) (ctimer_init)
build/cooja/mtype203.a(log.o)
                              build/cooja/mtype203.a(contiki-main.o) (curr_log_level_main)
build/cooja/mtype203.a(energest.o)
                              build/cooja/mtype203.a(contiki-main.o) (energest_init)
build/cooja/mtype203.a(etimer.o)
                              build/cooja/mtype203.a(contiki-main.o) (etimer_process)
build/cooja/mtype203.a(node-id.o)
                              air.o (node_id)
build/cooja/mtype203.a(rtimer.o)
                              build/cooja/mtype203.a(contiki-main.o) (rtimer_init)
build/cooja/mtype203.a(process.o)
                              build/cooja/mtype203.a(coap-blocking-a) (process_current)
build/cooja/mtype203.a(timer.o)
                              build/cooja/mtype203.a(etimer.o) (timer_set)
build/cooja/mtype203.a(list.o)
                              build/cooja/mtype203.a(coap-engine.o) (list_init)
build/cooja/mtype203.a(memb.o)
                              build/cooja/mtype203.a(coap-observe.o) (memb_alloc)
build/cooja/mtype203.a(button-hal.o)
                              build/cooja/mtype203.o (button_hal_init)
build/cooja/mtype203.a(serial-line.o)
[...]
Memory Configuration

Name             Origin             Length             Attributes
*default*        0x0000000000000000 0xffffffffffffffff

Linker script and memory map

LOAD /usr/lib/gcc/i686-linux-gnu/5/../../../i386-linux-gnu/crti.o
LOAD /usr/lib/gcc/i686-linux-gnu/5/crtbeginS.o
LOAD air.o
LOAD build/cooja/mtype203.o
LOAD build/cooja/mtype203.a
LOAD /usr/lib/gcc/i686-linux-gnu/5/libgcc.a
LOAD /usr/lib/gcc/i686-linux-gnu/5/libgcc_s.so
LOAD /usr/lib/gcc/i686-linux-gnu/5/../../../i386-linux-gnu/libc.so
START GROUP
LOAD /lib/i386-linux-gnu/libc.so.6
LOAD /usr/lib/i386-linux-gnu/libc_nonshared.a
LOAD /lib/i386-linux-gnu/ld-linux.so.2
END GROUP
LOAD /usr/lib/gcc/i686-linux-gnu/5/libgcc.a
LOAD /usr/lib/gcc/i686-linux-gnu/5/libgcc_s.so
LOAD /usr/lib/gcc/i686-linux-gnu/5/crtendS.o
LOAD /usr/lib/gcc/i686-linux-gnu/5/../../../i386-linux-gnu/crtn.o
                0x0000000000000114                . = (0x0 + SIZEOF_HEADERS)

.note.gnu.build-id
                0x0000000000000114       0x24
 *(.note.gnu.build-id)
 .note.gnu.build-id
                0x0000000000000114       0x24 /usr/lib/gcc/i686-linux-gnu/5/../../../i386-linux-gnu/crti.o

.hash
 *(.hash)

.gnu.hash       0x0000000000000138     0x15ac
 *(.gnu.hash)
 .gnu.hash      0x0000000000000138     0x15ac /usr/lib/gcc/i686-linux-gnu/5/../../../i386-linux-gnu/crti.o

.dynsym         0x00000000000016e4     0x2f50
 *(.dynsym)
 .dynsym        0x00000000000016e4     0x2f50 /usr/lib/gcc/i686-linux-gnu/5/../../../i386-linux-gnu/crti.o

.dynstr         0x0000000000004634     0x36b8
 *(.dynstr)
 .dynstr        0x0000000000004634     0x36b8 /usr/lib/gcc/i686-linux-gnu/5/../../../i386-linux-gnu/crti.o

.gnu.version    0x0000000000007cec      0x5ea
 *(.gnu.version)
 .gnu.version   0x0000000000007cec      0x5ea /usr/lib/gcc/i686-linux-gnu/5/../../../i386-linux-gnu/crti.o

.gnu.version_d  0x00000000000082d8        0x0
 *(.gnu.version_d)
 .gnu.version_d
                0x00000000000082d8        0x0 /usr/lib/gcc/i686-linux-gnu/5/../../../i386-linux-gnu/crti.o

.gnu.version_r  0x00000000000082d8       0x40
 *(.gnu.version_r)
 .gnu.version_r
                0x00000000000082d8       0x40 /usr/lib/gcc/i686-linux-gnu/5/../../../i386-linux-gnu/crti.o

.rel.dyn        0x0000000000008318     0x9470
 *(.rel.init)
 .rel.init      0x0000000000008318        0x0 /usr/lib/gcc/i686-linux-gnu/5/../../../i386-linux-gnu/crti.o
 *(.rel.text .rel.text.* .rel.gnu.linkonce.t.*)
 .rel.text      0x0000000000008318     0x8a80 /usr/lib/gcc/i686-linux-gnu/5/../../../i386-linux-gnu/crti.o
 *(.rel.fini)
 .rel.fini      0x0000000000010d98        0x0 /usr/lib/gcc/i686-linux-gnu/5/../../../i386-linux-gnu/crti.o
 *(.rel.rodata .rel.rodata.* .rel.gnu.linkonce.r.*)
 .rel.rodata    0x0000000000010d98      0x588 /usr/lib/gcc/i686-linux-gnu/5/../../../i386-linux-gnu/crti.o
 *(.rel.data.rel.ro .rel.data.rel.ro.* .rel.gnu.linkonce.d.rel.ro.*)
 *(.rel.data .rel.data.* .rel.gnu.linkonce.d.*)
 .rel.data.rel.local
                0x0000000000011320        0x8 /usr/lib/gcc/i686-linux-gnu/5/../../../i386-linux-gnu/crti.o
 .rel.data      0x0000000000011328      0x428 /usr/lib/gcc/i686-linux-gnu/5/../../../i386-linux-gnu/crti.o
 *(.rel.tdata .rel.tdata.* .rel.gnu.linkonce.td.*)
 *(.rel.tbss .rel.tbss.* .rel.gnu.linkonce.tb.*)
 *(.rel.ctors)
 *(.rel.dtors)
 *(.rel.got)
 .rel.got       0x0000000000011750       0x28 /usr/lib/gcc/i686-linux-gnu/5/../../../i386-linux-gnu/crti.o
 *(.rel.bss .rel.bss.* .rel.gnu.linkonce.b.*)
 *(.rel.ifunc)
 .rel.ifunc     0x0000000000011778        0x0 /usr/lib/gcc/i686-linux-gnu/5/../../../i386-linux-gnu/crti.o
 .rel.fini_array
                0x0000000000011778        0x8 /usr/lib/gcc/i686-linux-gnu/5/../../../i386-linux-gnu/crti.o
 .rel.init_array
                0x0000000000011780        0x8 /usr/lib/gcc/i686-linux-gnu/5/../../../i386-linux-gnu/crti.o

.rel.plt        0x0000000000011788        0x0
 *(.rel.plt)
 .rel.plt       0x0000000000011788        0x0 /usr/lib/gcc/i686-linux-gnu/5/../../../i386-linux-gnu/crti.o
 *(.rel.iplt)

.init           0x0000000000011788       0x23
 *(SORT(.init))
 .init          0x0000000000011788       0x1e /usr/lib/gcc/i686-linux-gnu/5/../../../i386-linux-gnu/crti.o
                0x0000000000011788                _init
 .init          0x00000000000117a6        0x5 /usr/lib/gcc/i686-linux-gnu/5/../../../i386-linux-gnu/crtn.o

.plt            0x00000000000117b0       0x10
 *(.plt)
 .plt           0x00000000000117b0       0x10 /usr/lib/gcc/i686-linux-gnu/5/../../../i386-linux-gnu/crti.o
 *(.iplt)

.plt.got        0x00000000000117c0       0x10
 *(.plt.got)
 .plt.got       0x00000000000117c0       0x10 /usr/lib/gcc/i686-linux-gnu/5/../../../i386-linux-gnu/crti.o

.text           0x00000000000117d0    0x18b52
 *(.text.unlikely .text.*_unlikely .text.unlikely.*)
 .text.unlikely
                0x00000000000117d0        0x0 /usr/lib/gcc/i686-linux-gnu/5/crtbeginS.o
 .text.unlikely
                0x00000000000117d0        0x0 /usr/lib/gcc/i686-linux-gnu/5/libgcc.a(_udivdi3.o)
 *(.text.exit .text.exit.*)
 *(.text.startup .text.startup.*)
 *(.text.hot .text.hot.*)
 *(.text .stub .text.* .gnu.linkonce.t.*)
 .text          0x00000000000117d0        0x0 /usr/lib/gcc/i686-linux-gnu/5/../../../i386-linux-gnu/crti.o
 .gnu.linkonce.t.__x86.get_pc_thunk.bx
                0x00000000000117d0        0x4 /usr/lib/gcc/i686-linux-gnu/5/../../../i386-linux-gnu/crti.o
                0x00000000000117d0                __x86.get_pc_thunk.bx
 *fill*         0x00000000000117d4        0xc 
 .text          0x00000000000117e0      0x11c /usr/lib/gcc/i686-linux-gnu/5/crtbeginS.o
 .text.__x86.get_pc_thunk.dx
                0x00000000000118fc        0x4 /usr/lib/gcc/i686-linux-gnu/5/crtbeginS.o
                0x00000000000118fc                __x86.get_pc_thunk.dx
 .text          0x0000000000011900      0x416 air.o
                0x0000000000011900                client_chunk_handler
 .text          0x0000000000011d16      0x283 build/cooja/mtype203.o
                0x0000000000011da8                platform_init_stage_one
                0x0000000000011dbb                platform_init_stage_two
                0x0000000000011dce                platform_init_stage_three
                0x0000000000011de1                platform_main_loop
                0x0000000000011e54                Java_org_contikios_cooja_corecomm_Lib2_init
                0x0000000000011e8b                Java_org_contikios_cooja_corecomm_Lib2_getMemory
                0x0000000000011ebe                Java_org_contikios_cooja_corecomm_Lib2_setMemory
                0x0000000000011f1e                Java_org_contikios_cooja_corecomm_Lib2_tick
                0x0000000000011f86                Java_org_contikios_cooja_corecomm_Lib2_setReferenceAddress
 .text          0x0000000000011f99       0x65 build/cooja/mtype203.a(simEnvChange.o)
                0x0000000000011f99                doActionsBeforeTick
                0x0000000000011fcb                doActionsAfterTick
 .text          0x0000000000011ffe       0x83 build/cooja/mtype203.a(cooja_mt.o)
                0x0000000000011ffe                cooja_mt_start
                0x0000000000012028                cooja_mt_exec
                0x000000000001205e                cooja_mt_yield
 .text          0x0000000000012081       0xbe build/cooja/mtype203.a(cooja_mtarch.o)
                0x0000000000012081                cooja_mtarch_start
                0x00000000000120f4                cooja_sw
                0x0000000000012117                cooja_mtarch_exec
                0x0000000000012134                cooja_mtarch_yield
 .text          0x000000000001213f       0xc5 build/cooja/mtype203.a(rtimer-arch.o)
                0x000000000001213f                rtimer_arch_init
                0x0000000000012163                rtimer_arch_schedule
                0x0000000000012193                rtimer_arch_next
                0x00000000000121a3                rtimer_arch_pending
                0x00000000000121ad                rtimer_arch_check
                0x00000000000121f4                rtimer_arch_now
 .text          0x0000000000012204       0x81 build/cooja/mtype203.a(beep.o)
                0x0000000000012204                beep_alarm
                0x0000000000012211                beep_beep
                0x000000000001221e                beep
                0x000000000001222b                beep_down
                0x0000000000012238                beep_on
                0x0000000000012245                beep_off
                0x0000000000012252                beep_spinup
                0x000000000001225f                beep_quick
                0x000000000001226c                beep_long
 .text          0x0000000000012285       0x65 build/cooja/mtype203.a(leds-arch.o)
                0x0000000000012298                leds_arch_init
 .text          0x00000000000122ea       0x35 build/cooja/mtype203.a(moteid.o)
 .text          0x000000000001231f       0xb7 build/cooja/mtype203.a(pir-sensor.o)
 .text          0x00000000000123d6      0x148 build/cooja/mtype203.a(rs232.o)
                0x00000000000123d6                rs232_init
                0x00000000000123dc                rs232_set_speed
                0x00000000000123eb                rs232_set_input
                0x00000000000123f9                rs232_send
                0x000000000001241d                rs232_print
                0x0000000000012439                slip_arch_writeb
 .text          0x000000000001251e       0xb7 build/cooja/mtype203.a(vib-sensor.o)
 .text          0x00000000000125d5       0x38 build/cooja/mtype203.a(clock.o)
                0x00000000000125d5                clock_init
                0x00000000000125db                clock_time
                0x00000000000125e5                clock_seconds
                0x00000000000125fb                clock_delay
 .text          0x000000000001260d      0x219 build/cooja/mtype203.a(cooja-log.o)
                0x000000000001260d                simlog_char
                0x0000000000012650                simlog
                0x00000000000126c6                log_message
                0x00000000000126f7                log_set_putchar_with_slip
                0x0000000000012705                log_putchar
                0x0000000000012780                log_puts
                0x00000000000127a8                log_printf
 .text          0x0000000000012826      0x2b9 build/cooja/mtype203.a(cfs-cooja.o)
                0x0000000000012826                cfs_open
                0x000000000001288f                cfs_close
                0x000000000001289c                cfs_read
                0x0000000000012931                cfs_write
                0x0000000000012a0d                cfs_seek
                0x0000000000012a95                cfs_remove
                0x0000000000012ab9                cfs_opendir
                0x0000000000012ac3                cfs_readdir
                0x0000000000012acd                cfs_closedir
 .text          0x0000000000012adf      0x620 build/cooja/mtype203.a(cooja-radio.o)
                0x0000000000012b21                radio_set_channel
                0x0000000000012b2f                radio_set_txpower
                0x0000000000012b47                radio_signal_strength_last
                0x0000000000012b51                radio_signal_strength_current
                0x0000000000012b5b                radio_LQI
 .text          0x00000000000130ff       0xee build/cooja/mtype203.a(eeprom.o)
                0x00000000000130ff                eeprom_init
                0x0000000000013105                eeprom_read
                0x0000000000013173                eeprom_write
 .text          0x00000000000131ed       0x2d build/cooja/mtype203.a(random.o)
                0x00000000000131ed                random_init
                0x000000000001320d                random_rand
 .text          0x000000000001321a      0x29c build/cooja/mtype203.a(sensors.o)
                0x0000000000013255                sensors_first
                0x000000000001325f                sensors_next
                0x0000000000013279                sensors_changed
                0x00000000000132ad                sensors_find
 .text          0x00000000000134b6      0x349 build/cooja/mtype203.a(leds.o)
                0x00000000000134b6                leds_init
                0x00000000000134fd                leds_single_on
                0x000000000001355c                leds_single_off
                0x00000000000135bb                leds_single_toggle
                0x00000000000135ed                leds_on
                0x000000000001366f                leds_off
                0x00000000000136f1                leds_toggle
                0x0000000000013746                leds_set
                0x0000000000013772                leds_get
 .text          0x00000000000137ff      0x343 build/cooja/mtype203.a(gpio-hal-arch.o)
                0x00000000000137ff                gpio_hal_arch_register_pin_callback
                0x000000000001386b                gpio_hal_arch_init
                0x00000000000138b0                gpio_hal_arch_no_port_interrupt_enable
                0x00000000000138e0                gpio_hal_arch_no_port_interrupt_disable
                0x0000000000013910                gpio_hal_arch_no_port_pin_cfg_set
                0x0000000000013935                gpio_hal_arch_no_port_pin_cfg_get
                0x000000000001395b                gpio_hal_arch_no_port_pin_set_input
                0x000000000001396d                gpio_hal_arch_no_port_pin_set_output
                0x000000000001397f                gpio_hal_arch_no_port_set_pin
                0x00000000000139a0                gpio_hal_arch_no_port_clear_pin
                0x00000000000139c1                gpio_hal_arch_no_port_read_pin
                0x00000000000139e7                gpio_hal_arch_no_port_write_pin
                0x0000000000013a11                gpio_hal_arch_no_port_set_pins
                0x0000000000013a58                gpio_hal_arch_no_port_clear_pins
                0x0000000000013a9f                gpio_hal_arch_no_port_read_pins
                0x0000000000013ae2                gpio_hal_arch_no_port_write_pins
 .text          0x0000000000013b42       0x89 build/cooja/mtype203.a(buttons.o)
 .text          0x0000000000013bcb      0x1a9 build/cooja/mtype203.a(res_presence.o)
 .text          0x0000000000013d74      0x329 build/cooja/mtype203.a(res_air.o)
 .text          0x000000000001409d      0x1a9 build/cooja/mtype203.a(res_quality.o)
 .text          0x0000000000014246      0x27b build/cooja/mtype203.a(coap-blocking-a)
                0x0000000000014246                coap_blocking_request_callback
                0x0000000000014270                coap_blocking_request
 .text          0x00000000000144c1      0xbea build/cooja/mtype203.a(coap-engine.o)
                0x0000000000014556                coap_add_handler
                0x0000000000014573                coap_remove_handler
                0x0000000000014590                coap_call_handlers
                0x0000000000014698                coap_receive
                0x0000000000014c93                coap_engine_init
                0x0000000000014cf1                coap_activate_resource
                0x0000000000014d9c                coap_get_first_resource
                0x0000000000014db5                coap_get_next_resource
 .text          0x00000000000150ab      0x2d9 build/cooja/mtype203.a(coap-res-well-k)
 .text          0x0000000000015384      0x96a build/cooja/mtype203.a(coap-observe.o)
                0x0000000000015499                coap_remove_observer
                0x00000000000154c9                coap_remove_observer_by_client
                0x0000000000015531                coap_remove_observer_by_token
                0x00000000000155c4                coap_remove_observer_by_uri
                0x000000000001566b                coap_remove_observer_by_mid
                0x00000000000156e7                coap_notify_observers
                0x0000000000015700                coap_notify_observers_sub
                0x0000000000015b6a                coap_observe_handler
                0x0000000000015c85                coap_has_observers
 .text          0x0000000000015cee      0x733 build/cooja/mtype203.a(coap-uip.o)
                0x0000000000015cee                coap_endpoint_log
                0x0000000000015d74                coap_endpoint_print
                0x0000000000015dfa                coap_endpoint_snprint
                0x0000000000015f2d                coap_endpoint_copy
                0x0000000000015f6a                coap_endpoint_cmp
                0x0000000000016078                coap_endpoint_parse
                0x0000000000016263                coap_endpoint_is_secure
                0x0000000000016272                coap_endpoint_is_connected
                0x00000000000162a6                coap_endpoint_connect
                0x00000000000162c2                coap_endpoint_disconnect
                0x00000000000162c8                coap_databuf
                0x00000000000162d2                coap_transport_init
                0x0000000000016322                coap_sendto
 .text          0x0000000000016421      0x324 build/cooja/mtype203.a(coap-timer.o)
                0x000000000001651e                coap_timer_stop
                0x0000000000016549                coap_timer_set
                0x000000000001658c                coap_timer_reset
                0x00000000000165cf                coap_timer_time_to_next_expiration
                0x000000000001663b                coap_timer_run
                0x0000000000016707                coap_timer_init
 .text          0x0000000000016745      0x2c6 build/cooja/mtype203.a(coap-transactio)
                0x00000000000167ab                coap_new_transaction
                0x0000000000016811                coap_send_transaction
                0x0000000000016972                coap_clear_transaction
                0x00000000000169ba                coap_get_transaction_by_mid
 .text          0x0000000000016a0b     0x1c53 build/cooja/mtype203.a(coap.o)
                0x0000000000016f78                coap_init_connection
                0x0000000000016f8c                coap_get_mid
                0x0000000000016fa8                coap_init_message
                0x0000000000016ff1                coap_serialize_message
                0x0000000000017673                coap_parse_message
                0x0000000000017cda                coap_get_query_variable
                0x0000000000017d1c                coap_get_post_variable
                0x0000000000017d60                coap_set_status_code
                0x0000000000017d85                coap_set_token
                0x0000000000017dcc                coap_get_header_content_format
                0x0000000000017dfd                coap_set_header_content_format
                0x0000000000017e20                coap_get_header_accept
                0x0000000000017e51                coap_set_header_accept
                0x0000000000017e74                coap_get_header_max_age
                0x0000000000017ea5                coap_set_header_max_age
                0x0000000000017ec5                coap_get_header_etag
                0x0000000000017ef7                coap_set_header_etag
                0x0000000000017f4e                coap_get_header_if_match
                0x0000000000017f80                coap_set_header_if_match
                0x0000000000017fd7                coap_get_header_if_none_match
                0x0000000000017ff1                coap_set_header_if_none_match
                0x0000000000018008                coap_get_header_proxy_uri
                0x0000000000018036                coap_set_header_proxy_uri
                0x0000000000018073                coap_get_header_uri_host
                0x00000000000180a1                coap_set_header_uri_host
                0x00000000000180de                coap_get_header_uri_path
                0x000000000001810c                coap_set_header_uri_path
                0x0000000000018159                coap_get_header_uri_query
                0x000000000001818d                coap_set_header_uri_query
                0x00000000000181e3                coap_get_header_location_path
                0x0000000000018211                coap_set_header_location_path
                0x00000000000182aa                coap_get_header_location_query
                0x00000000000182d8                coap_set_header_location_query
                0x0000000000018325                coap_get_header_observe
                0x0000000000018354                coap_set_header_observe
                0x0000000000018374                coap_get_header_block2
                0x00000000000183e0                coap_set_header_block2
                0x0000000000018457                coap_get_header_block1
                0x00000000000184cc                coap_set_header_block1
                0x0000000000018547                coap_get_header_size2
                0x0000000000018577                coap_set_header_size2
                0x000000000001859a                coap_get_header_size1
                0x00000000000185ca                coap_set_header_size1
                0x00000000000185ed                coap_get_payload
                0x0000000000018627                coap_set_payload
 .text          0x000000000001865e      0x332 build/cooja/mtype203.a(contiki-main.o)
                0x000000000001865e                main
 .text          0x0000000000018990       0x92 build/cooja/mtype203.a(autostart.o)
                0x0000000000018990                autostart_start
                0x00000000000189da                autostart_exit
 .text          0x0000000000018a22      0x355 build/cooja/mtype203.a(ctimer.o)
                0x0000000000018b4a                ctimer_init
                0x0000000000018b7d                ctimer_set
                0x0000000000018ba3                ctimer_set_with_process
                0x0000000000018c20                ctimer_reset
                0x0000000000018c74                ctimer_restart
                0x0000000000018cc8                ctimer_stop
                0x0000000000018d18                ctimer_expired
 .text          0x0000000000018d77      0x394 build/cooja/mtype203.a(log.o)
                0x0000000000018d77                log_6addr
                0x0000000000018dca                log_6addr_compact_snprint
                0x0000000000018e68                log_6addr_compact
                0x0000000000018ebb                log_lladdr
                0x0000000000018f2d                log_lladdr_compact
                0x0000000000018f95                log_set_level
                0x0000000000019050                log_get_level
                0x00000000000190c9                log_level_to_str
 .text          0x000000000001910b       0x1b build/cooja/mtype203.a(energest.o)
                0x000000000001910b                energest_init
                0x0000000000019111                energest_flush
                0x0000000000019117                energest_get_total_time
 .text          0x0000000000019126      0x43f build/cooja/mtype203.a(etimer.o)
                0x000000000001934a                etimer_request_poll
                0x00000000000193d3                etimer_set
                0x00000000000193fc                etimer_reset_with_new_interval
                0x000000000001942b                etimer_reset
                0x0000000000019451                etimer_restart
                0x0000000000019477                etimer_adjust
                0x0000000000019494                etimer_expired
                0x00000000000194a7                etimer_expiration_time
                0x00000000000194b9                etimer_start_time
                0x00000000000194c3                etimer_pending
                0x00000000000194d5                etimer_next_expiration_time
                0x00000000000194ef                etimer_stop
 .text          0x0000000000019565       0x25 build/cooja/mtype203.a(node-id.o)
                0x0000000000019565                node_id_init
 .text          0x000000000001958a       0xeb build/cooja/mtype203.a(rtimer.o)
                0x000000000001958a                rtimer_init
                0x0000000000019598                rtimer_set
                0x0000000000019613                rtimer_run_next
 .text          0x0000000000019675      0x4fb build/cooja/mtype203.a(process.o)
                0x0000000000019675                process_alloc_event
                0x000000000001968a                process_start
                0x0000000000019864                process_exit
                0x0000000000019881                process_init
                0x0000000000019a16                process_run
                0x0000000000019a49                process_nevents
                0x0000000000019a64                process_post
                0x0000000000019af7                process_post_synch
                0x0000000000019b2c                process_poll
                0x0000000000019b5c                process_is_running
 .text          0x0000000000019b70       0xb1 build/cooja/mtype203.a(timer.o)
                0x0000000000019b70                timer_set
                0x0000000000019b8e                timer_reset
                0x0000000000019bbb                timer_restart
                0x0000000000019bd0                timer_expired
                0x0000000000019bfd                timer_remaining
 .text          0x0000000000019c21      0x28f build/cooja/mtype203.a(list.o)
                0x0000000000019c21                list_init
                0x0000000000019c30                list_head
                0x0000000000019c3a                list_copy
                0x0000000000019c4a                list_tail
                0x0000000000019c80                list_add
                0x0000000000019ccc                list_push
                0x0000000000019cf8                list_chop
                0x0000000000019d62                list_pop
                0x0000000000019d8a                list_remove
                0x0000000000019df2                list_length
                0x0000000000019e20                list_insert
                0x0000000000019e65                list_item_next
                0x0000000000019e7c                list_contains
 .text          0x0000000000019eb0      0x1b5 build/cooja/mtype203.a(memb.o)
                0x0000000000019eb0                memb_init
                0x0000000000019f05                memb_alloc
                0x0000000000019f68                memb_free
                0x0000000000019fdf                memb_inmemb
                0x000000000001a01e                memb_numfree
 .text          0x000000000001a065      0x41c build/cooja/mtype203.a(button-hal.o)
                0x000000000001a1de                button_hal_get_by_id
                0x000000000001a21c                button_hal_get_by_index
                0x000000000001a248                button_hal_get_state
                0x000000000001a29a                button_hal_init
 .text          0x000000000001a481      0x1f3 build/cooja/mtype203.a(serial-line.o)
                0x000000000001a481                serial_line_input_byte
                0x000000000001a63f                serial_line_init
 .text          0x000000000001a674      0x168 build/cooja/mtype203.a(gpio-hal.o)
                0x000000000001a674                gpio_hal_register_handler
                0x000000000001a691                gpio_hal_event_handler
                0x000000000001a6ed                gpio_hal_init
                0x000000000001a70c                gpio_hal_arch_port_toggle_pin
                0x000000000001a748                gpio_hal_arch_port_toggle_pins
                0x000000000001a776                gpio_hal_arch_no_port_toggle_pin
                0x000000000001a7b4                gpio_hal_arch_no_port_toggle_pins
 .text          0x000000000001a7dc      0x2e7 build/cooja/mtype203.a(queuebuf.o)
                0x000000000001a7e6                queuebuf_init
                0x000000000001a80f                queuebuf_numfree
                0x000000000001a827                queuebuf_new_from_packetbuf
                0x000000000001a8c6                queuebuf_update_attr_from_packetbuf
                0x000000000001a8fb                queuebuf_update_from_packetbuf
                0x000000000001a94b                queuebuf_free
                0x000000000001a994                queuebuf_to_packetbuf
                0x000000000001aa00                queuebuf_dataptr
                0x000000000001aa3a                queuebuf_datalen
                0x000000000001aa5d                queuebuf_addr
                0x000000000001aa92                queuebuf_attr
                0x000000000001aabd                queuebuf_debug_print
 .text          0x000000000001aac3      0x407 build/cooja/mtype203.a(packetbuf.o)
                0x000000000001aac3                packetbuf_clear
                0x000000000001aaee                packetbuf_copyfrom
                0x000000000001ab3d                packetbuf_copyto
                0x000000000001abd0                packetbuf_hdralloc
                0x000000000001ac4c                packetbuf_hdrreduce
                0x000000000001ac92                packetbuf_set_datalen
                0x000000000001acac                packetbuf_dataptr
                0x000000000001acc9                packetbuf_hdrptr
                0x000000000001acd3                packetbuf_datalen
                0x000000000001acdf                packetbuf_hdrlen
                0x000000000001acf6                packetbuf_totlen
                0x000000000001ad0c                packetbuf_remaininglen
                0x000000000001ad1f                packetbuf_attr_clear
                0x000000000001ad6b                packetbuf_attr_copyto
                0x000000000001adc3                packetbuf_attr_copyfrom
                0x000000000001ae1b                packetbuf_set_attr
                0x000000000001ae45                packetbuf_attr
                0x000000000001ae5f                packetbuf_set_addr
                0x000000000001ae90                packetbuf_addr
                0x000000000001aead                packetbuf_holds_broadcast
 .text          0x000000000001aeca       0xef build/cooja/mtype203.a(netstack.o)
                0x000000000001aeca                netstack_process_ip_callback
                0x000000000001af5b                netstack_ip_packet_processor_add
                0x000000000001af7e                uip_ds6_ip_packet_processor_rm
                0x000000000001af9b                netstack_init
 .text          0x000000000001afb9       0x4f build/cooja/mtype203.a(linkaddr.o)
                0x000000000001afb9                linkaddr_copy
                0x000000000001afcf                linkaddr_cmp
                0x000000000001aff2                linkaddr_set_node_addr
 .text          0x000000000001b008      0x1f6 build/cooja/mtype203.a(csma.o)
 .text          0x000000000001b1fe      0x95d build/cooja/mtype203.a(csma-output.o)
                0x000000000001b895                csma_output_packet
                0x000000000001bb22                csma_output_init
 .text          0x000000000001bb5b      0xc11 build/cooja/mtype203.a(uip-ds6.o)
                0x000000000001bb5b                uip_ds6_default_prefix
                0x000000000001bb65                uip_ds6_set_default_prefix
                0x000000000001bb90                uip_ds6_init
                0x000000000001bdf2                uip_ds6_periodic
                0x000000000001be79                uip_ds6_list_loop
                0x000000000001bf39                uip_ds6_prefix_add
                0x000000000001bfe5                uip_ds6_prefix_rm
                0x000000000001bff8                uip_ds6_prefix_lookup
                0x000000000001c037                uip_ds6_is_addr_onlink
                0x000000000001c0aa                uip_ds6_addr_add
                0x000000000001c1ca                uip_ds6_addr_rm
                0x000000000001c273                uip_ds6_addr_lookup
                0x000000000001c2ac                uip_ds6_get_link_local
                0x000000000001c32d                uip_ds6_get_global
                0x000000000001c3ae                uip_ds6_maddr_add
                0x000000000001c40e                uip_ds6_maddr_rm
                0x000000000001c421                uip_ds6_maddr_lookup
                0x000000000001c45a                uip_ds6_aaddr_add
                0x000000000001c4ba                uip_ds6_aaddr_rm
                0x000000000001c4cd                uip_ds6_aaddr_lookup
                0x000000000001c506                uip_ds6_select_src
                0x000000000001c64f                uip_ds6_set_addr_iid
                0x000000000001c67a                uip_ds6_set_lladdr_from_iid
                0x000000000001c6a3                get_match_length
                0x000000000001c734                uip_ds6_compute_reachable_time
 .text          0x000000000001c76c      0x128 build/cooja/mtype203.a(uip-udp-packet.)
                0x000000000001c76c                uip_udp_packet_send
                0x000000000001c7c7                uip_udp_packet_sendto
 .text          0x000000000001c894      0x35b build/cooja/mtype203.a(uip-ds6-route.o)
                0x000000000001c8e5                uip_ds6_route_init
                0x000000000001c90f                uip_ds6_route_nexthop
                0x000000000001c919                uip_ds6_route_head
                0x000000000001c923                uip_ds6_route_next
                0x000000000001c92d                uip_ds6_route_is_nexthop
                0x000000000001c937                uip_ds6_route_num_routes
                0x000000000001c941                uip_ds6_route_lookup
                0x000000000001c94b                uip_ds6_route_add
                0x000000000001c95e                uip_ds6_route_rm
                0x000000000001c964                uip_ds6_route_rm_by_nexthop
                0x000000000001c96a                uip_ds6_defrt_head
                0x000000000001c983                uip_ds6_defrt_add
                0x000000000001ca31                uip_ds6_defrt_rm
                0x000000000001ca97                uip_ds6_defrt_lookup
                0x000000000001cafe                uip_ds6_defrt_choose
                0x000000000001cb74                uip_ds6_defrt_periodic
 .text          0x000000000001cbef      0x6f7 build/cooja/mtype203.a(tcpip.o)
                0x000000000001cc09                tcpip_output
                0x000000000001cc88                udp_attach
                0x000000000001cca0                udp_new
                0x000000000001ccea                udp_broadcast_new
                0x000000000001ce5c                tcpip_input
                0x000000000001cfec                tcpip_ipv6_output
                0x000000000001d1e0                tcpip_poll_udp
                0x000000000001d1fe                tcpip_uipcall
 .text          0x000000000001d2e6     0x1205 build/cooja/mtype203.a(uip6.o)
                0x000000000001d395                uip_chksum
                0x000000000001d46c                uip_icmp6chksum
                0x000000000001d481                uip_udpchksum
                0x000000000001d496                uip_init
                0x000000000001d4df                uip_remove_ext_hdr
                0x000000000001d5b9                uip_udp_new
                0x000000000001d8cd                uip_process
                0x000000000001e3c5                uip_htons
                0x000000000001e3e7                uip_htonl
                0x000000000001e425                uip_send
 .text          0x000000000001e4eb      0x369 build/cooja/mtype203.a(uip-ds6-nbr.o)
                0x000000000001e4eb                uip_ds6_neighbors_init
                0x000000000001e50f                uip_ds6_nbr_add
                0x000000000001e595                uip_ds6_nbr_rm
                0x000000000001e5e0                uip_ds6_nbr_update_ll
                0x000000000001e6ce                uip_ds6_nbr_get_ipaddr
                0x000000000001e6e3                uip_ds6_nbr_get_ll
                0x000000000001e6ff                uip_ds6_nbr_num
                0x000000000001e748                uip_ds6_nbr_head
                0x000000000001e761                uip_ds6_nbr_next
                0x000000000001e77d                uip_ds6_nbr_lookup
                0x000000000001e7d5                uip_ds6_nbr_ll_lookup
                0x000000000001e7f1                uip_ds6_nbr_ipaddr_from_lladdr
                0x000000000001e81a                uip_ds6_nbr_lladdr_from_ipaddr
                0x000000000001e84e                uip_ds6_link_callback
 .text          0x000000000001e854      0x6a7 build/cooja/mtype203.a(uip-nd6.o)
                0x000000000001eee2                uip_nd6_init
 .text          0x000000000001eefb     0x2c17 build/cooja/mtype203.a(sicslowpan.o)
                0x000000000001f502                netstack_sniffer_add
                0x000000000001f510                netstack_sniffer_remove
                0x0000000000021ae6                sicslowpan_init
                0x0000000000021b08                sicslowpan_get_last_rssi
 .text          0x0000000000021b12      0x4d1 build/cooja/mtype203.a(uiplib.o)
                0x0000000000021b12                uiplib_ip6addrconv
                0x0000000000021cca                uiplib_ip4addrconv
                0x0000000000021d8d                uiplib_ipaddr_print
                0x0000000000021de0                uiplib_ipaddr_snprint
 .text          0x0000000000021fe3      0x4c9 build/cooja/mtype203.a(rpl.o)
                0x0000000000021fe3                rpl_lollipop_greater_than
                0x000000000002203d                rpl_get_global_address
                0x0000000000022135                rpl_link_callback
                0x0000000000022179                rpl_has_joined
                0x000000000002219e                rpl_is_reachable
                0x000000000002221f                rpl_reset_prefix
                0x0000000000022289                rpl_set_prefix_from_addr
                0x000000000002236e                rpl_set_prefix
                0x0000000000022488                rpl_set_leaf_only
                0x00000000000224a0                rpl_get_leaf_only
 .text          0x00000000000224ac     0x138c build/cooja/mtype203.a(rpl-icmp6.o)
                0x00000000000225d1                rpl_icmp6_update_nbr_table
                0x000000000002265a                rpl_icmp6_dis_output
                0x0000000000022ca0                rpl_icmp6_dio_output
                0x000000000002349e                rpl_icmp6_dao_output
                0x000000000002377f                rpl_icmp6_dao_ack_output
                0x00000000000237ef                rpl_icmp6_init
 .text          0x0000000000023838      0x264 build/cooja/mtype203.a(rpl-dag-root.o)
                0x0000000000023838                rpl_dag_root_print_links
                0x0000000000023964                rpl_dag_root_set_prefix
                0x0000000000023990                rpl_dag_root_start
                0x0000000000023a6d                rpl_dag_root_is_root
 .text          0x0000000000023a9c       0x30 build/cooja/mtype203.a(watchdog.o)
                0x0000000000023a9c                watchdog_init
                0x0000000000023aa2                watchdog_start
                0x0000000000023aa8                watchdog_periodic
                0x0000000000023ac0                watchdog_stop
                0x0000000000023ac6                watchdog_reboot
 .text          0x0000000000023acc       0x4a build/cooja/mtype203.a(int-master.o)
                0x0000000000023acc                int_master_enable
                0x0000000000023adc                int_master_read_and_disable
                0x0000000000023af9                int_master_status_set
                0x0000000000023b07                int_master_is_enabled
 .text          0x0000000000023b16      0x226 build/cooja/mtype203.a(coap-timer-defa)
 .text          0x0000000000023d3c       0xc7 build/cooja/mtype203.a(stimer.o)
                0x0000000000023d3c                stimer_set
                0x0000000000023d5a                stimer_reset
                0x0000000000023d87                stimer_restart
                0x0000000000023d9c                stimer_expired
                0x0000000000023dc7                stimer_remaining
                0x0000000000023deb                stimer_elapsed
 .text          0x0000000000023e03      0x156 build/cooja/mtype203.a(ringbuf.o)
                0x0000000000023e03                ringbuf_init
                0x0000000000023e35                ringbuf_put
                0x0000000000023eb3                ringbuf_get
                0x0000000000023f20                ringbuf_size
                0x0000000000023f32                ringbuf_elements
 .text          0x0000000000023f59       0x1f build/cooja/mtype203.a(assert.o)
                0x0000000000023f59                _xassert
 .text          0x0000000000023f78      0x79b build/cooja/mtype203.a(nbr-table.o)
                0x00000000000243f1                nbr_table_register
                0x000000000002445e                nbr_table_is_registered
                0x0000000000024499                nbr_table_head
                0x00000000000244f4                nbr_table_next
                0x0000000000024555                nbr_table_add_lladdr
                0x000000000002462f                nbr_table_get_from_lladdr
                0x000000000002467b                nbr_table_remove
                0x00000000000246b3                nbr_table_lock
                0x00000000000246cd                nbr_table_unlock
                0x00000000000246e7                nbr_table_get_lladdr
 .text          0x0000000000024713      0x3a5 build/cooja/mtype203.a(link-stats.o)
                0x0000000000024713                link_stats_from_lladdr
                0x000000000002472f                link_stats_get_lladdr
                0x000000000002474b                link_stats_is_fresh
                0x0000000000024787                guess_etx_from_rssi
                0x0000000000024803                link_stats_packet_sent
                0x0000000000024923                link_stats_input_callback
                0x0000000000024a33                link_stats_reset
                0x0000000000024a83                link_stats_init
 .text          0x0000000000024ab8      0x187 build/cooja/mtype203.a(mac-sequence.o)
                0x0000000000024ab8                mac_sequence_is_duplicate
                0x0000000000024b58                mac_sequence_register_seqno
 .text          0x0000000000024c3f       0x23 build/cooja/mtype203.a(mac.o)
                0x0000000000024c3f                mac_call_sent_callback
 .text          0x0000000000024c62      0x432 build/cooja/mtype203.a(framer-802154.o)
                0x0000000000024df1                framer_802154_setup_params
 .text          0x0000000000025094      0xb6f build/cooja/mtype203.a(frame802154.o)
                0x00000000000250c5                frame802154_get_pan_id
                0x00000000000250d1                frame802154_set_pan_id
                0x00000000000250eb                frame802154_has_panid
                0x000000000002529a                frame802154_check_dest_panid
                0x0000000000025322                frame802154_is_broadcast_addr
                0x000000000002536f                frame802154_extract_linkaddr
                0x00000000000255d4                frame802154_hdrlen
                0x0000000000025647                frame802154_create_fcf
                0x00000000000256ff                frame802154_create
                0x0000000000025874                frame802154_parse_fcf
                0x0000000000025956                frame802154_parse
 .text          0x0000000000025c03       0x2d build/cooja/mtype203.a(csma-security.o)
                0x0000000000025c03                csma_security_create_frame
                0x0000000000025c21                csma_security_parse_frame
 .text          0x0000000000025c30      0x4e4 build/cooja/mtype203.a(uipbuf.o)
                0x0000000000025c30                uipbuf_clear
                0x0000000000025c57                uipbuf_add_ext_hdr
                0x0000000000025cd7                uipbuf_set_len
                0x0000000000025d04                uipbuf_set_len_field
                0x0000000000025d30                uipbuf_get_len_field
                0x0000000000025d50                uipbuf_get_next_header
                0x0000000000025e82                uipbuf_get_last_header
                0x0000000000025efb                uipbuf_search_header
                0x0000000000025fb1                uipbuf_get_attr
                0x0000000000025fd8                uipbuf_set_attr
                0x000000000002600f                uipbuf_set_default_attr
                0x0000000000026046                uipbuf_clear_attr
                0x000000000002606a                uipbuf_set_attr_flag
                0x000000000002608b                uipbuf_clr_attr_flag
                0x00000000000260b2                uipbuf_is_attr_flag
                0x00000000000260d6                uipbuf_init
 .text          0x0000000000026114      0x73f build/cooja/mtype203.a(uip-icmp6.o)
                0x0000000000026189                uip_icmp6_input
                0x00000000000261e0                uip_icmp6_register_input_handler
                0x0000000000026333                uip_icmp6_error_output
                0x00000000000265e4                uip_icmp6_send
                0x00000000000267db                uip_icmp6_echo_reply_callback_add
                0x000000000002680d                uip_icmp6_echo_reply_callback_rm
                0x000000000002682a                uip_icmp6_init
 .text          0x0000000000026853      0x69b build/cooja/mtype203.a(uip-sr.o)
                0x0000000000026853                uip_sr_num_nodes
                0x00000000000268e1                uip_sr_get_node
                0x0000000000026938                uip_sr_is_addr_reachable
                0x00000000000269e6                uip_sr_expire_parent
                0x0000000000026a2f                uip_sr_update_node
                0x0000000000026b5f                uip_sr_init
                0x0000000000026b93                uip_sr_node_head
                0x0000000000026bac                uip_sr_node_next
                0x0000000000026bc2                uip_sr_periodic
                0x0000000000026cc8                uip_sr_free_all
                0x0000000000026d38                uip_sr_link_snprint
 .text          0x0000000000026eee      0x146 build/cooja/mtype203.a(uip-packetqueue)
                0x0000000000026f1c                uip_packetqueue_new
                0x0000000000026f2b                uip_packetqueue_alloc
                0x0000000000026f86                uip_packetqueue_free
                0x0000000000026fcd                uip_packetqueue_buf
                0x0000000000026fea                uip_packetqueue_buflen
                0x000000000002700b                uip_packetqueue_set_buflen
 .text          0x0000000000027034      0x1b0 build/cooja/mtype203.a(rpl-nbr-policy.)
                0x00000000000271a1                rpl_nbr_policy_find_removable
 .text          0x00000000000271e4      0x915 build/cooja/mtype203.a(rpl-neighbor.o)
                0x0000000000027260                rpl_neighbor_snprint
                0x0000000000027513                rpl_neighbor_print_list
                0x00000000000275c8                rpl_neighbor_count
                0x000000000002766f                rpl_neighbor_get_from_lladdr
                0x000000000002768b                rpl_neighbor_is_acceptable_parent
                0x00000000000276bf                rpl_neighbor_get_link_metric
                0x00000000000276f3                rpl_neighbor_rank_via_nbr
                0x0000000000027727                rpl_neighbor_get_lladdr
                0x0000000000027743                rpl_neighbor_get_ipaddr
                0x000000000002776a                rpl_neighbor_get_link_stats
                0x0000000000027791                rpl_neighbor_is_fresh
                0x00000000000277b8                rpl_neighbor_is_reachable
                0x0000000000027803                rpl_neighbor_is_parent
                0x000000000002782d                rpl_neighbor_set_preferred_parent
                0x00000000000278c4                rpl_neighbor_remove_all
                0x0000000000027920                rpl_neighbor_get_from_ipaddr
                0x0000000000027a2e                rpl_neighbor_select_best
                0x0000000000027ada                rpl_neighbor_init
 .text          0x0000000000027af9      0xe69 build/cooja/mtype203.a(rpl-dag.o)
                0x0000000000027af9                rpl_dag_state_to_str
                0x0000000000027b38                rpl_dag_get_root_ipaddr
                0x0000000000027b80                rpl_dag_leave
                0x0000000000027c09                rpl_dag_poison_and_leave
                0x0000000000027c21                rpl_dag_periodic
                0x0000000000027ca9                rpl_is_addr_in_our_dag
                0x0000000000027ced                rpl_get_default_instance
                0x0000000000027d09                rpl_get_any_dag
                0x0000000000027d62                rpl_refresh_routes
                0x0000000000027da2                rpl_global_repair
                0x0000000000027e3b                rpl_local_repair
                0x0000000000027e85                rpl_dag_ready_to_advertise
                0x0000000000027ec8                rpl_dag_update_state
                0x00000000000285f5                rpl_process_dio
                0x0000000000028673                rpl_process_dis
                0x00000000000286b8                rpl_process_dao
                0x0000000000028747                rpl_process_dao_ack
                0x00000000000287de                rpl_process_hbh
                0x000000000002882e                rpl_dag_init_root
                0x0000000000028942                rpl_dag_init
 .text          0x0000000000028962      0x9e7 build/cooja/mtype203.a(rpl-timers.o)
                0x0000000000028962                rpl_timers_schedule_periodic_dis
                0x0000000000028ab0                rpl_timers_dio_reset
                0x0000000000028bbe                rpl_timers_schedule_unicast_dio
                0x0000000000028d12                rpl_timers_schedule_dao
                0x0000000000028dd1                rpl_timers_schedule_dao_ack
                0x0000000000028e57                rpl_timers_notify_dao_ack
                0x0000000000028eb5                get_probing_delay
                0x0000000000028ee9                get_probing_target
                0x00000000000290d3                rpl_schedule_probing
                0x0000000000029101                rpl_schedule_probing_now
                0x000000000002916b                rpl_timers_unschedule_leaving
                0x00000000000291a3                rpl_timers_schedule_leaving
                0x00000000000291e4                rpl_timers_init
                0x0000000000029274                rpl_timers_stop_dag_timers
                0x00000000000292ed                rpl_timers_unschedule_state_update
                0x0000000000029311                rpl_timers_schedule_state_update
 .text          0x0000000000029349      0xb8e build/cooja/mtype203.a(rpl-ext-header.)
                0x0000000000029349                rpl_ext_header_srh_get_next_hop
                0x0000000000029430                rpl_ext_header_srh_update
                0x000000000002999c                rpl_ext_header_hbh_update
                0x0000000000029c9c                rpl_ext_header_update
                0x0000000000029d25                rpl_ext_header_remove
 .text          0x0000000000029ed7      0x31b build/cooja/mtype203.a(rpl-mrhof.o)
 *fill*         0x000000000002a1f2        0xe 
 .text          0x000000000002a200      0x122 /usr/lib/gcc/i686-linux-gnu/5/libgcc.a(_udivdi3.o)
                0x000000000002a200                __udivdi3
 .text          0x000000000002a322        0x0 /usr/lib/gcc/i686-linux-gnu/5/crtendS.o
 .text          0x000000000002a322        0x0 /usr/lib/gcc/i686-linux-gnu/5/../../../i386-linux-gnu/crtn.o
 *(.gnu.warning)

.fini           0x000000000002a324       0x14
 *(SORT(.fini))
 .fini          0x000000000002a324        0xf /usr/lib/gcc/i686-linux-gnu/5/../../../i386-linux-gnu/crti.o
                0x000000000002a324                _fini
 .fini          0x000000000002a333        0x5 /usr/lib/gcc/i686-linux-gnu/5/../../../i386-linux-gnu/crtn.o
                [!provide]                        PROVIDE (__etext, .)
                [!provide]                        PROVIDE (_etext, .)
                [!provide]                        PROVIDE (etext, .)

.rodata         0x000000000002a340      0xceb
 *(.rodata .rodata.* .gnu.linkonce.r.*)
 .rodata        0x000000000002a340       0xde air.o
                0x000000000002a354                autostart_processes
 *fill*         0x000000000002a41e        0x2 
 .rodata        0x000000000002a420        0x8 build/cooja/mtype203.a(beep.o)
                0x000000000002a420                beep_interface
 .rodata        0x000000000002a428        0xe build/cooja/mtype203.a(leds-arch.o)
                0x000000000002a428                leds_interface
                0x000000000002a430                leds_arch_leds
 *fill*         0x000000000002a436        0x2 
 .rodata        0x000000000002a438        0x8 build/cooja/mtype203.a(moteid.o)
                0x000000000002a438                moteid_interface
 .rodata        0x000000000002a440       0x1c build/cooja/mtype203.a(pir-sensor.o)
                0x000000000002a440                pir_interface
                0x000000000002a44c                pir_sensor
 .rodata        0x000000000002a45c        0xe build/cooja/mtype203.a(rs232.o)
                0x000000000002a45c                rs232_interface
 *fill*         0x000000000002a46a        0x2 
 .rodata        0x000000000002a46c       0x24 build/cooja/mtype203.a(vib-sensor.o)
                0x000000000002a46c                vib_interface
                0x000000000002a480                vib_sensor
 .rodata        0x000000000002a490        0x8 build/cooja/mtype203.a(clock.o)
                0x000000000002a490                clock_interface
 .rodata        0x000000000002a498        0x8 build/cooja/mtype203.a(cooja-log.o)
                0x000000000002a498                simlog_interface
 .rodata        0x000000000002a4a0       0x2f build/cooja/mtype203.a(cfs-cooja.o)
                0x000000000002a4a0                cfs_interface
 *fill*         0x000000000002a4cf       0x11 
 .rodata        0x000000000002a4e0       0xb8 build/cooja/mtype203.a(cooja-radio.o)
                0x000000000002a4e0                radio_interface
                0x000000000002a560                cooja_radio_driver
 .rodata        0x000000000002a598        0x8 build/cooja/mtype203.a(eeprom.o)
                0x000000000002a598                eeprom_interface
 .rodata        0x000000000002a5a0        0x8 build/cooja/mtype203.a(sensors.o)
 .rodata        0x000000000002a5a8       0x2c build/cooja/mtype203.a(buttons.o)
                0x000000000002a5a8                button_interface
                0x000000000002a5bc                button_hal_button_count
                0x000000000002a5c4                button_sensor
 .rodata        0x000000000002a5d4       0xc1 build/cooja/mtype203.a(res_presence.o)
 *fill*         0x000000000002a695        0x3 
 .rodata        0x000000000002a698      0x122 build/cooja/mtype203.a(res_air.o)
 *fill*         0x000000000002a7ba        0x2 
 .rodata        0x000000000002a7bc       0xbd build/cooja/mtype203.a(res_quality.o)
 .rodata        0x000000000002a879       0x41 build/cooja/mtype203.a(coap-engine.o)
 .rodata        0x000000000002a8ba       0x19 build/cooja/mtype203.a(coap-res-well-k)
 .rodata        0x000000000002a8d3       0x11 build/cooja/mtype203.a(coap-observe.o)
 .rodata        0x000000000002a8e4       0x35 build/cooja/mtype203.a(coap-uip.o)
 *fill*         0x000000000002a919        0x3 
 .rodata        0x000000000002a91c      0x1ac build/cooja/mtype203.a(coap.o)
 .rodata        0x000000000002aac8       0xf8 build/cooja/mtype203.a(contiki-main.o)
 .rodata        0x000000000002abc0        0xf build/cooja/mtype203.a(ctimer.o)
 *fill*         0x000000000002abcf        0x1 
 .rodata        0x000000000002abd0       0xc4 build/cooja/mtype203.a(log.o)
 .rodata        0x000000000002ac94        0xc build/cooja/mtype203.a(etimer.o)
 .rodata        0x000000000002aca0       0x13 build/cooja/mtype203.a(button-hal.o)
 .rodata        0x000000000002acb3        0xe build/cooja/mtype203.a(serial-line.o)
 *fill*         0x000000000002acc1        0x3 
 .rodata        0x000000000002acc4        0x8 build/cooja/mtype203.a(linkaddr.o)
                0x000000000002acc4                linkaddr_null
 .rodata        0x000000000002accc       0x24 build/cooja/mtype203.a(csma.o)
                0x000000000002acd4                csma_driver
 .rodata        0x000000000002acf0       0x24 build/cooja/mtype203.a(csma-output.o)
 .rodata        0x000000000002ad14       0x4d build/cooja/mtype203.a(uip-ds6-route.o)
 .rodata        0x000000000002ad61        0xd build/cooja/mtype203.a(tcpip.o)
 *fill*         0x000000000002ad6e        0x2 
 .rodata        0x000000000002ad70       0x30 build/cooja/mtype203.a(sicslowpan.o)
                0x000000000002ad70                unc_llconf
                0x000000000002ad74                unc_ctxconf
                0x000000000002ad78                unc_mxconf
                0x000000000002ad7c                llprefix
                0x000000000002ad90                sicslowpan_driver
 .rodata        0x000000000002ada0       0x2d build/cooja/mtype203.a(uiplib.o)
 *fill*         0x000000000002adcd       0x13 
 .rodata        0x000000000002ade0       0x74 build/cooja/mtype203.a(rpl.o)
                0x000000000002ae00                rpl_lite_driver
 .rodata        0x000000000002ae54       0x20 build/cooja/mtype203.a(coap-timer-defa)
                0x000000000002ae68                coap_timer_default_driver
 .rodata        0x000000000002ae74       0x25 build/cooja/mtype203.a(assert.o)
 *fill*         0x000000000002ae99        0x3 
 .rodata        0x000000000002ae9c        0xc build/cooja/mtype203.a(framer-802154.o)
                0x000000000002ae9c                framer_802154
 .rodata        0x000000000002aea8       0x44 build/cooja/mtype203.a(uip-sr.o)
 .rodata        0x000000000002aeec       0x58 build/cooja/mtype203.a(rpl-neighbor.o)
 .rodata        0x000000000002af44       0xdb build/cooja/mtype203.a(rpl-dag.o)
 .rodata        0x000000000002b01f        0xc build/cooja/mtype203.a(rpl-timers.o)

.rodata1
 *(.rodata1)

.eh_frame_hdr   0x000000000002b02c     0x19fc
 *(.eh_frame_hdr)
 .eh_frame_hdr  0x000000000002b02c     0x19fc air.o
                0x000000000002b02c                __GNU_EH_FRAME_HDR
 *(.eh_frame_entry .eh_frame_entry.*)

.eh_frame       0x000000000002ca28     0x6968
 *(.eh_frame)
 .eh_frame      0x000000000002ca28       0x3c /usr/lib/gcc/i686-linux-gnu/5/../../../i386-linux-gnu/crti.o
                                         0x40 (size before relaxing)
 .eh_frame      0x000000000002ca64       0x40 air.o
                                         0x58 (size before relaxing)
 .eh_frame      0x000000000002caa4      0x178 build/cooja/mtype203.o
                                        0x190 (size before relaxing)
 .eh_frame      0x000000000002cc1c       0x40 build/cooja/mtype203.a(simEnvChange.o)
                                         0x58 (size before relaxing)
 .eh_frame      0x000000000002cc5c       0x60 build/cooja/mtype203.a(cooja_mt.o)
                                         0x78 (size before relaxing)
 .eh_frame      0x000000000002ccbc       0x80 build/cooja/mtype203.a(cooja_mtarch.o)
                                         0x98 (size before relaxing)
 .eh_frame      0x000000000002cd3c       0xc8 build/cooja/mtype203.a(rtimer-arch.o)
                                         0xe0 (size before relaxing)
 .eh_frame      0x000000000002ce04      0x160 build/cooja/mtype203.a(beep.o)
                                        0x178 (size before relaxing)
 .eh_frame      0x000000000002cf64       0x80 build/cooja/mtype203.a(leds-arch.o)
                                         0x98 (size before relaxing)
 .eh_frame      0x000000000002cfe4       0x40 build/cooja/mtype203.a(moteid.o)
                                         0x58 (size before relaxing)
 .eh_frame      0x000000000002d024       0xa0 build/cooja/mtype203.a(pir-sensor.o)
                                         0xb8 (size before relaxing)
 .eh_frame      0x000000000002d0c4      0x100 build/cooja/mtype203.a(rs232.o)
                                        0x118 (size before relaxing)
 .eh_frame      0x000000000002d1c4       0xa0 build/cooja/mtype203.a(vib-sensor.o)
                                         0xb8 (size before relaxing)
 .eh_frame      0x000000000002d264       0xc0 build/cooja/mtype203.a(clock.o)
                                         0xd8 (size before relaxing)
 .eh_frame      0x000000000002d324      0x120 build/cooja/mtype203.a(cooja-log.o)
                                        0x138 (size before relaxing)
 .eh_frame      0x000000000002d444      0x160 build/cooja/mtype203.a(cfs-cooja.o)
                                        0x178 (size before relaxing)
 .eh_frame      0x000000000002d5a4      0x340 build/cooja/mtype203.a(cooja-radio.o)
                                        0x358 (size before relaxing)
 .eh_frame      0x000000000002d8e4       0xa0 build/cooja/mtype203.a(eeprom.o)
                                         0xb8 (size before relaxing)
 .eh_frame      0x000000000002d984       0x40 build/cooja/mtype203.a(random.o)
                                         0x58 (size before relaxing)
 .eh_frame      0x000000000002d9c4       0xc0 build/cooja/mtype203.a(sensors.o)
                                         0xd8 (size before relaxing)
 .eh_frame      0x000000000002da84      0x120 build/cooja/mtype203.a(leds.o)
                                        0x138 (size before relaxing)
 .eh_frame      0x000000000002dba4      0x220 build/cooja/mtype203.a(gpio-hal-arch.o)
                                        0x238 (size before relaxing)
 .eh_frame      0x000000000002ddc4       0xa0 build/cooja/mtype203.a(buttons.o)
                                         0xb8 (size before relaxing)
 .eh_frame      0x000000000002de64       0x40 build/cooja/mtype203.a(res_presence.o)
                                         0x58 (size before relaxing)
 .eh_frame      0x000000000002dea4       0x60 build/cooja/mtype203.a(res_air.o)
                                         0x78 (size before relaxing)
 .eh_frame      0x000000000002df04       0x40 build/cooja/mtype203.a(res_quality.o)
                                         0x58 (size before relaxing)
 .eh_frame      0x000000000002df44       0x44 build/cooja/mtype203.a(coap-blocking-a)
                                         0x5c (size before relaxing)
 .eh_frame      0x000000000002df88      0x220 build/cooja/mtype203.a(coap-engine.o)
                                        0x238 (size before relaxing)
 .eh_frame      0x000000000002e1a8       0x24 build/cooja/mtype203.a(coap-res-well-k)
                                         0x3c (size before relaxing)
 .eh_frame      0x000000000002e1cc      0x188 build/cooja/mtype203.a(coap-observe.o)
                                        0x1a0 (size before relaxing)
 .eh_frame      0x000000000002e354      0x250 build/cooja/mtype203.a(coap-uip.o)
                                        0x268 (size before relaxing)
 .eh_frame      0x000000000002e5a4      0x114 build/cooja/mtype203.a(coap-timer.o)
                                        0x12c (size before relaxing)
 .eh_frame      0x000000000002e6b8      0x100 build/cooja/mtype203.a(coap-transactio)
                                        0x118 (size before relaxing)
 .eh_frame      0x000000000002e7b8      0x6ec build/cooja/mtype203.a(coap.o)
                                        0x704 (size before relaxing)
 .eh_frame      0x000000000002eea4       0x30 build/cooja/mtype203.a(contiki-main.o)
                                         0x48 (size before relaxing)
 .eh_frame      0x000000000002eed4       0x40 build/cooja/mtype203.a(autostart.o)
                                         0x58 (size before relaxing)
 .eh_frame      0x000000000002ef14      0x100 build/cooja/mtype203.a(ctimer.o)
                                        0x118 (size before relaxing)
 .eh_frame      0x000000000002f014      0x100 build/cooja/mtype203.a(log.o)
                                        0x118 (size before relaxing)
 .eh_frame      0x000000000002f114       0x60 build/cooja/mtype203.a(energest.o)
                                         0x78 (size before relaxing)
 .eh_frame      0x000000000002f174      0x1e0 build/cooja/mtype203.a(etimer.o)
                                        0x1f8 (size before relaxing)
 .eh_frame      0x000000000002f354       0x20 build/cooja/mtype203.a(node-id.o)
                                         0x38 (size before relaxing)
 .eh_frame      0x000000000002f374       0x60 build/cooja/mtype203.a(rtimer.o)
                                         0x78 (size before relaxing)
 .eh_frame      0x000000000002f3d4      0x1c4 build/cooja/mtype203.a(process.o)
                                        0x1dc (size before relaxing)
 .eh_frame      0x000000000002f598       0xa4 build/cooja/mtype203.a(timer.o)
                                         0xbc (size before relaxing)
 .eh_frame      0x000000000002f63c      0x1a0 build/cooja/mtype203.a(list.o)
                                        0x1b8 (size before relaxing)
 .eh_frame      0x000000000002f7dc       0xa0 build/cooja/mtype203.a(memb.o)
                                         0xb8 (size before relaxing)
 .eh_frame      0x000000000002f87c      0x144 build/cooja/mtype203.a(button-hal.o)
                                        0x15c (size before relaxing)
 .eh_frame      0x000000000002f9c0       0x60 build/cooja/mtype203.a(serial-line.o)
                                         0x78 (size before relaxing)
 .eh_frame      0x000000000002fa20       0xe0 build/cooja/mtype203.a(gpio-hal.o)
                                         0xf8 (size before relaxing)
 .eh_frame      0x000000000002fb00      0x1a0 build/cooja/mtype203.a(queuebuf.o)
                                        0x1b8 (size before relaxing)
 .eh_frame      0x000000000002fca0      0x28c build/cooja/mtype203.a(packetbuf.o)
                                        0x2a4 (size before relaxing)
 .eh_frame      0x000000000002ff2c       0x80 build/cooja/mtype203.a(netstack.o)
                                         0x98 (size before relaxing)
 .eh_frame      0x000000000002ffac       0x60 build/cooja/mtype203.a(linkaddr.o)
                                         0x78 (size before relaxing)
 .eh_frame      0x000000000003000c       0xe0 build/cooja/mtype203.a(csma.o)
                                         0xf8 (size before relaxing)
 .eh_frame      0x00000000000300ec      0x1d0 build/cooja/mtype203.a(csma-output.o)
                                        0x1e8 (size before relaxing)
 .eh_frame      0x00000000000302bc      0x328 build/cooja/mtype203.a(uip-ds6.o)
                                        0x340 (size before relaxing)
 .eh_frame      0x00000000000305e4       0x40 build/cooja/mtype203.a(uip-udp-packet.)
                                         0x58 (size before relaxing)
 .eh_frame      0x0000000000030624      0x220 build/cooja/mtype203.a(uip-ds6-route.o)
                                        0x238 (size before relaxing)
 .eh_frame      0x0000000000030844      0x244 build/cooja/mtype203.a(tcpip.o)
                                        0x25c (size before relaxing)
 .eh_frame      0x0000000000030a88      0x1e8 build/cooja/mtype203.a(uip6.o)
                                        0x200 (size before relaxing)
 .eh_frame      0x0000000000030c70      0x1c0 build/cooja/mtype203.a(uip-ds6-nbr.o)
                                        0x1d8 (size before relaxing)
 .eh_frame      0x0000000000030e30       0x84 build/cooja/mtype203.a(uip-nd6.o)
                                         0x9c (size before relaxing)
 .eh_frame      0x0000000000030eb4      0x2f8 build/cooja/mtype203.a(sicslowpan.o)
                                        0x310 (size before relaxing)
 .eh_frame      0x00000000000311ac       0x88 build/cooja/mtype203.a(uiplib.o)
                                         0xa0 (size before relaxing)
 .eh_frame      0x0000000000031234      0x1e0 build/cooja/mtype203.a(rpl.o)
                                        0x1f8 (size before relaxing)
 .eh_frame      0x0000000000031414      0x1c4 build/cooja/mtype203.a(rpl-icmp6.o)
                                        0x1dc (size before relaxing)
 .eh_frame      0x00000000000315d8       0xa0 build/cooja/mtype203.a(rpl-dag-root.o)
                                         0xb8 (size before relaxing)
 .eh_frame      0x0000000000031678       0xa0 build/cooja/mtype203.a(watchdog.o)
                                         0xb8 (size before relaxing)
 .eh_frame      0x0000000000031718       0x80 build/cooja/mtype203.a(int-master.o)
                                         0x98 (size before relaxing)
 .eh_frame      0x0000000000031798       0xa4 build/cooja/mtype203.a(coap-timer-defa)
                                         0xbc (size before relaxing)
 .eh_frame      0x000000000003183c       0xc4 build/cooja/mtype203.a(stimer.o)
                                         0xdc (size before relaxing)
 .eh_frame      0x0000000000031900       0xa0 build/cooja/mtype203.a(ringbuf.o)
                                         0xb8 (size before relaxing)
 .eh_frame      0x00000000000319a0       0x20 build/cooja/mtype203.a(assert.o)
                                         0x38 (size before relaxing)
 .eh_frame      0x00000000000319c0      0x2ac build/cooja/mtype203.a(nbr-table.o)
                                        0x2c4 (size before relaxing)
 .eh_frame      0x0000000000031c6c      0x120 build/cooja/mtype203.a(link-stats.o)
                                        0x138 (size before relaxing)
 .eh_frame      0x0000000000031d8c       0x48 build/cooja/mtype203.a(mac-sequence.o)
                                         0x60 (size before relaxing)
 .eh_frame      0x0000000000031dd4       0x20 build/cooja/mtype203.a(mac.o)
                                         0x38 (size before relaxing)
 .eh_frame      0x0000000000031df4       0xa4 build/cooja/mtype203.a(framer-802154.o)
                                         0xbc (size before relaxing)
 .eh_frame      0x0000000000031e98      0x1a4 build/cooja/mtype203.a(frame802154.o)
                                        0x1bc (size before relaxing)
 .eh_frame      0x000000000003203c       0x40 build/cooja/mtype203.a(csma-security.o)
                                         0x58 (size before relaxing)
 .eh_frame      0x000000000003207c      0x200 build/cooja/mtype203.a(uipbuf.o)
                                        0x218 (size before relaxing)
 .eh_frame      0x000000000003227c      0x150 build/cooja/mtype203.a(uip-icmp6.o)
                                        0x168 (size before relaxing)
 .eh_frame      0x00000000000323cc      0x184 build/cooja/mtype203.a(uip-sr.o)
                                        0x19c (size before relaxing)
 .eh_frame      0x0000000000032550       0xe0 build/cooja/mtype203.a(uip-packetqueue)
                                         0xf8 (size before relaxing)
 .eh_frame      0x0000000000032630       0x80 build/cooja/mtype203.a(rpl-nbr-policy.)
                                         0x98 (size before relaxing)
 .eh_frame      0x00000000000326b0      0x2d4 build/cooja/mtype203.a(rpl-neighbor.o)
                                        0x2ec (size before relaxing)
 .eh_frame      0x0000000000032984      0x370 build/cooja/mtype203.a(rpl-dag.o)
                                        0x388 (size before relaxing)
 .eh_frame      0x0000000000032cf4      0x3a8 build/cooja/mtype203.a(rpl-timers.o)
                                        0x3c0 (size before relaxing)
 .eh_frame      0x000000000003309c      0x124 build/cooja/mtype203.a(rpl-ext-header.)
                                        0x13c (size before relaxing)
 .eh_frame      0x00000000000331c0      0x148 build/cooja/mtype203.a(rpl-mrhof.o)
                                        0x160 (size before relaxing)
 .eh_frame      0x0000000000033308       0x84 /usr/lib/gcc/i686-linux-gnu/5/libgcc.a(_udivdi3.o)
                                         0x9c (size before relaxing)
 .eh_frame      0x000000000003338c        0x4 /usr/lib/gcc/i686-linux-gnu/5/crtendS.o
 *(.eh_frame.*)

.gcc_except_table
 *(.gcc_except_table .gcc_except_table.*)

.gnu_extab
 *(.gnu_extab*)

.exception_ranges
 *(.exception_ranges .exception_ranges*)
                0x0000000000034f10                . = DATA_SEGMENT_ALIGN (0x1000, 0x1000)

.eh_frame
 *(.eh_frame)
 *(.eh_frame.*)

.gnu_extab
 *(.gnu_extab)

.gcc_except_table
 *(.gcc_except_table .gcc_except_table.*)

.exception_ranges
 *(.exception_ranges .exception_ranges*)

.tdata
 *(.tdata .tdata.* .gnu.linkonce.td.*)

.tbss
 *(.tbss .tbss.* .gnu.linkonce.tb.*)
 *(.tcommon)

.preinit_array
 *(.preinit_array)

.init_array     0x0000000000034f10        0x4
 *(SORT(.init_array.*) SORT(.ctors.*))
 *(.init_array EXCLUDE_FILE(*crtend?.o *crtend.o *crtbegin?.o *crtbegin.o) .ctors)
 .init_array    0x0000000000034f10        0x4 /usr/lib/gcc/i686-linux-gnu/5/crtbeginS.o

.fini_array     0x0000000000034f14        0x4
 *(SORT(.fini_array.*) SORT(.dtors.*))
 *(.fini_array EXCLUDE_FILE(*crtend?.o *crtend.o *crtbegin?.o *crtbegin.o) .dtors)
 .fini_array    0x0000000000034f14        0x4 /usr/lib/gcc/i686-linux-gnu/5/crtbeginS.o

.ctors
 *crtbegin.o(.ctors)
 *crtbegin?.o(.ctors)
 *(EXCLUDE_FILE(*crtend?.o *crtend.o) .ctors)
 *(SORT(.ctors.*))
 *(.ctors)

.dtors
 *crtbegin.o(.dtors)
 *crtbegin?.o(.dtors)
 *(EXCLUDE_FILE(*crtend?.o *crtend.o) .dtors)
 *(SORT(.dtors.*))
 *(.dtors)

.jcr            0x0000000000034f18        0x4
 *(.jcr)
 .jcr           0x0000000000034f18        0x0 /usr/lib/gcc/i686-linux-gnu/5/crtbeginS.o
 .jcr           0x0000000000034f18        0x4 /usr/lib/gcc/i686-linux-gnu/5/crtendS.o

.data.rel.ro
 *(.data.rel.ro.local* .gnu.linkonce.d.rel.ro.local.*)
 *(.data.rel.ro .data.rel.ro.* .gnu.linkonce.d.rel.ro.*)

.dynamic        0x0000000000034f1c       0xd0
 *(.dynamic)
 .dynamic       0x0000000000034f1c       0xd0 /usr/lib/gcc/i686-linux-gnu/5/../../../i386-linux-gnu/crti.o
                0x0000000000034f1c                _DYNAMIC

.got            0x0000000000034fec       0x14
 *(.got)
 .got           0x0000000000034fec       0x14 /usr/lib/gcc/i686-linux-gnu/5/../../../i386-linux-gnu/crti.o
 *(.igot)
                0x0000000000035ff4                . = DATA_SEGMENT_RELRO_END (., (SIZEOF (.got.plt) >= 0xc)?0xc:0x0)

.got.plt        0x0000000000035000        0xc
 *(.got.plt)
 .got.plt       0x0000000000035000        0xc /usr/lib/gcc/i686-linux-gnu/5/../../../i386-linux-gnu/crti.o
                0x0000000000035000                _GLOBAL_OFFSET_TABLE_
 *(.igot.plt)

.data           0x0000000000035020      0x504
 *(.data .data.* .gnu.linkonce.d.*)
 .data          0x0000000000035020        0x0 /usr/lib/gcc/i686-linux-gnu/5/../../../i386-linux-gnu/crti.o
 .data          0x0000000000035020        0x0 /usr/lib/gcc/i686-linux-gnu/5/crtbeginS.o
 .data.rel.local
                0x0000000000035020        0x4 /usr/lib/gcc/i686-linux-gnu/5/crtbeginS.o
                0x0000000000035020                __dso_handle
 .data          0x0000000000035024       0x10 air.o
                0x0000000000035024                air_node
 *fill*         0x0000000000035034        0xc 
 .data          0x0000000000035040       0x44 build/cooja/mtype203.o
                0x0000000000035040                simInterfaces
                0x0000000000035074                sensors
 .data          0x0000000000035084        0x0 build/cooja/mtype203.a(simEnvChange.o)
 .data          0x0000000000035084        0x0 build/cooja/mtype203.a(cooja_mt.o)
 .data          0x0000000000035084        0x0 build/cooja/mtype203.a(cooja_mtarch.o)
 .data          0x0000000000035084        0x0 build/cooja/mtype203.a(rtimer-arch.o)
 .data          0x0000000000035084        0x0 build/cooja/mtype203.a(beep.o)
 .data          0x0000000000035084        0x0 build/cooja/mtype203.a(leds-arch.o)
 .data          0x0000000000035084        0x0 build/cooja/mtype203.a(moteid.o)
 .data          0x0000000000035084        0x0 build/cooja/mtype203.a(pir-sensor.o)
 .data          0x0000000000035084        0x0 build/cooja/mtype203.a(rs232.o)
 .data          0x0000000000035084        0x0 build/cooja/mtype203.a(vib-sensor.o)
 .data          0x0000000000035084        0x0 build/cooja/mtype203.a(clock.o)
 .data          0x0000000000035084        0x0 build/cooja/mtype203.a(cooja-log.o)
 .data          0x0000000000035084        0x0 build/cooja/mtype203.a(cfs-cooja.o)
 .data          0x0000000000035084       0x2c build/cooja/mtype203.a(cooja-radio.o)
                0x0000000000035084                simRadioHWOn
                0x0000000000035088                simSignalStrength
                0x000000000003508c                simLastSignalStrength
                0x0000000000035090                simPower
                0x0000000000035094                simRadioChannel
                0x0000000000035098                simLQI
                0x00000000000350a0                cooja_radio_process
 .data          0x00000000000350b0        0x0 build/cooja/mtype203.a(eeprom.o)
 .data          0x00000000000350b0        0x0 build/cooja/mtype203.a(random.o)
 .data          0x00000000000350b0       0x10 build/cooja/mtype203.a(sensors.o)
                0x00000000000350b0                sensors_process
 .data          0x00000000000350c0        0x0 build/cooja/mtype203.a(leds.o)
 .data          0x00000000000350c0        0x0 build/cooja/mtype203.a(gpio-hal-arch.o)
 .data          0x00000000000350c0       0x78 build/cooja/mtype203.a(buttons.o)
                0x00000000000350c0                simButtonIsActive
                0x0000000000035130                button_hal_buttons
 *fill*         0x0000000000035138        0x8 
 .data          0x0000000000035140       0x44 build/cooja/mtype203.a(res_presence.o)
                0x0000000000035140                presence
                0x0000000000035160                res_presence
 *fill*         0x0000000000035184       0x1c 
 .data          0x00000000000351a0       0x24 build/cooja/mtype203.a(res_air.o)
                0x00000000000351a0                res_air
 *fill*         0x00000000000351c4       0x1c 
 .data          0x00000000000351e0       0x44 build/cooja/mtype203.a(res_quality.o)
                0x00000000000351e0                quality
                0x0000000000035200                res_quality
 .data          0x0000000000035224        0x0 build/cooja/mtype203.a(coap-blocking-a)
 .data          0x0000000000035224        0x8 build/cooja/mtype203.a(coap-engine.o)
 *fill*         0x000000000003522c       0x14 
 .data          0x0000000000035240       0x24 build/cooja/mtype203.a(coap-res-well-k)
                0x0000000000035240                res_well_known_core
 .data          0x0000000000035264       0x10 build/cooja/mtype203.a(coap-observe.o)
 .data          0x0000000000035274       0x10 build/cooja/mtype203.a(coap-uip.o)
                0x0000000000035274                coap_engine
 .data          0x0000000000035284        0x4 build/cooja/mtype203.a(coap-timer.o)
 .data          0x0000000000035288       0x10 build/cooja/mtype203.a(coap-transactio)
 .data          0x0000000000035298        0x4 build/cooja/mtype203.a(coap.o)
                0x0000000000035298                coap_error_message
 .data          0x000000000003529c        0x0 build/cooja/mtype203.a(contiki-main.o)
 .data          0x000000000003529c        0x0 build/cooja/mtype203.a(autostart.o)
 .data          0x000000000003529c       0x14 build/cooja/mtype203.a(ctimer.o)
                0x00000000000352a0                ctimer_process
 *fill*         0x00000000000352b0       0x10 
 .data          0x00000000000352c0       0xbc build/cooja/mtype203.a(log.o)
                0x00000000000352c0                curr_log_level_main
                0x00000000000352e0                all_modules
 .data          0x000000000003537c        0x0 build/cooja/mtype203.a(energest.o)
 .data          0x000000000003537c       0x10 build/cooja/mtype203.a(etimer.o)
                0x000000000003537c                etimer_process
 .data          0x000000000003538c        0x0 build/cooja/mtype203.a(node-id.o)
 .data          0x000000000003538c        0x0 build/cooja/mtype203.a(rtimer.o)
 .data          0x000000000003538c        0x0 build/cooja/mtype203.a(process.o)
 .data          0x000000000003538c        0x0 build/cooja/mtype203.a(timer.o)
 .data          0x000000000003538c        0x0 build/cooja/mtype203.a(list.o)
 .data          0x000000000003538c        0x0 build/cooja/mtype203.a(memb.o)
 .data          0x000000000003538c       0x10 build/cooja/mtype203.a(button-hal.o)
                0x000000000003538c                button_hal_process
 .data          0x000000000003539c       0x10 build/cooja/mtype203.a(serial-line.o)
                0x000000000003539c                serial_line_process
 .data          0x00000000000353ac        0x4 build/cooja/mtype203.a(gpio-hal.o)
 .data          0x00000000000353b0       0x18 build/cooja/mtype203.a(queuebuf.o)
 .data          0x00000000000353c8        0x4 build/cooja/mtype203.a(packetbuf.o)
 .data          0x00000000000353cc        0x4 build/cooja/mtype203.a(netstack.o)
 .data          0x00000000000353d0        0x0 build/cooja/mtype203.a(linkaddr.o)
 .data          0x00000000000353d0        0x0 build/cooja/mtype203.a(csma.o)
 .data          0x00000000000353d0       0x28 build/cooja/mtype203.a(csma-output.o)
 .data          0x00000000000353f8        0x0 build/cooja/mtype203.a(uip-ds6.o)
 .data          0x00000000000353f8        0x0 build/cooja/mtype203.a(uip-udp-packet.)
 .data          0x00000000000353f8       0x10 build/cooja/mtype203.a(uip-ds6-route.o)
 .data          0x0000000000035408       0x10 build/cooja/mtype203.a(tcpip.o)
                0x0000000000035408                tcpip_process
 .data          0x0000000000035418        0x0 build/cooja/mtype203.a(uip6.o)
 .data          0x0000000000035418       0x14 build/cooja/mtype203.a(uip-ds6-nbr.o)
 .data          0x000000000003542c        0xc build/cooja/mtype203.a(uip-nd6.o)
 .data          0x0000000000035438        0x0 build/cooja/mtype203.a(sicslowpan.o)
 .data          0x0000000000035438        0x0 build/cooja/mtype203.a(uiplib.o)
 .data          0x0000000000035438        0x0 build/cooja/mtype203.a(rpl.o)
 .data          0x0000000000035438       0x30 build/cooja/mtype203.a(rpl-icmp6.o)
 .data          0x0000000000035468        0x0 build/cooja/mtype203.a(rpl-dag-root.o)
 .data          0x0000000000035468        0x0 build/cooja/mtype203.a(watchdog.o)
 .data          0x0000000000035468        0x0 build/cooja/mtype203.a(int-master.o)
 .data          0x0000000000035468       0x10 build/cooja/mtype203.a(coap-timer-defa)
                0x0000000000035468                coap_timer_process
 .data          0x0000000000035478        0x0 build/cooja/mtype203.a(stimer.o)
 .data          0x0000000000035478        0x0 build/cooja/mtype203.a(ringbuf.o)
 .data          0x0000000000035478        0x0 build/cooja/mtype203.a(assert.o)
 .data          0x0000000000035478       0x10 build/cooja/mtype203.a(nbr-table.o)
 .data          0x0000000000035488       0x14 build/cooja/mtype203.a(link-stats.o)
 .data          0x000000000003549c        0x0 build/cooja/mtype203.a(mac-sequence.o)
 .data          0x000000000003549c        0x0 build/cooja/mtype203.a(mac.o)
 .data          0x000000000003549c        0x0 build/cooja/mtype203.a(framer-802154.o)
 .data          0x000000000003549c        0x2 build/cooja/mtype203.a(frame802154.o)
 .data          0x000000000003549e        0x0 build/cooja/mtype203.a(csma-security.o)
 .data          0x000000000003549e        0x0 build/cooja/mtype203.a(uipbuf.o)
 *fill*         0x000000000003549e        0x2 
 .data          0x00000000000354a0       0x20 build/cooja/mtype203.a(uip-icmp6.o)
 .data          0x00000000000354c0       0x10 build/cooja/mtype203.a(uip-sr.o)
 .data          0x00000000000354d0        0xc build/cooja/mtype203.a(uip-packetqueue)
 .data          0x00000000000354dc        0x0 build/cooja/mtype203.a(rpl-nbr-policy.)
 .data          0x00000000000354dc       0x14 build/cooja/mtype203.a(rpl-neighbor.o)
                0x00000000000354ec                rpl_neighbors
 .data          0x00000000000354f0        0x0 build/cooja/mtype203.a(rpl-dag.o)
 .data          0x00000000000354f0        0x0 build/cooja/mtype203.a(rpl-timers.o)
 .data          0x00000000000354f0        0x0 build/cooja/mtype203.a(rpl-ext-header.)
 *fill*         0x00000000000354f0       0x10 
 .data          0x0000000000035500       0x24 build/cooja/mtype203.a(rpl-mrhof.o)
                0x0000000000035500                rpl_mrhof
 .data          0x0000000000035524        0x0 /usr/lib/gcc/i686-linux-gnu/5/libgcc.a(_udivdi3.o)
 .data          0x0000000000035524        0x0 /usr/lib/gcc/i686-linux-gnu/5/crtendS.o
 .data          0x0000000000035524        0x0 /usr/lib/gcc/i686-linux-gnu/5/../../../i386-linux-gnu/crtn.o

.tm_clone_table
                0x0000000000035524        0x0
 .tm_clone_table
                0x0000000000035524        0x0 /usr/lib/gcc/i686-linux-gnu/5/crtbeginS.o
 .tm_clone_table
                0x0000000000035524        0x0 /usr/lib/gcc/i686-linux-gnu/5/crtendS.o

.data1
 *(.data1)
                0x0000000000035524                _edata = .
                [!provide]                        PROVIDE (edata, .)
                0x0000000000035524                . = .
                0x0000000000035524                __bss_start = .

.bss            0x0000000000035540    0x13f84
 *(.dynbss)
 .dynbss        0x0000000000035540        0x0 /usr/lib/gcc/i686-linux-gnu/5/../../../i386-linux-gnu/crti.o
 *(.bss .bss.* .gnu.linkonce.b.*)
 .bss           0x0000000000035540        0x0 /usr/lib/gcc/i686-linux-gnu/5/../../../i386-linux-gnu/crti.o
 .bss           0x0000000000035540        0x1 /usr/lib/gcc/i686-linux-gnu/5/crtbeginS.o
 *fill*         0x0000000000035541       0x1f 
 .bss           0x0000000000035560      0x12c air.o
                0x0000000000035560                registered
 *fill*         0x000000000003568c       0x14 
 .bss           0x00000000000356a0     0x2030 build/cooja/mtype203.o
 .bss           0x00000000000376d0        0x1 build/cooja/mtype203.a(simEnvChange.o)
                0x00000000000376d0                simDontFallAsleep
 *fill*         0x00000000000376d1        0x3 
 .bss           0x00000000000376d4        0x4 build/cooja/mtype203.a(cooja_mt.o)
 .bss           0x00000000000376d8        0x4 build/cooja/mtype203.a(cooja_mtarch.o)
 .bss           0x00000000000376dc        0x0 build/cooja/mtype203.a(rtimer-arch.o)
 .bss           0x00000000000376dc        0x0 build/cooja/mtype203.a(beep.o)
 .bss           0x00000000000376dc        0x1 build/cooja/mtype203.a(leds-arch.o)
                0x00000000000376dc                simLedsValue
 .bss           0x00000000000376dd        0x0 build/cooja/mtype203.a(moteid.o)
 .bss           0x00000000000376dd        0x1 build/cooja/mtype203.a(pir-sensor.o)
                0x00000000000376dd                simPirValue
 *fill*         0x00000000000376de        0x2 
 .bss           0x00000000000376e0        0x4 build/cooja/mtype203.a(rs232.o)
 .bss           0x00000000000376e4        0x1 build/cooja/mtype203.a(vib-sensor.o)
                0x00000000000376e4                simVibValue
 .bss           0x00000000000376e5        0x0 build/cooja/mtype203.a(clock.o)
 *fill*         0x00000000000376e5       0x1b 
 .bss           0x0000000000037700     0x2020 build/cooja/mtype203.a(cooja-log.o)
 .bss           0x0000000000039720      0xfc0 build/cooja/mtype203.a(cfs-cooja.o)
                0x0000000000039720                simCFSData
                0x000000000003a6c0                simCFSSize
                0x000000000003a6c4                simCFSChanged
                0x000000000003a6c8                simCFSRead
                0x000000000003a6cc                simCFSWritten
 .bss           0x000000000003a6e0       0x24 build/cooja/mtype203.a(cooja-radio.o)
                0x000000000003a6e0                simReceiving
                0x000000000003a6e4                simInSize
                0x000000000003a6e8                simLastPacketTimestamp
                0x000000000003a6f0                simOutSize
 .bss           0x000000000003a704        0xc build/cooja/mtype203.a(eeprom.o)
                0x000000000003a704                simEEPROMChanged
                0x000000000003a708                simEEPROMRead
                0x000000000003a70c                simEEPROMWritten
 .bss           0x000000000003a710        0x0 build/cooja/mtype203.a(random.o)
 .bss           0x000000000003a710        0xc build/cooja/mtype203.a(sensors.o)
 .bss           0x000000000003a71c        0x0 build/cooja/mtype203.a(leds.o)
 .bss           0x000000000003a71c       0x24 build/cooja/mtype203.a(gpio-hal-arch.o)
 .bss           0x000000000003a740        0x0 build/cooja/mtype203.a(buttons.o)
 .bss           0x000000000003a740        0x4 build/cooja/mtype203.a(res_presence.o)
 .bss           0x000000000003a744        0x2 build/cooja/mtype203.a(res_air.o)
                0x000000000003a744                air_state
                0x000000000003a745                lightOn
 *fill*         0x000000000003a746        0x2 
 .bss           0x000000000003a748        0x4 build/cooja/mtype203.a(res_quality.o)
 .bss           0x000000000003a74c        0x0 build/cooja/mtype203.a(coap-blocking-a)
 *fill*         0x000000000003a74c       0x14 
 .bss           0x000000000003a760      0x190 build/cooja/mtype203.a(coap-engine.o)
 .bss           0x000000000003a8f0        0x0 build/cooja/mtype203.a(coap-res-well-k)
 *fill*         0x000000000003a8f0       0x10 
 .bss           0x000000000003a900      0x120 build/cooja/mtype203.a(coap-observe.o)
 .bss           0x000000000003aa20       0x18 build/cooja/mtype203.a(coap-uip.o)
 .bss           0x000000000003aa38        0x5 build/cooja/mtype203.a(coap-timer.o)
 *fill*         0x000000000003aa3d        0x3 
 .bss           0x000000000003aa40      0x334 build/cooja/mtype203.a(coap-transactio)
 .bss           0x000000000003ad74        0x6 build/cooja/mtype203.a(coap.o)
                0x000000000003ad74                coap_status_code
 .bss           0x000000000003ad7a        0x0 build/cooja/mtype203.a(contiki-main.o)
 .bss           0x000000000003ad7a        0x0 build/cooja/mtype203.a(autostart.o)
 *fill*         0x000000000003ad7a        0x2 
 .bss           0x000000000003ad7c        0x5 build/cooja/mtype203.a(ctimer.o)
 *fill*         0x000000000003ad81        0x3 
 .bss           0x000000000003ad84       0x2c build/cooja/mtype203.a(log.o)
                0x000000000003ad84                curr_log_level_rpl
                0x000000000003ad88                curr_log_level_tcpip
                0x000000000003ad8c                curr_log_level_ipv6
                0x000000000003ad90                curr_log_level_6lowpan
                0x000000000003ad94                curr_log_level_nullnet
                0x000000000003ad98                curr_log_level_mac
                0x000000000003ad9c                curr_log_level_framer
                0x000000000003ada0                curr_log_level_6top
                0x000000000003ada4                curr_log_level_coap
                0x000000000003ada8                curr_log_level_snmp
                0x000000000003adac                curr_log_level_lwm2m
 .bss           0x000000000003adb0        0x0 build/cooja/mtype203.a(energest.o)
 .bss           0x000000000003adb0        0x8 build/cooja/mtype203.a(etimer.o)
 .bss           0x000000000003adb8        0x2 build/cooja/mtype203.a(node-id.o)
                0x000000000003adb8                node_id
 *fill*         0x000000000003adba        0x2 
 .bss           0x000000000003adbc        0x4 build/cooja/mtype203.a(rtimer.o)
 .bss           0x000000000003adc0      0x1a1 build/cooja/mtype203.a(process.o)
                0x000000000003adc0                process_list
                0x000000000003adc4                process_current
 .bss           0x000000000003af61        0x0 build/cooja/mtype203.a(timer.o)
 .bss           0x000000000003af61        0x0 build/cooja/mtype203.a(list.o)
 .bss           0x000000000003af61        0x0 build/cooja/mtype203.a(memb.o)
 *fill*         0x000000000003af61        0x3 
 .bss           0x000000000003af64       0x10 build/cooja/mtype203.a(button-hal.o)
 *fill*         0x000000000003af74        0xc 
 .bss           0x000000000003af80      0x140 build/cooja/mtype203.a(serial-line.o)
 .bss           0x000000000003b0c0        0x4 build/cooja/mtype203.a(gpio-hal.o)
 *fill*         0x000000000003b0c4       0x1c 
 .bss           0x000000000003b0e0     0x2c80 build/cooja/mtype203.a(queuebuf.o)
 .bss           0x000000000003dd60       0xa0 build/cooja/mtype203.a(packetbuf.o)
 .bss           0x000000000003de00        0x4 build/cooja/mtype203.a(netstack.o)
 .bss           0x000000000003de04        0x0 build/cooja/mtype203.a(linkaddr.o)
 .bss           0x000000000003de04        0x0 build/cooja/mtype203.a(csma.o)
 *fill*         0x000000000003de04       0x1c 