Archive member included to satisfy reference by file (symbol)

build/cooja/mtype677.a(simEnvChange.o)
                              build/cooja/mtype677.o (simDontFallAsleep)
build/cooja/mtype677.a(cooja_mt.o)
                              build/cooja/mtype677.o (cooja_mt_start)
build/cooja/mtype677.a(cooja_mtarch.o)
                              build/cooja/mtype677.a(cooja_mt.o) (cooja_mtarch_start)
build/cooja/mtype677.a(rtimer-arch.o)
                              build/cooja/mtype677.o (rtimer_arch_check)
build/cooja/mtype677.a(beep.o)
                              build/cooja/mtype677.o (beep_interface)
build/cooja/mtype677.a(leds-arch.o)
                              build/cooja/mtype677.o (leds_interface)
build/cooja/mtype677.a(moteid.o)
                              build/cooja/mtype677.o (moteid_interface)
build/cooja/mtype677.a(pir-sensor.o)
                              build/cooja/mtype677.o (pir_interface)
build/cooja/mtype677.a(rs232.o)
                              build/cooja/mtype677.o (rs232_interface)
build/cooja/mtype677.a(vib-sensor.o)
                              build/cooja/mtype677.o (vib_interface)
build/cooja/mtype677.a(clock.o)
                              build/cooja/mtype677.o (clock_interface)
build/cooja/mtype677.a(cooja-log.o)
                              build/cooja/mtype677.o (simlog_interface)
build/cooja/mtype677.a(cfs-cooja.o)
                              build/cooja/mtype677.o (cfs_interface)
build/cooja/mtype677.a(cooja-radio.o)
                              build/cooja/mtype677.o (radio_interface)
build/cooja/mtype677.a(eeprom.o)
                              build/cooja/mtype677.o (eeprom_interface)
build/cooja/mtype677.a(random.o)
                              build/cooja/mtype677.a(moteid.o) (random_init)
build/cooja/mtype677.a(sensors.o)
                              build/cooja/mtype677.a(pir-sensor.o) (sensors_changed)
build/cooja/mtype677.a(leds.o)
                              air.o (leds_set)
build/cooja/mtype677.a(gpio-hal-arch.o)
                              build/cooja/mtype677.a(leds-arch.o) (gpio_hal_arch_register_pin_callback)
build/cooja/mtype677.a(buttons.o)
                              build/cooja/mtype677.o (button_interface)
build/cooja/mtype677.a(res_presence.o)
                              air.o (presence)
build/cooja/mtype677.a(res_air.o)
                              air.o (air_state)
build/cooja/mtype677.a(res_quality.o)
                              air.o (quality)
build/cooja/mtype677.a(coap-blocking-a)
                              air.o (coap_blocking_request)
build/cooja/mtype677.a(coap-engine.o)
                              air.o (coap_activate_resource)
build/cooja/mtype677.a(coap-res-well-k)
                              build/cooja/mtype677.a(coap-engine.o) (res_well_known_core)
build/cooja/mtype677.a(coap-observe.o)
                              build/cooja/mtype677.a(coap-engine.o) (coap_remove_observer_by_mid)
build/cooja/mtype677.a(coap-uip.o)
                              build/cooja/mtype677.a(coap-observe.o) (coap_endpoint_copy)
build/cooja/mtype677.a(coap-timer.o)
                              build/cooja/mtype677.a(coap-engine.o) (coap_timer_set)
build/cooja/mtype677.a(coap-transactio)
                              build/cooja/mtype677.a(coap-blocking-a) (coap_send_transaction)
build/cooja/mtype677.a(coap.o)
                              build/cooja/mtype677.a(coap-engine.o) (coap_status_code)
build/cooja/mtype677.a(contiki-main.o)
                              build/cooja/mtype677.o (main)
build/cooja/mtype677.a(autostart.o)
                              build/cooja/mtype677.a(contiki-main.o) (autostart_start)
build/cooja/mtype677.a(ctimer.o)
                              build/cooja/mtype677.a(contiki-main.o) (ctimer_init)
build/cooja/mtype677.a(log.o)
                              build/cooja/mtype677.a(contiki-main.o) (curr_log_level_main)
build/cooja/mtype677.a(energest.o)
                              build/cooja/mtype677.a(contiki-main.o) (energest_init)
build/cooja/mtype677.a(etimer.o)
                              build/cooja/mtype677.a(contiki-main.o) (etimer_process)
build/cooja/mtype677.a(node-id.o)
                              air.o (node_id)
build/cooja/mtype677.a(rtimer.o)
                              build/cooja/mtype677.a(contiki-main.o) (rtimer_init)
build/cooja/mtype677.a(process.o)
                              build/cooja/mtype677.a(coap-blocking-a) (process_current)
build/cooja/mtype677.a(timer.o)
                              build/cooja/mtype677.a(etimer.o) (timer_set)
build/cooja/mtype677.a(list.o)
                              build/cooja/mtype677.a(coap-engine.o) (list_init)
build/cooja/mtype677.a(memb.o)
                              build/cooja/mtype677.a(coap-observe.o) (memb_alloc)
build/cooja/mtype677.a(button-hal.o)
                              build/cooja/mtype677.o (button_hal_init)
build/cooja/mtype677.a(serial-line.o)
[...]
Memory Configuration

Name             Origin             Length             Attributes
*default*        0x0000000000000000 0xffffffffffffffff

Linker script and memory map

LOAD /usr/lib/gcc/i686-linux-gnu/5/../../../i386-linux-gnu/crti.o
LOAD /usr/lib/gcc/i686-linux-gnu/5/crtbeginS.o
LOAD air.o
LOAD build/cooja/mtype677.o
LOAD build/cooja/mtype677.a
LOAD /usr/lib/gcc/i686-linux-gnu/5/libgcc.a
LOAD /usr/lib/gcc/i686-linux-gnu/5/libgcc_s.so
LOAD /usr/lib/gcc/i686-linux-gnu/5/../../../i386-linux-gnu/libc.so
START GROUP
LOAD /lib/i386-linux-gnu/libc.so.6
LOAD /usr/lib/i386-linux-gnu/libc_nonshared.a
LOAD /lib/i386-linux-gnu/ld-linux.so.2
END GROUP
LOAD /usr/lib/gcc/i686-linux-gnu/5/libgcc.a
LOAD /usr/lib/gcc/i686-linux-gnu/5/libgcc_s.so
LOAD /usr/lib/gcc/i686-linux-gnu/5/crtendS.o
LOAD /usr/lib/gcc/i686-linux-gnu/5/../../../i386-linux-gnu/crtn.o
                0x0000000000000114                . = (0x0 + SIZEOF_HEADERS)

.note.gnu.build-id
                0x0000000000000114       0x24
 *(.note.gnu.build-id)
 .note.gnu.build-id
                0x0000000000000114       0x24 /usr/lib/gcc/i686-linux-gnu/5/../../../i386-linux-gnu/crti.o

.hash
 *(.hash)

.gnu.hash       0x0000000000000138     0x15ac
 *(.gnu.hash)
 .gnu.hash      0x0000000000000138     0x15ac /usr/lib/gcc/i686-linux-gnu/5/../../../i386-linux-gnu/crti.o

.dynsym         0x00000000000016e4     0x2f50
 *(.dynsym)
 .dynsym        0x00000000000016e4     0x2f50 /usr/lib/gcc/i686-linux-gnu/5/../../../i386-linux-gnu/crti.o

.dynstr         0x0000000000004634     0x36b8
 *(.dynstr)
 .dynstr        0x0000000000004634     0x36b8 /usr/lib/gcc/i686-linux-gnu/5/../../../i386-linux-gnu/crti.o

.gnu.version    0x0000000000007cec      0x5ea
 *(.gnu.version)
 .gnu.version   0x0000000000007cec      0x5ea /usr/lib/gcc/i686-linux-gnu/5/../../../i386-linux-gnu/crti.o

.gnu.version_d  0x00000000000082d8        0x0
 *(.gnu.version_d)
 .gnu.version_d
                0x00000000000082d8        0x0 /usr/lib/gcc/i686-linux-gnu/5/../../../i386-linux-gnu/crti.o

.gnu.version_r  0x00000000000082d8       0x40
 *(.gnu.version_r)
 .gnu.version_r
                0x00000000000082d8       0x40 /usr/lib/gcc/i686-linux-gnu/5/../../../i386-linux-gnu/crti.o

.rel.dyn        0x0000000000008318     0x9458
 *(.rel.init)
 .rel.init      0x0000000000008318        0x0 /usr/lib/gcc/i686-linux-gnu/5/../../../i386-linux-gnu/crti.o
 *(.rel.text .rel.text.* .rel.gnu.linkonce.t.*)
 .rel.text      0x0000000000008318     0x8a68 /usr/lib/gcc/i686-linux-gnu/5/../../../i386-linux-gnu/crti.o
 *(.rel.fini)
 .rel.fini      0x0000000000010d80        0x0 /usr/lib/gcc/i686-linux-gnu/5/../../../i386-linux-gnu/crti.o
 *(.rel.rodata .rel.rodata.* .rel.gnu.linkonce.r.*)
 .rel.rodata    0x0000000000010d80      0x588 /usr/lib/gcc/i686-linux-gnu/5/../../../i386-linux-gnu/crti.o
 *(.rel.data.rel.ro .rel.data.rel.ro.* .rel.gnu.linkonce.d.rel.ro.*)
 *(.rel.data .rel.data.* .rel.gnu.linkonce.d.*)
 .rel.data.rel.local
                0x0000000000011308        0x8 /usr/lib/gcc/i686-linux-gnu/5/../../../i386-linux-gnu/crti.o
 .rel.data      0x0000000000011310      0x428 /usr/lib/gcc/i686-linux-gnu/5/../../../i386-linux-gnu/crti.o
 *(.rel.tdata .rel.tdata.* .rel.gnu.linkonce.td.*)
 *(.rel.tbss .rel.tbss.* .rel.gnu.linkonce.tb.*)
 *(.rel.ctors)
 *(.rel.dtors)
 *(.rel.got)
 .rel.got       0x0000000000011738       0x28 /usr/lib/gcc/i686-linux-gnu/5/../../../i386-linux-gnu/crti.o
 *(.rel.bss .rel.bss.* .rel.gnu.linkonce.b.*)
 *(.rel.ifunc)
 .rel.ifunc     0x0000000000011760        0x0 /usr/lib/gcc/i686-linux-gnu/5/../../../i386-linux-gnu/crti.o
 .rel.fini_array
                0x0000000000011760        0x8 /usr/lib/gcc/i686-linux-gnu/5/../../../i386-linux-gnu/crti.o
 .rel.init_array
                0x0000000000011768        0x8 /usr/lib/gcc/i686-linux-gnu/5/../../../i386-linux-gnu/crti.o

.rel.plt        0x0000000000011770        0x0
 *(.rel.plt)
 .rel.plt       0x0000000000011770        0x0 /usr/lib/gcc/i686-linux-gnu/5/../../../i386-linux-gnu/crti.o
 *(.rel.iplt)

.init           0x0000000000011770       0x23
 *(SORT(.init))
 .init          0x0000000000011770       0x1e /usr/lib/gcc/i686-linux-gnu/5/../../../i386-linux-gnu/crti.o
                0x0000000000011770                _init
 .init          0x000000000001178e        0x5 /usr/lib/gcc/i686-linux-gnu/5/../../../i386-linux-gnu/crtn.o

.plt            0x00000000000117a0       0x10
 *(.plt)
 .plt           0x00000000000117a0       0x10 /usr/lib/gcc/i686-linux-gnu/5/../../../i386-linux-gnu/crti.o
 *(.iplt)

.plt.got        0x00000000000117b0       0x10
 *(.plt.got)
 .plt.got       0x00000000000117b0       0x10 /usr/lib/gcc/i686-linux-gnu/5/../../../i386-linux-gnu/crti.o

.text           0x00000000000117c0    0x18a92
 *(.text.unlikely .text.*_unlikely .text.unlikely.*)
 .text.unlikely
                0x00000000000117c0        0x0 /usr/lib/gcc/i686-linux-gnu/5/crtbeginS.o
 .text.unlikely
                0x00000000000117c0        0x0 /usr/lib/gcc/i686-linux-gnu/5/libgcc.a(_udivdi3.o)
 *(.text.exit .text.exit.*)
 *(.text.startup .text.startup.*)
 *(.text.hot .text.hot.*)
 *(.text .stub .text.* .gnu.linkonce.t.*)
 .text          0x00000000000117c0        0x0 /usr/lib/gcc/i686-linux-gnu/5/../../../i386-linux-gnu/crti.o
 .gnu.linkonce.t.__x86.get_pc_thunk.bx
                0x00000000000117c0        0x4 /usr/lib/gcc/i686-linux-gnu/5/../../../i386-linux-gnu/crti.o
                0x00000000000117c0                __x86.get_pc_thunk.bx
 *fill*         0x00000000000117c4        0xc 
 .text          0x00000000000117d0      0x11c /usr/lib/gcc/i686-linux-gnu/5/crtbeginS.o
 .text.__x86.get_pc_thunk.dx
                0x00000000000118ec        0x4 /usr/lib/gcc/i686-linux-gnu/5/crtbeginS.o
                0x00000000000118ec                __x86.get_pc_thunk.dx
 .text          0x00000000000118f0      0x416 air.o
                0x00000000000118f0                client_chunk_handler
 .text          0x0000000000011d06      0x283 build/cooja/mtype677.o
                0x0000000000011d98                platform_init_stage_one
                0x0000000000011dab                platform_init_stage_two
                0x0000000000011dbe                platform_init_stage_three
                0x0000000000011dd1                platform_main_loop
                0x0000000000011e44                Java_org_contikios_cooja_corecomm_Lib2_init
                0x0000000000011e7b                Java_org_contikios_cooja_corecomm_Lib2_getMemory
                0x0000000000011eae                Java_org_contikios_cooja_corecomm_Lib2_setMemory
                0x0000000000011f0e                Java_org_contikios_cooja_corecomm_Lib2_tick
                0x0000000000011f76                Java_org_contikios_cooja_corecomm_Lib2_setReferenceAddress
 .text          0x0000000000011f89       0x65 build/cooja/mtype677.a(simEnvChange.o)
                0x0000000000011f89                doActionsBeforeTick
                0x0000000000011fbb                doActionsAfterTick
 .text          0x0000000000011fee       0x83 build/cooja/mtype677.a(cooja_mt.o)
                0x0000000000011fee                cooja_mt_start
                0x0000000000012018                cooja_mt_exec
                0x000000000001204e                cooja_mt_yield
 .text          0x0000000000012071       0xbe build/cooja/mtype677.a(cooja_mtarch.o)
                0x0000000000012071                cooja_mtarch_start
                0x00000000000120e4                cooja_sw
                0x0000000000012107                cooja_mtarch_exec
                0x0000000000012124                cooja_mtarch_yield
 .text          0x000000000001212f       0xc5 build/cooja/mtype677.a(rtimer-arch.o)
                0x000000000001212f                rtimer_arch_init
                0x0000000000012153                rtimer_arch_schedule
                0x0000000000012183                rtimer_arch_next
                0x0000000000012193                rtimer_arch_pending
                0x000000000001219d                rtimer_arch_check
                0x00000000000121e4                rtimer_arch_now
 .text          0x00000000000121f4       0x81 build/cooja/mtype677.a(beep.o)
                0x00000000000121f4                beep_alarm
                0x0000000000012201                beep_beep
                0x000000000001220e                beep
                0x000000000001221b                beep_down
                0x0000000000012228                beep_on
                0x0000000000012235                beep_off
                0x0000000000012242                beep_spinup
                0x000000000001224f                beep_quick
                0x000000000001225c                beep_long
 .text          0x0000000000012275       0x65 build/cooja/mtype677.a(leds-arch.o)
                0x0000000000012288                leds_arch_init
 .text          0x00000000000122da       0x35 build/cooja/mtype677.a(moteid.o)
 .text          0x000000000001230f       0xb7 build/cooja/mtype677.a(pir-sensor.o)
 .text          0x00000000000123c6      0x148 build/cooja/mtype677.a(rs232.o)
                0x00000000000123c6                rs232_init
                0x00000000000123cc                rs232_set_speed
                0x00000000000123db                rs232_set_input
                0x00000000000123e9                rs232_send
                0x000000000001240d                rs232_print
                0x0000000000012429                slip_arch_writeb
 .text          0x000000000001250e       0xb7 build/cooja/mtype677.a(vib-sensor.o)
 .text          0x00000000000125c5       0x38 build/cooja/mtype677.a(clock.o)
                0x00000000000125c5                clock_init
                0x00000000000125cb                clock_time
                0x00000000000125d5                clock_seconds
                0x00000000000125eb                clock_delay
 .text          0x00000000000125fd      0x219 build/cooja/mtype677.a(cooja-log.o)
                0x00000000000125fd                simlog_char
                0x0000000000012640                simlog
                0x00000000000126b6                log_message
                0x00000000000126e7                log_set_putchar_with_slip
                0x00000000000126f5                log_putchar
                0x0000000000012770                log_puts
                0x0000000000012798                log_printf
 .text          0x0000000000012816      0x2b9 build/cooja/mtype677.a(cfs-cooja.o)
                0x0000000000012816                cfs_open
                0x000000000001287f                cfs_close
                0x000000000001288c                cfs_read
                0x0000000000012921                cfs_write
                0x00000000000129fd                cfs_seek
                0x0000000000012a85                cfs_remove
                0x0000000000012aa9                cfs_opendir
                0x0000000000012ab3                cfs_readdir
                0x0000000000012abd                cfs_closedir
 .text          0x0000000000012acf      0x620 build/cooja/mtype677.a(cooja-radio.o)
                0x0000000000012b11                radio_set_channel
                0x0000000000012b1f                radio_set_txpower
                0x0000000000012b37                radio_signal_strength_last
                0x0000000000012b41                radio_signal_strength_current
                0x0000000000012b4b                radio_LQI
 .text          0x00000000000130ef       0xee build/cooja/mtype677.a(eeprom.o)
                0x00000000000130ef                eeprom_init
                0x00000000000130f5                eeprom_read
                0x0000000000013163                eeprom_write
 .text          0x00000000000131dd       0x2d build/cooja/mtype677.a(random.o)
                0x00000000000131dd                random_init
                0x00000000000131fd                random_rand
 .text          0x000000000001320a      0x29c build/cooja/mtype677.a(sensors.o)
                0x0000000000013245                sensors_first
                0x000000000001324f                sensors_next
                0x0000000000013269                sensors_changed
                0x000000000001329d                sensors_find
 .text          0x00000000000134a6      0x349 build/cooja/mtype677.a(leds.o)
                0x00000000000134a6                leds_init
                0x00000000000134ed                leds_single_on
                0x000000000001354c                leds_single_off
                0x00000000000135ab                leds_single_toggle
                0x00000000000135dd                leds_on
                0x000000000001365f                leds_off
                0x00000000000136e1                leds_toggle
                0x0000000000013736                leds_set
                0x0000000000013762                leds_get
 .text          0x00000000000137ef      0x343 build/cooja/mtype677.a(gpio-hal-arch.o)
                0x00000000000137ef                gpio_hal_arch_register_pin_callback
                0x000000000001385b                gpio_hal_arch_init
                0x00000000000138a0                gpio_hal_arch_no_port_interrupt_enable
                0x00000000000138d0                gpio_hal_arch_no_port_interrupt_disable
                0x0000000000013900                gpio_hal_arch_no_port_pin_cfg_set
                0x0000000000013925                gpio_hal_arch_no_port_pin_cfg_get
                0x000000000001394b                gpio_hal_arch_no_port_pin_set_input
                0x000000000001395d                gpio_hal_arch_no_port_pin_set_output
                0x000000000001396f                gpio_hal_arch_no_port_set_pin
                0x0000000000013990                gpio_hal_arch_no_port_clear_pin
                0x00000000000139b1                gpio_hal_arch_no_port_read_pin
                0x00000000000139d7                gpio_hal_arch_no_port_write_pin
                0x0000000000013a01                gpio_hal_arch_no_port_set_pins
                0x0000000000013a48                gpio_hal_arch_no_port_clear_pins
                0x0000000000013a8f                gpio_hal_arch_no_port_read_pins
                0x0000000000013ad2                gpio_hal_arch_no_port_write_pins
 .text          0x0000000000013b32       0x89 build/cooja/mtype677.a(buttons.o)
 .text          0x0000000000013bbb      0x1a9 build/cooja/mtype677.a(res_presence.o)
 .text          0x0000000000013d64      0x2e7 build/cooja/mtype677.a(res_air.o)
 .text          0x000000000001404b      0x139 build/cooja/mtype677.a(res_quality.o)
 .text          0x0000000000014184      0x27b build/cooja/mtype677.a(coap-blocking-a)
                0x0000000000014184                coap_blocking_request_callback
                0x00000000000141ae                coap_blocking_request
 .text          0x00000000000143ff      0xbea build/cooja/mtype677.a(coap-engine.o)
                0x0000000000014494                coap_add_handler
                0x00000000000144b1                coap_remove_handler
                0x00000000000144ce                coap_call_handlers
                0x00000000000145d6                coap_receive
                0x0000000000014bd1                coap_engine_init
                0x0000000000014c2f                coap_activate_resource
                0x0000000000014cda                coap_get_first_resource
                0x0000000000014cf3                coap_get_next_resource
 .text          0x0000000000014fe9      0x2d9 build/cooja/mtype677.a(coap-res-well-k)
 .text          0x00000000000152c2      0x96a build/cooja/mtype677.a(coap-observe.o)
                0x00000000000153d7                coap_remove_observer
                0x0000000000015407                coap_remove_observer_by_client
                0x000000000001546f                coap_remove_observer_by_token
                0x0000000000015502                coap_remove_observer_by_uri
                0x00000000000155a9                coap_remove_observer_by_mid
                0x0000000000015625                coap_notify_observers
                0x000000000001563e                coap_notify_observers_sub
                0x0000000000015aa8                coap_observe_handler
                0x0000000000015bc3                coap_has_observers
 .text          0x0000000000015c2c      0x733 build/cooja/mtype677.a(coap-uip.o)
                0x0000000000015c2c                coap_endpoint_log
                0x0000000000015cb2                coap_endpoint_print
                0x0000000000015d38                coap_endpoint_snprint
                0x0000000000015e6b                coap_endpoint_copy
                0x0000000000015ea8                coap_endpoint_cmp
                0x0000000000015fb6                coap_endpoint_parse
                0x00000000000161a1                coap_endpoint_is_secure
                0x00000000000161b0                coap_endpoint_is_connected
                0x00000000000161e4                coap_endpoint_connect
                0x0000000000016200                coap_endpoint_disconnect
                0x0000000000016206                coap_databuf
                0x0000000000016210                coap_transport_init
                0x0000000000016260                coap_sendto
 .text          0x000000000001635f      0x324 build/cooja/mtype677.a(coap-timer.o)
                0x000000000001645c                coap_timer_stop
                0x0000000000016487                coap_timer_set
                0x00000000000164ca                coap_timer_reset
                0x000000000001650d                coap_timer_time_to_next_expiration
                0x0000000000016579                coap_timer_run
                0x0000000000016645                coap_timer_init
 .text          0x0000000000016683      0x2c6 build/cooja/mtype677.a(coap-transactio)
                0x00000000000166e9                coap_new_transaction
                0x000000000001674f                coap_send_transaction
                0x00000000000168b0                coap_clear_transaction
                0x00000000000168f8                coap_get_transaction_by_mid
 .text          0x0000000000016949     0x1c53 build/cooja/mtype677.a(coap.o)
                0x0000000000016eb6                coap_init_connection
                0x0000000000016eca                coap_get_mid
                0x0000000000016ee6                coap_init_message
                0x0000000000016f2f                coap_serialize_message
                0x00000000000175b1                coap_parse_message
                0x0000000000017c18                coap_get_query_variable
                0x0000000000017c5a                coap_get_post_variable
                0x0000000000017c9e                coap_set_status_code
                0x0000000000017cc3                coap_set_token
                0x0000000000017d0a                coap_get_header_content_format
                0x0000000000017d3b                coap_set_header_content_format
                0x0000000000017d5e                coap_get_header_accept
                0x0000000000017d8f                coap_set_header_accept
                0x0000000000017db2                coap_get_header_max_age
                0x0000000000017de3                coap_set_header_max_age
                0x0000000000017e03                coap_get_header_etag
                0x0000000000017e35                coap_set_header_etag
                0x0000000000017e8c                coap_get_header_if_match
                0x0000000000017ebe                coap_set_header_if_match
                0x0000000000017f15                coap_get_header_if_none_match
                0x0000000000017f2f                coap_set_header_if_none_match
                0x0000000000017f46                coap_get_header_proxy_uri
                0x0000000000017f74                coap_set_header_proxy_uri
                0x0000000000017fb1                coap_get_header_uri_host
                0x0000000000017fdf                coap_set_header_uri_host
                0x000000000001801c                coap_get_header_uri_path
                0x000000000001804a                coap_set_header_uri_path
                0x0000000000018097                coap_get_header_uri_query
                0x00000000000180cb                coap_set_header_uri_query
                0x0000000000018121                coap_get_header_location_path
                0x000000000001814f                coap_set_header_location_path
                0x00000000000181e8                coap_get_header_location_query
                0x0000000000018216                coap_set_header_location_query
                0x0000000000018263                coap_get_header_observe
                0x0000000000018292                coap_set_header_observe
                0x00000000000182b2                coap_get_header_block2
                0x000000000001831e                coap_set_header_block2
                0x0000000000018395                coap_get_header_block1
                0x000000000001840a                coap_set_header_block1
                0x0000000000018485                coap_get_header_size2
                0x00000000000184b5                coap_set_header_size2
                0x00000000000184d8                coap_get_header_size1
                0x0000000000018508                coap_set_header_size1
                0x000000000001852b                coap_get_payload
                0x0000000000018565                coap_set_payload
 .text          0x000000000001859c      0x332 build/cooja/mtype677.a(contiki-main.o)
                0x000000000001859c                main
 .text          0x00000000000188ce       0x92 build/cooja/mtype677.a(autostart.o)
                0x00000000000188ce                autostart_start
                0x0000000000018918                autostart_exit
 .text          0x0000000000018960      0x355 build/cooja/mtype677.a(ctimer.o)
                0x0000000000018a88                ctimer_init
                0x0000000000018abb                ctimer_set
                0x0000000000018ae1                ctimer_set_with_process
                0x0000000000018b5e                ctimer_reset
                0x0000000000018bb2                ctimer_restart
                0x0000000000018c06                ctimer_stop
                0x0000000000018c56                ctimer_expired
 .text          0x0000000000018cb5      0x394 build/cooja/mtype677.a(log.o)
                0x0000000000018cb5                log_6addr
                0x0000000000018d08                log_6addr_compact_snprint
                0x0000000000018da6                log_6addr_compact
                0x0000000000018df9                log_lladdr
                0x0000000000018e6b                log_lladdr_compact
                0x0000000000018ed3                log_set_level
                0x0000000000018f8e                log_get_level
                0x0000000000019007                log_level_to_str
 .text          0x0000000000019049       0x1b build/cooja/mtype677.a(energest.o)
                0x0000000000019049                energest_init
                0x000000000001904f                energest_flush
                0x0000000000019055                energest_get_total_time
 .text          0x0000000000019064      0x43f build/cooja/mtype677.a(etimer.o)
                0x0000000000019288                etimer_request_poll
                0x0000000000019311                etimer_set
                0x000000000001933a                etimer_reset_with_new_interval
                0x0000000000019369                etimer_reset
                0x000000000001938f                etimer_restart
                0x00000000000193b5                etimer_adjust
                0x00000000000193d2                etimer_expired
                0x00000000000193e5                etimer_expiration_time
                0x00000000000193f7                etimer_start_time
                0x0000000000019401                etimer_pending
                0x0000000000019413                etimer_next_expiration_time
                0x000000000001942d                etimer_stop
 .text          0x00000000000194a3       0x25 build/cooja/mtype677.a(node-id.o)
                0x00000000000194a3                node_id_init
 .text          0x00000000000194c8       0xeb build/cooja/mtype677.a(rtimer.o)
                0x00000000000194c8                rtimer_init
                0x00000000000194d6                rtimer_set
                0x0000000000019551                rtimer_run_next
 .text          0x00000000000195b3      0x4fb build/cooja/mtype677.a(process.o)
                0x00000000000195b3                process_alloc_event
                0x00000000000195c8                process_start
                0x00000000000197a2                process_exit
                0x00000000000197bf                process_init
                0x0000000000019954                process_run
                0x0000000000019987                process_nevents
                0x00000000000199a2                process_post
                0x0000000000019a35                process_post_synch
                0x0000000000019a6a                process_poll
                0x0000000000019a9a                process_is_running
 .text          0x0000000000019aae       0xb1 build/cooja/mtype677.a(timer.o)
                0x0000000000019aae                timer_set
                0x0000000000019acc                timer_reset
                0x0000000000019af9                timer_restart
                0x0000000000019b0e                timer_expired
                0x0000000000019b3b                timer_remaining
 .text          0x0000000000019b5f      0x28f build/cooja/mtype677.a(list.o)
                0x0000000000019b5f                list_init
                0x0000000000019b6e                list_head
                0x0000000000019b78                list_copy
                0x0000000000019b88                list_tail
                0x0000000000019bbe                list_add
                0x0000000000019c0a                list_push
                0x0000000000019c36                list_chop
                0x0000000000019ca0                list_pop
                0x0000000000019cc8                list_remove
                0x0000000000019d30                list_length
                0x0000000000019d5e                list_insert
                0x0000000000019da3                list_item_next
                0x0000000000019dba                list_contains
 .text          0x0000000000019dee      0x1b5 build/cooja/mtype677.a(memb.o)
                0x0000000000019dee                memb_init
                0x0000000000019e43                memb_alloc
                0x0000000000019ea6                memb_free
                0x0000000000019f1d                memb_inmemb
                0x0000000000019f5c                memb_numfree
 .text          0x0000000000019fa3      0x41c build/cooja/mtype677.a(button-hal.o)
                0x000000000001a11c                button_hal_get_by_id
                0x000000000001a15a                button_hal_get_by_index
                0x000000000001a186                button_hal_get_state
                0x000000000001a1d8                button_hal_init
 .text          0x000000000001a3bf      0x1f3 build/cooja/mtype677.a(serial-line.o)
                0x000000000001a3bf                serial_line_input_byte
                0x000000000001a57d                serial_line_init
 .text          0x000000000001a5b2      0x168 build/cooja/mtype677.a(gpio-hal.o)
                0x000000000001a5b2                gpio_hal_register_handler
                0x000000000001a5cf                gpio_hal_event_handler
                0x000000000001a62b                gpio_hal_init
                0x000000000001a64a                gpio_hal_arch_port_toggle_pin
                0x000000000001a686                gpio_hal_arch_port_toggle_pins
                0x000000000001a6b4                gpio_hal_arch_no_port_toggle_pin
                0x000000000001a6f2                gpio_hal_arch_no_port_toggle_pins
 .text          0x000000000001a71a      0x2e7 build/cooja/mtype677.a(queuebuf.o)
                0x000000000001a724                queuebuf_init
                0x000000000001a74d                queuebuf_numfree
                0x000000000001a765                queuebuf_new_from_packetbuf
                0x000000000001a804                queuebuf_update_attr_from_packetbuf
                0x000000000001a839                queuebuf_update_from_packetbuf
                0x000000000001a889                queuebuf_free
                0x000000000001a8d2                queuebuf_to_packetbuf
                0x000000000001a93e                queuebuf_dataptr
                0x000000000001a978                queuebuf_datalen
                0x000000000001a99b                queuebuf_addr
                0x000000000001a9d0                queuebuf_attr
                0x000000000001a9fb                queuebuf_debug_print
 .text          0x000000000001aa01      0x407 build/cooja/mtype677.a(packetbuf.o)
                0x000000000001aa01                packetbuf_clear
                0x000000000001aa2c                packetbuf_copyfrom
                0x000000000001aa7b                packetbuf_copyto
                0x000000000001ab0e                packetbuf_hdralloc
                0x000000000001ab8a                packetbuf_hdrreduce
                0x000000000001abd0                packetbuf_set_datalen
                0x000000000001abea                packetbuf_dataptr
                0x000000000001ac07                packetbuf_hdrptr
                0x000000000001ac11                packetbuf_datalen
                0x000000000001ac1d                packetbuf_hdrlen
                0x000000000001ac34                packetbuf_totlen
                0x000000000001ac4a                packetbuf_remaininglen
                0x000000000001ac5d                packetbuf_attr_clear
                0x000000000001aca9                packetbuf_attr_copyto
                0x000000000001ad01                packetbuf_attr_copyfrom
                0x000000000001ad59                packetbuf_set_attr
                0x000000000001ad83                packetbuf_attr
                0x000000000001ad9d                packetbuf_set_addr
                0x000000000001adce                packetbuf_addr
                0x000000000001adeb                packetbuf_holds_broadcast
 .text          0x000000000001ae08       0xef build/cooja/mtype677.a(netstack.o)
                0x000000000001ae08                netstack_process_ip_callback
                0x000000000001ae99                netstack_ip_packet_processor_add
                0x000000000001aebc                uip_ds6_ip_packet_processor_rm
                0x000000000001aed9                netstack_init
 .text          0x000000000001aef7       0x4f build/cooja/mtype677.a(linkaddr.o)
                0x000000000001aef7                linkaddr_copy
                0x000000000001af0d                linkaddr_cmp
                0x000000000001af30                linkaddr_set_node_addr
 .text          0x000000000001af46      0x1f6 build/cooja/mtype677.a(csma.o)
 .text          0x000000000001b13c      0x95d build/cooja/mtype677.a(csma-output.o)
                0x000000000001b7d3                csma_output_packet
                0x000000000001ba60                csma_output_init
 .text          0x000000000001ba99      0xc11 build/cooja/mtype677.a(uip-ds6.o)
                0x000000000001ba99                uip_ds6_default_prefix
                0x000000000001baa3                uip_ds6_set_default_prefix
                0x000000000001bace                uip_ds6_init
                0x000000000001bd30                uip_ds6_periodic
                0x000000000001bdb7                uip_ds6_list_loop
                0x000000000001be77                uip_ds6_prefix_add
                0x000000000001bf23                uip_ds6_prefix_rm
                0x000000000001bf36                uip_ds6_prefix_lookup
                0x000000000001bf75                uip_ds6_is_addr_onlink
                0x000000000001bfe8                uip_ds6_addr_add
                0x000000000001c108                uip_ds6_addr_rm
                0x000000000001c1b1                uip_ds6_addr_lookup
                0x000000000001c1ea                uip_ds6_get_link_local
                0x000000000001c26b                uip_ds6_get_global
                0x000000000001c2ec                uip_ds6_maddr_add
                0x000000000001c34c                uip_ds6_maddr_rm
                0x000000000001c35f                uip_ds6_maddr_lookup
                0x000000000001c398                uip_ds6_aaddr_add
                0x000000000001c3f8                uip_ds6_aaddr_rm
                0x000000000001c40b                uip_ds6_aaddr_lookup
                0x000000000001c444                uip_ds6_select_src
                0x000000000001c58d                uip_ds6_set_addr_iid
                0x000000000001c5b8                uip_ds6_set_lladdr_from_iid
                0x000000000001c5e1                get_match_length
                0x000000000001c672                uip_ds6_compute_reachable_time
 .text          0x000000000001c6aa      0x128 build/cooja/mtype677.a(uip-udp-packet.)
                0x000000000001c6aa                uip_udp_packet_send
                0x000000000001c705                uip_udp_packet_sendto
 .text          0x000000000001c7d2      0x35b build/cooja/mtype677.a(uip-ds6-route.o)
                0x000000000001c823                uip_ds6_route_init
                0x000000000001c84d                uip_ds6_route_nexthop
                0x000000000001c857                uip_ds6_route_head
                0x000000000001c861                uip_ds6_route_next
                0x000000000001c86b                uip_ds6_route_is_nexthop
                0x000000000001c875                uip_ds6_route_num_routes
                0x000000000001c87f                uip_ds6_route_lookup
                0x000000000001c889                uip_ds6_route_add
                0x000000000001c89c                uip_ds6_route_rm
                0x000000000001c8a2                uip_ds6_route_rm_by_nexthop
                0x000000000001c8a8                uip_ds6_defrt_head
                0x000000000001c8c1                uip_ds6_defrt_add
                0x000000000001c96f                uip_ds6_defrt_rm
                0x000000000001c9d5                uip_ds6_defrt_lookup
                0x000000000001ca3c                uip_ds6_defrt_choose
                0x000000000001cab2                uip_ds6_defrt_periodic
 .text          0x000000000001cb2d      0x6f7 build/cooja/mtype677.a(tcpip.o)
                0x000000000001cb47                tcpip_output
                0x000000000001cbc6                udp_attach
                0x000000000001cbde                udp_new
                0x000000000001cc28                udp_broadcast_new
                0x000000000001cd9a                tcpip_input
                0x000000000001cf2a                tcpip_ipv6_output
                0x000000000001d11e                tcpip_poll_udp
                0x000000000001d13c                tcpip_uipcall
 .text          0x000000000001d224     0x1205 build/cooja/mtype677.a(uip6.o)
                0x000000000001d2d3                uip_chksum
                0x000000000001d3aa                uip_icmp6chksum
                0x000000000001d3bf                uip_udpchksum
                0x000000000001d3d4                uip_init
                0x000000000001d41d                uip_remove_ext_hdr
                0x000000000001d4f7                uip_udp_new
                0x000000000001d80b                uip_process
                0x000000000001e303                uip_htons
                0x000000000001e325                uip_htonl
                0x000000000001e363                uip_send
 .text          0x000000000001e429      0x369 build/cooja/mtype677.a(uip-ds6-nbr.o)
                0x000000000001e429                uip_ds6_neighbors_init
                0x000000000001e44d                uip_ds6_nbr_add
                0x000000000001e4d3                uip_ds6_nbr_rm
                0x000000000001e51e                uip_ds6_nbr_update_ll
                0x000000000001e60c                uip_ds6_nbr_get_ipaddr
                0x000000000001e621                uip_ds6_nbr_get_ll
                0x000000000001e63d                uip_ds6_nbr_num
                0x000000000001e686                uip_ds6_nbr_head
                0x000000000001e69f                uip_ds6_nbr_next
                0x000000000001e6bb                uip_ds6_nbr_lookup
                0x000000000001e713                uip_ds6_nbr_ll_lookup
                0x000000000001e72f                uip_ds6_nbr_ipaddr_from_lladdr
                0x000000000001e758                uip_ds6_nbr_lladdr_from_ipaddr
                0x000000000001e78c                uip_ds6_link_callback
 .text          0x000000000001e792      0x6a7 build/cooja/mtype677.a(uip-nd6.o)
                0x000000000001ee20                uip_nd6_init
 .text          0x000000000001ee39     0x2c17 build/cooja/mtype677.a(sicslowpan.o)
                0x000000000001f440                netstack_sniffer_add
                0x000000000001f44e                netstack_sniffer_remove
                0x0000000000021a24                sicslowpan_init
                0x0000000000021a46                sicslowpan_get_last_rssi
 .text          0x0000000000021a50      0x4d1 build/cooja/mtype677.a(uiplib.o)
                0x0000000000021a50                uiplib_ip6addrconv
                0x0000000000021c08                uiplib_ip4addrconv
                0x0000000000021ccb                uiplib_ipaddr_print
                0x0000000000021d1e                uiplib_ipaddr_snprint
 .text          0x0000000000021f21      0x4c9 build/cooja/mtype677.a(rpl.o)
                0x0000000000021f21                rpl_lollipop_greater_than
                0x0000000000021f7b                rpl_get_global_address
                0x0000000000022073                rpl_link_callback
                0x00000000000220b7                rpl_has_joined
                0x00000000000220dc                rpl_is_reachable
                0x000000000002215d                rpl_reset_prefix
                0x00000000000221c7                rpl_set_prefix_from_addr
                0x00000000000222ac                rpl_set_prefix
                0x00000000000223c6                rpl_set_leaf_only
                0x00000000000223de                rpl_get_leaf_only
 .text          0x00000000000223ea     0x138c build/cooja/mtype677.a(rpl-icmp6.o)
                0x000000000002250f                rpl_icmp6_update_nbr_table
                0x0000000000022598                rpl_icmp6_dis_output
                0x0000000000022bde                rpl_icmp6_dio_output
                0x00000000000233dc                rpl_icmp6_dao_output
                0x00000000000236bd                rpl_icmp6_dao_ack_output
                0x000000000002372d                rpl_icmp6_init
 .text          0x0000000000023776      0x264 build/cooja/mtype677.a(rpl-dag-root.o)
                0x0000000000023776                rpl_dag_root_print_links
                0x00000000000238a2                rpl_dag_root_set_prefix
                0x00000000000238ce                rpl_dag_root_start
                0x00000000000239ab                rpl_dag_root_is_root
 .text          0x00000000000239da       0x30 build/cooja/mtype677.a(watchdog.o)
                0x00000000000239da                watchdog_init
                0x00000000000239e0                watchdog_start
                0x00000000000239e6                watchdog_periodic
                0x00000000000239fe                watchdog_stop
                0x0000000000023a04                watchdog_reboot
 .text          0x0000000000023a0a       0x4a build/cooja/mtype677.a(int-master.o)
                0x0000000000023a0a                int_master_enable
                0x0000000000023a1a                int_master_read_and_disable
                0x0000000000023a37                int_master_status_set
                0x0000000000023a45                int_master_is_enabled
 .text          0x0000000000023a54      0x226 build/cooja/mtype677.a(coap-timer-defa)
 .text          0x0000000000023c7a       0xc7 build/cooja/mtype677.a(stimer.o)
                0x0000000000023c7a                stimer_set
                0x0000000000023c98                stimer_reset
                0x0000000000023cc5                stimer_restart
                0x0000000000023cda                stimer_expired
                0x0000000000023d05                stimer_remaining
                0x0000000000023d29                stimer_elapsed
 .text          0x0000000000023d41      0x156 build/cooja/mtype677.a(ringbuf.o)
                0x0000000000023d41                ringbuf_init
                0x0000000000023d73                ringbuf_put
                0x0000000000023df1                ringbuf_get
                0x0000000000023e5e                ringbuf_size
                0x0000000000023e70                ringbuf_elements
 .text          0x0000000000023e97       0x1f build/cooja/mtype677.a(assert.o)
                0x0000000000023e97                _xassert
 .text          0x0000000000023eb6      0x79b build/cooja/mtype677.a(nbr-table.o)
                0x000000000002432f                nbr_table_register
                0x000000000002439c                nbr_table_is_registered
                0x00000000000243d7                nbr_table_head
                0x0000000000024432                nbr_table_next
                0x0000000000024493                nbr_table_add_lladdr
                0x000000000002456d                nbr_table_get_from_lladdr
                0x00000000000245b9                nbr_table_remove
                0x00000000000245f1                nbr_table_lock
                0x000000000002460b                nbr_table_unlock
                0x0000000000024625                nbr_table_get_lladdr
 .text          0x0000000000024651      0x3a5 build/cooja/mtype677.a(link-stats.o)
                0x0000000000024651                link_stats_from_lladdr
                0x000000000002466d                link_stats_get_lladdr
                0x0000000000024689                link_stats_is_fresh
                0x00000000000246c5                guess_etx_from_rssi
                0x0000000000024741                link_stats_packet_sent
                0x0000000000024861                link_stats_input_callback
                0x0000000000024971                link_stats_reset
                0x00000000000249c1                link_stats_init
 .text          0x00000000000249f6      0x187 build/cooja/mtype677.a(mac-sequence.o)
                0x00000000000249f6                mac_sequence_is_duplicate
                0x0000000000024a96                mac_sequence_register_seqno
 .text          0x0000000000024b7d       0x23 build/cooja/mtype677.a(mac.o)
                0x0000000000024b7d                mac_call_sent_callback
 .text          0x0000000000024ba0      0x432 build/cooja/mtype677.a(framer-802154.o)
                0x0000000000024d2f                framer_802154_setup_params
 .text          0x0000000000024fd2      0xb6f build/cooja/mtype677.a(frame802154.o)
                0x0000000000025003                frame802154_get_pan_id
                0x000000000002500f                frame802154_set_pan_id
                0x0000000000025029                frame802154_has_panid
                0x00000000000251d8                frame802154_check_dest_panid
                0x0000000000025260                frame802154_is_broadcast_addr
                0x00000000000252ad                frame802154_extract_linkaddr
                0x0000000000025512                frame802154_hdrlen
                0x0000000000025585                frame802154_create_fcf
                0x000000000002563d                frame802154_create
                0x00000000000257b2                frame802154_parse_fcf
                0x0000000000025894                frame802154_parse
 .text          0x0000000000025b41       0x2d build/cooja/mtype677.a(csma-security.o)
                0x0000000000025b41                csma_security_create_frame
                0x0000000000025b5f                csma_security_parse_frame
 .text          0x0000000000025b6e      0x4e4 build/cooja/mtype677.a(uipbuf.o)
                0x0000000000025b6e                uipbuf_clear
                0x0000000000025b95                uipbuf_add_ext_hdr
                0x0000000000025c15                uipbuf_set_len
                0x0000000000025c42                uipbuf_set_len_field
                0x0000000000025c6e                uipbuf_get_len_field
                0x0000000000025c8e                uipbuf_get_next_header
                0x0000000000025dc0                uipbuf_get_last_header
                0x0000000000025e39                uipbuf_search_header
                0x0000000000025eef                uipbuf_get_attr
                0x0000000000025f16                uipbuf_set_attr
                0x0000000000025f4d                uipbuf_set_default_attr
                0x0000000000025f84                uipbuf_clear_attr
                0x0000000000025fa8                uipbuf_set_attr_flag
                0x0000000000025fc9                uipbuf_clr_attr_flag
                0x0000000000025ff0                uipbuf_is_attr_flag
                0x0000000000026014                uipbuf_init
 .text          0x0000000000026052      0x73f build/cooja/mtype677.a(uip-icmp6.o)
                0x00000000000260c7                uip_icmp6_input
                0x000000000002611e                uip_icmp6_register_input_handler
                0x0000000000026271                uip_icmp6_error_output
                0x0000000000026522                uip_icmp6_send
                0x0000000000026719                uip_icmp6_echo_reply_callback_add
                0x000000000002674b                uip_icmp6_echo_reply_callback_rm
                0x0000000000026768                uip_icmp6_init
 .text          0x0000000000026791      0x69b build/cooja/mtype677.a(uip-sr.o)
                0x0000000000026791                uip_sr_num_nodes
                0x000000000002681f                uip_sr_get_node
                0x0000000000026876                uip_sr_is_addr_reachable
                0x0000000000026924                uip_sr_expire_parent
                0x000000000002696d                uip_sr_update_node
                0x0000000000026a9d                uip_sr_init
                0x0000000000026ad1                uip_sr_node_head
                0x0000000000026aea                uip_sr_node_next
                0x0000000000026b00                uip_sr_periodic
                0x0000000000026c06                uip_sr_free_all
                0x0000000000026c76                uip_sr_link_snprint
 .text          0x0000000000026e2c      0x146 build/cooja/mtype677.a(uip-packetqueue)
                0x0000000000026e5a                uip_packetqueue_new
                0x0000000000026e69                uip_packetqueue_alloc
                0x0000000000026ec4                uip_packetqueue_free
                0x0000000000026f0b                uip_packetqueue_buf
                0x0000000000026f28                uip_packetqueue_buflen
                0x0000000000026f49                uip_packetqueue_set_buflen
 .text          0x0000000000026f72      0x1b0 build/cooja/mtype677.a(rpl-nbr-policy.)
                0x00000000000270df                rpl_nbr_policy_find_removable
 .text          0x0000000000027122      0x915 build/cooja/mtype677.a(rpl-neighbor.o)
                0x000000000002719e                rpl_neighbor_snprint
                0x0000000000027451                rpl_neighbor_print_list
                0x0000000000027506                rpl_neighbor_count
                0x00000000000275ad                rpl_neighbor_get_from_lladdr
                0x00000000000275c9                rpl_neighbor_is_acceptable_parent
                0x00000000000275fd                rpl_neighbor_get_link_metric
                0x0000000000027631                rpl_neighbor_rank_via_nbr
                0x0000000000027665                rpl_neighbor_get_lladdr
                0x0000000000027681                rpl_neighbor_get_ipaddr
                0x00000000000276a8                rpl_neighbor_get_link_stats
                0x00000000000276cf                rpl_neighbor_is_fresh
                0x00000000000276f6                rpl_neighbor_is_reachable
                0x0000000000027741                rpl_neighbor_is_parent
                0x000000000002776b                rpl_neighbor_set_preferred_parent
                0x0000000000027802                rpl_neighbor_remove_all
                0x000000000002785e                rpl_neighbor_get_from_ipaddr
                0x000000000002796c                rpl_neighbor_select_best
                0x0000000000027a18                rpl_neighbor_init
 .text          0x0000000000027a37      0xe69 build/cooja/mtype677.a(rpl-dag.o)
                0x0000000000027a37                rpl_dag_state_to_str
                0x0000000000027a76                rpl_dag_get_root_ipaddr
                0x0000000000027abe                rpl_dag_leave
                0x0000000000027b47                rpl_dag_poison_and_leave
                0x0000000000027b5f                rpl_dag_periodic
                0x0000000000027be7                rpl_is_addr_in_our_dag
                0x0000000000027c2b                rpl_get_default_instance
                0x0000000000027c47                rpl_get_any_dag
                0x0000000000027ca0                rpl_refresh_routes
                0x0000000000027ce0                rpl_global_repair
                0x0000000000027d79                rpl_local_repair
                0x0000000000027dc3                rpl_dag_ready_to_advertise
                0x0000000000027e06                rpl_dag_update_state
                0x0000000000028533                rpl_process_dio
                0x00000000000285b1                rpl_process_dis
                0x00000000000285f6                rpl_process_dao
                0x0000000000028685                rpl_process_dao_ack
                0x000000000002871c                rpl_process_hbh
                0x000000000002876c                rpl_dag_init_root
                0x0000000000028880                rpl_dag_init
 .text          0x00000000000288a0      0x9e7 build/cooja/mtype677.a(rpl-timers.o)
                0x00000000000288a0                rpl_timers_schedule_periodic_dis
                0x00000000000289ee                rpl_timers_dio_reset
                0x0000000000028afc                rpl_timers_schedule_unicast_dio
                0x0000000000028c50                rpl_timers_schedule_dao
                0x0000000000028d0f                rpl_timers_schedule_dao_ack
                0x0000000000028d95                rpl_timers_notify_dao_ack
                0x0000000000028df3                get_probing_delay
                0x0000000000028e27                get_probing_target
                0x0000000000029011                rpl_schedule_probing
                0x000000000002903f                rpl_schedule_probing_now
                0x00000000000290a9                rpl_timers_unschedule_leaving
                0x00000000000290e1                rpl_timers_schedule_leaving
                0x0000000000029122                rpl_timers_init
                0x00000000000291b2                rpl_timers_stop_dag_timers
                0x000000000002922b                rpl_timers_unschedule_state_update
                0x000000000002924f                rpl_timers_schedule_state_update
 .text          0x0000000000029287      0xb8e build/cooja/mtype677.a(rpl-ext-header.)
                0x0000000000029287                rpl_ext_header_srh_get_next_hop
                0x000000000002936e                rpl_ext_header_srh_update
                0x00000000000298da                rpl_ext_header_hbh_update
                0x0000000000029bda                rpl_ext_header_update
                0x0000000000029c63                rpl_ext_header_remove
 .text          0x0000000000029e15      0x31b build/cooja/mtype677.a(rpl-mrhof.o)
 .text          0x000000000002a130      0x122 /usr/lib/gcc/i686-linux-gnu/5/libgcc.a(_udivdi3.o)
                0x000000000002a130                __udivdi3
 .text          0x000000000002a252        0x0 /usr/lib/gcc/i686-linux-gnu/5/crtendS.o
 .text          0x000000000002a252        0x0 /usr/lib/gcc/i686-linux-gnu/5/../../../i386-linux-gnu/crtn.o
 *(.gnu.warning)

.fini           0x000000000002a254       0x14
 *(SORT(.fini))
 .fini          0x000000000002a254        0xf /usr/lib/gcc/i686-linux-gnu/5/../../../i386-linux-gnu/crti.o
                0x000000000002a254                _fini
 .fini          0x000000000002a263        0x5 /usr/lib/gcc/i686-linux-gnu/5/../../../i386-linux-gnu/crtn.o
                [!provide]                        PROVIDE (__etext, .)
                [!provide]                        PROVIDE (_etext, .)
                [!provide]                        PROVIDE (etext, .)

.rodata         0x000000000002a280      0xccb
 *(.rodata .rodata.* .gnu.linkonce.r.*)
 .rodata        0x000000000002a280       0xde air.o
                0x000000000002a294                autostart_processes
 *fill*         0x000000000002a35e        0x2 
 .rodata        0x000000000002a360        0x8 build/cooja/mtype677.a(beep.o)
                0x000000000002a360                beep_interface
 .rodata        0x000000000002a368        0xe build/cooja/mtype677.a(leds-arch.o)
                0x000000000002a368                leds_interface
                0x000000000002a370                leds_arch_leds
 *fill*         0x000000000002a376        0x2 
 .rodata        0x000000000002a378        0x8 build/cooja/mtype677.a(moteid.o)
                0x000000000002a378                moteid_interface
 .rodata        0x000000000002a380       0x1c build/cooja/mtype677.a(pir-sensor.o)
                0x000000000002a380                pir_interface
                0x000000000002a38c                pir_sensor
 .rodata        0x000000000002a39c        0xe build/cooja/mtype677.a(rs232.o)
                0x000000000002a39c                rs232_interface
 *fill*         0x000000000002a3aa        0x2 
 .rodata        0x000000000002a3ac       0x24 build/cooja/mtype677.a(vib-sensor.o)
                0x000000000002a3ac                vib_interface
                0x000000000002a3c0                vib_sensor
 .rodata        0x000000000002a3d0        0x8 build/cooja/mtype677.a(clock.o)
                0x000000000002a3d0                clock_interface
 .rodata        0x000000000002a3d8        0x8 build/cooja/mtype677.a(cooja-log.o)
                0x000000000002a3d8                simlog_interface
 .rodata        0x000000000002a3e0       0x2f build/cooja/mtype677.a(cfs-cooja.o)
                0x000000000002a3e0                cfs_interface
 *fill*         0x000000000002a40f       0x11 
 .rodata        0x000000000002a420       0xb8 build/cooja/mtype677.a(cooja-radio.o)
                0x000000000002a420                radio_interface
                0x000000000002a4a0                cooja_radio_driver
 .rodata        0x000000000002a4d8        0x8 build/cooja/mtype677.a(eeprom.o)
                0x000000000002a4d8                eeprom_interface
 .rodata        0x000000000002a4e0        0x8 build/cooja/mtype677.a(sensors.o)
 .rodata        0x000000000002a4e8       0x2c build/cooja/mtype677.a(buttons.o)
                0x000000000002a4e8                button_interface
                0x000000000002a4fc                button_hal_button_count
                0x000000000002a504                button_sensor
 .rodata        0x000000000002a514       0xc1 build/cooja/mtype677.a(res_presence.o)
 *fill*         0x000000000002a5d5        0x3 
 .rodata        0x000000000002a5d8      0x129 build/cooja/mtype677.a(res_air.o)
 *fill*         0x000000000002a701        0x3 
 .rodata        0x000000000002a704       0x8d build/cooja/mtype677.a(res_quality.o)
 .rodata        0x000000000002a791       0x41 build/cooja/mtype677.a(coap-engine.o)
 .rodata        0x000000000002a7d2       0x19 build/cooja/mtype677.a(coap-res-well-k)
 .rodata        0x000000000002a7eb       0x11 build/cooja/mtype677.a(coap-observe.o)
 .rodata        0x000000000002a7fc       0x35 build/cooja/mtype677.a(coap-uip.o)
 *fill*         0x000000000002a831        0x3 
 .rodata        0x000000000002a834      0x1ac build/cooja/mtype677.a(coap.o)
 .rodata        0x000000000002a9e0       0xf8 build/cooja/mtype677.a(contiki-main.o)
 .rodata        0x000000000002aad8        0xf build/cooja/mtype677.a(ctimer.o)
 *fill*         0x000000000002aae7        0x1 
 .rodata        0x000000000002aae8       0xc4 build/cooja/mtype677.a(log.o)
 .rodata        0x000000000002abac        0xc build/cooja/mtype677.a(etimer.o)
 .rodata        0x000000000002abb8       0x13 build/cooja/mtype677.a(button-hal.o)
 .rodata        0x000000000002abcb        0xe build/cooja/mtype677.a(serial-line.o)
 *fill*         0x000000000002abd9        0x3 
 .rodata        0x000000000002abdc        0x8 build/cooja/mtype677.a(linkaddr.o)
                0x000000000002abdc                linkaddr_null
 .rodata        0x000000000002abe4       0x24 build/cooja/mtype677.a(csma.o)
                0x000000000002abec                csma_driver
 .rodata        0x000000000002ac08       0x24 build/cooja/mtype677.a(csma-output.o)
 .rodata        0x000000000002ac2c       0x4d build/cooja/mtype677.a(uip-ds6-route.o)
 .rodata        0x000000000002ac79        0xd build/cooja/mtype677.a(tcpip.o)
 *fill*         0x000000000002ac86        0x2 
 .rodata        0x000000000002ac88       0x30 build/cooja/mtype677.a(sicslowpan.o)
                0x000000000002ac88                unc_llconf
                0x000000000002ac8c                unc_ctxconf
                0x000000000002ac90                unc_mxconf
                0x000000000002ac94                llprefix
                0x000000000002aca8                sicslowpan_driver
 .rodata        0x000000000002acb8       0x2d build/cooja/mtype677.a(uiplib.o)
 *fill*         0x000000000002ace5       0x1b 
 .rodata        0x000000000002ad00       0x74 build/cooja/mtype677.a(rpl.o)
                0x000000000002ad20                rpl_lite_driver
 .rodata        0x000000000002ad74       0x20 build/cooja/mtype677.a(coap-timer-defa)
                0x000000000002ad88                coap_timer_default_driver
 .rodata        0x000000000002ad94       0x25 build/cooja/mtype677.a(assert.o)
 *fill*         0x000000000002adb9        0x3 
 .rodata        0x000000000002adbc        0xc build/cooja/mtype677.a(framer-802154.o)
                0x000000000002adbc                framer_802154
 .rodata        0x000000000002adc8       0x44 build/cooja/mtype677.a(uip-sr.o)
 .rodata        0x000000000002ae0c       0x58 build/cooja/mtype677.a(rpl-neighbor.o)
 .rodata        0x000000000002ae64       0xdb build/cooja/mtype677.a(rpl-dag.o)
 .rodata        0x000000000002af3f        0xc build/cooja/mtype677.a(rpl-timers.o)

.rodata1
 *(.rodata1)

.eh_frame_hdr   0x000000000002af4c     0x19fc
 *(.eh_frame_hdr)
 .eh_frame_hdr  0x000000000002af4c     0x19fc air.o
                0x000000000002af4c                __GNU_EH_FRAME_HDR
 *(.eh_frame_entry .eh_frame_entry.*)

.eh_frame       0x000000000002c948     0x6968
 *(.eh_frame)
 .eh_frame      0x000000000002c948       0x3c /usr/lib/gcc/i686-linux-gnu/5/../../../i386-linux-gnu/crti.o
                                         0x40 (size before relaxing)
 .eh_frame      0x000000000002c984       0x40 air.o
                                         0x58 (size before relaxing)
 .eh_frame      0x000000000002c9c4      0x178 build/cooja/mtype677.o
                                        0x190 (size before relaxing)
 .eh_frame      0x000000000002cb3c       0x40 build/cooja/mtype677.a(simEnvChange.o)
                                         0x58 (size before relaxing)
 .eh_frame      0x000000000002cb7c       0x60 build/cooja/mtype677.a(cooja_mt.o)
                                         0x78 (size before relaxing)
 .eh_frame      0x000000000002cbdc       0x80 build/cooja/mtype677.a(cooja_mtarch.o)
                                         0x98 (size before relaxing)
 .eh_frame      0x000000000002cc5c       0xc8 build/cooja/mtype677.a(rtimer-arch.o)
                                         0xe0 (size before relaxing)
 .eh_frame      0x000000000002cd24      0x160 build/cooja/mtype677.a(beep.o)
                                        0x178 (size before relaxing)
 .eh_frame      0x000000000002ce84       0x80 build/cooja/mtype677.a(leds-arch.o)
                                         0x98 (size before relaxing)
 .eh_frame      0x000000000002cf04       0x40 build/cooja/mtype677.a(moteid.o)
                                         0x58 (size before relaxing)
 .eh_frame      0x000000000002cf44       0xa0 build/cooja/mtype677.a(pir-sensor.o)
                                         0xb8 (size before relaxing)
 .eh_frame      0x000000000002cfe4      0x100 build/cooja/mtype677.a(rs232.o)
                                        0x118 (size before relaxing)
 .eh_frame      0x000000000002d0e4       0xa0 build/cooja/mtype677.a(vib-sensor.o)
                                         0xb8 (size before relaxing)
 .eh_frame      0x000000000002d184       0xc0 build/cooja/mtype677.a(clock.o)
                                         0xd8 (size before relaxing)
 .eh_frame      0x000000000002d244      0x120 build/cooja/mtype677.a(cooja-log.o)
                                        0x138 (size before relaxing)
 .eh_frame      0x000000000002d364      0x160 build/cooja/mtype677.a(cfs-cooja.o)
                                        0x178 (size before relaxing)
 .eh_frame      0x000000000002d4c4      0x340 build/cooja/mtype677.a(cooja-radio.o)
                                        0x358 (size before relaxing)
 .eh_frame      0x000000000002d804       0xa0 build/cooja/mtype677.a(eeprom.o)
                                         0xb8 (size before relaxing)
 .eh_frame      0x000000000002d8a4       0x40 build/cooja/mtype677.a(random.o)
                                         0x58 (size before relaxing)
 .eh_frame      0x000000000002d8e4       0xc0 build/cooja/mtype677.a(sensors.o)
                                         0xd8 (size before relaxing)
 .eh_frame      0x000000000002d9a4      0x120 build/cooja/mtype677.a(leds.o)
                                        0x138 (size before relaxing)
 .eh_frame      0x000000000002dac4      0x220 build/cooja/mtype677.a(gpio-hal-arch.o)
                                        0x238 (size before relaxing)
 .eh_frame      0x000000000002dce4       0xa0 build/cooja/mtype677.a(buttons.o)
                                         0xb8 (size before relaxing)
 .eh_frame      0x000000000002dd84       0x40 build/cooja/mtype677.a(res_presence.o)
                                         0x58 (size before relaxing)
 .eh_frame      0x000000000002ddc4       0x60 build/cooja/mtype677.a(res_air.o)
                                         0x78 (size before relaxing)
 .eh_frame      0x000000000002de24       0x40 build/cooja/mtype677.a(res_quality.o)
                                         0x58 (size before relaxing)
 .eh_frame      0x000000000002de64       0x44 build/cooja/mtype677.a(coap-blocking-a)
                                         0x5c (size before relaxing)
 .eh_frame      0x000000000002dea8      0x220 build/cooja/mtype677.a(coap-engine.o)
                                        0x238 (size before relaxing)
 .eh_frame      0x000000000002e0c8       0x24 build/cooja/mtype677.a(coap-res-well-k)
                                         0x3c (size before relaxing)
 .eh_frame      0x000000000002e0ec      0x188 build/cooja/mtype677.a(coap-observe.o)
                                        0x1a0 (size before relaxing)
 .eh_frame      0x000000000002e274      0x250 build/cooja/mtype677.a(coap-uip.o)
                                        0x268 (size before relaxing)
 .eh_frame      0x000000000002e4c4      0x114 build/cooja/mtype677.a(coap-timer.o)
                                        0x12c (size before relaxing)
 .eh_frame      0x000000000002e5d8      0x100 build/cooja/mtype677.a(coap-transactio)
                                        0x118 (size before relaxing)
 .eh_frame      0x000000000002e6d8      0x6ec build/cooja/mtype677.a(coap.o)
                                        0x704 (size before relaxing)
 .eh_frame      0x000000000002edc4       0x30 build/cooja/mtype677.a(contiki-main.o)
                                         0x48 (size before relaxing)
 .eh_frame      0x000000000002edf4       0x40 build/cooja/mtype677.a(autostart.o)
                                         0x58 (size before relaxing)
 .eh_frame      0x000000000002ee34      0x100 build/cooja/mtype677.a(ctimer.o)
                                        0x118 (size before relaxing)
 .eh_frame      0x000000000002ef34      0x100 build/cooja/mtype677.a(log.o)
                                        0x118 (size before relaxing)
 .eh_frame      0x000000000002f034       0x60 build/cooja/mtype677.a(energest.o)
                                         0x78 (size before relaxing)
 .eh_frame      0x000000000002f094      0x1e0 build/cooja/mtype677.a(etimer.o)
                                        0x1f8 (size before relaxing)
 .eh_frame      0x000000000002f274       0x20 build/cooja/mtype677.a(node-id.o)
                                         0x38 (size before relaxing)
 .eh_frame      0x000000000002f294       0x60 build/cooja/mtype677.a(rtimer.o)
                                         0x78 (size before relaxing)
 .eh_frame      0x000000000002f2f4      0x1c4 build/cooja/mtype677.a(process.o)
                                        0x1dc (size before relaxing)
 .eh_frame      0x000000000002f4b8       0xa4 build/cooja/mtype677.a(timer.o)
                                         0xbc (size before relaxing)
 .eh_frame      0x000000000002f55c      0x1a0 build/cooja/mtype677.a(list.o)
                                        0x1b8 (size before relaxing)
 .eh_frame      0x000000000002f6fc       0xa0 build/cooja/mtype677.a(memb.o)
                                         0xb8 (size before relaxing)
 .eh_frame      0x000000000002f79c      0x144 build/cooja/mtype677.a(button-hal.o)
                                        0x15c (size before relaxing)
 .eh_frame      0x000000000002f8e0       0x60 build/cooja/mtype677.a(serial-line.o)
                                         0x78 (size before relaxing)
 .eh_frame      0x000000000002f940       0xe0 build/cooja/mtype677.a(gpio-hal.o)
                                         0xf8 (size before relaxing)
 .eh_frame      0x000000000002fa20      0x1a0 build/cooja/mtype677.a(queuebuf.o)
                                        0x1b8 (size before relaxing)
 .eh_frame      0x000000000002fbc0      0x28c build/cooja/mtype677.a(packetbuf.o)
                                        0x2a4 (size before relaxing)
 .eh_frame      0x000000000002fe4c       0x80 build/cooja/mtype677.a(netstack.o)
                                         0x98 (size before relaxing)
 .eh_frame      0x000000000002fecc       0x60 build/cooja/mtype677.a(linkaddr.o)
                                         0x78 (size before relaxing)
 .eh_frame      0x000000000002ff2c       0xe0 build/cooja/mtype677.a(csma.o)
                                         0xf8 (size before relaxing)
 .eh_frame      0x000000000003000c      0x1d0 build/cooja/mtype677.a(csma-output.o)
                                        0x1e8 (size before relaxing)
 .eh_frame      0x00000000000301dc      0x328 build/cooja/mtype677.a(uip-ds6.o)
                                        0x340 (size before relaxing)
 .eh_frame      0x0000000000030504       0x40 build/cooja/mtype677.a(uip-udp-packet.)
                                         0x58 (size before relaxing)
 .eh_frame      0x0000000000030544      0x220 build/cooja/mtype677.a(uip-ds6-route.o)
                                        0x238 (size before relaxing)
 .eh_frame      0x0000000000030764      0x244 build/cooja/mtype677.a(tcpip.o)
                                        0x25c (size before relaxing)
 .eh_frame      0x00000000000309a8      0x1e8 build/cooja/mtype677.a(uip6.o)
                                        0x200 (size before relaxing)
 .eh_frame      0x0000000000030b90      0x1c0 build/cooja/mtype677.a(uip-ds6-nbr.o)
                                        0x1d8 (size before relaxing)
 .eh_frame      0x0000000000030d50       0x84 build/cooja/mtype677.a(uip-nd6.o)
                                         0x9c (size before relaxing)
 .eh_frame      0x0000000000030dd4      0x2f8 build/cooja/mtype677.a(sicslowpan.o)
                                        0x310 (size before relaxing)
 .eh_frame      0x00000000000310cc       0x88 build/cooja/mtype677.a(uiplib.o)
                                         0xa0 (size before relaxing)
 .eh_frame      0x0000000000031154      0x1e0 build/cooja/mtype677.a(rpl.o)
                                        0x1f8 (size before relaxing)
 .eh_frame      0x0000000000031334      0x1c4 build/cooja/mtype677.a(rpl-icmp6.o)
                                        0x1dc (size before relaxing)
 .eh_frame      0x00000000000314f8       0xa0 build/cooja/mtype677.a(rpl-dag-root.o)
                                         0xb8 (size before relaxing)
 .eh_frame      0x0000000000031598       0xa0 build/cooja/mtype677.a(watchdog.o)
                                         0xb8 (size before relaxing)
 .eh_frame      0x0000000000031638       0x80 build/cooja/mtype677.a(int-master.o)
                                         0x98 (size before relaxing)
 .eh_frame      0x00000000000316b8       0xa4 build/cooja/mtype677.a(coap-timer-defa)
                                         0xbc (size before relaxing)
 .eh_frame      0x000000000003175c       0xc4 build/cooja/mtype677.a(stimer.o)
                                         0xdc (size before relaxing)
 .eh_frame      0x0000000000031820       0xa0 build/cooja/mtype677.a(ringbuf.o)
                                         0xb8 (size before relaxing)
 .eh_frame      0x00000000000318c0       0x20 build/cooja/mtype677.a(assert.o)
                                         0x38 (size before relaxing)
 .eh_frame      0x00000000000318e0      0x2ac build/cooja/mtype677.a(nbr-table.o)
                                        0x2c4 (size before relaxing)
 .eh_frame      0x0000000000031b8c      0x120 build/cooja/mtype677.a(link-stats.o)
                                        0x138 (size before relaxing)
 .eh_frame      0x0000000000031cac       0x48 build/cooja/mtype677.a(mac-sequence.o)
                                         0x60 (size before relaxing)
 .eh_frame      0x0000000000031cf4       0x20 build/cooja/mtype677.a(mac.o)
                                         0x38 (size before relaxing)
 .eh_frame      0x0000000000031d14       0xa4 build/cooja/mtype677.a(framer-802154.o)
                                         0xbc (size before relaxing)
 .eh_frame      0x0000000000031db8      0x1a4 build/cooja/mtype677.a(frame802154.o)
                                        0x1bc (size before relaxing)
 .eh_frame      0x0000000000031f5c       0x40 build/cooja/mtype677.a(csma-security.o)
                                         0x58 (size before relaxing)
 .eh_frame      0x0000000000031f9c      0x200 build/cooja/mtype677.a(uipbuf.o)
                                        0x218 (size before relaxing)
 .eh_frame      0x000000000003219c      0x150 build/cooja/mtype677.a(uip-icmp6.o)
                                        0x168 (size before relaxing)
 .eh_frame      0x00000000000322ec      0x184 build/cooja/mtype677.a(uip-sr.o)
                                        0x19c (size before relaxing)
 .eh_frame      0x0000000000032470       0xe0 build/cooja/mtype677.a(uip-packetqueue)
                                         0xf8 (size before relaxing)
 .eh_frame      0x0000000000032550       0x80 build/cooja/mtype677.a(rpl-nbr-policy.)
                                         0x98 (size before relaxing)
 .eh_frame      0x00000000000325d0      0x2d4 build/cooja/mtype677.a(rpl-neighbor.o)
                                        0x2ec (size before relaxing)
 .eh_frame      0x00000000000328a4      0x370 build/cooja/mtype677.a(rpl-dag.o)
                                        0x388 (size before relaxing)
 .eh_frame      0x0000000000032c14      0x3a8 build/cooja/mtype677.a(rpl-timers.o)
                                        0x3c0 (size before relaxing)
 .eh_frame      0x0000000000032fbc      0x124 build/cooja/mtype677.a(rpl-ext-header.)
                                        0x13c (size before relaxing)
 .eh_frame      0x00000000000330e0      0x148 build/cooja/mtype677.a(rpl-mrhof.o)
                                        0x160 (size before relaxing)
 .eh_frame      0x0000000000033228       0x84 /usr/lib/gcc/i686-linux-gnu/5/libgcc.a(_udivdi3.o)
                                         0x9c (size before relaxing)
 .eh_frame      0x00000000000332ac        0x4 /usr/lib/gcc/i686-linux-gnu/5/crtendS.o
 *(.eh_frame.*)

.gcc_except_table
 *(.gcc_except_table .gcc_except_table.*)

.gnu_extab
 *(.gnu_extab*)

.exception_ranges
 *(.exception_ranges .exception_ranges*)
                0x0000000000034f10                . = DATA_SEGMENT_ALIGN (0x1000, 0x1000)

.eh_frame
 *(.eh_frame)
 *(.eh_frame.*)

.gnu_extab
 *(.gnu_extab)

.gcc_except_table
 *(.gcc_except_table .gcc_except_table.*)

.exception_ranges
 *(.exception_ranges .exception_ranges*)

.tdata
 *(.tdata .tdata.* .gnu.linkonce.td.*)

.tbss
 *(.tbss .tbss.* .gnu.linkonce.tb.*)
 *(.tcommon)

.preinit_array
 *(.preinit_array)

.init_array     0x0000000000034f10        0x4
 *(SORT(.init_array.*) SORT(.ctors.*))
 *(.init_array EXCLUDE_FILE(*crtend?.o *crtend.o *crtbegin?.o *crtbegin.o) .ctors)
 .init_array    0x0000000000034f10        0x4 /usr/lib/gcc/i686-linux-gnu/5/crtbeginS.o

.fini_array     0x0000000000034f14        0x4
 *(SORT(.fini_array.*) SORT(.dtors.*))
 *(.fini_array EXCLUDE_FILE(*crtend?.o *crtend.o *crtbegin?.o *crtbegin.o) .dtors)
 .fini_array    0x0000000000034f14        0x4 /usr/lib/gcc/i686-linux-gnu/5/crtbeginS.o

.ctors
 *crtbegin.o(.ctors)
 *crtbegin?.o(.ctors)
 *(EXCLUDE_FILE(*crtend?.o *crtend.o) .ctors)
 *(SORT(.ctors.*))
 *(.ctors)

.dtors
 *crtbegin.o(.dtors)
 *crtbegin?.o(.dtors)
 *(EXCLUDE_FILE(*crtend?.o *crtend.o) .dtors)
 *(SORT(.dtors.*))
 *(.dtors)

.jcr            0x0000000000034f18        0x4
 *(.jcr)
 .jcr           0x0000000000034f18        0x0 /usr/lib/gcc/i686-linux-gnu/5/crtbeginS.o
 .jcr           0x0000000000034f18        0x4 /usr/lib/gcc/i686-linux-gnu/5/crtendS.o

.data.rel.ro
 *(.data.rel.ro.local* .gnu.linkonce.d.rel.ro.local.*)
 *(.data.rel.ro .data.rel.ro.* .gnu.linkonce.d.rel.ro.*)

.dynamic        0x0000000000034f1c       0xd0
 *(.dynamic)
 .dynamic       0x0000000000034f1c       0xd0 /usr/lib/gcc/i686-linux-gnu/5/../../../i386-linux-gnu/crti.o
                0x0000000000034f1c                _DYNAMIC

.got            0x0000000000034fec       0x14
 *(.got)
 .got           0x0000000000034fec       0x14 /usr/lib/gcc/i686-linux-gnu/5/../../../i386-linux-gnu/crti.o
 *(.igot)
                0x0000000000035ff4                . = DATA_SEGMENT_RELRO_END (., (SIZEOF (.got.plt) >= 0xc)?0xc:0x0)

.got.plt        0x0000000000035000        0xc
 *(.got.plt)
 .got.plt       0x0000000000035000        0xc /usr/lib/gcc/i686-linux-gnu/5/../../../i386-linux-gnu/crti.o
                0x0000000000035000                _GLOBAL_OFFSET_TABLE_
 *(.igot.plt)

.data           0x0000000000035020      0x504
 *(.data .data.* .gnu.linkonce.d.*)
 .data          0x0000000000035020        0x0 /usr/lib/gcc/i686-linux-gnu/5/../../../i386-linux-gnu/crti.o
 .data          0x0000000000035020        0x0 /usr/lib/gcc/i686-linux-gnu/5/crtbeginS.o
 .data.rel.local
                0x0000000000035020        0x4 /usr/lib/gcc/i686-linux-gnu/5/crtbeginS.o
                0x0000000000035020                __dso_handle
 .data          0x0000000000035024       0x10 air.o
                0x0000000000035024                air_node
 *fill*         0x0000000000035034        0xc 
 .data          0x0000000000035040       0x44 build/cooja/mtype677.o
                0x0000000000035040                simInterfaces
                0x0000000000035074                sensors
 .data          0x0000000000035084        0x0 build/cooja/mtype677.a(simEnvChange.o)
 .data          0x0000000000035084        0x0 build/cooja/mtype677.a(cooja_mt.o)
 .data          0x0000000000035084        0x0 build/cooja/mtype677.a(cooja_mtarch.o)
 .data          0x0000000000035084        0x0 build/cooja/mtype677.a(rtimer-arch.o)
 .data          0x0000000000035084        0x0 build/cooja/mtype677.a(beep.o)
 .data          0x0000000000035084        0x0 build/cooja/mtype677.a(leds-arch.o)
 .data          0x0000000000035084        0x0 build/cooja/mtype677.a(moteid.o)
 .data          0x0000000000035084        0x0 build/cooja/mtype677.a(pir-sensor.o)
 .data          0x0000000000035084        0x0 build/cooja/mtype677.a(rs232.o)
 .data          0x0000000000035084        0x0 build/cooja/mtype677.a(vib-sensor.o)
 .data          0x0000000000035084        0x0 build/cooja/mtype677.a(clock.o)
 .data          0x0000000000035084        0x0 build/cooja/mtype677.a(cooja-log.o)
 .data          0x0000000000035084        0x0 build/cooja/mtype677.a(cfs-cooja.o)
 .data          0x0000000000035084       0x2c build/cooja/mtype677.a(cooja-radio.o)
                0x0000000000035084                simRadioHWOn
                0x0000000000035088                simSignalStrength
                0x000000000003508c                simLastSignalStrength
                0x0000000000035090                simPower
                0x0000000000035094                simRadioChannel
                0x0000000000035098                simLQI
                0x00000000000350a0                cooja_radio_process
 .data          0x00000000000350b0        0x0 build/cooja/mtype677.a(eeprom.o)
 .data          0x00000000000350b0        0x0 build/cooja/mtype677.a(random.o)
 .data          0x00000000000350b0       0x10 build/cooja/mtype677.a(sensors.o)
                0x00000000000350b0                sensors_process
 .data          0x00000000000350c0        0x0 build/cooja/mtype677.a(leds.o)
 .data          0x00000000000350c0        0x0 build/cooja/mtype677.a(gpio-hal-arch.o)
 .data          0x00000000000350c0       0x78 build/cooja/mtype677.a(buttons.o)
                0x00000000000350c0                simButtonIsActive
                0x0000000000035130                button_hal_buttons
 *fill*         0x0000000000035138        0x8 
 .data          0x0000000000035140       0x44 build/cooja/mtype677.a(res_presence.o)
                0x0000000000035140                presence
                0x0000000000035160                res_presence
 *fill*         0x0000000000035184       0x1c 
 .data          0x00000000000351a0       0x24 build/cooja/mtype677.a(res_air.o)
                0x00000000000351a0                res_air
 *fill*         0x00000000000351c4       0x1c 
 .data          0x00000000000351e0       0x44 build/cooja/mtype677.a(res_quality.o)
                0x00000000000351e0                quality
                0x0000000000035200                res_quality
 .data          0x0000000000035224        0x0 build/cooja/mtype677.a(coap-blocking-a)
 .data          0x0000000000035224        0x8 build/cooja/mtype677.a(coap-engine.o)
 *fill*         0x000000000003522c       0x14 
 .data          0x0000000000035240       0x24 build/cooja/mtype677.a(coap-res-well-k)
                0x0000000000035240                res_well_known_core
 .data          0x0000000000035264       0x10 build/cooja/mtype677.a(coap-observe.o)
 .data          0x0000000000035274       0x10 build/cooja/mtype677.a(coap-uip.o)
                0x0000000000035274                coap_engine
 .data          0x0000000000035284        0x4 build/cooja/mtype677.a(coap-timer.o)
 .data          0x0000000000035288       0x10 build/cooja/mtype677.a(coap-transactio)
 .data          0x0000000000035298        0x4 build/cooja/mtype677.a(coap.o)
                0x0000000000035298                coap_error_message
 .data          0x000000000003529c        0x0 build/cooja/mtype677.a(contiki-main.o)
 .data          0x000000000003529c        0x0 build/cooja/mtype677.a(autostart.o)
 .data          0x000000000003529c       0x14 build/cooja/mtype677.a(ctimer.o)
                0x00000000000352a0                ctimer_process
 *fill*         0x00000000000352b0       0x10 
 .data          0x00000000000352c0       0xbc build/cooja/mtype677.a(log.o)
                0x00000000000352c0                curr_log_level_main
                0x00000000000352e0                all_modules
 .data          0x000000000003537c        0x0 build/cooja/mtype677.a(energest.o)
 .data          0x000000000003537c       0x10 build/cooja/mtype677.a(etimer.o)
                0x000000000003537c                etimer_process
 .data          0x000000000003538c        0x0 build/cooja/mtype677.a(node-id.o)
 .data          0x000000000003538c        0x0 build/cooja/mtype677.a(rtimer.o)
 .data          0x000000000003538c        0x0 build/cooja/mtype677.a(process.o)
 .data          0x000000000003538c        0x0 build/cooja/mtype677.a(timer.o)
 .data          0x000000000003538c        0x0 build/cooja/mtype677.a(list.o)
 .data          0x000000000003538c        0x0 build/cooja/mtype677.a(memb.o)
 .data          0x000000000003538c       0x10 build/cooja/mtype677.a(button-hal.o)
                0x000000000003538c                button_hal_process
 .data          0x000000000003539c       0x10 build/cooja/mtype677.a(serial-line.o)
                0x000000000003539c                serial_line_process
 .data          0x00000000000353ac        0x4 build/cooja/mtype677.a(gpio-hal.o)
 .data          0x00000000000353b0       0x18 build/cooja/mtype677.a(queuebuf.o)
 .data          0x00000000000353c8        0x4 build/cooja/mtype677.a(packetbuf.o)
 .data          0x00000000000353cc        0x4 build/cooja/mtype677.a(netstack.o)
 .data          0x00000000000353d0        0x0 build/cooja/mtype677.a(linkaddr.o)
 .data          0x00000000000353d0        0x0 build/cooja/mtype677.a(csma.o)
 .data          0x00000000000353d0       0x28 build/cooja/mtype677.a(csma-output.o)
 .data          0x00000000000353f8        0x0 build/cooja/mtype677.a(uip-ds6.o)
 .data          0x00000000000353f8        0x0 build/cooja/mtype677.a(uip-udp-packet.)
 .data          0x00000000000353f8       0x10 build/cooja/mtype677.a(uip-ds6-route.o)
 .data          0x0000000000035408       0x10 build/cooja/mtype677.a(tcpip.o)
                0x0000000000035408                tcpip_process
 .data          0x0000000000035418        0x0 build/cooja/mtype677.a(uip6.o)
 .data          0x0000000000035418       0x14 build/cooja/mtype677.a(uip-ds6-nbr.o)
 .data          0x000000000003542c        0xc build/cooja/mtype677.a(uip-nd6.o)
 .data          0x0000000000035438        0x0 build/cooja/mtype677.a(sicslowpan.o)
 .data          0x0000000000035438        0x0 build/cooja/mtype677.a(uiplib.o)
 .data          0x0000000000035438        0x0 build/cooja/mtype677.a(rpl.o)
 .data          0x0000000000035438       0x30 build/cooja/mtype677.a(rpl-icmp6.o)
 .data          0x0000000000035468        0x0 build/cooja/mtype677.a(rpl-dag-root.o)
 .data          0x0000000000035468        0x0 build/cooja/mtype677.a(watchdog.o)
 .data          0x0000000000035468        0x0 build/cooja/mtype677.a(int-master.o)
 .data          0x0000000000035468       0x10 build/cooja/mtype677.a(coap-timer-defa)
                0x0000000000035468                coap_timer_process
 .data          0x0000000000035478        0x0 build/cooja/mtype677.a(stimer.o)
 .data          0x0000000000035478        0x0 build/cooja/mtype677.a(ringbuf.o)
 .data          0x0000000000035478        0x0 build/cooja/mtype677.a(assert.o)
 .data          0x0000000000035478       0x10 build/cooja/mtype677.a(nbr-table.o)
 .data          0x0000000000035488       0x14 build/cooja/mtype677.a(link-stats.o)
 .data          0x000000000003549c        0x0 build/cooja/mtype677.a(mac-sequence.o)
 .data          0x000000000003549c        0x0 build/cooja/mtype677.a(mac.o)
 .data          0x000000000003549c        0x0 build/cooja/mtype677.a(framer-802154.o)
 .data          0x000000000003549c        0x2 build/cooja/mtype677.a(frame802154.o)
 .data          0x000000000003549e        0x0 build/cooja/mtype677.a(csma-security.o)
 .data          0x000000000003549e        0x0 build/cooja/mtype677.a(uipbuf.o)
 *fill*         0x000000000003549e        0x2 
 .data          0x00000000000354a0       0x20 build/cooja/mtype677.a(uip-icmp6.o)
 .data          0x00000000000354c0       0x10 build/cooja/mtype677.a(uip-sr.o)
 .data          0x00000000000354d0        0xc build/cooja/mtype677.a(uip-packetqueue)
 .data          0x00000000000354dc        0x0 build/cooja/mtype677.a(rpl-nbr-policy.)
 .data          0x00000000000354dc       0x14 build/cooja/mtype677.a(rpl-neighbor.o)
                0x00000000000354ec                rpl_neighbors
 .data          0x00000000000354f0        0x0 build/cooja/mtype677.a(rpl-dag.o)
 .data          0x00000000000354f0        0x0 build/cooja/mtype677.a(rpl-timers.o)
 .data          0x00000000000354f0        0x0 build/cooja/mtype677.a(rpl-ext-header.)
 *fill*         0x00000000000354f0       0x10 
 .data          0x0000000000035500       0x24 build/cooja/mtype677.a(rpl-mrhof.o)
                0x0000000000035500                rpl_mrhof
 .data          0x0000000000035524        0x0 /usr/lib/gcc/i686-linux-gnu/5/libgcc.a(_udivdi3.o)
 .data          0x0000000000035524        0x0 /usr/lib/gcc/i686-linux-gnu/5/crtendS.o
 .data          0x0000000000035524        0x0 /usr/lib/gcc/i686-linux-gnu/5/../../../i386-linux-gnu/crtn.o

.tm_clone_table
                0x0000000000035524        0x0
 .tm_clone_table
                0x0000000000035524        0x0 /usr/lib/gcc/i686-linux-gnu/5/crtbeginS.o
 .tm_clone_table
                0x0000000000035524        0x0 /usr/lib/gcc/i686-linux-gnu/5/crtendS.o

.data1
 *(.data1)
                0x0000000000035524                _edata = .
                [!provide]                        PROVIDE (edata, .)
                0x0000000000035524                . = .
                0x0000000000035524                __bss_start = .

.bss            0x0000000000035540    0x13f84
 *(.dynbss)
 .dynbss        0x0000000000035540        0x0 /usr/lib/gcc/i686-linux-gnu/5/../../../i386-linux-gnu/crti.o
 *(.bss .bss.* .gnu.linkonce.b.*)
 .bss           0x0000000000035540        0x0 /usr/lib/gcc/i686-linux-gnu/5/../../../i386-linux-gnu/crti.o
 .bss           0x0000000000035540        0x1 /usr/lib/gcc/i686-linux-gnu/5/crtbeginS.o
 *fill*         0x0000000000035541       0x1f 
 .bss           0x0000000000035560      0x12c air.o
                0x0000000000035560                registered
 *fill*         0x000000000003568c       0x14 
 .bss           0x00000000000356a0     0x2030 build/cooja/mtype677.o
 .bss           0x00000000000376d0        0x1 build/cooja/mtype677.a(simEnvChange.o)
                0x00000000000376d0                simDontFallAsleep
 *fill*         0x00000000000376d1        0x3 
 .bss           0x00000000000376d4        0x4 build/cooja/mtype677.a(cooja_mt.o)
 .bss           0x00000000000376d8        0x4 build/cooja/mtype677.a(cooja_mtarch.o)
 .bss           0x00000000000376dc        0x0 build/cooja/mtype677.a(rtimer-arch.o)
 .bss           0x00000000000376dc        0x0 build/cooja/mtype677.a(beep.o)
 .bss           0x00000000000376dc        0x1 build/cooja/mtype677.a(leds-arch.o)
                0x00000000000376dc                simLedsValue
 .bss           0x00000000000376dd        0x0 build/cooja/mtype677.a(moteid.o)
 .bss           0x00000000000376dd        0x1 build/cooja/mtype677.a(pir-sensor.o)
                0x00000000000376dd                simPirValue
 *fill*         0x00000000000376de        0x2 
 .bss           0x00000000000376e0        0x4 build/cooja/mtype677.a(rs232.o)
 .bss           0x00000000000376e4        0x1 build/cooja/mtype677.a(vib-sensor.o)
                0x00000000000376e4                simVibValue
 .bss           0x00000000000376e5        0x0 build/cooja/mtype677.a(clock.o)
 *fill*         0x00000000000376e5       0x1b 
 .bss           0x0000000000037700     0x2020 build/cooja/mtype677.a(cooja-log.o)
 .bss           0x0000000000039720      0xfc0 build/cooja/mtype677.a(cfs-cooja.o)
                0x0000000000039720                simCFSData
                0x000000000003a6c0                simCFSSize
                0x000000000003a6c4                simCFSChanged
                0x000000000003a6c8                simCFSRead
                0x000000000003a6cc                simCFSWritten
 .bss           0x000000000003a6e0       0x24 build/cooja/mtype677.a(cooja-radio.o)
                0x000000000003a6e0                simReceiving
                0x000000000003a6e4                simInSize
                0x000000000003a6e8                simLastPacketTimestamp
                0x000000000003a6f0                simOutSize
 .bss           0x000000000003a704        0xc build/cooja/mtype677.a(eeprom.o)
                0x000000000003a704                simEEPROMChanged
                0x000000000003a708                simEEPROMRead
                0x000000000003a70c                simEEPROMWritten
 .bss           0x000000000003a710        0x0 build/cooja/mtype677.a(random.o)
 .bss           0x000000000003a710        0xc build/cooja/mtype677.a(sensors.o)
 .bss           0x000000000003a71c        0x0 build/cooja/mtype677.a(leds.o)
 .bss           0x000000000003a71c       0x24 build/cooja/mtype677.a(gpio-hal-arch.o)
 .bss           0x000000000003a740        0x0 build/cooja/mtype677.a(buttons.o)
 .bss           0x000000000003a740        0x4 build/cooja/mtype677.a(res_presence.o)
 .bss           0x000000000003a744        0x8 build/cooja/mtype677.a(res_air.o)
                0x000000000003a744                air_state
                0x000000000003a745                lightOn
 .bss           0x000000000003a74c        0x4 build/cooja/mtype677.a(res_quality.o)
 .bss           0x000000000003a750        0x0 build/cooja/mtype677.a(coap-blocking-a)
 *fill*         0x000000000003a750       0x10 
 .bss           0x000000000003a760      0x190 build/cooja/mtype677.a(coap-engine.o)
 .bss           0x000000000003a8f0        0x0 build/cooja/mtype677.a(coap-res-well-k)
 *fill*         0x000000000003a8f0       0x10 
 .bss           0x000000000003a900      0x120 build/cooja/mtype677.a(coap-observe.o)
 .bss           0x000000000003aa20       0x18 build/cooja/mtype677.a(coap-uip.o)
 .bss           0x000000000003aa38        0x5 build/cooja/mtype677.a(coap-timer.o)
 *fill*         0x000000000003aa3d        0x3 
 .bss           0x000000000003aa40      0x334 build/cooja/mtype677.a(coap-transactio)
 .bss           0x000000000003ad74        0x6 build/cooja/mtype677.a(coap.o)
                0x000000000003ad74                coap_status_code
 .bss           0x000000000003ad7a        0x0 build/cooja/mtype677.a(contiki-main.o)
 .bss           0x000000000003ad7a        0x0 build/cooja/mtype677.a(autostart.o)
 *fill*         0x000000000003ad7a        0x2 
 .bss           0x000000000003ad7c        0x5 build/cooja/mtype677.a(ctimer.o)
 *fill*         0x000000000003ad81        0x3 
 .bss           0x000000000003ad84       0x2c build/cooja/mtype677.a(log.o)
                0x000000000003ad84                curr_log_level_rpl
                0x000000000003ad88                curr_log_level_tcpip
                0x000000000003ad8c                curr_log_level_ipv6
                0x000000000003ad90                curr_log_level_6lowpan
                0x000000000003ad94                curr_log_level_nullnet
                0x000000000003ad98                curr_log_level_mac
                0x000000000003ad9c                curr_log_level_framer
                0x000000000003ada0                curr_log_level_6top
                0x000000000003ada4                curr_log_level_coap
                0x000000000003ada8                curr_log_level_snmp
                0x000000000003adac                curr_log_level_lwm2m
 .bss           0x000000000003adb0        0x0 build/cooja/mtype677.a(energest.o)
 .bss           0x000000000003adb0        0x8 build/cooja/mtype677.a(etimer.o)
 .bss           0x000000000003adb8        0x2 build/cooja/mtype677.a(node-id.o)
                0x000000000003adb8                node_id
 *fill*         0x000000000003adba        0x2 
 .bss           0x000000000003adbc        0x4 build/cooja/mtype677.a(rtimer.o)
 .bss           0x000000000003adc0      0x1a1 build/cooja/mtype677.a(process.o)
                0x000000000003adc0                process_list
                0x000000000003adc4                process_current
 .bss           0x000000000003af61        0x0 build/cooja/mtype677.a(timer.o)
 .bss           0x000000000003af61        0x0 build/cooja/mtype677.a(list.o)
 .bss           0x000000000003af61        0x0 build/cooja/mtype677.a(memb.o)
 *fill*         0x000000000003af61        0x3 
 .bss           0x000000000003af64       0x10 build/cooja/mtype677.a(button-hal.o)
 *fill*         0x000000000003af74        0xc 
 .bss           0x000000000003af80      0x140 build/cooja/mtype677.a(serial-line.o)
 .bss           0x000000000003b0c0        0x4 build/cooja/mtype677.a(gpio-hal.o)
 *fill*         0x000000000003b0c4       0x1c 
 .bss           0x000000000003b0e0     0x2c80 build/cooja/mtype677.a(queuebuf.o)
 .bss           0x000000000003dd60       0xa0 build/cooja/mtype677.a(packetbuf.o)
 .bss           0x000000000003de00        0x4 build/cooja/mtype677.a(netstack.o)
 .bss           0x000000000003de04        0x0 build/cooja/mtype677.a(linkaddr.o)
 .bss           0x000000000003de04        0x0 build/cooja/mtype677.a(csma.o)
 *fill*         0x000000000003de04       0x1c 
 .bss           0x000000000003de20      0x726 build/cooja/mtype677.a(csma-output.o)
 *fill*         0x000000000003e546        0x2 