Archive member included to satisfy reference by file (symbol)

build/cooja/mtype665.a(simEnvChange.o)
                              build/cooja/mtype665.o (simDontFallAsleep)
build/cooja/mtype665.a(cooja_mt.o)
                              build/cooja/mtype665.o (cooja_mt_start)
build/cooja/mtype665.a(cooja_mtarch.o)
                              build/cooja/mtype665.a(cooja_mt.o) (cooja_mtarch_start)
build/cooja/mtype665.a(rtimer-arch.o)
                              build/cooja/mtype665.o (rtimer_arch_check)
build/cooja/mtype665.a(beep.o)
                              build/cooja/mtype665.o (beep_interface)
build/cooja/mtype665.a(leds-arch.o)
                              build/cooja/mtype665.o (leds_interface)
build/cooja/mtype665.a(moteid.o)
                              build/cooja/mtype665.o (moteid_interface)
build/cooja/mtype665.a(pir-sensor.o)
                              build/cooja/mtype665.o (pir_interface)
build/cooja/mtype665.a(rs232.o)
                              build/cooja/mtype665.o (rs232_interface)
build/cooja/mtype665.a(vib-sensor.o)
                              build/cooja/mtype665.o (vib_interface)
build/cooja/mtype665.a(clock.o)
                              build/cooja/mtype665.o (clock_interface)
build/cooja/mtype665.a(cooja-log.o)
                              build/cooja/mtype665.o (simlog_interface)
build/cooja/mtype665.a(cfs-cooja.o)
                              build/cooja/mtype665.o (cfs_interface)
build/cooja/mtype665.a(cooja-radio.o)
                              build/cooja/mtype665.o (radio_interface)
build/cooja/mtype665.a(eeprom.o)
                              build/cooja/mtype665.o (eeprom_interface)
build/cooja/mtype665.a(random.o)
                              build/cooja/mtype665.a(moteid.o) (random_init)
build/cooja/mtype665.a(sensors.o)
                              build/cooja/mtype665.a(pir-sensor.o) (sensors_changed)
build/cooja/mtype665.a(leds.o)
                              air.o (leds_set)
build/cooja/mtype665.a(gpio-hal-arch.o)
                              build/cooja/mtype665.a(leds-arch.o) (gpio_hal_arch_register_pin_callback)
build/cooja/mtype665.a(buttons.o)
                              build/cooja/mtype665.o (button_interface)
build/cooja/mtype665.a(res_air.o)
                              air.o (air_state)
build/cooja/mtype665.a(res_quality.o)
                              air.o (quality)
build/cooja/mtype665.a(coap-blocking-a)
                              air.o (coap_blocking_request)
build/cooja/mtype665.a(coap-engine.o)
                              air.o (coap_activate_resource)
build/cooja/mtype665.a(coap-res-well-k)
                              build/cooja/mtype665.a(coap-engine.o) (res_well_known_core)
build/cooja/mtype665.a(coap-observe.o)
                              build/cooja/mtype665.a(coap-engine.o) (coap_remove_observer_by_mid)
build/cooja/mtype665.a(coap-uip.o)
                              build/cooja/mtype665.a(coap-observe.o) (coap_endpoint_copy)
build/cooja/mtype665.a(coap-timer.o)
                              build/cooja/mtype665.a(coap-engine.o) (coap_timer_set)
build/cooja/mtype665.a(coap-transactio)
                              build/cooja/mtype665.a(coap-blocking-a) (coap_send_transaction)
build/cooja/mtype665.a(coap.o)
                              build/cooja/mtype665.a(coap-engine.o) (coap_status_code)
build/cooja/mtype665.a(contiki-main.o)
                              build/cooja/mtype665.o (main)
build/cooja/mtype665.a(autostart.o)
                              build/cooja/mtype665.a(contiki-main.o) (autostart_start)
build/cooja/mtype665.a(ctimer.o)
                              build/cooja/mtype665.a(contiki-main.o) (ctimer_init)
build/cooja/mtype665.a(log.o)
                              build/cooja/mtype665.a(contiki-main.o) (curr_log_level_main)
build/cooja/mtype665.a(energest.o)
                              build/cooja/mtype665.a(contiki-main.o) (energest_init)
build/cooja/mtype665.a(etimer.o)
                              build/cooja/mtype665.a(contiki-main.o) (etimer_process)
build/cooja/mtype665.a(node-id.o)
                              build/cooja/mtype665.a(contiki-main.o) (node_id)
build/cooja/mtype665.a(rtimer.o)
                              build/cooja/mtype665.a(contiki-main.o) (rtimer_init)
build/cooja/mtype665.a(process.o)
                              build/cooja/mtype665.a(coap-blocking-a) (process_current)
build/cooja/mtype665.a(timer.o)
                              build/cooja/mtype665.a(etimer.o) (timer_set)
build/cooja/mtype665.a(list.o)
                              build/cooja/mtype665.a(coap-engine.o) (list_init)
build/cooja/mtype665.a(memb.o)
                              build/cooja/mtype665.a(coap-observe.o) (memb_alloc)
build/cooja/mtype665.a(button-hal.o)
                              build/cooja/mtype665.o (button_hal_init)
build/cooja/mtype665.a(serial-line.o)
                              build/cooja/mtype665.a(rs232.o) (serial_line_input_byte)
[...]
Memory Configuration

Name             Origin             Length             Attributes
*default*        0x0000000000000000 0xffffffffffffffff

Linker script and memory map

LOAD /usr/lib/gcc/i686-linux-gnu/5/../../../i386-linux-gnu/crti.o
LOAD /usr/lib/gcc/i686-linux-gnu/5/crtbeginS.o
LOAD air.o
LOAD build/cooja/mtype665.o
LOAD build/cooja/mtype665.a
LOAD /usr/lib/gcc/i686-linux-gnu/5/libgcc.a
LOAD /usr/lib/gcc/i686-linux-gnu/5/libgcc_s.so
LOAD /usr/lib/gcc/i686-linux-gnu/5/../../../i386-linux-gnu/libc.so
START GROUP
LOAD /lib/i386-linux-gnu/libc.so.6
LOAD /usr/lib/i386-linux-gnu/libc_nonshared.a
LOAD /lib/i386-linux-gnu/ld-linux.so.2
END GROUP
LOAD /usr/lib/gcc/i686-linux-gnu/5/libgcc.a
LOAD /usr/lib/gcc/i686-linux-gnu/5/libgcc_s.so
LOAD /usr/lib/gcc/i686-linux-gnu/5/crtendS.o
LOAD /usr/lib/gcc/i686-linux-gnu/5/../../../i386-linux-gnu/crtn.o
                0x0000000000000114                . = (0x0 + SIZEOF_HEADERS)

.note.gnu.build-id
                0x0000000000000114       0x24
 *(.note.gnu.build-id)
 .note.gnu.build-id
                0x0000000000000114       0x24 /usr/lib/gcc/i686-linux-gnu/5/../../../i386-linux-gnu/crti.o

.hash
 *(.hash)

.gnu.hash       0x0000000000000138     0x15a4
 *(.gnu.hash)
 .gnu.hash      0x0000000000000138     0x15a4 /usr/lib/gcc/i686-linux-gnu/5/../../../i386-linux-gnu/crti.o

.dynsym         0x00000000000016dc     0x2f10
 *(.dynsym)
 .dynsym        0x00000000000016dc     0x2f10 /usr/lib/gcc/i686-linux-gnu/5/../../../i386-linux-gnu/crti.o

.dynstr         0x00000000000045ec     0x36a1
 *(.dynstr)
 .dynstr        0x00000000000045ec     0x36a1 /usr/lib/gcc/i686-linux-gnu/5/../../../i386-linux-gnu/crti.o

.gnu.version    0x0000000000007c8e      0x5e2
 *(.gnu.version)
 .gnu.version   0x0000000000007c8e      0x5e2 /usr/lib/gcc/i686-linux-gnu/5/../../../i386-linux-gnu/crti.o

.gnu.version_d  0x0000000000008270        0x0
 *(.gnu.version_d)
 .gnu.version_d
                0x0000000000008270        0x0 /usr/lib/gcc/i686-linux-gnu/5/../../../i386-linux-gnu/crti.o

.gnu.version_r  0x0000000000008270       0x40
 *(.gnu.version_r)
 .gnu.version_r
                0x0000000000008270       0x40 /usr/lib/gcc/i686-linux-gnu/5/../../../i386-linux-gnu/crti.o

.rel.dyn        0x00000000000082b0     0x9380
 *(.rel.init)
 .rel.init      0x00000000000082b0        0x0 /usr/lib/gcc/i686-linux-gnu/5/../../../i386-linux-gnu/crti.o
 *(.rel.text .rel.text.* .rel.gnu.linkonce.t.*)
 .rel.text      0x00000000000082b0     0x89b0 /usr/lib/gcc/i686-linux-gnu/5/../../../i386-linux-gnu/crti.o
 *(.rel.fini)
 .rel.fini      0x0000000000010c60        0x0 /usr/lib/gcc/i686-linux-gnu/5/../../../i386-linux-gnu/crti.o
 *(.rel.rodata .rel.rodata.* .rel.gnu.linkonce.r.*)
 .rel.rodata    0x0000000000010c60      0x588 /usr/lib/gcc/i686-linux-gnu/5/../../../i386-linux-gnu/crti.o
 *(.rel.data.rel.ro .rel.data.rel.ro.* .rel.gnu.linkonce.d.rel.ro.*)
 *(.rel.data .rel.data.* .rel.gnu.linkonce.d.*)
 .rel.data.rel.local
                0x00000000000111e8        0x8 /usr/lib/gcc/i686-linux-gnu/5/../../../i386-linux-gnu/crti.o
 .rel.data      0x00000000000111f0      0x408 /usr/lib/gcc/i686-linux-gnu/5/../../../i386-linux-gnu/crti.o
 *(.rel.tdata .rel.tdata.* .rel.gnu.linkonce.td.*)
 *(.rel.tbss .rel.tbss.* .rel.gnu.linkonce.tb.*)
 *(.rel.ctors)
 *(.rel.dtors)
 *(.rel.got)
 .rel.got       0x00000000000115f8       0x28 /usr/lib/gcc/i686-linux-gnu/5/../../../i386-linux-gnu/crti.o
 *(.rel.bss .rel.bss.* .rel.gnu.linkonce.b.*)
 *(.rel.ifunc)
 .rel.ifunc     0x0000000000011620        0x0 /usr/lib/gcc/i686-linux-gnu/5/../../../i386-linux-gnu/crti.o
 .rel.fini_array
                0x0000000000011620        0x8 /usr/lib/gcc/i686-linux-gnu/5/../../../i386-linux-gnu/crti.o
 .rel.init_array
                0x0000000000011628        0x8 /usr/lib/gcc/i686-linux-gnu/5/../../../i386-linux-gnu/crti.o

.rel.plt        0x0000000000011630        0x0
 *(.rel.plt)
 .rel.plt       0x0000000000011630        0x0 /usr/lib/gcc/i686-linux-gnu/5/../../../i386-linux-gnu/crti.o
 *(.rel.iplt)

.init           0x0000000000011630       0x23
 *(SORT(.init))
 .init          0x0000000000011630       0x1e /usr/lib/gcc/i686-linux-gnu/5/../../../i386-linux-gnu/crti.o
                0x0000000000011630                _init
 .init          0x000000000001164e        0x5 /usr/lib/gcc/i686-linux-gnu/5/../../../i386-linux-gnu/crtn.o

.plt            0x0000000000011660       0x10
 *(.plt)
 .plt           0x0000000000011660       0x10 /usr/lib/gcc/i686-linux-gnu/5/../../../i386-linux-gnu/crti.o
 *(.iplt)

.plt.got        0x0000000000011670       0x10
 *(.plt.got)
 .plt.got       0x0000000000011670       0x10 /usr/lib/gcc/i686-linux-gnu/5/../../../i386-linux-gnu/crti.o

.text           0x0000000000011680    0x189e2
 *(.text.unlikely .text.*_unlikely .text.unlikely.*)
 .text.unlikely
                0x0000000000011680        0x0 /usr/lib/gcc/i686-linux-gnu/5/crtbeginS.o
 .text.unlikely
                0x0000000000011680        0x0 /usr/lib/gcc/i686-linux-gnu/5/libgcc.a(_udivdi3.o)
 *(.text.exit .text.exit.*)
 *(.text.startup .text.startup.*)
 *(.text.hot .text.hot.*)
 *(.text .stub .text.* .gnu.linkonce.t.*)
 .text          0x0000000000011680        0x0 /usr/lib/gcc/i686-linux-gnu/5/../../../i386-linux-gnu/crti.o
 .gnu.linkonce.t.__x86.get_pc_thunk.bx
                0x0000000000011680        0x4 /usr/lib/gcc/i686-linux-gnu/5/../../../i386-linux-gnu/crti.o
                0x0000000000011680                __x86.get_pc_thunk.bx
 *fill*         0x0000000000011684        0xc 
 .text          0x0000000000011690      0x11c /usr/lib/gcc/i686-linux-gnu/5/crtbeginS.o
 .text.__x86.get_pc_thunk.dx
                0x00000000000117ac        0x4 /usr/lib/gcc/i686-linux-gnu/5/crtbeginS.o
                0x00000000000117ac                __x86.get_pc_thunk.dx
 .text          0x00000000000117b0      0x338 air.o
                0x00000000000117b0                client_chunk_handler
 .text          0x0000000000011ae8      0x283 build/cooja/mtype665.o
                0x0000000000011b7a                platform_init_stage_one
                0x0000000000011b8d                platform_init_stage_two
                0x0000000000011ba0                platform_init_stage_three
                0x0000000000011bb3                platform_main_loop
                0x0000000000011c26                Java_org_contikios_cooja_corecomm_Lib2_init
                0x0000000000011c5d                Java_org_contikios_cooja_corecomm_Lib2_getMemory
                0x0000000000011c90                Java_org_contikios_cooja_corecomm_Lib2_setMemory
                0x0000000000011cf0                Java_org_contikios_cooja_corecomm_Lib2_tick
                0x0000000000011d58                Java_org_contikios_cooja_corecomm_Lib2_setReferenceAddress
 .text          0x0000000000011d6b       0x65 build/cooja/mtype665.a(simEnvChange.o)
                0x0000000000011d6b                doActionsBeforeTick
                0x0000000000011d9d                doActionsAfterTick
 .text          0x0000000000011dd0       0x83 build/cooja/mtype665.a(cooja_mt.o)
                0x0000000000011dd0                cooja_mt_start
                0x0000000000011dfa                cooja_mt_exec
                0x0000000000011e30                cooja_mt_yield
 .text          0x0000000000011e53       0xbe build/cooja/mtype665.a(cooja_mtarch.o)
                0x0000000000011e53                cooja_mtarch_start
                0x0000000000011ec6                cooja_sw
                0x0000000000011ee9                cooja_mtarch_exec
                0x0000000000011f06                cooja_mtarch_yield
 .text          0x0000000000011f11       0xc5 build/cooja/mtype665.a(rtimer-arch.o)
                0x0000000000011f11                rtimer_arch_init
                0x0000000000011f35                rtimer_arch_schedule
                0x0000000000011f65                rtimer_arch_next
                0x0000000000011f75                rtimer_arch_pending
                0x0000000000011f7f                rtimer_arch_check
                0x0000000000011fc6                rtimer_arch_now
 .text          0x0000000000011fd6       0x81 build/cooja/mtype665.a(beep.o)
                0x0000000000011fd6                beep_alarm
                0x0000000000011fe3                beep_beep
                0x0000000000011ff0                beep
                0x0000000000011ffd                beep_down
                0x000000000001200a                beep_on
                0x0000000000012017                beep_off
                0x0000000000012024                beep_spinup
                0x0000000000012031                beep_quick
                0x000000000001203e                beep_long
 .text          0x0000000000012057       0x65 build/cooja/mtype665.a(leds-arch.o)
                0x000000000001206a                leds_arch_init
 .text          0x00000000000120bc       0x35 build/cooja/mtype665.a(moteid.o)
 .text          0x00000000000120f1       0xb7 build/cooja/mtype665.a(pir-sensor.o)
 .text          0x00000000000121a8      0x148 build/cooja/mtype665.a(rs232.o)
                0x00000000000121a8                rs232_init
                0x00000000000121ae                rs232_set_speed
                0x00000000000121bd                rs232_set_input
                0x00000000000121cb                rs232_send
                0x00000000000121ef                rs232_print
                0x000000000001220b                slip_arch_writeb
 .text          0x00000000000122f0       0xb7 build/cooja/mtype665.a(vib-sensor.o)
 .text          0x00000000000123a7       0x38 build/cooja/mtype665.a(clock.o)
                0x00000000000123a7                clock_init
                0x00000000000123ad                clock_time
                0x00000000000123b7                clock_seconds
                0x00000000000123cd                clock_delay
 .text          0x00000000000123df      0x219 build/cooja/mtype665.a(cooja-log.o)
                0x00000000000123df                simlog_char
                0x0000000000012422                simlog
                0x0000000000012498                log_message
                0x00000000000124c9                log_set_putchar_with_slip
                0x00000000000124d7                log_putchar
                0x0000000000012552                log_puts
                0x000000000001257a                log_printf
 .text          0x00000000000125f8      0x2b9 build/cooja/mtype665.a(cfs-cooja.o)
                0x00000000000125f8                cfs_open
                0x0000000000012661                cfs_close
                0x000000000001266e                cfs_read
                0x0000000000012703                cfs_write
                0x00000000000127df                cfs_seek
                0x0000000000012867                cfs_remove
                0x000000000001288b                cfs_opendir
                0x0000000000012895                cfs_readdir
                0x000000000001289f                cfs_closedir
 .text          0x00000000000128b1      0x620 build/cooja/mtype665.a(cooja-radio.o)
                0x00000000000128f3                radio_set_channel
                0x0000000000012901                radio_set_txpower
                0x0000000000012919                radio_signal_strength_last
                0x0000000000012923                radio_signal_strength_current
                0x000000000001292d                radio_LQI
 .text          0x0000000000012ed1       0xee build/cooja/mtype665.a(eeprom.o)
                0x0000000000012ed1                eeprom_init
                0x0000000000012ed7                eeprom_read
                0x0000000000012f45                eeprom_write
 .text          0x0000000000012fbf       0x2d build/cooja/mtype665.a(random.o)
                0x0000000000012fbf                random_init
                0x0000000000012fdf                random_rand
 .text          0x0000000000012fec      0x29c build/cooja/mtype665.a(sensors.o)
                0x0000000000013027                sensors_first
                0x0000000000013031                sensors_next
                0x000000000001304b                sensors_changed
                0x000000000001307f                sensors_find
 .text          0x0000000000013288      0x349 build/cooja/mtype665.a(leds.o)
                0x0000000000013288                leds_init
                0x00000000000132cf                leds_single_on
                0x000000000001332e                leds_single_off
                0x000000000001338d                leds_single_toggle
                0x00000000000133bf                leds_on
                0x0000000000013441                leds_off
                0x00000000000134c3                leds_toggle
                0x0000000000013518                leds_set
                0x0000000000013544                leds_get
 .text          0x00000000000135d1      0x343 build/cooja/mtype665.a(gpio-hal-arch.o)
                0x00000000000135d1                gpio_hal_arch_register_pin_callback
                0x000000000001363d                gpio_hal_arch_init
                0x0000000000013682                gpio_hal_arch_no_port_interrupt_enable
                0x00000000000136b2                gpio_hal_arch_no_port_interrupt_disable
                0x00000000000136e2                gpio_hal_arch_no_port_pin_cfg_set
                0x0000000000013707                gpio_hal_arch_no_port_pin_cfg_get
                0x000000000001372d                gpio_hal_arch_no_port_pin_set_input
                0x000000000001373f                gpio_hal_arch_no_port_pin_set_output
                0x0000000000013751                gpio_hal_arch_no_port_set_pin
                0x0000000000013772                gpio_hal_arch_no_port_clear_pin
                0x0000000000013793                gpio_hal_arch_no_port_read_pin
                0x00000000000137b9                gpio_hal_arch_no_port_write_pin
                0x00000000000137e3                gpio_hal_arch_no_port_set_pins
                0x000000000001382a                gpio_hal_arch_no_port_clear_pins
                0x0000000000013871                gpio_hal_arch_no_port_read_pins
                0x00000000000138b4                gpio_hal_arch_no_port_write_pins
 .text          0x0000000000013914       0x89 build/cooja/mtype665.a(buttons.o)
 .text          0x000000000001399d      0x3f6 build/cooja/mtype665.a(res_air.o)
 .text          0x0000000000013d93      0x1f7 build/cooja/mtype665.a(res_quality.o)
 .text          0x0000000000013f8a      0x27b build/cooja/mtype665.a(coap-blocking-a)
                0x0000000000013f8a                coap_blocking_request_callback
                0x0000000000013fb4                coap_blocking_request
 .text          0x0000000000014205      0xbea build/cooja/mtype665.a(coap-engine.o)
                0x000000000001429a                coap_add_handler
                0x00000000000142b7                coap_remove_handler
                0x00000000000142d4                coap_call_handlers
                0x00000000000143dc                coap_receive
                0x00000000000149d7                coap_engine_init
                0x0000000000014a35                coap_activate_resource
                0x0000000000014ae0                coap_get_first_resource
                0x0000000000014af9                coap_get_next_resource
 .text          0x0000000000014def      0x2d9 build/cooja/mtype665.a(coap-res-well-k)
 .text          0x00000000000150c8      0x96a build/cooja/mtype665.a(coap-observe.o)
                0x00000000000151dd                coap_remove_observer
                0x000000000001520d                coap_remove_observer_by_client
                0x0000000000015275                coap_remove_observer_by_token
                0x0000000000015308                coap_remove_observer_by_uri
                0x00000000000153af                coap_remove_observer_by_mid
                0x000000000001542b                coap_notify_observers
                0x0000000000015444                coap_notify_observers_sub
                0x00000000000158ae                coap_observe_handler
                0x00000000000159c9                coap_has_observers
 .text          0x0000000000015a32      0x733 build/cooja/mtype665.a(coap-uip.o)
                0x0000000000015a32                coap_endpoint_log
                0x0000000000015ab8                coap_endpoint_print
                0x0000000000015b3e                coap_endpoint_snprint
                0x0000000000015c71                coap_endpoint_copy
                0x0000000000015cae                coap_endpoint_cmp
                0x0000000000015dbc                coap_endpoint_parse
                0x0000000000015fa7                coap_endpoint_is_secure
                0x0000000000015fb6                coap_endpoint_is_connected
                0x0000000000015fea                coap_endpoint_connect
                0x0000000000016006                coap_endpoint_disconnect
                0x000000000001600c                coap_databuf
                0x0000000000016016                coap_transport_init
                0x0000000000016066                coap_sendto
 .text          0x0000000000016165      0x324 build/cooja/mtype665.a(coap-timer.o)
                0x0000000000016262                coap_timer_stop
                0x000000000001628d                coap_timer_set
                0x00000000000162d0                coap_timer_reset
                0x0000000000016313                coap_timer_time_to_next_expiration
                0x000000000001637f                coap_timer_run
                0x000000000001644b                coap_timer_init
 .text          0x0000000000016489      0x2c6 build/cooja/mtype665.a(coap-transactio)
                0x00000000000164ef                coap_new_transaction
                0x0000000000016555                coap_send_transaction
                0x00000000000166b6                coap_clear_transaction
                0x00000000000166fe                coap_get_transaction_by_mid
 .text          0x000000000001674f     0x1c53 build/cooja/mtype665.a(coap.o)
                0x0000000000016cbc                coap_init_connection
                0x0000000000016cd0                coap_get_mid
                0x0000000000016cec                coap_init_message
                0x0000000000016d35                coap_serialize_message
                0x00000000000173b7                coap_parse_message
                0x0000000000017a1e                coap_get_query_variable
                0x0000000000017a60                coap_get_post_variable
                0x0000000000017aa4                coap_set_status_code
                0x0000000000017ac9                coap_set_token
                0x0000000000017b10                coap_get_header_content_format
                0x0000000000017b41                coap_set_header_content_format
                0x0000000000017b64                coap_get_header_accept
                0x0000000000017b95                coap_set_header_accept
                0x0000000000017bb8                coap_get_header_max_age
                0x0000000000017be9                coap_set_header_max_age
                0x0000000000017c09                coap_get_header_etag
                0x0000000000017c3b                coap_set_header_etag
                0x0000000000017c92                coap_get_header_if_match
                0x0000000000017cc4                coap_set_header_if_match
                0x0000000000017d1b                coap_get_header_if_none_match
                0x0000000000017d35                coap_set_header_if_none_match
                0x0000000000017d4c                coap_get_header_proxy_uri
                0x0000000000017d7a                coap_set_header_proxy_uri
                0x0000000000017db7                coap_get_header_uri_host
                0x0000000000017de5                coap_set_header_uri_host
                0x0000000000017e22                coap_get_header_uri_path
                0x0000000000017e50                coap_set_header_uri_path
                0x0000000000017e9d                coap_get_header_uri_query
                0x0000000000017ed1                coap_set_header_uri_query
                0x0000000000017f27                coap_get_header_location_path
                0x0000000000017f55                coap_set_header_location_path
                0x0000000000017fee                coap_get_header_location_query
                0x000000000001801c                coap_set_header_location_query
                0x0000000000018069                coap_get_header_observe
                0x0000000000018098                coap_set_header_observe
                0x00000000000180b8                coap_get_header_block2
                0x0000000000018124                coap_set_header_block2
                0x000000000001819b                coap_get_header_block1
                0x0000000000018210                coap_set_header_block1
                0x000000000001828b                coap_get_header_size2
                0x00000000000182bb                coap_set_header_size2
                0x00000000000182de                coap_get_header_size1
                0x000000000001830e                coap_set_header_size1
                0x0000000000018331                coap_get_payload
                0x000000000001836b                coap_set_payload
 .text          0x00000000000183a2      0x332 build/cooja/mtype665.a(contiki-main.o)
                0x00000000000183a2                main
 .text          0x00000000000186d4       0x92 build/cooja/mtype665.a(autostart.o)
                0x00000000000186d4                autostart_start
                0x000000000001871e                autostart_exit
 .text          0x0000000000018766      0x355 build/cooja/mtype665.a(ctimer.o)
                0x000000000001888e                ctimer_init
                0x00000000000188c1                ctimer_set
                0x00000000000188e7                ctimer_set_with_process
                0x0000000000018964                ctimer_reset
                0x00000000000189b8                ctimer_restart
                0x0000000000018a0c                ctimer_stop
                0x0000000000018a5c                ctimer_expired
 .text          0x0000000000018abb      0x394 build/cooja/mtype665.a(log.o)
                0x0000000000018abb                log_6addr
                0x0000000000018b0e                log_6addr_compact_snprint
                0x0000000000018bac                log_6addr_compact
                0x0000000000018bff                log_lladdr
                0x0000000000018c71                log_lladdr_compact
                0x0000000000018cd9                log_set_level
                0x0000000000018d94                log_get_level
                0x0000000000018e0d                log_level_to_str
 .text          0x0000000000018e4f       0x1b build/cooja/mtype665.a(energest.o)
                0x0000000000018e4f                energest_init
                0x0000000000018e55                energest_flush
                0x0000000000018e5b                energest_get_total_time
 .text          0x0000000000018e6a      0x43f build/cooja/mtype665.a(etimer.o)
                0x000000000001908e                etimer_request_poll
                0x0000000000019117                etimer_set
                0x0000000000019140                etimer_reset_with_new_interval
                0x000000000001916f                etimer_reset
                0x0000000000019195                etimer_restart
                0x00000000000191bb                etimer_adjust
                0x00000000000191d8                etimer_expired
                0x00000000000191eb                etimer_expiration_time
                0x00000000000191fd                etimer_start_time
                0x0000000000019207                etimer_pending
                0x0000000000019219                etimer_next_expiration_time
                0x0000000000019233                etimer_stop
 .text          0x00000000000192a9       0x25 build/cooja/mtype665.a(node-id.o)
                0x00000000000192a9                node_id_init
 .text          0x00000000000192ce       0xeb build/cooja/mtype665.a(rtimer.o)
                0x00000000000192ce                rtimer_init
                0x00000000000192dc                rtimer_set
                0x0000000000019357                rtimer_run_next
 .text          0x00000000000193b9      0x4fb build/cooja/mtype665.a(process.o)
                0x00000000000193b9                process_alloc_event
                0x00000000000193ce                process_start
                0x00000000000195a8                process_exit
                0x00000000000195c5                process_init
                0x000000000001975a                process_run
                0x000000000001978d                process_nevents
                0x00000000000197a8                process_post
                0x000000000001983b                process_post_synch
                0x0000000000019870                process_poll
                0x00000000000198a0                process_is_running
 .text          0x00000000000198b4       0xb1 build/cooja/mtype665.a(timer.o)
                0x00000000000198b4                timer_set
                0x00000000000198d2                timer_reset
                0x00000000000198ff                timer_restart
                0x0000000000019914                timer_expired
                0x0000000000019941                timer_remaining
 .text          0x0000000000019965      0x28f build/cooja/mtype665.a(list.o)
                0x0000000000019965                list_init
                0x0000000000019974                list_head
                0x000000000001997e                list_copy
                0x000000000001998e                list_tail
                0x00000000000199c4                list_add
                0x0000000000019a10                list_push
                0x0000000000019a3c                list_chop
                0x0000000000019aa6                list_pop
                0x0000000000019ace                list_remove
                0x0000000000019b36                list_length
                0x0000000000019b64                list_insert
                0x0000000000019ba9                list_item_next
                0x0000000000019bc0                list_contains
 .text          0x0000000000019bf4      0x1b5 build/cooja/mtype665.a(memb.o)
                0x0000000000019bf4                memb_init
                0x0000000000019c49                memb_alloc
                0x0000000000019cac                memb_free
                0x0000000000019d23                memb_inmemb
                0x0000000000019d62                memb_numfree
 .text          0x0000000000019da9      0x41c build/cooja/mtype665.a(button-hal.o)
                0x0000000000019f22                button_hal_get_by_id
                0x0000000000019f60                button_hal_get_by_index
                0x0000000000019f8c                button_hal_get_state
                0x0000000000019fde                button_hal_init
 .text          0x000000000001a1c5      0x1f3 build/cooja/mtype665.a(serial-line.o)
                0x000000000001a1c5                serial_line_input_byte
                0x000000000001a383                serial_line_init
 .text          0x000000000001a3b8      0x168 build/cooja/mtype665.a(gpio-hal.o)
                0x000000000001a3b8                gpio_hal_register_handler
                0x000000000001a3d5                gpio_hal_event_handler
                0x000000000001a431                gpio_hal_init
                0x000000000001a450                gpio_hal_arch_port_toggle_pin
                0x000000000001a48c                gpio_hal_arch_port_toggle_pins
                0x000000000001a4ba                gpio_hal_arch_no_port_toggle_pin
                0x000000000001a4f8                gpio_hal_arch_no_port_toggle_pins
 .text          0x000000000001a520      0x2e7 build/cooja/mtype665.a(queuebuf.o)
                0x000000000001a52a                queuebuf_init
                0x000000000001a553                queuebuf_numfree
                0x000000000001a56b                queuebuf_new_from_packetbuf
                0x000000000001a60a                queuebuf_update_attr_from_packetbuf
                0x000000000001a63f                queuebuf_update_from_packetbuf
                0x000000000001a68f                queuebuf_free
                0x000000000001a6d8                queuebuf_to_packetbuf
                0x000000000001a744                queuebuf_dataptr
                0x000000000001a77e                queuebuf_datalen
                0x000000000001a7a1                queuebuf_addr
                0x000000000001a7d6                queuebuf_attr
                0x000000000001a801                queuebuf_debug_print
 .text          0x000000000001a807      0x407 build/cooja/mtype665.a(packetbuf.o)
                0x000000000001a807                packetbuf_clear
                0x000000000001a832                packetbuf_copyfrom
                0x000000000001a881                packetbuf_copyto
                0x000000000001a914                packetbuf_hdralloc
                0x000000000001a990                packetbuf_hdrreduce
                0x000000000001a9d6                packetbuf_set_datalen
                0x000000000001a9f0                packetbuf_dataptr
                0x000000000001aa0d                packetbuf_hdrptr
                0x000000000001aa17                packetbuf_datalen
                0x000000000001aa23                packetbuf_hdrlen
                0x000000000001aa3a                packetbuf_totlen
                0x000000000001aa50                packetbuf_remaininglen
                0x000000000001aa63                packetbuf_attr_clear
                0x000000000001aaaf                packetbuf_attr_copyto
                0x000000000001ab07                packetbuf_attr_copyfrom
                0x000000000001ab5f                packetbuf_set_attr
                0x000000000001ab89                packetbuf_attr
                0x000000000001aba3                packetbuf_set_addr
                0x000000000001abd4                packetbuf_addr
                0x000000000001abf1                packetbuf_holds_broadcast
 .text          0x000000000001ac0e       0xef build/cooja/mtype665.a(netstack.o)
                0x000000000001ac0e                netstack_process_ip_callback
                0x000000000001ac9f                netstack_ip_packet_processor_add
                0x000000000001acc2                uip_ds6_ip_packet_processor_rm
                0x000000000001acdf                netstack_init
 .text          0x000000000001acfd       0x4f build/cooja/mtype665.a(linkaddr.o)
                0x000000000001acfd                linkaddr_copy
                0x000000000001ad13                linkaddr_cmp
                0x000000000001ad36                linkaddr_set_node_addr
 .text          0x000000000001ad4c      0x1f6 build/cooja/mtype665.a(csma.o)
 .text          0x000000000001af42      0x95d build/cooja/mtype665.a(csma-output.o)
                0x000000000001b5d9                csma_output_packet
                0x000000000001b866                csma_output_init
 .text          0x000000000001b89f      0xc11 build/cooja/mtype665.a(uip-ds6.o)
                0x000000000001b89f                uip_ds6_default_prefix
                0x000000000001b8a9                uip_ds6_set_default_prefix
                0x000000000001b8d4                uip_ds6_init
                0x000000000001bb36                uip_ds6_periodic
                0x000000000001bbbd                uip_ds6_list_loop
                0x000000000001bc7d                uip_ds6_prefix_add
                0x000000000001bd29                uip_ds6_prefix_rm
                0x000000000001bd3c                uip_ds6_prefix_lookup
                0x000000000001bd7b                uip_ds6_is_addr_onlink
                0x000000000001bdee                uip_ds6_addr_add
                0x000000000001bf0e                uip_ds6_addr_rm
                0x000000000001bfb7                uip_ds6_addr_lookup
                0x000000000001bff0                uip_ds6_get_link_local
                0x000000000001c071                uip_ds6_get_global
                0x000000000001c0f2                uip_ds6_maddr_add
                0x000000000001c152                uip_ds6_maddr_rm
                0x000000000001c165                uip_ds6_maddr_lookup
                0x000000000001c19e                uip_ds6_aaddr_add
                0x000000000001c1fe                uip_ds6_aaddr_rm
                0x000000000001c211                uip_ds6_aaddr_lookup
                0x000000000001c24a                uip_ds6_select_src
                0x000000000001c393                uip_ds6_set_addr_iid
                0x000000000001c3be                uip_ds6_set_lladdr_from_iid
                0x000000000001c3e7                get_match_length
                0x000000000001c478                uip_ds6_compute_reachable_time
 .text          0x000000000001c4b0      0x128 build/cooja/mtype665.a(uip-udp-packet.)
                0x000000000001c4b0                uip_udp_packet_send
                0x000000000001c50b                uip_udp_packet_sendto
 .text          0x000000000001c5d8      0x35b build/cooja/mtype665.a(uip-ds6-route.o)
                0x000000000001c629                uip_ds6_route_init
                0x000000000001c653                uip_ds6_route_nexthop
                0x000000000001c65d                uip_ds6_route_head
                0x000000000001c667                uip_ds6_route_next
                0x000000000001c671                uip_ds6_route_is_nexthop
                0x000000000001c67b                uip_ds6_route_num_routes
                0x000000000001c685                uip_ds6_route_lookup
                0x000000000001c68f                uip_ds6_route_add
                0x000000000001c6a2                uip_ds6_route_rm
                0x000000000001c6a8                uip_ds6_route_rm_by_nexthop
                0x000000000001c6ae                uip_ds6_defrt_head
                0x000000000001c6c7                uip_ds6_defrt_add
                0x000000000001c775                uip_ds6_defrt_rm
                0x000000000001c7db                uip_ds6_defrt_lookup
                0x000000000001c842                uip_ds6_defrt_choose
                0x000000000001c8b8                uip_ds6_defrt_periodic
 .text          0x000000000001c933      0x6f7 build/cooja/mtype665.a(tcpip.o)
                0x000000000001c94d                tcpip_output
                0x000000000001c9cc                udp_attach
                0x000000000001c9e4                udp_new
                0x000000000001ca2e                udp_broadcast_new
                0x000000000001cba0                tcpip_input
                0x000000000001cd30                tcpip_ipv6_output
                0x000000000001cf24                tcpip_poll_udp
                0x000000000001cf42                tcpip_uipcall
 .text          0x000000000001d02a     0x1205 build/cooja/mtype665.a(uip6.o)
                0x000000000001d0d9                uip_chksum
                0x000000000001d1b0                uip_icmp6chksum
                0x000000000001d1c5                uip_udpchksum
                0x000000000001d1da                uip_init
                0x000000000001d223                uip_remove_ext_hdr
                0x000000000001d2fd                uip_udp_new
                0x000000000001d611                uip_process
                0x000000000001e109                uip_htons
                0x000000000001e12b                uip_htonl
                0x000000000001e169                uip_send
 .text          0x000000000001e22f      0x369 build/cooja/mtype665.a(uip-ds6-nbr.o)
                0x000000000001e22f                uip_ds6_neighbors_init
                0x000000000001e253                uip_ds6_nbr_add
                0x000000000001e2d9                uip_ds6_nbr_rm
                0x000000000001e324                uip_ds6_nbr_update_ll
                0x000000000001e412                uip_ds6_nbr_get_ipaddr
                0x000000000001e427                uip_ds6_nbr_get_ll
                0x000000000001e443                uip_ds6_nbr_num
                0x000000000001e48c                uip_ds6_nbr_head
                0x000000000001e4a5                uip_ds6_nbr_next
                0x000000000001e4c1                uip_ds6_nbr_lookup
                0x000000000001e519                uip_ds6_nbr_ll_lookup
                0x000000000001e535                uip_ds6_nbr_ipaddr_from_lladdr
                0x000000000001e55e                uip_ds6_nbr_lladdr_from_ipaddr
                0x000000000001e592                uip_ds6_link_callback
 .text          0x000000000001e598      0x6a7 build/cooja/mtype665.a(uip-nd6.o)
                0x000000000001ec26                uip_nd6_init
 .text          0x000000000001ec3f     0x2c17 build/cooja/mtype665.a(sicslowpan.o)
                0x000000000001f246                netstack_sniffer_add
                0x000000000001f254                netstack_sniffer_remove
                0x000000000002182a                sicslowpan_init
                0x000000000002184c                sicslowpan_get_last_rssi
 .text          0x0000000000021856      0x4d1 build/cooja/mtype665.a(uiplib.o)
                0x0000000000021856                uiplib_ip6addrconv
                0x0000000000021a0e                uiplib_ip4addrconv
                0x0000000000021ad1                uiplib_ipaddr_print
                0x0000000000021b24                uiplib_ipaddr_snprint
 .text          0x0000000000021d27      0x4c9 build/cooja/mtype665.a(rpl.o)
                0x0000000000021d27                rpl_lollipop_greater_than
                0x0000000000021d81                rpl_get_global_address
                0x0000000000021e79                rpl_link_callback
                0x0000000000021ebd                rpl_has_joined
                0x0000000000021ee2                rpl_is_reachable
                0x0000000000021f63                rpl_reset_prefix
                0x0000000000021fcd                rpl_set_prefix_from_addr
                0x00000000000220b2                rpl_set_prefix
                0x00000000000221cc                rpl_set_leaf_only
                0x00000000000221e4                rpl_get_leaf_only
 .text          0x00000000000221f0     0x138c build/cooja/mtype665.a(rpl-icmp6.o)
                0x0000000000022315                rpl_icmp6_update_nbr_table
                0x000000000002239e                rpl_icmp6_dis_output
                0x00000000000229e4                rpl_icmp6_dio_output
                0x00000000000231e2                rpl_icmp6_dao_output
                0x00000000000234c3                rpl_icmp6_dao_ack_output
                0x0000000000023533                rpl_icmp6_init
 .text          0x000000000002357c      0x264 build/cooja/mtype665.a(rpl-dag-root.o)
                0x000000000002357c                rpl_dag_root_print_links
                0x00000000000236a8                rpl_dag_root_set_prefix
                0x00000000000236d4                rpl_dag_root_start
                0x00000000000237b1                rpl_dag_root_is_root
 .text          0x00000000000237e0       0x30 build/cooja/mtype665.a(watchdog.o)
                0x00000000000237e0                watchdog_init
                0x00000000000237e6                watchdog_start
                0x00000000000237ec                watchdog_periodic
                0x0000000000023804                watchdog_stop
                0x000000000002380a                watchdog_reboot
 .text          0x0000000000023810       0x4a build/cooja/mtype665.a(int-master.o)
                0x0000000000023810                int_master_enable
                0x0000000000023820                int_master_read_and_disable
                0x000000000002383d                int_master_status_set
                0x000000000002384b                int_master_is_enabled
 .text          0x000000000002385a      0x226 build/cooja/mtype665.a(coap-timer-defa)
 .text          0x0000000000023a80       0xc7 build/cooja/mtype665.a(stimer.o)
                0x0000000000023a80                stimer_set
                0x0000000000023a9e                stimer_reset
                0x0000000000023acb                stimer_restart
                0x0000000000023ae0                stimer_expired
                0x0000000000023b0b                stimer_remaining
                0x0000000000023b2f                stimer_elapsed
 .text          0x0000000000023b47      0x156 build/cooja/mtype665.a(ringbuf.o)
                0x0000000000023b47                ringbuf_init
                0x0000000000023b79                ringbuf_put
                0x0000000000023bf7                ringbuf_get
                0x0000000000023c64                ringbuf_size
                0x0000000000023c76                ringbuf_elements
 .text          0x0000000000023c9d       0x1f build/cooja/mtype665.a(assert.o)
                0x0000000000023c9d                _xassert
 .text          0x0000000000023cbc      0x79b build/cooja/mtype665.a(nbr-table.o)
                0x0000000000024135                nbr_table_register
                0x00000000000241a2                nbr_table_is_registered
                0x00000000000241dd                nbr_table_head
                0x0000000000024238                nbr_table_next
                0x0000000000024299                nbr_table_add_lladdr
                0x0000000000024373                nbr_table_get_from_lladdr
                0x00000000000243bf                nbr_table_remove
                0x00000000000243f7                nbr_table_lock
                0x0000000000024411                nbr_table_unlock
                0x000000000002442b                nbr_table_get_lladdr
 .text          0x0000000000024457      0x3a5 build/cooja/mtype665.a(link-stats.o)
                0x0000000000024457                link_stats_from_lladdr
                0x0000000000024473                link_stats_get_lladdr
                0x000000000002448f                link_stats_is_fresh
                0x00000000000244cb                guess_etx_from_rssi
                0x0000000000024547                link_stats_packet_sent
                0x0000000000024667                link_stats_input_callback
                0x0000000000024777                link_stats_reset
                0x00000000000247c7                link_stats_init
 .text          0x00000000000247fc      0x187 build/cooja/mtype665.a(mac-sequence.o)
                0x00000000000247fc                mac_sequence_is_duplicate
                0x000000000002489c                mac_sequence_register_seqno
 .text          0x0000000000024983       0x23 build/cooja/mtype665.a(mac.o)
                0x0000000000024983                mac_call_sent_callback
 .text          0x00000000000249a6      0x432 build/cooja/mtype665.a(framer-802154.o)
                0x0000000000024b35                framer_802154_setup_params
 .text          0x0000000000024dd8      0xb6f build/cooja/mtype665.a(frame802154.o)
                0x0000000000024e09                frame802154_get_pan_id
                0x0000000000024e15                frame802154_set_pan_id
                0x0000000000024e2f                frame802154_has_panid
                0x0000000000024fde                frame802154_check_dest_panid
                0x0000000000025066                frame802154_is_broadcast_addr
                0x00000000000250b3                frame802154_extract_linkaddr
                0x0000000000025318                frame802154_hdrlen
                0x000000000002538b                frame802154_create_fcf
                0x0000000000025443                frame802154_create
                0x00000000000255b8                frame802154_parse_fcf
                0x000000000002569a                frame802154_parse
 .text          0x0000000000025947       0x2d build/cooja/mtype665.a(csma-security.o)
                0x0000000000025947                csma_security_create_frame
                0x0000000000025965                csma_security_parse_frame
 .text          0x0000000000025974      0x4e4 build/cooja/mtype665.a(uipbuf.o)
                0x0000000000025974                uipbuf_clear
                0x000000000002599b                uipbuf_add_ext_hdr
                0x0000000000025a1b                uipbuf_set_len
                0x0000000000025a48                uipbuf_set_len_field
                0x0000000000025a74                uipbuf_get_len_field
                0x0000000000025a94                uipbuf_get_next_header
                0x0000000000025bc6                uipbuf_get_last_header
                0x0000000000025c3f                uipbuf_search_header
                0x0000000000025cf5                uipbuf_get_attr
                0x0000000000025d1c                uipbuf_set_attr
                0x0000000000025d53                uipbuf_set_default_attr
                0x0000000000025d8a                uipbuf_clear_attr
                0x0000000000025dae                uipbuf_set_attr_flag
                0x0000000000025dcf                uipbuf_clr_attr_flag
                0x0000000000025df6                uipbuf_is_attr_flag
                0x0000000000025e1a                uipbuf_init
 .text          0x0000000000025e58      0x73f build/cooja/mtype665.a(uip-icmp6.o)
                0x0000000000025ecd                uip_icmp6_input
                0x0000000000025f24                uip_icmp6_register_input_handler
                0x0000000000026077                uip_icmp6_error_output
                0x0000000000026328                uip_icmp6_send
                0x000000000002651f                uip_icmp6_echo_reply_callback_add
                0x0000000000026551                uip_icmp6_echo_reply_callback_rm
                0x000000000002656e                uip_icmp6_init
 .text          0x0000000000026597      0x69b build/cooja/mtype665.a(uip-sr.o)
                0x0000000000026597                uip_sr_num_nodes
                0x0000000000026625                uip_sr_get_node
                0x000000000002667c                uip_sr_is_addr_reachable
                0x000000000002672a                uip_sr_expire_parent
                0x0000000000026773                uip_sr_update_node
                0x00000000000268a3                uip_sr_init
                0x00000000000268d7                uip_sr_node_head
                0x00000000000268f0                uip_sr_node_next
                0x0000000000026906                uip_sr_periodic
                0x0000000000026a0c                uip_sr_free_all
                0x0000000000026a7c                uip_sr_link_snprint
 .text          0x0000000000026c32      0x146 build/cooja/mtype665.a(uip-packetqueue)
                0x0000000000026c60                uip_packetqueue_new
                0x0000000000026c6f                uip_packetqueue_alloc
                0x0000000000026cca                uip_packetqueue_free
                0x0000000000026d11                uip_packetqueue_buf
                0x0000000000026d2e                uip_packetqueue_buflen
                0x0000000000026d4f                uip_packetqueue_set_buflen
 .text          0x0000000000026d78      0x1b0 build/cooja/mtype665.a(rpl-nbr-policy.)
                0x0000000000026ee5                rpl_nbr_policy_find_removable
 .text          0x0000000000026f28      0x915 build/cooja/mtype665.a(rpl-neighbor.o)
                0x0000000000026fa4                rpl_neighbor_snprint
                0x0000000000027257                rpl_neighbor_print_list
                0x000000000002730c                rpl_neighbor_count
                0x00000000000273b3                rpl_neighbor_get_from_lladdr
                0x00000000000273cf                rpl_neighbor_is_acceptable_parent
                0x0000000000027403                rpl_neighbor_get_link_metric
                0x0000000000027437                rpl_neighbor_rank_via_nbr
                0x000000000002746b                rpl_neighbor_get_lladdr
                0x0000000000027487                rpl_neighbor_get_ipaddr
                0x00000000000274ae                rpl_neighbor_get_link_stats
                0x00000000000274d5                rpl_neighbor_is_fresh
                0x00000000000274fc                rpl_neighbor_is_reachable
                0x0000000000027547                rpl_neighbor_is_parent
                0x0000000000027571                rpl_neighbor_set_preferred_parent
                0x0000000000027608                rpl_neighbor_remove_all
                0x0000000000027664                rpl_neighbor_get_from_ipaddr
                0x0000000000027772                rpl_neighbor_select_best
                0x000000000002781e                rpl_neighbor_init
 .text          0x000000000002783d      0xe69 build/cooja/mtype665.a(rpl-dag.o)
                0x000000000002783d                rpl_dag_state_to_str
                0x000000000002787c                rpl_dag_get_root_ipaddr
                0x00000000000278c4                rpl_dag_leave
                0x000000000002794d                rpl_dag_poison_and_leave
                0x0000000000027965                rpl_dag_periodic
                0x00000000000279ed                rpl_is_addr_in_our_dag
                0x0000000000027a31                rpl_get_default_instance
                0x0000000000027a4d                rpl_get_any_dag
                0x0000000000027aa6                rpl_refresh_routes
                0x0000000000027ae6                rpl_global_repair
                0x0000000000027b7f                rpl_local_repair
                0x0000000000027bc9                rpl_dag_ready_to_advertise
                0x0000000000027c0c                rpl_dag_update_state
                0x0000000000028339                rpl_process_dio
                0x00000000000283b7                rpl_process_dis
                0x00000000000283fc                rpl_process_dao
                0x000000000002848b                rpl_process_dao_ack
                0x0000000000028522                rpl_process_hbh
                0x0000000000028572                rpl_dag_init_root
                0x0000000000028686                rpl_dag_init
 .text          0x00000000000286a6      0x9e7 build/cooja/mtype665.a(rpl-timers.o)
                0x00000000000286a6                rpl_timers_schedule_periodic_dis
                0x00000000000287f4                rpl_timers_dio_reset
                0x0000000000028902                rpl_timers_schedule_unicast_dio
                0x0000000000028a56                rpl_timers_schedule_dao
                0x0000000000028b15                rpl_timers_schedule_dao_ack
                0x0000000000028b9b                rpl_timers_notify_dao_ack
                0x0000000000028bf9                get_probing_delay
                0x0000000000028c2d                get_probing_target
                0x0000000000028e17                rpl_schedule_probing
                0x0000000000028e45                rpl_schedule_probing_now
                0x0000000000028eaf                rpl_timers_unschedule_leaving
                0x0000000000028ee7                rpl_timers_schedule_leaving
                0x0000000000028f28                rpl_timers_init
                0x0000000000028fb8                rpl_timers_stop_dag_timers
                0x0000000000029031                rpl_timers_unschedule_state_update
                0x0000000000029055                rpl_timers_schedule_state_update
 .text          0x000000000002908d      0xb8e build/cooja/mtype665.a(rpl-ext-header.)
                0x000000000002908d                rpl_ext_header_srh_get_next_hop
                0x0000000000029174                rpl_ext_header_srh_update
                0x00000000000296e0                rpl_ext_header_hbh_update
                0x00000000000299e0                rpl_ext_header_update
                0x0000000000029a69                rpl_ext_header_remove
 .text          0x0000000000029c1b      0x31b build/cooja/mtype665.a(rpl-mrhof.o)
 *fill*         0x0000000000029f36        0xa 
 .text          0x0000000000029f40      0x122 /usr/lib/gcc/i686-linux-gnu/5/libgcc.a(_udivdi3.o)
                0x0000000000029f40                __udivdi3
 .text          0x000000000002a062        0x0 /usr/lib/gcc/i686-linux-gnu/5/crtendS.o
 .text          0x000000000002a062        0x0 /usr/lib/gcc/i686-linux-gnu/5/../../../i386-linux-gnu/crtn.o
 *(.gnu.warning)

.fini           0x000000000002a064       0x14
 *(SORT(.fini))
 .fini          0x000000000002a064        0xf /usr/lib/gcc/i686-linux-gnu/5/../../../i386-linux-gnu/crti.o
                0x000000000002a064                _fini
 .fini          0x000000000002a073        0x5 /usr/lib/gcc/i686-linux-gnu/5/../../../i386-linux-gnu/crtn.o
                [!provide]                        PROVIDE (__etext, .)
                [!provide]                        PROVIDE (_etext, .)
                [!provide]                        PROVIDE (etext, .)

.rodata         0x000000000002a080      0xc4b
 *(.rodata .rodata.* .gnu.linkonce.r.*)
 .rodata        0x000000000002a080       0xb5 air.o
                0x000000000002a094                autostart_processes
 *fill*         0x000000000002a135        0x3 
 .rodata        0x000000000002a138        0x8 build/cooja/mtype665.a(beep.o)
                0x000000000002a138                beep_interface
 .rodata        0x000000000002a140        0xe build/cooja/mtype665.a(leds-arch.o)
                0x000000000002a140                leds_interface
                0x000000000002a148                leds_arch_leds
 *fill*         0x000000000002a14e        0x2 
 .rodata        0x000000000002a150        0x8 build/cooja/mtype665.a(moteid.o)
                0x000000000002a150                moteid_interface
 .rodata        0x000000000002a158       0x1c build/cooja/mtype665.a(pir-sensor.o)
                0x000000000002a158                pir_interface
                0x000000000002a164                pir_sensor
 .rodata        0x000000000002a174        0xe build/cooja/mtype665.a(rs232.o)
                0x000000000002a174                rs232_interface
 *fill*         0x000000000002a182        0x2 
 .rodata        0x000000000002a184       0x24 build/cooja/mtype665.a(vib-sensor.o)
                0x000000000002a184                vib_interface
                0x000000000002a198                vib_sensor
 .rodata        0x000000000002a1a8        0x8 build/cooja/mtype665.a(clock.o)
                0x000000000002a1a8                clock_interface
 .rodata        0x000000000002a1b0        0x8 build/cooja/mtype665.a(cooja-log.o)
                0x000000000002a1b0                simlog_interface
 .rodata        0x000000000002a1b8       0x2f build/cooja/mtype665.a(cfs-cooja.o)
                0x000000000002a1b8                cfs_interface
 *fill*         0x000000000002a1e7       0x19 
 .rodata        0x000000000002a200       0xb8 build/cooja/mtype665.a(cooja-radio.o)
                0x000000000002a200                radio_interface
                0x000000000002a280                cooja_radio_driver
 .rodata        0x000000000002a2b8        0x8 build/cooja/mtype665.a(eeprom.o)
                0x000000000002a2b8                eeprom_interface
 .rodata        0x000000000002a2c0        0x8 build/cooja/mtype665.a(sensors.o)
 .rodata        0x000000000002a2c8       0x2c build/cooja/mtype665.a(buttons.o)
                0x000000000002a2c8                button_interface
                0x000000000002a2dc                button_hal_button_count
                0x000000000002a2e4                button_sensor
 .rodata        0x000000000002a2f4      0x15e build/cooja/mtype665.a(res_air.o)
 *fill*         0x000000000002a452        0x2 
 .rodata        0x000000000002a454       0xcb build/cooja/mtype665.a(res_quality.o)
 .rodata        0x000000000002a51f       0x41 build/cooja/mtype665.a(coap-engine.o)
 .rodata        0x000000000002a560       0x19 build/cooja/mtype665.a(coap-res-well-k)
 .rodata        0x000000000002a579       0x11 build/cooja/mtype665.a(coap-observe.o)
 .rodata        0x000000000002a58a       0x35 build/cooja/mtype665.a(coap-uip.o)
 *fill*         0x000000000002a5bf        0x1 
 .rodata        0x000000000002a5c0      0x1ac build/cooja/mtype665.a(coap.o)
 .rodata        0x000000000002a76c       0xf8 build/cooja/mtype665.a(contiki-main.o)
 .rodata        0x000000000002a864        0xf build/cooja/mtype665.a(ctimer.o)
 *fill*         0x000000000002a873        0x1 
 .rodata        0x000000000002a874       0xc4 build/cooja/mtype665.a(log.o)
 .rodata        0x000000000002a938        0xc build/cooja/mtype665.a(etimer.o)
 .rodata        0x000000000002a944       0x13 build/cooja/mtype665.a(button-hal.o)
 .rodata        0x000000000002a957        0xe build/cooja/mtype665.a(serial-line.o)
 *fill*         0x000000000002a965        0x3 
 .rodata        0x000000000002a968        0x8 build/cooja/mtype665.a(linkaddr.o)
                0x000000000002a968                linkaddr_null
 .rodata        0x000000000002a970       0x24 build/cooja/mtype665.a(csma.o)
                0x000000000002a978                csma_driver
 .rodata        0x000000000002a994       0x24 build/cooja/mtype665.a(csma-output.o)
 .rodata        0x000000000002a9b8       0x4d build/cooja/mtype665.a(uip-ds6-route.o)
 .rodata        0x000000000002aa05        0xd build/cooja/mtype665.a(tcpip.o)
 *fill*         0x000000000002aa12        0x2 
 .rodata        0x000000000002aa14       0x30 build/cooja/mtype665.a(sicslowpan.o)
                0x000000000002aa14                unc_llconf
                0x000000000002aa18                unc_ctxconf
                0x000000000002aa1c                unc_mxconf
                0x000000000002aa20                llprefix
                0x000000000002aa34                sicslowpan_driver
 .rodata        0x000000000002aa44       0x2d build/cooja/mtype665.a(uiplib.o)
 *fill*         0x000000000002aa71        0xf 
 .rodata        0x000000000002aa80       0x74 build/cooja/mtype665.a(rpl.o)
                0x000000000002aaa0                rpl_lite_driver
 .rodata        0x000000000002aaf4       0x20 build/cooja/mtype665.a(coap-timer-defa)
                0x000000000002ab08                coap_timer_default_driver
 .rodata        0x000000000002ab14       0x25 build/cooja/mtype665.a(assert.o)
 *fill*         0x000000000002ab39        0x3 
 .rodata        0x000000000002ab3c        0xc build/cooja/mtype665.a(framer-802154.o)
                0x000000000002ab3c                framer_802154
 .rodata        0x000000000002ab48       0x44 build/cooja/mtype665.a(uip-sr.o)
 .rodata        0x000000000002ab8c       0x58 build/cooja/mtype665.a(rpl-neighbor.o)
 .rodata        0x000000000002abe4       0xdb build/cooja/mtype665.a(rpl-dag.o)
 .rodata        0x000000000002acbf        0xc build/cooja/mtype665.a(rpl-timers.o)

.rodata1
 *(.rodata1)

.eh_frame_hdr   0x000000000002accc     0x19ec
 *(.eh_frame_hdr)
 .eh_frame_hdr  0x000000000002accc     0x19ec air.o
                0x000000000002accc                __GNU_EH_FRAME_HDR
 *(.eh_frame_entry .eh_frame_entry.*)

.eh_frame       0x000000000002c6b8     0x6928
 *(.eh_frame)
 .eh_frame      0x000000000002c6b8       0x3c /usr/lib/gcc/i686-linux-gnu/5/../../../i386-linux-gnu/crti.o
                                         0x40 (size before relaxing)
 .eh_frame      0x000000000002c6f4       0x40 air.o
                                         0x58 (size before relaxing)
 .eh_frame      0x000000000002c734      0x178 build/cooja/mtype665.o
                                        0x190 (size before relaxing)
 .eh_frame      0x000000000002c8ac       0x40 build/cooja/mtype665.a(simEnvChange.o)
                                         0x58 (size before relaxing)
 .eh_frame      0x000000000002c8ec       0x60 build/cooja/mtype665.a(cooja_mt.o)
                                         0x78 (size before relaxing)
 .eh_frame      0x000000000002c94c       0x80 build/cooja/mtype665.a(cooja_mtarch.o)
                                         0x98 (size before relaxing)
 .eh_frame      0x000000000002c9cc       0xc8 build/cooja/mtype665.a(rtimer-arch.o)
                                         0xe0 (size before relaxing)
 .eh_frame      0x000000000002ca94      0x160 build/cooja/mtype665.a(beep.o)
                                        0x178 (size before relaxing)
 .eh_frame      0x000000000002cbf4       0x80 build/cooja/mtype665.a(leds-arch.o)
                                         0x98 (size before relaxing)
 .eh_frame      0x000000000002cc74       0x40 build/cooja/mtype665.a(moteid.o)
                                         0x58 (size before relaxing)
 .eh_frame      0x000000000002ccb4       0xa0 build/cooja/mtype665.a(pir-sensor.o)
                                         0xb8 (size before relaxing)
 .eh_frame      0x000000000002cd54      0x100 build/cooja/mtype665.a(rs232.o)
                                        0x118 (size before relaxing)
 .eh_frame      0x000000000002ce54       0xa0 build/cooja/mtype665.a(vib-sensor.o)
                                         0xb8 (size before relaxing)
 .eh_frame      0x000000000002cef4       0xc0 build/cooja/mtype665.a(clock.o)
                                         0xd8 (size before relaxing)
 .eh_frame      0x000000000002cfb4      0x120 build/cooja/mtype665.a(cooja-log.o)
                                        0x138 (size before relaxing)
 .eh_frame      0x000000000002d0d4      0x160 build/cooja/mtype665.a(cfs-cooja.o)
                                        0x178 (size before relaxing)
 .eh_frame      0x000000000002d234      0x340 build/cooja/mtype665.a(cooja-radio.o)
                                        0x358 (size before relaxing)
 .eh_frame      0x000000000002d574       0xa0 build/cooja/mtype665.a(eeprom.o)
                                         0xb8 (size before relaxing)
 .eh_frame      0x000000000002d614       0x40 build/cooja/mtype665.a(random.o)
                                         0x58 (size before relaxing)
 .eh_frame      0x000000000002d654       0xc0 build/cooja/mtype665.a(sensors.o)
                                         0xd8 (size before relaxing)
 .eh_frame      0x000000000002d714      0x120 build/cooja/mtype665.a(leds.o)
                                        0x138 (size before relaxing)
 .eh_frame      0x000000000002d834      0x220 build/cooja/mtype665.a(gpio-hal-arch.o)
                                        0x238 (size before relaxing)
 .eh_frame      0x000000000002da54       0xa0 build/cooja/mtype665.a(buttons.o)
                                         0xb8 (size before relaxing)
 .eh_frame      0x000000000002daf4       0x60 build/cooja/mtype665.a(res_air.o)
                                         0x78 (size before relaxing)
 .eh_frame      0x000000000002db54       0x40 build/cooja/mtype665.a(res_quality.o)
                                         0x58 (size before relaxing)
 .eh_frame      0x000000000002db94       0x44 build/cooja/mtype665.a(coap-blocking-a)
                                         0x5c (size before relaxing)
 .eh_frame      0x000000000002dbd8      0x220 build/cooja/mtype665.a(coap-engine.o)
                                        0x238 (size before relaxing)
 .eh_frame      0x000000000002ddf8       0x24 build/cooja/mtype665.a(coap-res-well-k)
                                         0x3c (size before relaxing)
 .eh_frame      0x000000000002de1c      0x188 build/cooja/mtype665.a(coap-observe.o)
                                        0x1a0 (size before relaxing)
 .eh_frame      0x000000000002dfa4      0x250 build/cooja/mtype665.a(coap-uip.o)
                                        0x268 (size before relaxing)
 .eh_frame      0x000000000002e1f4      0x114 build/cooja/mtype665.a(coap-timer.o)
                                        0x12c (size before relaxing)
 .eh_frame      0x000000000002e308      0x100 build/cooja/mtype665.a(coap-transactio)
                                        0x118 (size before relaxing)
 .eh_frame      0x000000000002e408      0x6ec build/cooja/mtype665.a(coap.o)
                                        0x704 (size before relaxing)
 .eh_frame      0x000000000002eaf4       0x30 build/cooja/mtype665.a(contiki-main.o)
                                         0x48 (size before relaxing)
 .eh_frame      0x000000000002eb24       0x40 build/cooja/mtype665.a(autostart.o)
                                         0x58 (size before relaxing)
 .eh_frame      0x000000000002eb64      0x100 build/cooja/mtype665.a(ctimer.o)
                                        0x118 (size before relaxing)
 .eh_frame      0x000000000002ec64      0x100 build/cooja/mtype665.a(log.o)
                                        0x118 (size before relaxing)
 .eh_frame      0x000000000002ed64       0x60 build/cooja/mtype665.a(energest.o)
                                         0x78 (size before relaxing)
 .eh_frame      0x000000000002edc4      0x1e0 build/cooja/mtype665.a(etimer.o)
                                        0x1f8 (size before relaxing)
 .eh_frame      0x000000000002efa4       0x20 build/cooja/mtype665.a(node-id.o)
                                         0x38 (size before relaxing)
 .eh_frame      0x000000000002efc4       0x60 build/cooja/mtype665.a(rtimer.o)
                                         0x78 (size before relaxing)
 .eh_frame      0x000000000002f024      0x1c4 build/cooja/mtype665.a(process.o)
                                        0x1dc (size before relaxing)
 .eh_frame      0x000000000002f1e8       0xa4 build/cooja/mtype665.a(timer.o)
                                         0xbc (size before relaxing)
 .eh_frame      0x000000000002f28c      0x1a0 build/cooja/mtype665.a(list.o)
                                        0x1b8 (size before relaxing)
 .eh_frame      0x000000000002f42c       0xa0 build/cooja/mtype665.a(memb.o)
                                         0xb8 (size before relaxing)
 .eh_frame      0x000000000002f4cc      0x144 build/cooja/mtype665.a(button-hal.o)
                                        0x15c (size before relaxing)
 .eh_frame      0x000000000002f610       0x60 build/cooja/mtype665.a(serial-line.o)
                                         0x78 (size before relaxing)
 .eh_frame      0x000000000002f670       0xe0 build/cooja/mtype665.a(gpio-hal.o)
                                         0xf8 (size before relaxing)
 .eh_frame      0x000000000002f750      0x1a0 build/cooja/mtype665.a(queuebuf.o)
                                        0x1b8 (size before relaxing)
 .eh_frame      0x000000000002f8f0      0x28c build/cooja/mtype665.a(packetbuf.o)
                                        0x2a4 (size before relaxing)
 .eh_frame      0x000000000002fb7c       0x80 build/cooja/mtype665.a(netstack.o)
                                         0x98 (size before relaxing)
 .eh_frame      0x000000000002fbfc       0x60 build/cooja/mtype665.a(linkaddr.o)
                                         0x78 (size before relaxing)
 .eh_frame      0x000000000002fc5c       0xe0 build/cooja/mtype665.a(csma.o)
                                         0xf8 (size before relaxing)
 .eh_frame      0x000000000002fd3c      0x1d0 build/cooja/mtype665.a(csma-output.o)
                                        0x1e8 (size before relaxing)
 .eh_frame      0x000000000002ff0c      0x328 build/cooja/mtype665.a(uip-ds6.o)
                                        0x340 (size before relaxing)
 .eh_frame      0x0000000000030234       0x40 build/cooja/mtype665.a(uip-udp-packet.)
                                         0x58 (size before relaxing)
 .eh_frame      0x0000000000030274      0x220 build/cooja/mtype665.a(uip-ds6-route.o)
                                        0x238 (size before relaxing)
 .eh_frame      0x0000000000030494      0x244 build/cooja/mtype665.a(tcpip.o)
                                        0x25c (size before relaxing)
 .eh_frame      0x00000000000306d8      0x1e8 build/cooja/mtype665.a(uip6.o)
                                        0x200 (size before relaxing)
 .eh_frame      0x00000000000308c0      0x1c0 build/cooja/mtype665.a(uip-ds6-nbr.o)
                                        0x1d8 (size before relaxing)
 .eh_frame      0x0000000000030a80       0x84 build/cooja/mtype665.a(uip-nd6.o)
                                         0x9c (size before relaxing)
 .eh_frame      0x0000000000030b04      0x2f8 build/cooja/mtype665.a(sicslowpan.o)
                                        0x310 (size before relaxing)
 .eh_frame      0x0000000000030dfc       0x88 build/cooja/mtype665.a(uiplib.o)
                                         0xa0 (size before relaxing)
 .eh_frame      0x0000000000030e84      0x1e0 build/cooja/mtype665.a(rpl.o)
                                        0x1f8 (size before relaxing)
 .eh_frame      0x0000000000031064      0x1c4 build/cooja/mtype665.a(rpl-icmp6.o)
                                        0x1dc (size before relaxing)
 .eh_frame      0x0000000000031228       0xa0 build/cooja/mtype665.a(rpl-dag-root.o)
                                         0xb8 (size before relaxing)
 .eh_frame      0x00000000000312c8       0xa0 build/cooja/mtype665.a(watchdog.o)
                                         0xb8 (size before relaxing)
 .eh_frame      0x0000000000031368       0x80 build/cooja/mtype665.a(int-master.o)
                                         0x98 (size before relaxing)
 .eh_frame      0x00000000000313e8       0xa4 build/cooja/mtype665.a(coap-timer-defa)
                                         0xbc (size before relaxing)
 .eh_frame      0x000000000003148c       0xc4 build/cooja/mtype665.a(stimer.o)
                                         0xdc (size before relaxing)
 .eh_frame      0x0000000000031550       0xa0 build/cooja/mtype665.a(ringbuf.o)
                                         0xb8 (size before relaxing)
 .eh_frame      0x00000000000315f0       0x20 build/cooja/mtype665.a(assert.o)
                                         0x38 (size before relaxing)
 .eh_frame      0x0000000000031610      0x2ac build/cooja/mtype665.a(nbr-table.o)
                                        0x2c4 (size before relaxing)
 .eh_frame      0x00000000000318bc      0x120 build/cooja/mtype665.a(link-stats.o)
                                        0x138 (size before relaxing)
 .eh_frame      0x00000000000319dc       0x48 build/cooja/mtype665.a(mac-sequence.o)
                                         0x60 (size before relaxing)
 .eh_frame      0x0000000000031a24       0x20 build/cooja/mtype665.a(mac.o)
                                         0x38 (size before relaxing)
 .eh_frame      0x0000000000031a44       0xa4 build/cooja/mtype665.a(framer-802154.o)
                                         0xbc (size before relaxing)
 .eh_frame      0x0000000000031ae8      0x1a4 build/cooja/mtype665.a(frame802154.o)
                                        0x1bc (size before relaxing)
 .eh_frame      0x0000000000031c8c       0x40 build/cooja/mtype665.a(csma-security.o)
                                         0x58 (size before relaxing)
 .eh_frame      0x0000000000031ccc      0x200 build/cooja/mtype665.a(uipbuf.o)
                                        0x218 (size before relaxing)
 .eh_frame      0x0000000000031ecc      0x150 build/cooja/mtype665.a(uip-icmp6.o)
                                        0x168 (size before relaxing)
 .eh_frame      0x000000000003201c      0x184 build/cooja/mtype665.a(uip-sr.o)
                                        0x19c (size before relaxing)
 .eh_frame      0x00000000000321a0       0xe0 build/cooja/mtype665.a(uip-packetqueue)
                                         0xf8 (size before relaxing)
 .eh_frame      0x0000000000032280       0x80 build/cooja/mtype665.a(rpl-nbr-policy.)
                                         0x98 (size before relaxing)
 .eh_frame      0x0000000000032300      0x2d4 build/cooja/mtype665.a(rpl-neighbor.o)
                                        0x2ec (size before relaxing)
 .eh_frame      0x00000000000325d4      0x370 build/cooja/mtype665.a(rpl-dag.o)
                                        0x388 (size before relaxing)
 .eh_frame      0x0000000000032944      0x3a8 build/cooja/mtype665.a(rpl-timers.o)
                                        0x3c0 (size before relaxing)
 .eh_frame      0x0000000000032cec      0x124 build/cooja/mtype665.a(rpl-ext-header.)
                                        0x13c (size before relaxing)
 .eh_frame      0x0000000000032e10      0x148 build/cooja/mtype665.a(rpl-mrhof.o)
                                        0x160 (size before relaxing)
 .eh_frame      0x0000000000032f58       0x84 /usr/lib/gcc/i686-linux-gnu/5/libgcc.a(_udivdi3.o)
                                         0x9c (size before relaxing)
 .eh_frame      0x0000000000032fdc        0x4 /usr/lib/gcc/i686-linux-gnu/5/crtendS.o
 *(.eh_frame.*)

.gcc_except_table
 *(.gcc_except_table .gcc_except_table.*)

.gnu_extab
 *(.gnu_extab*)

.exception_ranges
 *(.exception_ranges .exception_ranges*)
                0x0000000000034f10                . = DATA_SEGMENT_ALIGN (0x1000, 0x1000)

.eh_frame
 *(.eh_frame)
 *(.eh_frame.*)

.gnu_extab
 *(.gnu_extab)

.gcc_except_table
 *(.gcc_except_table .gcc_except_table.*)

.exception_ranges
 *(.exception_ranges .exception_ranges*)

.tdata
 *(.tdata .tdata.* .gnu.linkonce.td.*)

.tbss
 *(.tbss .tbss.* .gnu.linkonce.tb.*)
 *(.tcommon)

.preinit_array
 *(.preinit_array)

.init_array     0x0000000000034f10        0x4
 *(SORT(.init_array.*) SORT(.ctors.*))
 *(.init_array EXCLUDE_FILE(*crtend?.o *crtend.o *crtbegin?.o *crtbegin.o) .ctors)
 .init_array    0x0000000000034f10        0x4 /usr/lib/gcc/i686-linux-gnu/5/crtbeginS.o

.fini_array     0x0000000000034f14        0x4
 *(SORT(.fini_array.*) SORT(.dtors.*))
 *(.fini_array EXCLUDE_FILE(*crtend?.o *crtend.o *crtbegin?.o *crtbegin.o) .dtors)
 .fini_array    0x0000000000034f14        0x4 /usr/lib/gcc/i686-linux-gnu/5/crtbeginS.o

.ctors
 *crtbegin.o(.ctors)
 *crtbegin?.o(.ctors)
 *(EXCLUDE_FILE(*crtend?.o *crtend.o) .ctors)
 *(SORT(.ctors.*))
 *(.ctors)

.dtors
 *crtbegin.o(.dtors)
 *crtbegin?.o(.dtors)
 *(EXCLUDE_FILE(*crtend?.o *crtend.o) .dtors)
 *(SORT(.dtors.*))
 *(.dtors)

.jcr            0x0000000000034f18        0x4
 *(.jcr)
 .jcr           0x0000000000034f18        0x0 /usr/lib/gcc/i686-linux-gnu/5/crtbeginS.o
 .jcr           0x0000000000034f18        0x4 /usr/lib/gcc/i686-linux-gnu/5/crtendS.o

.data.rel.ro
 *(.data.rel.ro.local* .gnu.linkonce.d.rel.ro.local.*)
 *(.data.rel.ro .data.rel.ro.* .gnu.linkonce.d.rel.ro.*)

.dynamic        0x0000000000034f1c       0xd0
 *(.dynamic)
 .dynamic       0x0000000000034f1c       0xd0 /usr/lib/gcc/i686-linux-gnu/5/../../../i386-linux-gnu/crti.o
                0x0000000000034f1c                _DYNAMIC

.got            0x0000000000034fec       0x14
 *(.got)
 .got           0x0000000000034fec       0x14 /usr/lib/gcc/i686-linux-gnu/5/../../../i386-linux-gnu/crti.o
 *(.igot)
                0x0000000000035ff4                . = DATA_SEGMENT_RELRO_END (., (SIZEOF (.got.plt) >= 0xc)?0xc:0x0)

.got.plt        0x0000000000035000        0xc
 *(.got.plt)
 .got.plt       0x0000000000035000        0xc /usr/lib/gcc/i686-linux-gnu/5/../../../i386-linux-gnu/crti.o
                0x0000000000035000                _GLOBAL_OFFSET_TABLE_
 *(.igot.plt)

.data           0x0000000000035020      0x4a4
 *(.data .data.* .gnu.linkonce.d.*)
 .data          0x0000000000035020        0x0 /usr/lib/gcc/i686-linux-gnu/5/../../../i386-linux-gnu/crti.o
 .data          0x0000000000035020        0x0 /usr/lib/gcc/i686-linux-gnu/5/crtbeginS.o
 .data.rel.local
                0x0000000000035020        0x4 /usr/lib/gcc/i686-linux-gnu/5/crtbeginS.o
                0x0000000000035020                __dso_handle
 .data          0x0000000000035024       0x10 air.o
                0x0000000000035024                air_node
 *fill*         0x0000000000035034        0xc 
 .data          0x0000000000035040       0x44 build/cooja/mtype665.o
                0x0000000000035040                simInterfaces
                0x0000000000035074                sensors
 .data          0x0000000000035084        0x0 build/cooja/mtype665.a(simEnvChange.o)
 .data          0x0000000000035084        0x0 build/cooja/mtype665.a(cooja_mt.o)
 .data          0x0000000000035084        0x0 build/cooja/mtype665.a(cooja_mtarch.o)
 .data          0x0000000000035084        0x0 build/cooja/mtype665.a(rtimer-arch.o)
 .data          0x0000000000035084        0x0 build/cooja/mtype665.a(beep.o)
 .data          0x0000000000035084        0x0 build/cooja/mtype665.a(leds-arch.o)
 .data          0x0000000000035084        0x0 build/cooja/mtype665.a(moteid.o)
 .data          0x0000000000035084        0x0 build/cooja/mtype665.a(pir-sensor.o)
 .data          0x0000000000035084        0x0 build/cooja/mtype665.a(rs232.o)
 .data          0x0000000000035084        0x0 build/cooja/mtype665.a(vib-sensor.o)
 .data          0x0000000000035084        0x0 build/cooja/mtype665.a(clock.o)
 .data          0x0000000000035084        0x0 build/cooja/mtype665.a(cooja-log.o)
 .data          0x0000000000035084        0x0 build/cooja/mtype665.a(cfs-cooja.o)
 .data          0x0000000000035084       0x2c build/cooja/mtype665.a(cooja-radio.o)
                0x0000000000035084                simRadioHWOn
                0x0000000000035088                simSignalStrength
                0x000000000003508c                simLastSignalStrength
                0x0000000000035090                simPower
                0x0000000000035094                simRadioChannel
                0x0000000000035098                simLQI
                0x00000000000350a0                cooja_radio_process
 .data          0x00000000000350b0        0x0 build/cooja/mtype665.a(eeprom.o)
 .data          0x00000000000350b0        0x0 build/cooja/mtype665.a(random.o)
 .data          0x00000000000350b0       0x10 build/cooja/mtype665.a(sensors.o)
                0x00000000000350b0                sensors_process
 .data          0x00000000000350c0        0x0 build/cooja/mtype665.a(leds.o)
 .data          0x00000000000350c0        0x0 build/cooja/mtype665.a(gpio-hal-arch.o)
 .data          0x00000000000350c0       0x78 build/cooja/mtype665.a(buttons.o)
                0x00000000000350c0                simButtonIsActive
                0x0000000000035130                button_hal_buttons
 *fill*         0x0000000000035138        0x8 
 .data          0x0000000000035140       0x24 build/cooja/mtype665.a(res_air.o)
                0x0000000000035140                res_air
 *fill*         0x0000000000035164       0x1c 
 .data          0x0000000000035180       0x44 build/cooja/mtype665.a(res_quality.o)
                0x0000000000035180                quality
                0x00000000000351a0                res_quality
 .data          0x00000000000351c4        0x0 build/cooja/mtype665.a(coap-blocking-a)
 .data          0x00000000000351c4        0x8 build/cooja/mtype665.a(coap-engine.o)
 *fill*         0x00000000000351cc       0x14 
 .data          0x00000000000351e0       0x24 build/cooja/mtype665.a(coap-res-well-k)
                0x00000000000351e0                res_well_known_core
 .data          0x0000000000035204       0x10 build/cooja/mtype665.a(coap-observe.o)
 .data          0x0000000000035214       0x10 build/cooja/mtype665.a(coap-uip.o)
                0x0000000000035214                coap_engine
 .data          0x0000000000035224        0x4 build/cooja/mtype665.a(coap-timer.o)
 .data          0x0000000000035228       0x10 build/cooja/mtype665.a(coap-transactio)
 .data          0x0000000000035238        0x4 build/cooja/mtype665.a(coap.o)
                0x0000000000035238                coap_error_message
 .data          0x000000000003523c        0x0 build/cooja/mtype665.a(contiki-main.o)
 .data          0x000000000003523c        0x0 build/cooja/mtype665.a(autostart.o)
 .data          0x000000000003523c       0x14 build/cooja/mtype665.a(ctimer.o)
                0x0000000000035240                ctimer_process
 *fill*         0x0000000000035250       0x10 
 .data          0x0000000000035260       0xbc build/cooja/mtype665.a(log.o)
                0x0000000000035260                curr_log_level_main
                0x0000000000035280                all_modules
 .data          0x000000000003531c        0x0 build/cooja/mtype665.a(energest.o)
 .data          0x000000000003531c       0x10 build/cooja/mtype665.a(etimer.o)
                0x000000000003531c                etimer_process
 .data          0x000000000003532c        0x0 build/cooja/mtype665.a(node-id.o)
 .data          0x000000000003532c        0x0 build/cooja/mtype665.a(rtimer.o)
 .data          0x000000000003532c        0x0 build/cooja/mtype665.a(process.o)
 .data          0x000000000003532c        0x0 build/cooja/mtype665.a(timer.o)
 .data          0x000000000003532c        0x0 build/cooja/mtype665.a(list.o)
 .data          0x000000000003532c        0x0 build/cooja/mtype665.a(memb.o)
 .data          0x000000000003532c       0x10 build/cooja/mtype665.a(button-hal.o)
                0x000000000003532c                button_hal_process
 .data          0x000000000003533c       0x10 build/cooja/mtype665.a(serial-line.o)
                0x000000000003533c                serial_line_process
 .data          0x000000000003534c        0x4 build/cooja/mtype665.a(gpio-hal.o)
 .data          0x0000000000035350       0x18 build/cooja/mtype665.a(queuebuf.o)
 .data          0x0000000000035368        0x4 build/cooja/mtype665.a(packetbuf.o)
 .data          0x000000000003536c        0x4 build/cooja/mtype665.a(netstack.o)
 .data          0x0000000000035370        0x0 build/cooja/mtype665.a(linkaddr.o)
 .data          0x0000000000035370        0x0 build/cooja/mtype665.a(csma.o)
 .data          0x0000000000035370       0x28 build/cooja/mtype665.a(csma-output.o)
 .data          0x0000000000035398        0x0 build/cooja/mtype665.a(uip-ds6.o)
 .data          0x0000000000035398        0x0 build/cooja/mtype665.a(uip-udp-packet.)
 .data          0x0000000000035398       0x10 build/cooja/mtype665.a(uip-ds6-route.o)
 .data          0x00000000000353a8       0x10 build/cooja/mtype665.a(tcpip.o)
                0x00000000000353a8                tcpip_process
 .data          0x00000000000353b8        0x0 build/cooja/mtype665.a(uip6.o)
 .data          0x00000000000353b8       0x14 build/cooja/mtype665.a(uip-ds6-nbr.o)
 .data          0x00000000000353cc        0xc build/cooja/mtype665.a(uip-nd6.o)
 .data          0x00000000000353d8        0x0 build/cooja/mtype665.a(sicslowpan.o)
 .data          0x00000000000353d8        0x0 build/cooja/mtype665.a(uiplib.o)
 .data          0x00000000000353d8        0x0 build/cooja/mtype665.a(rpl.o)
 .data          0x00000000000353d8       0x30 build/cooja/mtype665.a(rpl-icmp6.o)
 .data          0x0000000000035408        0x0 build/cooja/mtype665.a(rpl-dag-root.o)
 .data          0x0000000000035408        0x0 build/cooja/mtype665.a(watchdog.o)
 .data          0x0000000000035408        0x0 build/cooja/mtype665.a(int-master.o)
 .data          0x0000000000035408       0x10 build/cooja/mtype665.a(coap-timer-defa)
                0x0000000000035408                coap_timer_process
 .data          0x0000000000035418        0x0 build/cooja/mtype665.a(stimer.o)
 .data          0x0000000000035418        0x0 build/cooja/mtype665.a(ringbuf.o)
 .data          0x0000000000035418        0x0 build/cooja/mtype665.a(assert.o)
 .data          0x0000000000035418       0x10 build/cooja/mtype665.a(nbr-table.o)
 .data          0x0000000000035428       0x14 build/cooja/mtype665.a(link-stats.o)
 .data          0x000000000003543c        0x0 build/cooja/mtype665.a(mac-sequence.o)
 .data          0x000000000003543c        0x0 build/cooja/mtype665.a(mac.o)
 .data          0x000000000003543c        0x0 build/cooja/mtype665.a(framer-802154.o)
 .data          0x000000000003543c        0x2 build/cooja/mtype665.a(frame802154.o)
 .data          0x000000000003543e        0x0 build/cooja/mtype665.a(csma-security.o)
 .data          0x000000000003543e        0x0 build/cooja/mtype665.a(uipbuf.o)
 *fill*         0x000000000003543e        0x2 
 .data          0x0000000000035440       0x20 build/cooja/mtype665.a(uip-icmp6.o)
 .data          0x0000000000035460       0x10 build/cooja/mtype665.a(uip-sr.o)
 .data          0x0000000000035470        0xc build/cooja/mtype665.a(uip-packetqueue)
 .data          0x000000000003547c        0x0 build/cooja/mtype665.a(rpl-nbr-policy.)
 .data          0x000000000003547c       0x14 build/cooja/mtype665.a(rpl-neighbor.o)
                0x000000000003548c                rpl_neighbors
 .data          0x0000000000035490        0x0 build/cooja/mtype665.a(rpl-dag.o)
 .data          0x0000000000035490        0x0 build/cooja/mtype665.a(rpl-timers.o)
 .data          0x0000000000035490        0x0 build/cooja/mtype665.a(rpl-ext-header.)
 *fill*         0x0000000000035490       0x10 
 .data          0x00000000000354a0       0x24 build/cooja/mtype665.a(rpl-mrhof.o)
                0x00000000000354a0                rpl_mrhof
 .data          0x00000000000354c4        0x0 /usr/lib/gcc/i686-linux-gnu/5/libgcc.a(_udivdi3.o)
 .data          0x00000000000354c4        0x0 /usr/lib/gcc/i686-linux-gnu/5/crtendS.o
 .data          0x00000000000354c4        0x0 /usr/lib/gcc/i686-linux-gnu/5/../../../i386-linux-gnu/crtn.o

.tm_clone_table
                0x00000000000354c4        0x0
 .tm_clone_table
                0x00000000000354c4        0x0 /usr/lib/gcc/i686-linux-gnu/5/crtbeginS.o
 .tm_clone_table
                0x00000000000354c4        0x0 /usr/lib/gcc/i686-linux-gnu/5/crtendS.o

.data1
 *(.data1)
                0x00000000000354c4                _edata = .
                [!provide]                        PROVIDE (edata, .)
                0x00000000000354c4                . = .
                0x00000000000354c4                __bss_start = .

.bss            0x00000000000354e0    0x13f84
 *(.dynbss)
 .dynbss        0x00000000000354e0        0x0 /usr/lib/gcc/i686-linux-gnu/5/../../../i386-linux-gnu/crti.o
 *(.bss .bss.* .gnu.linkonce.b.*)
 .bss           0x00000000000354e0        0x0 /usr/lib/gcc/i686-linux-gnu/5/../../../i386-linux-gnu/crti.o
 .bss           0x00000000000354e0        0x1 /usr/lib/gcc/i686-linux-gnu/5/crtbeginS.o
 *fill*         0x00000000000354e1       0x1f 
 .bss           0x0000000000035500      0x12c air.o
                0x0000000000035500                registered
 *fill*         0x000000000003562c       0x14 
 .bss           0x0000000000035640     0x2030 build/cooja/mtype665.o
 .bss           0x0000000000037670        0x1 build/cooja/mtype665.a(simEnvChange.o)
                0x0000000000037670                simDontFallAsleep
 *fill*         0x0000000000037671        0x3 
 .bss           0x0000000000037674        0x4 build/cooja/mtype665.a(cooja_mt.o)
 .bss           0x0000000000037678        0x4 build/cooja/mtype665.a(cooja_mtarch.o)
 .bss           0x000000000003767c        0x0 build/cooja/mtype665.a(rtimer-arch.o)
 .bss           0x000000000003767c        0x0 build/cooja/mtype665.a(beep.o)
 .bss           0x000000000003767c        0x1 build/cooja/mtype665.a(leds-arch.o)
                0x000000000003767c                simLedsValue
 .bss           0x000000000003767d        0x0 build/cooja/mtype665.a(moteid.o)
 .bss           0x000000000003767d        0x1 build/cooja/mtype665.a(pir-sensor.o)
                0x000000000003767d                simPirValue
 *fill*         0x000000000003767e        0x2 
 .bss           0x0000000000037680        0x4 build/cooja/mtype665.a(rs232.o)
 .bss           0x0000000000037684        0x1 build/cooja/mtype665.a(vib-sensor.o)
                0x0000000000037684                simVibValue
 .bss           0x0000000000037685        0x0 build/cooja/mtype665.a(clock.o)
 *fill*         0x0000000000037685       0x1b 
 .bss           0x00000000000376a0     0x2020 build/cooja/mtype665.a(cooja-log.o)
 .bss           0x00000000000396c0      0xfc0 build/cooja/mtype665.a(cfs-cooja.o)
                0x00000000000396c0                simCFSData
                0x000000000003a660                simCFSSize
                0x000000000003a664                simCFSChanged
                0x000000000003a668                simCFSRead
                0x000000000003a66c                simCFSWritten
 .bss           0x000000000003a680       0x24 build/cooja/mtype665.a(cooja-radio.o)
                0x000000000003a680                simReceiving
                0x000000000003a684                simInSize
                0x000000000003a688                simLastPacketTimestamp
                0x000000000003a690                simOutSize
 .bss           0x000000000003a6a4        0xc build/cooja/mtype665.a(eeprom.o)
                0x000000000003a6a4                simEEPROMChanged
                0x000000000003a6a8                simEEPROMRead
                0x000000000003a6ac                simEEPROMWritten
 .bss           0x000000000003a6b0        0x0 build/cooja/mtype665.a(random.o)
 .bss           0x000000000003a6b0        0xc build/cooja/mtype665.a(sensors.o)
 .bss           0x000000000003a6bc        0x0 build/cooja/mtype665.a(leds.o)
 .bss           0x000000000003a6bc       0x24 build/cooja/mtype665.a(gpio-hal-arch.o)
 .bss           0x000000000003a6e0        0x0 build/cooja/mtype665.a(buttons.o)
 .bss           0x000000000003a6e0        0x1 build/cooja/mtype665.a(res_air.o)
                0x000000000003a6e0                air_state
 *fill*         0x000000000003a6e1        0x3 
 .bss           0x000000000003a6e4        0x4 build/cooja/mtype665.a(res_quality.o)
 .bss           0x000000000003a6e8        0x0 build/cooja/mtype665.a(coap-blocking-a)
 *fill*         0x000000000003a6e8       0x18 
 .bss           0x000000000003a700      0x190 build/cooja/mtype665.a(coap-engine.o)
 .bss           0x000000000003a890        0x0 build/cooja/mtype665.a(coap-res-well-k)
 *fill*         0x000000000003a890       0x10 
 .bss           0x000000000003a8a0      0x120 build/cooja/mtype665.a(coap-observe.o)
 .bss           0x000000000003a9c0       0x18 build/cooja/mtype665.a(coap-uip.o)
 .bss           0x000000000003a9d8        0x5 build/cooja/mtype665.a(coap-timer.o)
 *fill*         0x000000000003a9dd        0x3 
 .bss           0x000000000003a9e0      0x334 build/cooja/mtype665.a(coap-transactio)
 .bss           0x000000000003ad14        0x6 build/cooja/mtype665.a(coap.o)
                0x000000000003ad14                coap_status_code
 .bss           0x000000000003ad1a        0x0 build/cooja/mtype665.a(contiki-main.o)
 .bss           0x000000000003ad1a        0x0 build/cooja/mtype665.a(autostart.o)
 *fill*         0x000000000003ad1a        0x2 
 .bss           0x000000000003ad1c        0x5 build/cooja/mtype665.a(ctimer.o)
 *fill*         0x000000000003ad21        0x3 
 .bss           0x000000000003ad24       0x2c build/cooja/mtype665.a(log.o)
                0x000000000003ad24                curr_log_level_rpl
                0x000000000003ad28                curr_log_level_tcpip
                0x000000000003ad2c                curr_log_level_ipv6
                0x000000000003ad30                curr_log_level_6lowpan
                0x000000000003ad34                curr_log_level_nullnet
                0x000000000003ad38                curr_log_level_mac
                0x000000000003ad3c                curr_log_level_framer
                0x000000000003ad40                curr_log_level_6top
                0x000000000003ad44                curr_log_level_coap
                0x000000000003ad48                curr_log_level_snmp
                0x000000000003ad4c                curr_log_level_lwm2m
 .bss           0x000000000003ad50        0x0 build/cooja/mtype665.a(energest.o)
 .bss           0x000000000003ad50        0x8 build/cooja/mtype665.a(etimer.o)
 .bss           0x000000000003ad58        0x2 build/cooja/mtype665.a(node-id.o)
                0x000000000003ad58                node_id
 *fill*         0x000000000003ad5a        0x2 
 .bss           0x000000000003ad5c        0x4 build/cooja/mtype665.a(rtimer.o)
 .bss           0x000000000003ad60      0x1a1 build/cooja/mtype665.a(process.o)
                0x000000000003ad60                process_list
                0x000000000003ad64                process_current
 .bss           0x000000000003af01        0x0 build/cooja/mtype665.a(timer.o)
 .bss           0x000000000003af01        0x0 build/cooja/mtype665.a(list.o)
 .bss           0x000000000003af01        0x0 build/cooja/mtype665.a(memb.o)
 *fill*         0x000000000003af01        0x3 
 .bss           0x000000000003af04       0x10 build/cooja/mtype665.a(button-hal.o)
 *fill*         0x000000000003af14        0xc 
 .bss           0x000000000003af20      0x140 build/cooja/mtype665.a(serial-line.o)
 .bss           0x000000000003b060        0x4 build/cooja/mtype665.a(gpio-hal.o)
 *fill*         0x000000000003b064       0x1c 
 .bss           0x000000000003b080     0x2c80 build/cooja/mtype665.a(queuebuf.o)
 .bss           0x000000000003dd00       0xa0 build/cooja/mtype665.a(packetbuf.o)
 .bss           0x000000000003dda0        0x4 build/cooja/mtype665.a(netstack.o)
 .bss           0x000000000003dda4        0x0 build/cooja/mtype665.a(linkaddr.o)
 .bss           0x000000000003dda4        0x0 build/cooja/mtype665.a(csma.o)
 *fill*         0x000000000003dda4       0x1c 
 .bss           0x000000000003ddc0      0x726 build/cooja/mtype665.a(csma-output.o)
 *fill*         0x000000000003e4e6        0x2 
 .bss           0x000000000003e4e8       0x30 build/cooja/mtype665.a(uip-ds6.o)
 .bss           0x000000000003e518        0x0 build/cooja/mtype665.a(uip-udp-packet.)
 *fill*         0x000000000003e518        0x8 
 .bss           0x000000000003e520       0x60 build/cooja/mtype665.a(uip-ds6-route.o)
 .bss           0x000000000003e580       0x10 build/cooja/mtype665.a(tcpip.o)
 .bss           0x000000000003e590        0x8 build/cooja/mtype665.a(uip6.o)
                0x000000000003e590                uip_ext_bitmap
                0x000000000003e592                uip_ext_len
                0x000000000003e594                uip_last_proto
 *fill*         0x000000000003e598        0x8 