Archive member included to satisfy reference by file (symbol)

build/cooja/mtype773.a(simEnvChange.o)
                              build/cooja/mtype773.o (simDontFallAsleep)
build/cooja/mtype773.a(cooja_mt.o)
                              build/cooja/mtype773.o (cooja_mt_start)
build/cooja/mtype773.a(cooja_mtarch.o)
                              build/cooja/mtype773.a(cooja_mt.o) (cooja_mtarch_start)
build/cooja/mtype773.a(rtimer-arch.o)
                              build/cooja/mtype773.o (rtimer_arch_check)
build/cooja/mtype773.a(beep.o)
                              build/cooja/mtype773.o (beep_interface)
build/cooja/mtype773.a(leds-arch.o)
                              build/cooja/mtype773.o (leds_interface)
build/cooja/mtype773.a(moteid.o)
                              build/cooja/mtype773.o (moteid_interface)
build/cooja/mtype773.a(pir-sensor.o)
                              build/cooja/mtype773.o (pir_interface)
build/cooja/mtype773.a(rs232.o)
                              build/cooja/mtype773.o (rs232_interface)
build/cooja/mtype773.a(vib-sensor.o)
                              build/cooja/mtype773.o (vib_interface)
build/cooja/mtype773.a(clock.o)
                              build/cooja/mtype773.o (clock_interface)
build/cooja/mtype773.a(cooja-log.o)
                              build/cooja/mtype773.o (simlog_interface)
build/cooja/mtype773.a(cfs-cooja.o)
                              build/cooja/mtype773.o (cfs_interface)
build/cooja/mtype773.a(cooja-radio.o)
                              build/cooja/mtype773.o (radio_interface)
build/cooja/mtype773.a(eeprom.o)
                              build/cooja/mtype773.o (eeprom_interface)
build/cooja/mtype773.a(random.o)
                              build/cooja/mtype773.a(moteid.o) (random_init)
build/cooja/mtype773.a(sensors.o)
                              build/cooja/mtype773.a(pir-sensor.o) (sensors_changed)
build/cooja/mtype773.a(leds.o)
                              air.o (leds_set)
build/cooja/mtype773.a(gpio-hal-arch.o)
                              build/cooja/mtype773.a(leds-arch.o) (gpio_hal_arch_register_pin_callback)
build/cooja/mtype773.a(buttons.o)
                              build/cooja/mtype773.o (button_interface)
build/cooja/mtype773.a(res_presence.o)
                              air.o (presence)
build/cooja/mtype773.a(res_air.o)
                              air.o (air_state)
build/cooja/mtype773.a(res_quality.o)
                              air.o (quality)
build/cooja/mtype773.a(coap-blocking-a)
                              air.o (coap_blocking_request)
build/cooja/mtype773.a(coap-engine.o)
                              air.o (coap_activate_resource)
build/cooja/mtype773.a(coap-res-well-k)
                              build/cooja/mtype773.a(coap-engine.o) (res_well_known_core)
build/cooja/mtype773.a(coap-observe.o)
                              build/cooja/mtype773.a(coap-engine.o) (coap_remove_observer_by_mid)
build/cooja/mtype773.a(coap-uip.o)
                              build/cooja/mtype773.a(coap-observe.o) (coap_endpoint_copy)
build/cooja/mtype773.a(coap-timer.o)
                              build/cooja/mtype773.a(coap-engine.o) (coap_timer_set)
build/cooja/mtype773.a(coap-transactio)
                              build/cooja/mtype773.a(coap-blocking-a) (coap_send_transaction)
build/cooja/mtype773.a(coap.o)
                              build/cooja/mtype773.a(coap-engine.o) (coap_status_code)
build/cooja/mtype773.a(contiki-main.o)
                              build/cooja/mtype773.o (main)
build/cooja/mtype773.a(autostart.o)
                              build/cooja/mtype773.a(contiki-main.o) (autostart_start)
build/cooja/mtype773.a(ctimer.o)
                              build/cooja/mtype773.a(contiki-main.o) (ctimer_init)
build/cooja/mtype773.a(log.o)
                              build/cooja/mtype773.a(contiki-main.o) (curr_log_level_main)
build/cooja/mtype773.a(energest.o)
                              build/cooja/mtype773.a(contiki-main.o) (energest_init)
build/cooja/mtype773.a(etimer.o)
                              build/cooja/mtype773.a(contiki-main.o) (etimer_process)
build/cooja/mtype773.a(node-id.o)
                              air.o (node_id)
build/cooja/mtype773.a(rtimer.o)
                              build/cooja/mtype773.a(contiki-main.o) (rtimer_init)
build/cooja/mtype773.a(process.o)
                              build/cooja/mtype773.a(coap-blocking-a) (process_current)
build/cooja/mtype773.a(timer.o)
                              build/cooja/mtype773.a(etimer.o) (timer_set)
build/cooja/mtype773.a(list.o)
                              build/cooja/mtype773.a(coap-engine.o) (list_init)
build/cooja/mtype773.a(memb.o)
                              build/cooja/mtype773.a(coap-observe.o) (memb_alloc)
build/cooja/mtype773.a(button-hal.o)
                              build/cooja/mtype773.o (button_hal_init)
build/cooja/mtype773.a(serial-line.o)
[...]
Memory Configuration

Name             Origin             Length             Attributes
*default*        0x0000000000000000 0xffffffffffffffff

Linker script and memory map

LOAD /usr/lib/gcc/i686-linux-gnu/5/../../../i386-linux-gnu/crti.o
LOAD /usr/lib/gcc/i686-linux-gnu/5/crtbeginS.o
LOAD air.o
LOAD build/cooja/mtype773.o
LOAD build/cooja/mtype773.a
LOAD /usr/lib/gcc/i686-linux-gnu/5/libgcc.a
LOAD /usr/lib/gcc/i686-linux-gnu/5/libgcc_s.so
LOAD /usr/lib/gcc/i686-linux-gnu/5/../../../i386-linux-gnu/libc.so
START GROUP
LOAD /lib/i386-linux-gnu/libc.so.6
LOAD /usr/lib/i386-linux-gnu/libc_nonshared.a
LOAD /lib/i386-linux-gnu/ld-linux.so.2
END GROUP
LOAD /usr/lib/gcc/i686-linux-gnu/5/libgcc.a
LOAD /usr/lib/gcc/i686-linux-gnu/5/libgcc_s.so
LOAD /usr/lib/gcc/i686-linux-gnu/5/crtendS.o
LOAD /usr/lib/gcc/i686-linux-gnu/5/../../../i386-linux-gnu/crtn.o
                0x0000000000000114                . = (0x0 + SIZEOF_HEADERS)

.note.gnu.build-id
                0x0000000000000114       0x24
 *(.note.gnu.build-id)
 .note.gnu.build-id
                0x0000000000000114       0x24 /usr/lib/gcc/i686-linux-gnu/5/../../../i386-linux-gnu/crti.o

.hash
 *(.hash)

.gnu.hash       0x0000000000000138     0x15b0
 *(.gnu.hash)
 .gnu.hash      0x0000000000000138     0x15b0 /usr/lib/gcc/i686-linux-gnu/5/../../../i386-linux-gnu/crti.o

.dynsym         0x00000000000016e8     0x2f60
 *(.dynsym)
 .dynsym        0x00000000000016e8     0x2f60 /usr/lib/gcc/i686-linux-gnu/5/../../../i386-linux-gnu/crti.o

.dynstr         0x0000000000004648     0x36bd
 *(.dynstr)
 .dynstr        0x0000000000004648     0x36bd /usr/lib/gcc/i686-linux-gnu/5/../../../i386-linux-gnu/crti.o

.gnu.version    0x0000000000007d06      0x5ec
 *(.gnu.version)
 .gnu.version   0x0000000000007d06      0x5ec /usr/lib/gcc/i686-linux-gnu/5/../../../i386-linux-gnu/crti.o

.gnu.version_d  0x00000000000082f4        0x0
 *(.gnu.version_d)
 .gnu.version_d
                0x00000000000082f4        0x0 /usr/lib/gcc/i686-linux-gnu/5/../../../i386-linux-gnu/crti.o

.gnu.version_r  0x00000000000082f4       0x40
 *(.gnu.version_r)
 .gnu.version_r
                0x00000000000082f4       0x40 /usr/lib/gcc/i686-linux-gnu/5/../../../i386-linux-gnu/crti.o

.rel.dyn        0x0000000000008334     0x93f8
 *(.rel.init)
 .rel.init      0x0000000000008334        0x0 /usr/lib/gcc/i686-linux-gnu/5/../../../i386-linux-gnu/crti.o
 *(.rel.text .rel.text.* .rel.gnu.linkonce.t.*)
 .rel.text      0x0000000000008334     0x8a00 /usr/lib/gcc/i686-linux-gnu/5/../../../i386-linux-gnu/crti.o
 *(.rel.fini)
 .rel.fini      0x0000000000010d34        0x0 /usr/lib/gcc/i686-linux-gnu/5/../../../i386-linux-gnu/crti.o
 *(.rel.rodata .rel.rodata.* .rel.gnu.linkonce.r.*)
 .rel.rodata    0x0000000000010d34      0x588 /usr/lib/gcc/i686-linux-gnu/5/../../../i386-linux-gnu/crti.o
 *(.rel.data.rel.ro .rel.data.rel.ro.* .rel.gnu.linkonce.d.rel.ro.*)
 *(.rel.data .rel.data.* .rel.gnu.linkonce.d.*)
 .rel.data.rel.local
                0x00000000000112bc        0x8 /usr/lib/gcc/i686-linux-gnu/5/../../../i386-linux-gnu/crti.o
 .rel.data      0x00000000000112c4      0x430 /usr/lib/gcc/i686-linux-gnu/5/../../../i386-linux-gnu/crti.o
 *(.rel.tdata .rel.tdata.* .rel.gnu.linkonce.td.*)
 *(.rel.tbss .rel.tbss.* .rel.gnu.linkonce.tb.*)
 *(.rel.ctors)
 *(.rel.dtors)
 *(.rel.got)
 .rel.got       0x00000000000116f4       0x28 /usr/lib/gcc/i686-linux-gnu/5/../../../i386-linux-gnu/crti.o
 *(.rel.bss .rel.bss.* .rel.gnu.linkonce.b.*)
 *(.rel.ifunc)
 .rel.ifunc     0x000000000001171c        0x0 /usr/lib/gcc/i686-linux-gnu/5/../../../i386-linux-gnu/crti.o
 .rel.fini_array
                0x000000000001171c        0x8 /usr/lib/gcc/i686-linux-gnu/5/../../../i386-linux-gnu/crti.o
 .rel.init_array
                0x0000000000011724        0x8 /usr/lib/gcc/i686-linux-gnu/5/../../../i386-linux-gnu/crti.o

.rel.plt        0x000000000001172c        0x0
 *(.rel.plt)
 .rel.plt       0x000000000001172c        0x0 /usr/lib/gcc/i686-linux-gnu/5/../../../i386-linux-gnu/crti.o
 *(.rel.iplt)

.init           0x000000000001172c       0x23
 *(SORT(.init))
 .init          0x000000000001172c       0x1e /usr/lib/gcc/i686-linux-gnu/5/../../../i386-linux-gnu/crti.o
                0x000000000001172c                _init
 .init          0x000000000001174a        0x5 /usr/lib/gcc/i686-linux-gnu/5/../../../i386-linux-gnu/crtn.o

.plt            0x0000000000011750       0x10
 *(.plt)
 .plt           0x0000000000011750       0x10 /usr/lib/gcc/i686-linux-gnu/5/../../../i386-linux-gnu/crti.o
 *(.iplt)

.plt.got        0x0000000000011760       0x10
 *(.plt.got)
 .plt.got       0x0000000000011760       0x10 /usr/lib/gcc/i686-linux-gnu/5/../../../i386-linux-gnu/crti.o

.text           0x0000000000011770    0x18a12
 *(.text.unlikely .text.*_unlikely .text.unlikely.*)
 .text.unlikely
                0x0000000000011770        0x0 /usr/lib/gcc/i686-linux-gnu/5/crtbeginS.o
 .text.unlikely
                0x0000000000011770        0x0 /usr/lib/gcc/i686-linux-gnu/5/libgcc.a(_udivdi3.o)
 *(.text.exit .text.exit.*)
 *(.text.startup .text.startup.*)
 *(.text.hot .text.hot.*)
 *(.text .stub .text.* .gnu.linkonce.t.*)
 .text          0x0000000000011770        0x0 /usr/lib/gcc/i686-linux-gnu/5/../../../i386-linux-gnu/crti.o
 .gnu.linkonce.t.__x86.get_pc_thunk.bx
                0x0000000000011770        0x4 /usr/lib/gcc/i686-linux-gnu/5/../../../i386-linux-gnu/crti.o
                0x0000000000011770                __x86.get_pc_thunk.bx
 *fill*         0x0000000000011774        0xc 
 .text          0x0000000000011780      0x11c /usr/lib/gcc/i686-linux-gnu/5/crtbeginS.o
 .text.__x86.get_pc_thunk.dx
                0x000000000001189c        0x4 /usr/lib/gcc/i686-linux-gnu/5/crtbeginS.o
                0x000000000001189c                __x86.get_pc_thunk.dx
 .text          0x00000000000118a0      0x416 air.o
                0x00000000000118a0                client_chunk_handler
 .text          0x0000000000011cb6      0x283 build/cooja/mtype773.o
                0x0000000000011d48                platform_init_stage_one
                0x0000000000011d5b                platform_init_stage_two
                0x0000000000011d6e                platform_init_stage_three
                0x0000000000011d81                platform_main_loop
                0x0000000000011df4                Java_org_contikios_cooja_corecomm_Lib2_init
                0x0000000000011e2b                Java_org_contikios_cooja_corecomm_Lib2_getMemory
                0x0000000000011e5e                Java_org_contikios_cooja_corecomm_Lib2_setMemory
                0x0000000000011ebe                Java_org_contikios_cooja_corecomm_Lib2_tick
                0x0000000000011f26                Java_org_contikios_cooja_corecomm_Lib2_setReferenceAddress
 .text          0x0000000000011f39       0x65 build/cooja/mtype773.a(simEnvChange.o)
                0x0000000000011f39                doActionsBeforeTick
                0x0000000000011f6b                doActionsAfterTick
 .text          0x0000000000011f9e       0x83 build/cooja/mtype773.a(cooja_mt.o)
                0x0000000000011f9e                cooja_mt_start
                0x0000000000011fc8                cooja_mt_exec
                0x0000000000011ffe                cooja_mt_yield
 .text          0x0000000000012021       0xbe build/cooja/mtype773.a(cooja_mtarch.o)
                0x0000000000012021                cooja_mtarch_start
                0x0000000000012094                cooja_sw
                0x00000000000120b7                cooja_mtarch_exec
                0x00000000000120d4                cooja_mtarch_yield
 .text          0x00000000000120df       0xc5 build/cooja/mtype773.a(rtimer-arch.o)
                0x00000000000120df                rtimer_arch_init
                0x0000000000012103                rtimer_arch_schedule
                0x0000000000012133                rtimer_arch_next
                0x0000000000012143                rtimer_arch_pending
                0x000000000001214d                rtimer_arch_check
                0x0000000000012194                rtimer_arch_now
 .text          0x00000000000121a4       0x81 build/cooja/mtype773.a(beep.o)
                0x00000000000121a4                beep_alarm
                0x00000000000121b1                beep_beep
                0x00000000000121be                beep
                0x00000000000121cb                beep_down
                0x00000000000121d8                beep_on
                0x00000000000121e5                beep_off
                0x00000000000121f2                beep_spinup
                0x00000000000121ff                beep_quick
                0x000000000001220c                beep_long
 .text          0x0000000000012225       0x65 build/cooja/mtype773.a(leds-arch.o)
                0x0000000000012238                leds_arch_init
 .text          0x000000000001228a       0x35 build/cooja/mtype773.a(moteid.o)
 .text          0x00000000000122bf       0xb7 build/cooja/mtype773.a(pir-sensor.o)
 .text          0x0000000000012376      0x148 build/cooja/mtype773.a(rs232.o)
                0x0000000000012376                rs232_init
                0x000000000001237c                rs232_set_speed
                0x000000000001238b                rs232_set_input
                0x0000000000012399                rs232_send
                0x00000000000123bd                rs232_print
                0x00000000000123d9                slip_arch_writeb
 .text          0x00000000000124be       0xb7 build/cooja/mtype773.a(vib-sensor.o)
 .text          0x0000000000012575       0x38 build/cooja/mtype773.a(clock.o)
                0x0000000000012575                clock_init
                0x000000000001257b                clock_time
                0x0000000000012585                clock_seconds
                0x000000000001259b                clock_delay
 .text          0x00000000000125ad      0x219 build/cooja/mtype773.a(cooja-log.o)
                0x00000000000125ad                simlog_char
                0x00000000000125f0                simlog
                0x0000000000012666                log_message
                0x0000000000012697                log_set_putchar_with_slip
                0x00000000000126a5                log_putchar
                0x0000000000012720                log_puts
                0x0000000000012748                log_printf
 .text          0x00000000000127c6      0x2b9 build/cooja/mtype773.a(cfs-cooja.o)
                0x00000000000127c6                cfs_open
                0x000000000001282f                cfs_close
                0x000000000001283c                cfs_read
                0x00000000000128d1                cfs_write
                0x00000000000129ad                cfs_seek
                0x0000000000012a35                cfs_remove
                0x0000000000012a59                cfs_opendir
                0x0000000000012a63                cfs_readdir
                0x0000000000012a6d                cfs_closedir
 .text          0x0000000000012a7f      0x620 build/cooja/mtype773.a(cooja-radio.o)
                0x0000000000012ac1                radio_set_channel
                0x0000000000012acf                radio_set_txpower
                0x0000000000012ae7                radio_signal_strength_last
                0x0000000000012af1                radio_signal_strength_current
                0x0000000000012afb                radio_LQI
 .text          0x000000000001309f       0xee build/cooja/mtype773.a(eeprom.o)
                0x000000000001309f                eeprom_init
                0x00000000000130a5                eeprom_read
                0x0000000000013113                eeprom_write
 .text          0x000000000001318d       0x2d build/cooja/mtype773.a(random.o)
                0x000000000001318d                random_init
                0x00000000000131ad                random_rand
 .text          0x00000000000131ba      0x29c build/cooja/mtype773.a(sensors.o)
                0x00000000000131f5                sensors_first
                0x00000000000131ff                sensors_next
                0x0000000000013219                sensors_changed
                0x000000000001324d                sensors_find
 .text          0x0000000000013456      0x349 build/cooja/mtype773.a(leds.o)
                0x0000000000013456                leds_init
                0x000000000001349d                leds_single_on
                0x00000000000134fc                leds_single_off
                0x000000000001355b                leds_single_toggle
                0x000000000001358d                leds_on
                0x000000000001360f                leds_off
                0x0000000000013691                leds_toggle
                0x00000000000136e6                leds_set
                0x0000000000013712                leds_get
 .text          0x000000000001379f      0x343 build/cooja/mtype773.a(gpio-hal-arch.o)
                0x000000000001379f                gpio_hal_arch_register_pin_callback
                0x000000000001380b                gpio_hal_arch_init
                0x0000000000013850                gpio_hal_arch_no_port_interrupt_enable
                0x0000000000013880                gpio_hal_arch_no_port_interrupt_disable
                0x00000000000138b0                gpio_hal_arch_no_port_pin_cfg_set
                0x00000000000138d5                gpio_hal_arch_no_port_pin_cfg_get
                0x00000000000138fb                gpio_hal_arch_no_port_pin_set_input
                0x000000000001390d                gpio_hal_arch_no_port_pin_set_output
                0x000000000001391f                gpio_hal_arch_no_port_set_pin
                0x0000000000013940                gpio_hal_arch_no_port_clear_pin
                0x0000000000013961                gpio_hal_arch_no_port_read_pin
                0x0000000000013987                gpio_hal_arch_no_port_write_pin
                0x00000000000139b1                gpio_hal_arch_no_port_set_pins
                0x00000000000139f8                gpio_hal_arch_no_port_clear_pins
                0x0000000000013a3f                gpio_hal_arch_no_port_read_pins
                0x0000000000013a82                gpio_hal_arch_no_port_write_pins
 .text          0x0000000000013ae2       0x89 build/cooja/mtype773.a(buttons.o)
 .text          0x0000000000013b6b      0x1a9 build/cooja/mtype773.a(res_presence.o)
 .text          0x0000000000013d14      0x2e7 build/cooja/mtype773.a(res_air.o)
 .text          0x0000000000013ffb       0xac build/cooja/mtype773.a(res_quality.o)
 .text          0x00000000000140a7      0x27b build/cooja/mtype773.a(coap-blocking-a)
                0x00000000000140a7                coap_blocking_request_callback
                0x00000000000140d1                coap_blocking_request
 .text          0x0000000000014322      0xbea build/cooja/mtype773.a(coap-engine.o)
                0x00000000000143b7                coap_add_handler
                0x00000000000143d4                coap_remove_handler
                0x00000000000143f1                coap_call_handlers
                0x00000000000144f9                coap_receive
                0x0000000000014af4                coap_engine_init
                0x0000000000014b52                coap_activate_resource
                0x0000000000014bfd                coap_get_first_resource
                0x0000000000014c16                coap_get_next_resource
 .text          0x0000000000014f0c      0x2d9 build/cooja/mtype773.a(coap-res-well-k)
 .text          0x00000000000151e5      0x96a build/cooja/mtype773.a(coap-observe.o)
                0x00000000000152fa                coap_remove_observer
                0x000000000001532a                coap_remove_observer_by_client
                0x0000000000015392                coap_remove_observer_by_token
                0x0000000000015425                coap_remove_observer_by_uri
                0x00000000000154cc                coap_remove_observer_by_mid
                0x0000000000015548                coap_notify_observers
                0x0000000000015561                coap_notify_observers_sub
                0x00000000000159cb                coap_observe_handler
                0x0000000000015ae6                coap_has_observers
 .text          0x0000000000015b4f      0x733 build/cooja/mtype773.a(coap-uip.o)
                0x0000000000015b4f                coap_endpoint_log
                0x0000000000015bd5                coap_endpoint_print
                0x0000000000015c5b                coap_endpoint_snprint
                0x0000000000015d8e                coap_endpoint_copy
                0x0000000000015dcb                coap_endpoint_cmp
                0x0000000000015ed9                coap_endpoint_parse
                0x00000000000160c4                coap_endpoint_is_secure
                0x00000000000160d3                coap_endpoint_is_connected
                0x0000000000016107                coap_endpoint_connect
                0x0000000000016123                coap_endpoint_disconnect
                0x0000000000016129                coap_databuf
                0x0000000000016133                coap_transport_init
                0x0000000000016183                coap_sendto
 .text          0x0000000000016282      0x324 build/cooja/mtype773.a(coap-timer.o)
                0x000000000001637f                coap_timer_stop
                0x00000000000163aa                coap_timer_set
                0x00000000000163ed                coap_timer_reset
                0x0000000000016430                coap_timer_time_to_next_expiration
                0x000000000001649c                coap_timer_run
                0x0000000000016568                coap_timer_init
 .text          0x00000000000165a6      0x2c6 build/cooja/mtype773.a(coap-transactio)
                0x000000000001660c                coap_new_transaction
                0x0000000000016672                coap_send_transaction
                0x00000000000167d3                coap_clear_transaction
                0x000000000001681b                coap_get_transaction_by_mid
 .text          0x000000000001686c     0x1c53 build/cooja/mtype773.a(coap.o)
                0x0000000000016dd9                coap_init_connection
                0x0000000000016ded                coap_get_mid
                0x0000000000016e09                coap_init_message
                0x0000000000016e52                coap_serialize_message
                0x00000000000174d4                coap_parse_message
                0x0000000000017b3b                coap_get_query_variable
                0x0000000000017b7d                coap_get_post_variable
                0x0000000000017bc1                coap_set_status_code
                0x0000000000017be6                coap_set_token
                0x0000000000017c2d                coap_get_header_content_format
                0x0000000000017c5e                coap_set_header_content_format
                0x0000000000017c81                coap_get_header_accept
                0x0000000000017cb2                coap_set_header_accept
                0x0000000000017cd5                coap_get_header_max_age
                0x0000000000017d06                coap_set_header_max_age
                0x0000000000017d26                coap_get_header_etag
                0x0000000000017d58                coap_set_header_etag
                0x0000000000017daf                coap_get_header_if_match
                0x0000000000017de1                coap_set_header_if_match
                0x0000000000017e38                coap_get_header_if_none_match
                0x0000000000017e52                coap_set_header_if_none_match
                0x0000000000017e69                coap_get_header_proxy_uri
                0x0000000000017e97                coap_set_header_proxy_uri
                0x0000000000017ed4                coap_get_header_uri_host
                0x0000000000017f02                coap_set_header_uri_host
                0x0000000000017f3f                coap_get_header_uri_path
                0x0000000000017f6d                coap_set_header_uri_path
                0x0000000000017fba                coap_get_header_uri_query
                0x0000000000017fee                coap_set_header_uri_query
                0x0000000000018044                coap_get_header_location_path
                0x0000000000018072                coap_set_header_location_path
                0x000000000001810b                coap_get_header_location_query
                0x0000000000018139                coap_set_header_location_query
                0x0000000000018186                coap_get_header_observe
                0x00000000000181b5                coap_set_header_observe
                0x00000000000181d5                coap_get_header_block2
                0x0000000000018241                coap_set_header_block2
                0x00000000000182b8                coap_get_header_block1
                0x000000000001832d                coap_set_header_block1
                0x00000000000183a8                coap_get_header_size2
                0x00000000000183d8                coap_set_header_size2
                0x00000000000183fb                coap_get_header_size1
                0x000000000001842b                coap_set_header_size1
                0x000000000001844e                coap_get_payload
                0x0000000000018488                coap_set_payload
 .text          0x00000000000184bf      0x332 build/cooja/mtype773.a(contiki-main.o)
                0x00000000000184bf                main
 .text          0x00000000000187f1       0x92 build/cooja/mtype773.a(autostart.o)
                0x00000000000187f1                autostart_start
                0x000000000001883b                autostart_exit
 .text          0x0000000000018883      0x355 build/cooja/mtype773.a(ctimer.o)
                0x00000000000189ab                ctimer_init
                0x00000000000189de                ctimer_set
                0x0000000000018a04                ctimer_set_with_process
                0x0000000000018a81                ctimer_reset
                0x0000000000018ad5                ctimer_restart
                0x0000000000018b29                ctimer_stop
                0x0000000000018b79                ctimer_expired
 .text          0x0000000000018bd8      0x394 build/cooja/mtype773.a(log.o)
                0x0000000000018bd8                log_6addr
                0x0000000000018c2b                log_6addr_compact_snprint
                0x0000000000018cc9                log_6addr_compact
                0x0000000000018d1c                log_lladdr
                0x0000000000018d8e                log_lladdr_compact
                0x0000000000018df6                log_set_level
                0x0000000000018eb1                log_get_level
                0x0000000000018f2a                log_level_to_str
 .text          0x0000000000018f6c       0x1b build/cooja/mtype773.a(energest.o)
                0x0000000000018f6c                energest_init
                0x0000000000018f72                energest_flush
                0x0000000000018f78                energest_get_total_time
 .text          0x0000000000018f87      0x43f build/cooja/mtype773.a(etimer.o)
                0x00000000000191ab                etimer_request_poll
                0x0000000000019234                etimer_set
                0x000000000001925d                etimer_reset_with_new_interval
                0x000000000001928c                etimer_reset
                0x00000000000192b2                etimer_restart
                0x00000000000192d8                etimer_adjust
                0x00000000000192f5                etimer_expired
                0x0000000000019308                etimer_expiration_time
                0x000000000001931a                etimer_start_time
                0x0000000000019324                etimer_pending
                0x0000000000019336                etimer_next_expiration_time
                0x0000000000019350                etimer_stop
 .text          0x00000000000193c6       0x25 build/cooja/mtype773.a(node-id.o)
                0x00000000000193c6                node_id_init
 .text          0x00000000000193eb       0xeb build/cooja/mtype773.a(rtimer.o)
                0x00000000000193eb                rtimer_init
                0x00000000000193f9                rtimer_set
                0x0000000000019474                rtimer_run_next
 .text          0x00000000000194d6      0x4fb build/cooja/mtype773.a(process.o)
                0x00000000000194d6                process_alloc_event
                0x00000000000194eb                process_start
                0x00000000000196c5                process_exit
                0x00000000000196e2                process_init
                0x0000000000019877                process_run
                0x00000000000198aa                process_nevents
                0x00000000000198c5                process_post
                0x0000000000019958                process_post_synch
                0x000000000001998d                process_poll
                0x00000000000199bd                process_is_running
 .text          0x00000000000199d1       0xb1 build/cooja/mtype773.a(timer.o)
                0x00000000000199d1                timer_set
                0x00000000000199ef                timer_reset
                0x0000000000019a1c                timer_restart
                0x0000000000019a31                timer_expired
                0x0000000000019a5e                timer_remaining
 .text          0x0000000000019a82      0x28f build/cooja/mtype773.a(list.o)
                0x0000000000019a82                list_init
                0x0000000000019a91                list_head
                0x0000000000019a9b                list_copy
                0x0000000000019aab                list_tail
                0x0000000000019ae1                list_add
                0x0000000000019b2d                list_push
                0x0000000000019b59                list_chop
                0x0000000000019bc3                list_pop
                0x0000000000019beb                list_remove
                0x0000000000019c53                list_length
                0x0000000000019c81                list_insert
                0x0000000000019cc6                list_item_next
                0x0000000000019cdd                list_contains
 .text          0x0000000000019d11      0x1b5 build/cooja/mtype773.a(memb.o)
                0x0000000000019d11                memb_init
                0x0000000000019d66                memb_alloc
                0x0000000000019dc9                memb_free
                0x0000000000019e40                memb_inmemb
                0x0000000000019e7f                memb_numfree
 .text          0x0000000000019ec6      0x41c build/cooja/mtype773.a(button-hal.o)
                0x000000000001a03f                button_hal_get_by_id
                0x000000000001a07d                button_hal_get_by_index
                0x000000000001a0a9                button_hal_get_state
                0x000000000001a0fb                button_hal_init
 .text          0x000000000001a2e2      0x1f3 build/cooja/mtype773.a(serial-line.o)
                0x000000000001a2e2                serial_line_input_byte
                0x000000000001a4a0                serial_line_init
 .text          0x000000000001a4d5      0x168 build/cooja/mtype773.a(gpio-hal.o)
                0x000000000001a4d5                gpio_hal_register_handler
                0x000000000001a4f2                gpio_hal_event_handler
                0x000000000001a54e                gpio_hal_init
                0x000000000001a56d                gpio_hal_arch_port_toggle_pin
                0x000000000001a5a9                gpio_hal_arch_port_toggle_pins
                0x000000000001a5d7                gpio_hal_arch_no_port_toggle_pin
                0x000000000001a615                gpio_hal_arch_no_port_toggle_pins
 .text          0x000000000001a63d      0x2e7 build/cooja/mtype773.a(queuebuf.o)
                0x000000000001a647                queuebuf_init
                0x000000000001a670                queuebuf_numfree
                0x000000000001a688                queuebuf_new_from_packetbuf
                0x000000000001a727                queuebuf_update_attr_from_packetbuf
                0x000000000001a75c                queuebuf_update_from_packetbuf
                0x000000000001a7ac                queuebuf_free
                0x000000000001a7f5                queuebuf_to_packetbuf
                0x000000000001a861                queuebuf_dataptr
                0x000000000001a89b                queuebuf_datalen
                0x000000000001a8be                queuebuf_addr
                0x000000000001a8f3                queuebuf_attr
                0x000000000001a91e                queuebuf_debug_print
 .text          0x000000000001a924      0x407 build/cooja/mtype773.a(packetbuf.o)
                0x000000000001a924                packetbuf_clear
                0x000000000001a94f                packetbuf_copyfrom
                0x000000000001a99e                packetbuf_copyto
                0x000000000001aa31                packetbuf_hdralloc
                0x000000000001aaad                packetbuf_hdrreduce
                0x000000000001aaf3                packetbuf_set_datalen
                0x000000000001ab0d                packetbuf_dataptr
                0x000000000001ab2a                packetbuf_hdrptr
                0x000000000001ab34                packetbuf_datalen
                0x000000000001ab40                packetbuf_hdrlen
                0x000000000001ab57                packetbuf_totlen
                0x000000000001ab6d                packetbuf_remaininglen
                0x000000000001ab80                packetbuf_attr_clear
                0x000000000001abcc                packetbuf_attr_copyto
                0x000000000001ac24                packetbuf_attr_copyfrom
                0x000000000001ac7c                packetbuf_set_attr
                0x000000000001aca6                packetbuf_attr
                0x000000000001acc0                packetbuf_set_addr
                0x000000000001acf1                packetbuf_addr
                0x000000000001ad0e                packetbuf_holds_broadcast
 .text          0x000000000001ad2b       0xef build/cooja/mtype773.a(netstack.o)
                0x000000000001ad2b                netstack_process_ip_callback
                0x000000000001adbc                netstack_ip_packet_processor_add
                0x000000000001addf                uip_ds6_ip_packet_processor_rm
                0x000000000001adfc                netstack_init
 .text          0x000000000001ae1a       0x4f build/cooja/mtype773.a(linkaddr.o)
                0x000000000001ae1a                linkaddr_copy
                0x000000000001ae30                linkaddr_cmp
                0x000000000001ae53                linkaddr_set_node_addr
 .text          0x000000000001ae69      0x1f6 build/cooja/mtype773.a(csma.o)
 .text          0x000000000001b05f      0x95d build/cooja/mtype773.a(csma-output.o)
                0x000000000001b6f6                csma_output_packet
                0x000000000001b983                csma_output_init
 .text          0x000000000001b9bc      0xc11 build/cooja/mtype773.a(uip-ds6.o)
                0x000000000001b9bc                uip_ds6_default_prefix
                0x000000000001b9c6                uip_ds6_set_default_prefix
                0x000000000001b9f1                uip_ds6_init
                0x000000000001bc53                uip_ds6_periodic
                0x000000000001bcda                uip_ds6_list_loop
                0x000000000001bd9a                uip_ds6_prefix_add
                0x000000000001be46                uip_ds6_prefix_rm
                0x000000000001be59                uip_ds6_prefix_lookup
                0x000000000001be98                uip_ds6_is_addr_onlink
                0x000000000001bf0b                uip_ds6_addr_add
                0x000000000001c02b                uip_ds6_addr_rm
                0x000000000001c0d4                uip_ds6_addr_lookup
                0x000000000001c10d                uip_ds6_get_link_local
                0x000000000001c18e                uip_ds6_get_global
                0x000000000001c20f                uip_ds6_maddr_add
                0x000000000001c26f                uip_ds6_maddr_rm
                0x000000000001c282                uip_ds6_maddr_lookup
                0x000000000001c2bb                uip_ds6_aaddr_add
                0x000000000001c31b                uip_ds6_aaddr_rm
                0x000000000001c32e                uip_ds6_aaddr_lookup
                0x000000000001c367                uip_ds6_select_src
                0x000000000001c4b0                uip_ds6_set_addr_iid
                0x000000000001c4db                uip_ds6_set_lladdr_from_iid
                0x000000000001c504                get_match_length
                0x000000000001c595                uip_ds6_compute_reachable_time
 .text          0x000000000001c5cd      0x128 build/cooja/mtype773.a(uip-udp-packet.)
                0x000000000001c5cd                uip_udp_packet_send
                0x000000000001c628                uip_udp_packet_sendto
 .text          0x000000000001c6f5      0x35b build/cooja/mtype773.a(uip-ds6-route.o)
                0x000000000001c746                uip_ds6_route_init
                0x000000000001c770                uip_ds6_route_nexthop
                0x000000000001c77a                uip_ds6_route_head
                0x000000000001c784                uip_ds6_route_next
                0x000000000001c78e                uip_ds6_route_is_nexthop
                0x000000000001c798                uip_ds6_route_num_routes
                0x000000000001c7a2                uip_ds6_route_lookup
                0x000000000001c7ac                uip_ds6_route_add
                0x000000000001c7bf                uip_ds6_route_rm
                0x000000000001c7c5                uip_ds6_route_rm_by_nexthop
                0x000000000001c7cb                uip_ds6_defrt_head
                0x000000000001c7e4                uip_ds6_defrt_add
                0x000000000001c892                uip_ds6_defrt_rm
                0x000000000001c8f8                uip_ds6_defrt_lookup
                0x000000000001c95f                uip_ds6_defrt_choose
                0x000000000001c9d5                uip_ds6_defrt_periodic
 .text          0x000000000001ca50      0x6f7 build/cooja/mtype773.a(tcpip.o)
                0x000000000001ca6a                tcpip_output
                0x000000000001cae9                udp_attach
                0x000000000001cb01                udp_new
                0x000000000001cb4b                udp_broadcast_new
                0x000000000001ccbd                tcpip_input
                0x000000000001ce4d                tcpip_ipv6_output
                0x000000000001d041                tcpip_poll_udp
                0x000000000001d05f                tcpip_uipcall
 .text          0x000000000001d147     0x1205 build/cooja/mtype773.a(uip6.o)
                0x000000000001d1f6                uip_chksum
                0x000000000001d2cd                uip_icmp6chksum
                0x000000000001d2e2                uip_udpchksum
                0x000000000001d2f7                uip_init
                0x000000000001d340                uip_remove_ext_hdr
                0x000000000001d41a                uip_udp_new
                0x000000000001d72e                uip_process
                0x000000000001e226                uip_htons
                0x000000000001e248                uip_htonl
                0x000000000001e286                uip_send
 .text          0x000000000001e34c      0x369 build/cooja/mtype773.a(uip-ds6-nbr.o)
                0x000000000001e34c                uip_ds6_neighbors_init
                0x000000000001e370                uip_ds6_nbr_add
                0x000000000001e3f6                uip_ds6_nbr_rm
                0x000000000001e441                uip_ds6_nbr_update_ll
                0x000000000001e52f                uip_ds6_nbr_get_ipaddr
                0x000000000001e544                uip_ds6_nbr_get_ll
                0x000000000001e560                uip_ds6_nbr_num
                0x000000000001e5a9                uip_ds6_nbr_head
                0x000000000001e5c2                uip_ds6_nbr_next
                0x000000000001e5de                uip_ds6_nbr_lookup
                0x000000000001e636                uip_ds6_nbr_ll_lookup
                0x000000000001e652                uip_ds6_nbr_ipaddr_from_lladdr
                0x000000000001e67b                uip_ds6_nbr_lladdr_from_ipaddr
                0x000000000001e6af                uip_ds6_link_callback
 .text          0x000000000001e6b5      0x6a7 build/cooja/mtype773.a(uip-nd6.o)
                0x000000000001ed43                uip_nd6_init
 .text          0x000000000001ed5c     0x2c17 build/cooja/mtype773.a(sicslowpan.o)
                0x000000000001f363                netstack_sniffer_add
                0x000000000001f371                netstack_sniffer_remove
                0x0000000000021947                sicslowpan_init
                0x0000000000021969                sicslowpan_get_last_rssi
 .text          0x0000000000021973      0x4d1 build/cooja/mtype773.a(uiplib.o)
                0x0000000000021973                uiplib_ip6addrconv
                0x0000000000021b2b                uiplib_ip4addrconv
                0x0000000000021bee                uiplib_ipaddr_print
                0x0000000000021c41                uiplib_ipaddr_snprint
 .text          0x0000000000021e44      0x4c9 build/cooja/mtype773.a(rpl.o)
                0x0000000000021e44                rpl_lollipop_greater_than
                0x0000000000021e9e                rpl_get_global_address
                0x0000000000021f96                rpl_link_callback
                0x0000000000021fda                rpl_has_joined
                0x0000000000021fff                rpl_is_reachable
                0x0000000000022080                rpl_reset_prefix
                0x00000000000220ea                rpl_set_prefix_from_addr
                0x00000000000221cf                rpl_set_prefix
                0x00000000000222e9                rpl_set_leaf_only
                0x0000000000022301                rpl_get_leaf_only
 .text          0x000000000002230d     0x138c build/cooja/mtype773.a(rpl-icmp6.o)
                0x0000000000022432                rpl_icmp6_update_nbr_table
                0x00000000000224bb                rpl_icmp6_dis_output
                0x0000000000022b01                rpl_icmp6_dio_output
                0x00000000000232ff                rpl_icmp6_dao_output
                0x00000000000235e0                rpl_icmp6_dao_ack_output
                0x0000000000023650                rpl_icmp6_init
 .text          0x0000000000023699      0x264 build/cooja/mtype773.a(rpl-dag-root.o)
                0x0000000000023699                rpl_dag_root_print_links
                0x00000000000237c5                rpl_dag_root_set_prefix
                0x00000000000237f1                rpl_dag_root_start
                0x00000000000238ce                rpl_dag_root_is_root
 .text          0x00000000000238fd       0x30 build/cooja/mtype773.a(watchdog.o)
                0x00000000000238fd                watchdog_init
                0x0000000000023903                watchdog_start
                0x0000000000023909                watchdog_periodic
                0x0000000000023921                watchdog_stop
                0x0000000000023927                watchdog_reboot
 .text          0x000000000002392d       0x4a build/cooja/mtype773.a(int-master.o)
                0x000000000002392d                int_master_enable
                0x000000000002393d                int_master_read_and_disable
                0x000000000002395a                int_master_status_set
                0x0000000000023968                int_master_is_enabled
 .text          0x0000000000023977      0x226 build/cooja/mtype773.a(coap-timer-defa)
 .text          0x0000000000023b9d       0xc7 build/cooja/mtype773.a(stimer.o)
                0x0000000000023b9d                stimer_set
                0x0000000000023bbb                stimer_reset
                0x0000000000023be8                stimer_restart
                0x0000000000023bfd                stimer_expired
                0x0000000000023c28                stimer_remaining
                0x0000000000023c4c                stimer_elapsed
 .text          0x0000000000023c64      0x156 build/cooja/mtype773.a(ringbuf.o)
                0x0000000000023c64                ringbuf_init
                0x0000000000023c96                ringbuf_put
                0x0000000000023d14                ringbuf_get
                0x0000000000023d81                ringbuf_size
                0x0000000000023d93                ringbuf_elements
 .text          0x0000000000023dba       0x1f build/cooja/mtype773.a(assert.o)
                0x0000000000023dba                _xassert
 .text          0x0000000000023dd9      0x79b build/cooja/mtype773.a(nbr-table.o)
                0x0000000000024252                nbr_table_register
                0x00000000000242bf                nbr_table_is_registered
                0x00000000000242fa                nbr_table_head
                0x0000000000024355                nbr_table_next
                0x00000000000243b6                nbr_table_add_lladdr
                0x0000000000024490                nbr_table_get_from_lladdr
                0x00000000000244dc                nbr_table_remove
                0x0000000000024514                nbr_table_lock
                0x000000000002452e                nbr_table_unlock
                0x0000000000024548                nbr_table_get_lladdr
 .text          0x0000000000024574      0x3a5 build/cooja/mtype773.a(link-stats.o)
                0x0000000000024574                link_stats_from_lladdr
                0x0000000000024590                link_stats_get_lladdr
                0x00000000000245ac                link_stats_is_fresh
                0x00000000000245e8                guess_etx_from_rssi
                0x0000000000024664                link_stats_packet_sent
                0x0000000000024784                link_stats_input_callback
                0x0000000000024894                link_stats_reset
                0x00000000000248e4                link_stats_init
 .text          0x0000000000024919      0x187 build/cooja/mtype773.a(mac-sequence.o)
                0x0000000000024919                mac_sequence_is_duplicate
                0x00000000000249b9                mac_sequence_register_seqno
 .text          0x0000000000024aa0       0x23 build/cooja/mtype773.a(mac.o)
                0x0000000000024aa0                mac_call_sent_callback
 .text          0x0000000000024ac3      0x432 build/cooja/mtype773.a(framer-802154.o)
                0x0000000000024c52                framer_802154_setup_params
 .text          0x0000000000024ef5      0xb6f build/cooja/mtype773.a(frame802154.o)
                0x0000000000024f26                frame802154_get_pan_id
                0x0000000000024f32                frame802154_set_pan_id
                0x0000000000024f4c                frame802154_has_panid
                0x00000000000250fb                frame802154_check_dest_panid
                0x0000000000025183                frame802154_is_broadcast_addr
                0x00000000000251d0                frame802154_extract_linkaddr
                0x0000000000025435                frame802154_hdrlen
                0x00000000000254a8                frame802154_create_fcf
                0x0000000000025560                frame802154_create
                0x00000000000256d5                frame802154_parse_fcf
                0x00000000000257b7                frame802154_parse
 .text          0x0000000000025a64       0x2d build/cooja/mtype773.a(csma-security.o)
                0x0000000000025a64                csma_security_create_frame
                0x0000000000025a82                csma_security_parse_frame
 .text          0x0000000000025a91      0x4e4 build/cooja/mtype773.a(uipbuf.o)
                0x0000000000025a91                uipbuf_clear
                0x0000000000025ab8                uipbuf_add_ext_hdr
                0x0000000000025b38                uipbuf_set_len
                0x0000000000025b65                uipbuf_set_len_field
                0x0000000000025b91                uipbuf_get_len_field
                0x0000000000025bb1                uipbuf_get_next_header
                0x0000000000025ce3                uipbuf_get_last_header
                0x0000000000025d5c                uipbuf_search_header
                0x0000000000025e12                uipbuf_get_attr
                0x0000000000025e39                uipbuf_set_attr
                0x0000000000025e70                uipbuf_set_default_attr
                0x0000000000025ea7                uipbuf_clear_attr
                0x0000000000025ecb                uipbuf_set_attr_flag
                0x0000000000025eec                uipbuf_clr_attr_flag
                0x0000000000025f13                uipbuf_is_attr_flag
                0x0000000000025f37                uipbuf_init
 .text          0x0000000000025f75      0x73f build/cooja/mtype773.a(uip-icmp6.o)
                0x0000000000025fea                uip_icmp6_input
                0x0000000000026041                uip_icmp6_register_input_handler
                0x0000000000026194                uip_icmp6_error_output
                0x0000000000026445                uip_icmp6_send
                0x000000000002663c                uip_icmp6_echo_reply_callback_add
                0x000000000002666e                uip_icmp6_echo_reply_callback_rm
                0x000000000002668b                uip_icmp6_init
 .text          0x00000000000266b4      0x69b build/cooja/mtype773.a(uip-sr.o)
                0x00000000000266b4                uip_sr_num_nodes
                0x0000000000026742                uip_sr_get_node
                0x0000000000026799                uip_sr_is_addr_reachable
                0x0000000000026847                uip_sr_expire_parent
                0x0000000000026890                uip_sr_update_node
                0x00000000000269c0                uip_sr_init
                0x00000000000269f4                uip_sr_node_head
                0x0000000000026a0d                uip_sr_node_next
                0x0000000000026a23                uip_sr_periodic
                0x0000000000026b29                uip_sr_free_all
                0x0000000000026b99                uip_sr_link_snprint
 .text          0x0000000000026d4f      0x146 build/cooja/mtype773.a(uip-packetqueue)
                0x0000000000026d7d                uip_packetqueue_new
                0x0000000000026d8c                uip_packetqueue_alloc
                0x0000000000026de7                uip_packetqueue_free
                0x0000000000026e2e                uip_packetqueue_buf
                0x0000000000026e4b                uip_packetqueue_buflen
                0x0000000000026e6c                uip_packetqueue_set_buflen
 .text          0x0000000000026e95      0x1b0 build/cooja/mtype773.a(rpl-nbr-policy.)
                0x0000000000027002                rpl_nbr_policy_find_removable
 .text          0x0000000000027045      0x915 build/cooja/mtype773.a(rpl-neighbor.o)
                0x00000000000270c1                rpl_neighbor_snprint
                0x0000000000027374                rpl_neighbor_print_list
                0x0000000000027429                rpl_neighbor_count
                0x00000000000274d0                rpl_neighbor_get_from_lladdr
                0x00000000000274ec                rpl_neighbor_is_acceptable_parent
                0x0000000000027520                rpl_neighbor_get_link_metric
                0x0000000000027554                rpl_neighbor_rank_via_nbr
                0x0000000000027588                rpl_neighbor_get_lladdr
                0x00000000000275a4                rpl_neighbor_get_ipaddr
                0x00000000000275cb                rpl_neighbor_get_link_stats
                0x00000000000275f2                rpl_neighbor_is_fresh
                0x0000000000027619                rpl_neighbor_is_reachable
                0x0000000000027664                rpl_neighbor_is_parent
                0x000000000002768e                rpl_neighbor_set_preferred_parent
                0x0000000000027725                rpl_neighbor_remove_all
                0x0000000000027781                rpl_neighbor_get_from_ipaddr
                0x000000000002788f                rpl_neighbor_select_best
                0x000000000002793b                rpl_neighbor_init
 .text          0x000000000002795a      0xe69 build/cooja/mtype773.a(rpl-dag.o)
                0x000000000002795a                rpl_dag_state_to_str
                0x0000000000027999                rpl_dag_get_root_ipaddr
                0x00000000000279e1                rpl_dag_leave
                0x0000000000027a6a                rpl_dag_poison_and_leave
                0x0000000000027a82                rpl_dag_periodic
                0x0000000000027b0a                rpl_is_addr_in_our_dag
                0x0000000000027b4e                rpl_get_default_instance
                0x0000000000027b6a                rpl_get_any_dag
                0x0000000000027bc3                rpl_refresh_routes
                0x0000000000027c03                rpl_global_repair
                0x0000000000027c9c                rpl_local_repair
                0x0000000000027ce6                rpl_dag_ready_to_advertise
                0x0000000000027d29                rpl_dag_update_state
                0x0000000000028456                rpl_process_dio
                0x00000000000284d4                rpl_process_dis
                0x0000000000028519                rpl_process_dao
                0x00000000000285a8                rpl_process_dao_ack
                0x000000000002863f                rpl_process_hbh
                0x000000000002868f                rpl_dag_init_root
                0x00000000000287a3                rpl_dag_init
 .text          0x00000000000287c3      0x9e7 build/cooja/mtype773.a(rpl-timers.o)
                0x00000000000287c3                rpl_timers_schedule_periodic_dis
                0x0000000000028911                rpl_timers_dio_reset
                0x0000000000028a1f                rpl_timers_schedule_unicast_dio
                0x0000000000028b73                rpl_timers_schedule_dao
                0x0000000000028c32                rpl_timers_schedule_dao_ack
                0x0000000000028cb8                rpl_timers_notify_dao_ack
                0x0000000000028d16                get_probing_delay
                0x0000000000028d4a                get_probing_target
                0x0000000000028f34                rpl_schedule_probing
                0x0000000000028f62                rpl_schedule_probing_now
                0x0000000000028fcc                rpl_timers_unschedule_leaving
                0x0000000000029004                rpl_timers_schedule_leaving
                0x0000000000029045                rpl_timers_init
                0x00000000000290d5                rpl_timers_stop_dag_timers
                0x000000000002914e                rpl_timers_unschedule_state_update
                0x0000000000029172                rpl_timers_schedule_state_update
 .text          0x00000000000291aa      0xb8e build/cooja/mtype773.a(rpl-ext-header.)
                0x00000000000291aa                rpl_ext_header_srh_get_next_hop
                0x0000000000029291                rpl_ext_header_srh_update
                0x00000000000297fd                rpl_ext_header_hbh_update
                0x0000000000029afd                rpl_ext_header_update
                0x0000000000029b86                rpl_ext_header_remove
 .text          0x0000000000029d38      0x31b build/cooja/mtype773.a(rpl-mrhof.o)
 *fill*         0x000000000002a053        0xd 
 .text          0x000000000002a060      0x122 /usr/lib/gcc/i686-linux-gnu/5/libgcc.a(_udivdi3.o)
                0x000000000002a060                __udivdi3
 .text          0x000000000002a182        0x0 /usr/lib/gcc/i686-linux-gnu/5/crtendS.o
 .text          0x000000000002a182        0x0 /usr/lib/gcc/i686-linux-gnu/5/../../../i386-linux-gnu/crtn.o
 *(.gnu.warning)

.fini           0x000000000002a184       0x14
 *(SORT(.fini))
 .fini          0x000000000002a184        0xf /usr/lib/gcc/i686-linux-gnu/5/../../../i386-linux-gnu/crti.o
                0x000000000002a184                _fini
 .fini          0x000000000002a193        0x5 /usr/lib/gcc/i686-linux-gnu/5/../../../i386-linux-gnu/crtn.o
                [!provide]                        PROVIDE (__etext, .)
                [!provide]                        PROVIDE (_etext, .)
                [!provide]                        PROVIDE (etext, .)

.rodata         0x000000000002a1a0      0xc8b
 *(.rodata .rodata.* .gnu.linkonce.r.*)
 .rodata        0x000000000002a1a0       0xde air.o
                0x000000000002a1b4                autostart_processes
 *fill*         0x000000000002a27e        0x2 
 .rodata        0x000000000002a280        0x8 build/cooja/mtype773.a(beep.o)
                0x000000000002a280                beep_interface
 .rodata        0x000000000002a288        0xe build/cooja/mtype773.a(leds-arch.o)
                0x000000000002a288                leds_interface
                0x000000000002a290                leds_arch_leds
 *fill*         0x000000000002a296        0x2 
 .rodata        0x000000000002a298        0x8 build/cooja/mtype773.a(moteid.o)
                0x000000000002a298                moteid_interface
 .rodata        0x000000000002a2a0       0x1c build/cooja/mtype773.a(pir-sensor.o)
                0x000000000002a2a0                pir_interface
                0x000000000002a2ac                pir_sensor
 .rodata        0x000000000002a2bc        0xe build/cooja/mtype773.a(rs232.o)
                0x000000000002a2bc                rs232_interface
 *fill*         0x000000000002a2ca        0x2 
 .rodata        0x000000000002a2cc       0x24 build/cooja/mtype773.a(vib-sensor.o)
                0x000000000002a2cc                vib_interface
                0x000000000002a2e0                vib_sensor
 .rodata        0x000000000002a2f0        0x8 build/cooja/mtype773.a(clock.o)
                0x000000000002a2f0                clock_interface
 .rodata        0x000000000002a2f8        0x8 build/cooja/mtype773.a(cooja-log.o)
                0x000000000002a2f8                simlog_interface
 .rodata        0x000000000002a300       0x2f build/cooja/mtype773.a(cfs-cooja.o)
                0x000000000002a300                cfs_interface
 *fill*         0x000000000002a32f       0x11 
 .rodata        0x000000000002a340       0xb8 build/cooja/mtype773.a(cooja-radio.o)
                0x000000000002a340                radio_interface
                0x000000000002a3c0                cooja_radio_driver
 .rodata        0x000000000002a3f8        0x8 build/cooja/mtype773.a(eeprom.o)
                0x000000000002a3f8                eeprom_interface
 .rodata        0x000000000002a400        0x8 build/cooja/mtype773.a(sensors.o)
 .rodata        0x000000000002a408       0x2c build/cooja/mtype773.a(buttons.o)
                0x000000000002a408                button_interface
                0x000000000002a41c                button_hal_button_count
                0x000000000002a424                button_sensor
 .rodata        0x000000000002a434       0xc1 build/cooja/mtype773.a(res_presence.o)
 *fill*         0x000000000002a4f5        0x3 
 .rodata        0x000000000002a4f8      0x129 build/cooja/mtype773.a(res_air.o)
 *fill*         0x000000000002a621        0x3 
 .rodata        0x000000000002a624       0x53 build/cooja/mtype773.a(res_quality.o)
 .rodata        0x000000000002a677       0x41 build/cooja/mtype773.a(coap-engine.o)
 .rodata        0x000000000002a6b8       0x19 build/cooja/mtype773.a(coap-res-well-k)
 .rodata        0x000000000002a6d1       0x11 build/cooja/mtype773.a(coap-observe.o)
 .rodata        0x000000000002a6e2       0x35 build/cooja/mtype773.a(coap-uip.o)
 *fill*         0x000000000002a717        0x1 
 .rodata        0x000000000002a718      0x1ac build/cooja/mtype773.a(coap.o)
 .rodata        0x000000000002a8c4       0xf8 build/cooja/mtype773.a(contiki-main.o)
 .rodata        0x000000000002a9bc        0xf build/cooja/mtype773.a(ctimer.o)
 *fill*         0x000000000002a9cb        0x1 
 .rodata        0x000000000002a9cc       0xc4 build/cooja/mtype773.a(log.o)
 .rodata        0x000000000002aa90        0xc build/cooja/mtype773.a(etimer.o)
 .rodata        0x000000000002aa9c       0x13 build/cooja/mtype773.a(button-hal.o)
 .rodata        0x000000000002aaaf        0xe build/cooja/mtype773.a(serial-line.o)
 *fill*         0x000000000002aabd        0x3 
 .rodata        0x000000000002aac0        0x8 build/cooja/mtype773.a(linkaddr.o)
                0x000000000002aac0                linkaddr_null
 .rodata        0x000000000002aac8       0x24 build/cooja/mtype773.a(csma.o)
                0x000000000002aad0                csma_driver
 .rodata        0x000000000002aaec       0x24 build/cooja/mtype773.a(csma-output.o)
 .rodata        0x000000000002ab10       0x4d build/cooja/mtype773.a(uip-ds6-route.o)
 .rodata        0x000000000002ab5d        0xd build/cooja/mtype773.a(tcpip.o)
 *fill*         0x000000000002ab6a        0x2 
 .rodata        0x000000000002ab6c       0x30 build/cooja/mtype773.a(sicslowpan.o)
                0x000000000002ab6c                unc_llconf
                0x000000000002ab70                unc_ctxconf
                0x000000000002ab74                unc_mxconf
                0x000000000002ab78                llprefix
                0x000000000002ab8c                sicslowpan_driver
 .rodata        0x000000000002ab9c       0x2d build/cooja/mtype773.a(uiplib.o)
 *fill*         0x000000000002abc9       0x17 
 .rodata        0x000000000002abe0       0x74 build/cooja/mtype773.a(rpl.o)
                0x000000000002ac00                rpl_lite_driver
 .rodata        0x000000000002ac54       0x20 build/cooja/mtype773.a(coap-timer-defa)
                0x000000000002ac68                coap_timer_default_driver
 .rodata        0x000000000002ac74       0x25 build/cooja/mtype773.a(assert.o)
 *fill*         0x000000000002ac99        0x3 
 .rodata        0x000000000002ac9c        0xc build/cooja/mtype773.a(framer-802154.o)
                0x000000000002ac9c                framer_802154
 .rodata        0x000000000002aca8       0x44 build/cooja/mtype773.a(uip-sr.o)
 .rodata        0x000000000002acec       0x58 build/cooja/mtype773.a(rpl-neighbor.o)
 .rodata        0x000000000002ad44       0xdb build/cooja/mtype773.a(rpl-dag.o)
 .rodata        0x000000000002ae1f        0xc build/cooja/mtype773.a(rpl-timers.o)

.rodata1
 *(.rodata1)

.eh_frame_hdr   0x000000000002ae2c     0x19fc
 *(.eh_frame_hdr)
 .eh_frame_hdr  0x000000000002ae2c     0x19fc air.o
                0x000000000002ae2c                __GNU_EH_FRAME_HDR
 *(.eh_frame_entry .eh_frame_entry.*)

.eh_frame       0x000000000002c828     0x6968
 *(.eh_frame)
 .eh_frame      0x000000000002c828       0x3c /usr/lib/gcc/i686-linux-gnu/5/../../../i386-linux-gnu/crti.o
                                         0x40 (size before relaxing)
 .eh_frame      0x000000000002c864       0x40 air.o
                                         0x58 (size before relaxing)
 .eh_frame      0x000000000002c8a4      0x178 build/cooja/mtype773.o
                                        0x190 (size before relaxing)
 .eh_frame      0x000000000002ca1c       0x40 build/cooja/mtype773.a(simEnvChange.o)
                                         0x58 (size before relaxing)
 .eh_frame      0x000000000002ca5c       0x60 build/cooja/mtype773.a(cooja_mt.o)
                                         0x78 (size before relaxing)
 .eh_frame      0x000000000002cabc       0x80 build/cooja/mtype773.a(cooja_mtarch.o)
                                         0x98 (size before relaxing)
 .eh_frame      0x000000000002cb3c       0xc8 build/cooja/mtype773.a(rtimer-arch.o)
                                         0xe0 (size before relaxing)
 .eh_frame      0x000000000002cc04      0x160 build/cooja/mtype773.a(beep.o)
                                        0x178 (size before relaxing)
 .eh_frame      0x000000000002cd64       0x80 build/cooja/mtype773.a(leds-arch.o)
                                         0x98 (size before relaxing)
 .eh_frame      0x000000000002cde4       0x40 build/cooja/mtype773.a(moteid.o)
                                         0x58 (size before relaxing)
 .eh_frame      0x000000000002ce24       0xa0 build/cooja/mtype773.a(pir-sensor.o)
                                         0xb8 (size before relaxing)
 .eh_frame      0x000000000002cec4      0x100 build/cooja/mtype773.a(rs232.o)
                                        0x118 (size before relaxing)
 .eh_frame      0x000000000002cfc4       0xa0 build/cooja/mtype773.a(vib-sensor.o)
                                         0xb8 (size before relaxing)
 .eh_frame      0x000000000002d064       0xc0 build/cooja/mtype773.a(clock.o)
                                         0xd8 (size before relaxing)
 .eh_frame      0x000000000002d124      0x120 build/cooja/mtype773.a(cooja-log.o)
                                        0x138 (size before relaxing)
 .eh_frame      0x000000000002d244      0x160 build/cooja/mtype773.a(cfs-cooja.o)
                                        0x178 (size before relaxing)
 .eh_frame      0x000000000002d3a4      0x340 build/cooja/mtype773.a(cooja-radio.o)
                                        0x358 (size before relaxing)
 .eh_frame      0x000000000002d6e4       0xa0 build/cooja/mtype773.a(eeprom.o)
                                         0xb8 (size before relaxing)
 .eh_frame      0x000000000002d784       0x40 build/cooja/mtype773.a(random.o)
                                         0x58 (size before relaxing)
 .eh_frame      0x000000000002d7c4       0xc0 build/cooja/mtype773.a(sensors.o)
                                         0xd8 (size before relaxing)
 .eh_frame      0x000000000002d884      0x120 build/cooja/mtype773.a(leds.o)
                                        0x138 (size before relaxing)
 .eh_frame      0x000000000002d9a4      0x220 build/cooja/mtype773.a(gpio-hal-arch.o)
                                        0x238 (size before relaxing)
 .eh_frame      0x000000000002dbc4       0xa0 build/cooja/mtype773.a(buttons.o)
                                         0xb8 (size before relaxing)
 .eh_frame      0x000000000002dc64       0x40 build/cooja/mtype773.a(res_presence.o)
                                         0x58 (size before relaxing)
 .eh_frame      0x000000000002dca4       0x60 build/cooja/mtype773.a(res_air.o)
                                         0x78 (size before relaxing)
 .eh_frame      0x000000000002dd04       0x40 build/cooja/mtype773.a(res_quality.o)
                                         0x58 (size before relaxing)
 .eh_frame      0x000000000002dd44       0x44 build/cooja/mtype773.a(coap-blocking-a)
                                         0x5c (size before relaxing)
 .eh_frame      0x000000000002dd88      0x220 build/cooja/mtype773.a(coap-engine.o)
                                        0x238 (size before relaxing)
 .eh_frame      0x000000000002dfa8       0x24 build/cooja/mtype773.a(coap-res-well-k)
                                         0x3c (size before relaxing)
 .eh_frame      0x000000000002dfcc      0x188 build/cooja/mtype773.a(coap-observe.o)
                                        0x1a0 (size before relaxing)
 .eh_frame      0x000000000002e154      0x250 build/cooja/mtype773.a(coap-uip.o)
                                        0x268 (size before relaxing)
 .eh_frame      0x000000000002e3a4      0x114 build/cooja/mtype773.a(coap-timer.o)
                                        0x12c (size before relaxing)
 .eh_frame      0x000000000002e4b8      0x100 build/cooja/mtype773.a(coap-transactio)
                                        0x118 (size before relaxing)
 .eh_frame      0x000000000002e5b8      0x6ec build/cooja/mtype773.a(coap.o)
                                        0x704 (size before relaxing)
 .eh_frame      0x000000000002eca4       0x30 build/cooja/mtype773.a(contiki-main.o)
                                         0x48 (size before relaxing)
 .eh_frame      0x000000000002ecd4       0x40 build/cooja/mtype773.a(autostart.o)
                                         0x58 (size before relaxing)
 .eh_frame      0x000000000002ed14      0x100 build/cooja/mtype773.a(ctimer.o)
                                        0x118 (size before relaxing)
 .eh_frame      0x000000000002ee14      0x100 build/cooja/mtype773.a(log.o)
                                        0x118 (size before relaxing)
 .eh_frame      0x000000000002ef14       0x60 build/cooja/mtype773.a(energest.o)
                                         0x78 (size before relaxing)
 .eh_frame      0x000000000002ef74      0x1e0 build/cooja/mtype773.a(etimer.o)
                                        0x1f8 (size before relaxing)
 .eh_frame      0x000000000002f154       0x20 build/cooja/mtype773.a(node-id.o)
                                         0x38 (size before relaxing)
 .eh_frame      0x000000000002f174       0x60 build/cooja/mtype773.a(rtimer.o)
                                         0x78 (size before relaxing)
 .eh_frame      0x000000000002f1d4      0x1c4 build/cooja/mtype773.a(process.o)
                                        0x1dc (size before relaxing)
 .eh_frame      0x000000000002f398       0xa4 build/cooja/mtype773.a(timer.o)
                                         0xbc (size before relaxing)
 .eh_frame      0x000000000002f43c      0x1a0 build/cooja/mtype773.a(list.o)
                                        0x1b8 (size before relaxing)
 .eh_frame      0x000000000002f5dc       0xa0 build/cooja/mtype773.a(memb.o)
                                         0xb8 (size before relaxing)
 .eh_frame      0x000000000002f67c      0x144 build/cooja/mtype773.a(button-hal.o)
                                        0x15c (size before relaxing)
 .eh_frame      0x000000000002f7c0       0x60 build/cooja/mtype773.a(serial-line.o)
                                         0x78 (size before relaxing)
 .eh_frame      0x000000000002f820       0xe0 build/cooja/mtype773.a(gpio-hal.o)
                                         0xf8 (size before relaxing)
 .eh_frame      0x000000000002f900      0x1a0 build/cooja/mtype773.a(queuebuf.o)
                                        0x1b8 (size before relaxing)
 .eh_frame      0x000000000002faa0      0x28c build/cooja/mtype773.a(packetbuf.o)
                                        0x2a4 (size before relaxing)
 .eh_frame      0x000000000002fd2c       0x80 build/cooja/mtype773.a(netstack.o)
                                         0x98 (size before relaxing)
 .eh_frame      0x000000000002fdac       0x60 build/cooja/mtype773.a(linkaddr.o)
                                         0x78 (size before relaxing)
 .eh_frame      0x000000000002fe0c       0xe0 build/cooja/mtype773.a(csma.o)
                                         0xf8 (size before relaxing)
 .eh_frame      0x000000000002feec      0x1d0 build/cooja/mtype773.a(csma-output.o)
                                        0x1e8 (size before relaxing)
 .eh_frame      0x00000000000300bc      0x328 build/cooja/mtype773.a(uip-ds6.o)
                                        0x340 (size before relaxing)
 .eh_frame      0x00000000000303e4       0x40 build/cooja/mtype773.a(uip-udp-packet.)
                                         0x58 (size before relaxing)
 .eh_frame      0x0000000000030424      0x220 build/cooja/mtype773.a(uip-ds6-route.o)
                                        0x238 (size before relaxing)
 .eh_frame      0x0000000000030644      0x244 build/cooja/mtype773.a(tcpip.o)
                                        0x25c (size before relaxing)
 .eh_frame      0x0000000000030888      0x1e8 build/cooja/mtype773.a(uip6.o)
                                        0x200 (size before relaxing)
 .eh_frame      0x0000000000030a70      0x1c0 build/cooja/mtype773.a(uip-ds6-nbr.o)
                                        0x1d8 (size before relaxing)
 .eh_frame      0x0000000000030c30       0x84 build/cooja/mtype773.a(uip-nd6.o)
                                         0x9c (size before relaxing)
 .eh_frame      0x0000000000030cb4      0x2f8 build/cooja/mtype773.a(sicslowpan.o)
                                        0x310 (size before relaxing)
 .eh_frame      0x0000000000030fac       0x88 build/cooja/mtype773.a(uiplib.o)
                                         0xa0 (size before relaxing)
 .eh_frame      0x0000000000031034      0x1e0 build/cooja/mtype773.a(rpl.o)
                                        0x1f8 (size before relaxing)
 .eh_frame      0x0000000000031214      0x1c4 build/cooja/mtype773.a(rpl-icmp6.o)
                                        0x1dc (size before relaxing)
 .eh_frame      0x00000000000313d8       0xa0 build/cooja/mtype773.a(rpl-dag-root.o)
                                         0xb8 (size before relaxing)
 .eh_frame      0x0000000000031478       0xa0 build/cooja/mtype773.a(watchdog.o)
                                         0xb8 (size before relaxing)
 .eh_frame      0x0000000000031518       0x80 build/cooja/mtype773.a(int-master.o)
                                         0x98 (size before relaxing)
 .eh_frame      0x0000000000031598       0xa4 build/cooja/mtype773.a(coap-timer-defa)
                                         0xbc (size before relaxing)
 .eh_frame      0x000000000003163c       0xc4 build/cooja/mtype773.a(stimer.o)
                                         0xdc (size before relaxing)
 .eh_frame      0x0000000000031700       0xa0 build/cooja/mtype773.a(ringbuf.o)
                                         0xb8 (size before relaxing)
 .eh_frame      0x00000000000317a0       0x20 build/cooja/mtype773.a(assert.o)
                                         0x38 (size before relaxing)
 .eh_frame      0x00000000000317c0      0x2ac build/cooja/mtype773.a(nbr-table.o)
                                        0x2c4 (size before relaxing)
 .eh_frame      0x0000000000031a6c      0x120 build/cooja/mtype773.a(link-stats.o)
                                        0x138 (size before relaxing)
 .eh_frame      0x0000000000031b8c       0x48 build/cooja/mtype773.a(mac-sequence.o)
                                         0x60 (size before relaxing)
 .eh_frame      0x0000000000031bd4       0x20 build/cooja/mtype773.a(mac.o)
                                         0x38 (size before relaxing)
 .eh_frame      0x0000000000031bf4       0xa4 build/cooja/mtype773.a(framer-802154.o)
                                         0xbc (size before relaxing)
 .eh_frame      0x0000000000031c98      0x1a4 build/cooja/mtype773.a(frame802154.o)
                                        0x1bc (size before relaxing)
 .eh_frame      0x0000000000031e3c       0x40 build/cooja/mtype773.a(csma-security.o)
                                         0x58 (size before relaxing)
 .eh_frame      0x0000000000031e7c      0x200 build/cooja/mtype773.a(uipbuf.o)
                                        0x218 (size before relaxing)
 .eh_frame      0x000000000003207c      0x150 build/cooja/mtype773.a(uip-icmp6.o)
                                        0x168 (size before relaxing)
 .eh_frame      0x00000000000321cc      0x184 build/cooja/mtype773.a(uip-sr.o)
                                        0x19c (size before relaxing)
 .eh_frame      0x0000000000032350       0xe0 build/cooja/mtype773.a(uip-packetqueue)
                                         0xf8 (size before relaxing)
 .eh_frame      0x0000000000032430       0x80 build/cooja/mtype773.a(rpl-nbr-policy.)
                                         0x98 (size before relaxing)
 .eh_frame      0x00000000000324b0      0x2d4 build/cooja/mtype773.a(rpl-neighbor.o)
                                        0x2ec (size before relaxing)
 .eh_frame      0x0000000000032784      0x370 build/cooja/mtype773.a(rpl-dag.o)
                                        0x388 (size before relaxing)
 .eh_frame      0x0000000000032af4      0x3a8 build/cooja/mtype773.a(rpl-timers.o)
                                        0x3c0 (size before relaxing)
 .eh_frame      0x0000000000032e9c      0x124 build/cooja/mtype773.a(rpl-ext-header.)
                                        0x13c (size before relaxing)
 .eh_frame      0x0000000000032fc0      0x148 build/cooja/mtype773.a(rpl-mrhof.o)
                                        0x160 (size before relaxing)
 .eh_frame      0x0000000000033108       0x84 /usr/lib/gcc/i686-linux-gnu/5/libgcc.a(_udivdi3.o)
                                         0x9c (size before relaxing)
 .eh_frame      0x000000000003318c        0x4 /usr/lib/gcc/i686-linux-gnu/5/crtendS.o
 *(.eh_frame.*)

.gcc_except_table
 *(.gcc_except_table .gcc_except_table.*)

.gnu_extab
 *(.gnu_extab*)

.exception_ranges
 *(.exception_ranges .exception_ranges*)
                0x0000000000034f10                . = DATA_SEGMENT_ALIGN (0x1000, 0x1000)

.eh_frame
 *(.eh_frame)
 *(.eh_frame.*)

.gnu_extab
 *(.gnu_extab)

.gcc_except_table
 *(.gcc_except_table .gcc_except_table.*)

.exception_ranges
 *(.exception_ranges .exception_ranges*)

.tdata
 *(.tdata .tdata.* .gnu.linkonce.td.*)

.tbss
 *(.tbss .tbss.* .gnu.linkonce.tb.*)
 *(.tcommon)

.preinit_array
 *(.preinit_array)

.init_array     0x0000000000034f10        0x4
 *(SORT(.init_array.*) SORT(.ctors.*))
 *(.init_array EXCLUDE_FILE(*crtend?.o *crtend.o *crtbegin?.o *crtbegin.o) .ctors)
 .init_array    0x0000000000034f10        0x4 /usr/lib/gcc/i686-linux-gnu/5/crtbeginS.o

.fini_array     0x0000000000034f14        0x4
 *(SORT(.fini_array.*) SORT(.dtors.*))
 *(.fini_array EXCLUDE_FILE(*crtend?.o *crtend.o *crtbegin?.o *crtbegin.o) .dtors)
 .fini_array    0x0000000000034f14        0x4 /usr/lib/gcc/i686-linux-gnu/5/crtbeginS.o

.ctors
 *crtbegin.o(.ctors)
 *crtbegin?.o(.ctors)
 *(EXCLUDE_FILE(*crtend?.o *crtend.o) .ctors)
 *(SORT(.ctors.*))
 *(.ctors)

.dtors
 *crtbegin.o(.dtors)
 *crtbegin?.o(.dtors)
 *(EXCLUDE_FILE(*crtend?.o *crtend.o) .dtors)
 *(SORT(.dtors.*))
 *(.dtors)

.jcr            0x0000000000034f18        0x4
 *(.jcr)
 .jcr           0x0000000000034f18        0x0 /usr/lib/gcc/i686-linux-gnu/5/crtbeginS.o
 .jcr           0x0000000000034f18        0x4 /usr/lib/gcc/i686-linux-gnu/5/crtendS.o

.data.rel.ro
 *(.data.rel.ro.local* .gnu.linkonce.d.rel.ro.local.*)
 *(.data.rel.ro .data.rel.ro.* .gnu.linkonce.d.rel.ro.*)

.dynamic        0x0000000000034f1c       0xd0
 *(.dynamic)
 .dynamic       0x0000000000034f1c       0xd0 /usr/lib/gcc/i686-linux-gnu/5/../../../i386-linux-gnu/crti.o
                0x0000000000034f1c                _DYNAMIC

.got            0x0000000000034fec       0x14
 *(.got)
 .got           0x0000000000034fec       0x14 /usr/lib/gcc/i686-linux-gnu/5/../../../i386-linux-gnu/crti.o
 *(.igot)
                0x0000000000035ff4                . = DATA_SEGMENT_RELRO_END (., (SIZEOF (.got.plt) >= 0xc)?0xc:0x0)

.got.plt        0x0000000000035000        0xc
 *(.got.plt)
 .got.plt       0x0000000000035000        0xc /usr/lib/gcc/i686-linux-gnu/5/../../../i386-linux-gnu/crti.o
                0x0000000000035000                _GLOBAL_OFFSET_TABLE_
 *(.igot.plt)

.data           0x0000000000035020      0x504
 *(.data .data.* .gnu.linkonce.d.*)
 .data          0x0000000000035020        0x0 /usr/lib/gcc/i686-linux-gnu/5/../../../i386-linux-gnu/crti.o
 .data          0x0000000000035020        0x0 /usr/lib/gcc/i686-linux-gnu/5/crtbeginS.o
 .data.rel.local
                0x0000000000035020        0x4 /usr/lib/gcc/i686-linux-gnu/5/crtbeginS.o
                0x0000000000035020                __dso_handle
 .data          0x0000000000035024       0x10 air.o
                0x0000000000035024                air_node
 *fill*         0x0000000000035034        0xc 
 .data          0x0000000000035040       0x44 build/cooja/mtype773.o
                0x0000000000035040                simInterfaces
                0x0000000000035074                sensors
 .data          0x0000000000035084        0x0 build/cooja/mtype773.a(simEnvChange.o)
 .data          0x0000000000035084        0x0 build/cooja/mtype773.a(cooja_mt.o)
 .data          0x0000000000035084        0x0 build/cooja/mtype773.a(cooja_mtarch.o)
 .data          0x0000000000035084        0x0 build/cooja/mtype773.a(rtimer-arch.o)
 .data          0x0000000000035084        0x0 build/cooja/mtype773.a(beep.o)
 .data          0x0000000000035084        0x0 build/cooja/mtype773.a(leds-arch.o)
 .data          0x0000000000035084        0x0 build/cooja/mtype773.a(moteid.o)
 .data          0x0000000000035084        0x0 build/cooja/mtype773.a(pir-sensor.o)
 .data          0x0000000000035084        0x0 build/cooja/mtype773.a(rs232.o)
 .data          0x0000000000035084        0x0 build/cooja/mtype773.a(vib-sensor.o)
 .data          0x0000000000035084        0x0 build/cooja/mtype773.a(clock.o)
 .data          0x0000000000035084        0x0 build/cooja/mtype773.a(cooja-log.o)
 .data          0x0000000000035084        0x0 build/cooja/mtype773.a(cfs-cooja.o)
 .data          0x0000000000035084       0x2c build/cooja/mtype773.a(cooja-radio.o)
                0x0000000000035084                simRadioHWOn
                0x0000000000035088                simSignalStrength
                0x000000000003508c                simLastSignalStrength
                0x0000000000035090                simPower
                0x0000000000035094                simRadioChannel
                0x0000000000035098                simLQI
                0x00000000000350a0                cooja_radio_process
 .data          0x00000000000350b0        0x0 build/cooja/mtype773.a(eeprom.o)
 .data          0x00000000000350b0        0x0 build/cooja/mtype773.a(random.o)
 .data          0x00000000000350b0       0x10 build/cooja/mtype773.a(sensors.o)
                0x00000000000350b0                sensors_process
 .data          0x00000000000350c0        0x0 build/cooja/mtype773.a(leds.o)
 .data          0x00000000000350c0        0x0 build/cooja/mtype773.a(gpio-hal-arch.o)
 .data          0x00000000000350c0       0x78 build/cooja/mtype773.a(buttons.o)
                0x00000000000350c0                simButtonIsActive
                0x0000000000035130                button_hal_buttons
 *fill*         0x0000000000035138        0x8 
 .data          0x0000000000035140       0x44 build/cooja/mtype773.a(res_presence.o)
                0x0000000000035140                presence
                0x0000000000035160                res_presence
 *fill*         0x0000000000035184       0x1c 
 .data          0x00000000000351a0       0x24 build/cooja/mtype773.a(res_air.o)
                0x00000000000351a0                res_air
 *fill*         0x00000000000351c4       0x1c 
 .data          0x00000000000351e0       0x48 build/cooja/mtype773.a(res_quality.o)
                0x00000000000351e0                quality
                0x0000000000035200                res_quality
                0x0000000000035224                buff
 .data          0x0000000000035228        0x0 build/cooja/mtype773.a(coap-blocking-a)
 .data          0x0000000000035228        0x8 build/cooja/mtype773.a(coap-engine.o)
 *fill*         0x0000000000035230       0x10 
 .data          0x0000000000035240       0x24 build/cooja/mtype773.a(coap-res-well-k)
                0x0000000000035240                res_well_known_core
 .data          0x0000000000035264       0x10 build/cooja/mtype773.a(coap-observe.o)
 .data          0x0000000000035274       0x10 build/cooja/mtype773.a(coap-uip.o)
                0x0000000000035274                coap_engine
 .data          0x0000000000035284        0x4 build/cooja/mtype773.a(coap-timer.o)
 .data          0x0000000000035288       0x10 build/cooja/mtype773.a(coap-transactio)
 .data          0x0000000000035298        0x4 build/cooja/mtype773.a(coap.o)
                0x0000000000035298                coap_error_message
 .data          0x000000000003529c        0x0 build/cooja/mtype773.a(contiki-main.o)
 .data          0x000000000003529c        0x0 build/cooja/mtype773.a(autostart.o)
 .data          0x000000000003529c       0x14 build/cooja/mtype773.a(ctimer.o)
                0x00000000000352a0                ctimer_process
 *fill*         0x00000000000352b0       0x10 
 .data          0x00000000000352c0       0xbc build/cooja/mtype773.a(log.o)
                0x00000000000352c0                curr_log_level_main
                0x00000000000352e0                all_modules
 .data          0x000000000003537c        0x0 build/cooja/mtype773.a(energest.o)
 .data          0x000000000003537c       0x10 build/cooja/mtype773.a(etimer.o)
                0x000000000003537c                etimer_process
 .data          0x000000000003538c        0x0 build/cooja/mtype773.a(node-id.o)
 .data          0x000000000003538c        0x0 build/cooja/mtype773.a(rtimer.o)
 .data          0x000000000003538c        0x0 build/cooja/mtype773.a(process.o)
 .data          0x000000000003538c        0x0 build/cooja/mtype773.a(timer.o)
 .data          0x000000000003538c        0x0 build/cooja/mtype773.a(list.o)
 .data          0x000000000003538c        0x0 build/cooja/mtype773.a(memb.o)
 .data          0x000000000003538c       0x10 build/cooja/mtype773.a(button-hal.o)
                0x000000000003538c                button_hal_process
 .data          0x000000000003539c       0x10 build/cooja/mtype773.a(serial-line.o)
                0x000000000003539c                serial_line_process
 .data          0x00000000000353ac        0x4 build/cooja/mtype773.a(gpio-hal.o)
 .data          0x00000000000353b0       0x18 build/cooja/mtype773.a(queuebuf.o)
 .data          0x00000000000353c8        0x4 build/cooja/mtype773.a(packetbuf.o)
 .data          0x00000000000353cc        0x4 build/cooja/mtype773.a(netstack.o)
 .data          0x00000000000353d0        0x0 build/cooja/mtype773.a(linkaddr.o)
 .data          0x00000000000353d0        0x0 build/cooja/mtype773.a(csma.o)
 .data          0x00000000000353d0       0x28 build/cooja/mtype773.a(csma-output.o)
 .data          0x00000000000353f8        0x0 build/cooja/mtype773.a(uip-ds6.o)
 .data          0x00000000000353f8        0x0 build/cooja/mtype773.a(uip-udp-packet.)
 .data          0x00000000000353f8       0x10 build/cooja/mtype773.a(uip-ds6-route.o)
 .data          0x0000000000035408       0x10 build/cooja/mtype773.a(tcpip.o)
                0x0000000000035408                tcpip_process
 .data          0x0000000000035418        0x0 build/cooja/mtype773.a(uip6.o)
 .data          0x0000000000035418       0x14 build/cooja/mtype773.a(uip-ds6-nbr.o)
 .data          0x000000000003542c        0xc build/cooja/mtype773.a(uip-nd6.o)
 .data          0x0000000000035438        0x0 build/cooja/mtype773.a(sicslowpan.o)
 .data          0x0000000000035438        0x0 build/cooja/mtype773.a(uiplib.o)
 .data          0x0000000000035438        0x0 build/cooja/mtype773.a(rpl.o)
 .data          0x0000000000035438       0x30 build/cooja/mtype773.a(rpl-icmp6.o)
 .data          0x0000000000035468        0x0 build/cooja/mtype773.a(rpl-dag-root.o)
 .data          0x0000000000035468        0x0 build/cooja/mtype773.a(watchdog.o)
 .data          0x0000000000035468        0x0 build/cooja/mtype773.a(int-master.o)
 .data          0x0000000000035468       0x10 build/cooja/mtype773.a(coap-timer-defa)
                0x0000000000035468                coap_timer_process
 .data          0x0000000000035478        0x0 build/cooja/mtype773.a(stimer.o)
 .data          0x0000000000035478        0x0 build/cooja/mtype773.a(ringbuf.o)
 .data          0x0000000000035478        0x0 build/cooja/mtype773.a(assert.o)
 .data          0x0000000000035478       0x10 build/cooja/mtype773.a(nbr-table.o)
 .data          0x0000000000035488       0x14 build/cooja/mtype773.a(link-stats.o)
 .data          0x000000000003549c        0x0 build/cooja/mtype773.a(mac-sequence.o)
 .data          0x000000000003549c        0x0 build/cooja/mtype773.a(mac.o)
 .data          0x000000000003549c        0x0 build/cooja/mtype773.a(framer-802154.o)
 .data          0x000000000003549c        0x2 build/cooja/mtype773.a(frame802154.o)
 .data          0x000000000003549e        0x0 build/cooja/mtype773.a(csma-security.o)
 .data          0x000000000003549e        0x0 build/cooja/mtype773.a(uipbuf.o)
 *fill*         0x000000000003549e        0x2 
 .data          0x00000000000354a0       0x20 build/cooja/mtype773.a(uip-icmp6.o)
 .data          0x00000000000354c0       0x10 build/cooja/mtype773.a(uip-sr.o)
 .data          0x00000000000354d0        0xc build/cooja/mtype773.a(uip-packetqueue)
 .data          0x00000000000354dc        0x0 build/cooja/mtype773.a(rpl-nbr-policy.)
 .data          0x00000000000354dc       0x14 build/cooja/mtype773.a(rpl-neighbor.o)
                0x00000000000354ec                rpl_neighbors
 .data          0x00000000000354f0        0x0 build/cooja/mtype773.a(rpl-dag.o)
 .data          0x00000000000354f0        0x0 build/cooja/mtype773.a(rpl-timers.o)
 .data          0x00000000000354f0        0x0 build/cooja/mtype773.a(rpl-ext-header.)
 *fill*         0x00000000000354f0       0x10 
 .data          0x0000000000035500       0x24 build/cooja/mtype773.a(rpl-mrhof.o)
                0x0000000000035500                rpl_mrhof
 .data          0x0000000000035524        0x0 /usr/lib/gcc/i686-linux-gnu/5/libgcc.a(_udivdi3.o)
 .data          0x0000000000035524        0x0 /usr/lib/gcc/i686-linux-gnu/5/crtendS.o
 .data          0x0000000000035524        0x0 /usr/lib/gcc/i686-linux-gnu/5/../../../i386-linux-gnu/crtn.o

.tm_clone_table
                0x0000000000035524        0x0
 .tm_clone_table
                0x0000000000035524        0x0 /usr/lib/gcc/i686-linux-gnu/5/crtbeginS.o
 .tm_clone_table
                0x0000000000035524        0x0 /usr/lib/gcc/i686-linux-gnu/5/crtendS.o

.data1
 *(.data1)
                0x0000000000035524                _edata = .
                [!provide]                        PROVIDE (edata, .)
                0x0000000000035524                . = .
                0x0000000000035524                __bss_start = .

.bss            0x0000000000035540    0x13f84
 *(.dynbss)
 .dynbss        0x0000000000035540        0x0 /usr/lib/gcc/i686-linux-gnu/5/../../../i386-linux-gnu/crti.o
 *(.bss .bss.* .gnu.linkonce.b.*)
 .bss           0x0000000000035540        0x0 /usr/lib/gcc/i686-linux-gnu/5/../../../i386-linux-gnu/crti.o
 .bss           0x0000000000035540        0x1 /usr/lib/gcc/i686-linux-gnu/5/crtbeginS.o
 *fill*         0x0000000000035541       0x1f 
 .bss           0x0000000000035560      0x12c air.o
                0x0000000000035560                registered
 *fill*         0x000000000003568c       0x14 
 .bss           0x00000000000356a0     0x2030 build/cooja/mtype773.o
 .bss           0x00000000000376d0        0x1 build/cooja/mtype773.a(simEnvChange.o)
                0x00000000000376d0                simDontFallAsleep
 *fill*         0x00000000000376d1        0x3 
 .bss           0x00000000000376d4        0x4 build/cooja/mtype773.a(cooja_mt.o)
 .bss           0x00000000000376d8        0x4 build/cooja/mtype773.a(cooja_mtarch.o)
 .bss           0x00000000000376dc        0x0 build/cooja/mtype773.a(rtimer-arch.o)
 .bss           0x00000000000376dc        0x0 build/cooja/mtype773.a(beep.o)
 .bss           0x00000000000376dc        0x1 build/cooja/mtype773.a(leds-arch.o)
                0x00000000000376dc                simLedsValue
 .bss           0x00000000000376dd        0x0 build/cooja/mtype773.a(moteid.o)
 .bss           0x00000000000376dd        0x1 build/cooja/mtype773.a(pir-sensor.o)
                0x00000000000376dd                simPirValue
 *fill*         0x00000000000376de        0x2 
 .bss           0x00000000000376e0        0x4 build/cooja/mtype773.a(rs232.o)
 .bss           0x00000000000376e4        0x1 build/cooja/mtype773.a(vib-sensor.o)
                0x00000000000376e4                simVibValue
 .bss           0x00000000000376e5        0x0 build/cooja/mtype773.a(clock.o)
 *fill*         0x00000000000376e5       0x1b 
 .bss           0x0000000000037700     0x2020 build/cooja/mtype773.a(cooja-log.o)
 .bss           0x0000000000039720      0xfc0 build/cooja/mtype773.a(cfs-cooja.o)
                0x0000000000039720                simCFSData
                0x000000000003a6c0                simCFSSize
                0x000000000003a6c4                simCFSChanged
                0x000000000003a6c8                simCFSRead
                0x000000000003a6cc                simCFSWritten
 .bss           0x000000000003a6e0       0x24 build/cooja/mtype773.a(cooja-radio.o)
                0x000000000003a6e0                simReceiving
                0x000000000003a6e4                simInSize
                0x000000000003a6e8                simLastPacketTimestamp
                0x000000000003a6f0                simOutSize
 .bss           0x000000000003a704        0xc build/cooja/mtype773.a(eeprom.o)
                0x000000000003a704                simEEPROMChanged
                0x000000000003a708                simEEPROMRead
                0x000000000003a70c                simEEPROMWritten
 .bss           0x000000000003a710        0x0 build/cooja/mtype773.a(random.o)
 .bss           0x000000000003a710        0xc build/cooja/mtype773.a(sensors.o)
 .bss           0x000000000003a71c        0x0 build/cooja/mtype773.a(leds.o)
 .bss           0x000000000003a71c       0x24 build/cooja/mtype773.a(gpio-hal-arch.o)
 .bss           0x000000000003a740        0x0 build/cooja/mtype773.a(buttons.o)
 .bss           0x000000000003a740        0x4 build/cooja/mtype773.a(res_presence.o)
 .bss           0x000000000003a744        0x8 build/cooja/mtype773.a(res_air.o)
                0x000000000003a744                air_state
                0x000000000003a745                lightOn
 .bss           0x000000000003a74c        0x4 build/cooja/mtype773.a(res_quality.o)
 .bss           0x000000000003a750        0x0 build/cooja/mtype773.a(coap-blocking-a)
 *fill*         0x000000000003a750       0x10 
 .bss           0x000000000003a760      0x190 build/cooja/mtype773.a(coap-engine.o)
 .bss           0x000000000003a8f0        0x0 build/cooja/mtype773.a(coap-res-well-k)
 *fill*         0x000000000003a8f0       0x10 
 .bss           0x000000000003a900      0x120 build/cooja/mtype773.a(coap-observe.o)
 .bss           0x000000000003aa20       0x18 build/cooja/mtype773.a(coap-uip.o)
 .bss           0x000000000003aa38        0x5 build/cooja/mtype773.a(coap-timer.o)
 *fill*         0x000000000003aa3d        0x3 
 .bss           0x000000000003aa40      0x334 build/cooja/mtype773.a(coap-transactio)
 .bss           0x000000000003ad74        0x6 build/cooja/mtype773.a(coap.o)
                0x000000000003ad74                coap_status_code
 .bss           0x000000000003ad7a        0x0 build/cooja/mtype773.a(contiki-main.o)
 .bss           0x000000000003ad7a        0x0 build/cooja/mtype773.a(autostart.o)
 *fill*         0x000000000003ad7a        0x2 
 .bss           0x000000000003ad7c        0x5 build/cooja/mtype773.a(ctimer.o)
 *fill*         0x000000000003ad81        0x3 
 .bss           0x000000000003ad84       0x2c build/cooja/mtype773.a(log.o)
                0x000000000003ad84                curr_log_level_rpl
                0x000000000003ad88                curr_log_level_tcpip
                0x000000000003ad8c                curr_log_level_ipv6
                0x000000000003ad90                curr_log_level_6lowpan
                0x000000000003ad94                curr_log_level_nullnet
                0x000000000003ad98                curr_log_level_mac
                0x000000000003ad9c                curr_log_level_framer
                0x000000000003ada0                curr_log_level_6top
                0x000000000003ada4                curr_log_level_coap
                0x000000000003ada8                curr_log_level_snmp
                0x000000000003adac                curr_log_level_lwm2m
 .bss           0x000000000003adb0        0x0 build/cooja/mtype773.a(energest.o)
 .bss           0x000000000003adb0        0x8 build/cooja/mtype773.a(etimer.o)
 .bss           0x000000000003adb8        0x2 build/cooja/mtype773.a(node-id.o)
                0x000000000003adb8                node_id
 *fill*         0x000000000003adba        0x2 
 .bss           0x000000000003adbc        0x4 build/cooja/mtype773.a(rtimer.o)
 .bss           0x000000000003adc0      0x1a1 build/cooja/mtype773.a(process.o)
                0x000000000003adc0                process_list
                0x000000000003adc4                process_current
 .bss           0x000000000003af61        0x0 build/cooja/mtype773.a(timer.o)
 .bss           0x000000000003af61        0x0 build/cooja/mtype773.a(list.o)
 .bss           0x000000000003af61        0x0 build/cooja/mtype773.a(memb.o)
 *fill*         0x000000000003af61        0x3 
 .bss           0x000000000003af64       0x10 build/cooja/mtype773.a(button-hal.o)
 *fill*         0x000000000003af74        0xc 
 .bss           0x000000000003af80      0x140 build/cooja/mtype773.a(serial-line.o)
 .bss           0x000000000003b0c0        0x4 build/cooja/mtype773.a(gpio-hal.o)
 *fill*         0x000000000003b0c4       0x1c 
 .bss           0x000000000003b0e0     0x2c80 build/cooja/mtype773.a(queuebuf.o)
 .bss           0x000000000003dd60       0xa0 build/cooja/mtype773.a(packetbuf.o)
 .bss           0x000000000003de00        0x4 build/cooja/mtype773.a(netstack.o)
 .bss           0x000000000003de04        0x0 build/cooja/mtype773.a(linkaddr.o)
 .bss           0x000000000003de04        0x0 build/cooja/mtype773.a(csma.o)
 *fill*         0x000000000003de04       0x1c 