Archive member included to satisfy reference by file (symbol)

build/cooja/mtype328.a(simEnvChange.o)
                              build/cooja/mtype328.o (simDontFallAsleep)
build/cooja/mtype328.a(cooja_mt.o)
                              build/cooja/mtype328.o (cooja_mt_start)
build/cooja/mtype328.a(cooja_mtarch.o)
                              build/cooja/mtype328.a(cooja_mt.o) (cooja_mtarch_start)
build/cooja/mtype328.a(rtimer-arch.o)
                              build/cooja/mtype328.o (rtimer_arch_check)
build/cooja/mtype328.a(beep.o)
                              build/cooja/mtype328.o (beep_interface)
build/cooja/mtype328.a(leds-arch.o)
                              build/cooja/mtype328.o (leds_interface)
build/cooja/mtype328.a(moteid.o)
                              build/cooja/mtype328.o (moteid_interface)
build/cooja/mtype328.a(pir-sensor.o)
                              build/cooja/mtype328.o (pir_interface)
build/cooja/mtype328.a(rs232.o)
                              build/cooja/mtype328.o (rs232_interface)
build/cooja/mtype328.a(vib-sensor.o)
                              build/cooja/mtype328.o (vib_interface)
build/cooja/mtype328.a(clock.o)
                              build/cooja/mtype328.o (clock_interface)
build/cooja/mtype328.a(cooja-log.o)
                              build/cooja/mtype328.o (simlog_interface)
build/cooja/mtype328.a(cfs-cooja.o)
                              build/cooja/mtype328.o (cfs_interface)
build/cooja/mtype328.a(cooja-radio.o)
                              build/cooja/mtype328.o (radio_interface)
build/cooja/mtype328.a(eeprom.o)
                              build/cooja/mtype328.o (eeprom_interface)
build/cooja/mtype328.a(random.o)
                              build/cooja/mtype328.a(moteid.o) (random_init)
build/cooja/mtype328.a(sensors.o)
                              build/cooja/mtype328.a(pir-sensor.o) (sensors_changed)
build/cooja/mtype328.a(leds.o)
                              air.o (leds_set)
build/cooja/mtype328.a(gpio-hal-arch.o)
                              build/cooja/mtype328.a(leds-arch.o) (gpio_hal_arch_register_pin_callback)
build/cooja/mtype328.a(buttons.o)
                              build/cooja/mtype328.o (button_interface)
build/cooja/mtype328.a(res_air.o)
                              air.o (air_state)
build/cooja/mtype328.a(res_quality.o)
                              air.o (quality)
build/cooja/mtype328.a(coap-blocking-a)
                              air.o (coap_blocking_request)
build/cooja/mtype328.a(coap-engine.o)
                              air.o (coap_activate_resource)
build/cooja/mtype328.a(coap-res-well-k)
                              build/cooja/mtype328.a(coap-engine.o) (res_well_known_core)
build/cooja/mtype328.a(coap-observe.o)
                              build/cooja/mtype328.a(coap-engine.o) (coap_remove_observer_by_mid)
build/cooja/mtype328.a(coap-uip.o)
                              build/cooja/mtype328.a(coap-observe.o) (coap_endpoint_copy)
build/cooja/mtype328.a(coap-timer.o)
                              build/cooja/mtype328.a(coap-engine.o) (coap_timer_set)
build/cooja/mtype328.a(coap-transactio)
                              build/cooja/mtype328.a(coap-blocking-a) (coap_send_transaction)
build/cooja/mtype328.a(coap.o)
                              build/cooja/mtype328.a(coap-engine.o) (coap_status_code)
build/cooja/mtype328.a(contiki-main.o)
                              build/cooja/mtype328.o (main)
build/cooja/mtype328.a(autostart.o)
                              build/cooja/mtype328.a(contiki-main.o) (autostart_start)
build/cooja/mtype328.a(ctimer.o)
                              build/cooja/mtype328.a(contiki-main.o) (ctimer_init)
build/cooja/mtype328.a(log.o)
                              build/cooja/mtype328.a(contiki-main.o) (curr_log_level_main)
build/cooja/mtype328.a(energest.o)
                              build/cooja/mtype328.a(contiki-main.o) (energest_init)
build/cooja/mtype328.a(etimer.o)
                              build/cooja/mtype328.a(contiki-main.o) (etimer_process)
build/cooja/mtype328.a(node-id.o)
                              air.o (node_id)
build/cooja/mtype328.a(rtimer.o)
                              build/cooja/mtype328.a(contiki-main.o) (rtimer_init)
build/cooja/mtype328.a(process.o)
                              build/cooja/mtype328.a(coap-blocking-a) (process_current)
build/cooja/mtype328.a(timer.o)
                              build/cooja/mtype328.a(etimer.o) (timer_set)
build/cooja/mtype328.a(list.o)
                              build/cooja/mtype328.a(coap-engine.o) (list_init)
build/cooja/mtype328.a(memb.o)
                              build/cooja/mtype328.a(coap-observe.o) (memb_alloc)
build/cooja/mtype328.a(button-hal.o)
                              build/cooja/mtype328.o (button_hal_init)
build/cooja/mtype328.a(serial-line.o)
                              build/cooja/mtype328.a(rs232.o) (serial_line_input_byte)
build/cooja/mtype328.a(gpio-hal.o)
[...]
Memory Configuration

Name             Origin             Length             Attributes
*default*        0x0000000000000000 0xffffffffffffffff

Linker script and memory map

LOAD /usr/lib/gcc/i686-linux-gnu/5/../../../i386-linux-gnu/crti.o
LOAD /usr/lib/gcc/i686-linux-gnu/5/crtbeginS.o
LOAD air.o
LOAD build/cooja/mtype328.o
LOAD build/cooja/mtype328.a
LOAD /usr/lib/gcc/i686-linux-gnu/5/libgcc.a
LOAD /usr/lib/gcc/i686-linux-gnu/5/libgcc_s.so
LOAD /usr/lib/gcc/i686-linux-gnu/5/../../../i386-linux-gnu/libc.so
START GROUP
LOAD /lib/i386-linux-gnu/libc.so.6
LOAD /usr/lib/i386-linux-gnu/libc_nonshared.a
LOAD /lib/i386-linux-gnu/ld-linux.so.2
END GROUP
LOAD /usr/lib/gcc/i686-linux-gnu/5/libgcc.a
LOAD /usr/lib/gcc/i686-linux-gnu/5/libgcc_s.so
LOAD /usr/lib/gcc/i686-linux-gnu/5/crtendS.o
LOAD /usr/lib/gcc/i686-linux-gnu/5/../../../i386-linux-gnu/crtn.o
                0x0000000000000114                . = (0x0 + SIZEOF_HEADERS)

.note.gnu.build-id
                0x0000000000000114       0x24
 *(.note.gnu.build-id)
 .note.gnu.build-id
                0x0000000000000114       0x24 /usr/lib/gcc/i686-linux-gnu/5/../../../i386-linux-gnu/crti.o

.hash
 *(.hash)

.gnu.hash       0x0000000000000138     0x15a4
 *(.gnu.hash)
 .gnu.hash      0x0000000000000138     0x15a4 /usr/lib/gcc/i686-linux-gnu/5/../../../i386-linux-gnu/crti.o

.dynsym         0x00000000000016dc     0x2f30
 *(.dynsym)
 .dynsym        0x00000000000016dc     0x2f30 /usr/lib/gcc/i686-linux-gnu/5/../../../i386-linux-gnu/crti.o

.dynstr         0x000000000000460c     0x36ae
 *(.dynstr)
 .dynstr        0x000000000000460c     0x36ae /usr/lib/gcc/i686-linux-gnu/5/../../../i386-linux-gnu/crti.o

.gnu.version    0x0000000000007cba      0x5e6
 *(.gnu.version)
 .gnu.version   0x0000000000007cba      0x5e6 /usr/lib/gcc/i686-linux-gnu/5/../../../i386-linux-gnu/crti.o

.gnu.version_d  0x00000000000082a0        0x0
 *(.gnu.version_d)
 .gnu.version_d
                0x00000000000082a0        0x0 /usr/lib/gcc/i686-linux-gnu/5/../../../i386-linux-gnu/crti.o

.gnu.version_r  0x00000000000082a0       0x40
 *(.gnu.version_r)
 .gnu.version_r
                0x00000000000082a0       0x40 /usr/lib/gcc/i686-linux-gnu/5/../../../i386-linux-gnu/crti.o

.rel.dyn        0x00000000000082e0     0x9368
 *(.rel.init)
 .rel.init      0x00000000000082e0        0x0 /usr/lib/gcc/i686-linux-gnu/5/../../../i386-linux-gnu/crti.o
 *(.rel.text .rel.text.* .rel.gnu.linkonce.t.*)
 .rel.text      0x00000000000082e0     0x8990 /usr/lib/gcc/i686-linux-gnu/5/../../../i386-linux-gnu/crti.o
 *(.rel.fini)
 .rel.fini      0x0000000000010c70        0x0 /usr/lib/gcc/i686-linux-gnu/5/../../../i386-linux-gnu/crti.o
 *(.rel.rodata .rel.rodata.* .rel.gnu.linkonce.r.*)
 .rel.rodata    0x0000000000010c70      0x588 /usr/lib/gcc/i686-linux-gnu/5/../../../i386-linux-gnu/crti.o
 *(.rel.data.rel.ro .rel.data.rel.ro.* .rel.gnu.linkonce.d.rel.ro.*)
 *(.rel.data .rel.data.* .rel.gnu.linkonce.d.*)
 .rel.data.rel.local
                0x00000000000111f8        0x8 /usr/lib/gcc/i686-linux-gnu/5/../../../i386-linux-gnu/crti.o
 .rel.data      0x0000000000011200      0x410 /usr/lib/gcc/i686-linux-gnu/5/../../../i386-linux-gnu/crti.o
 *(.rel.tdata .rel.tdata.* .rel.gnu.linkonce.td.*)
 *(.rel.tbss .rel.tbss.* .rel.gnu.linkonce.tb.*)
 *(.rel.ctors)
 *(.rel.dtors)
 *(.rel.got)
 .rel.got       0x0000000000011610       0x28 /usr/lib/gcc/i686-linux-gnu/5/../../../i386-linux-gnu/crti.o
 *(.rel.bss .rel.bss.* .rel.gnu.linkonce.b.*)
 *(.rel.ifunc)
 .rel.ifunc     0x0000000000011638        0x0 /usr/lib/gcc/i686-linux-gnu/5/../../../i386-linux-gnu/crti.o
 .rel.fini_array
                0x0000000000011638        0x8 /usr/lib/gcc/i686-linux-gnu/5/../../../i386-linux-gnu/crti.o
 .rel.init_array
                0x0000000000011640        0x8 /usr/lib/gcc/i686-linux-gnu/5/../../../i386-linux-gnu/crti.o

.rel.plt        0x0000000000011648        0x0
 *(.rel.plt)
 .rel.plt       0x0000000000011648        0x0 /usr/lib/gcc/i686-linux-gnu/5/../../../i386-linux-gnu/crti.o
 *(.rel.iplt)

.init           0x0000000000011648       0x23
 *(SORT(.init))
 .init          0x0000000000011648       0x1e /usr/lib/gcc/i686-linux-gnu/5/../../../i386-linux-gnu/crti.o
                0x0000000000011648                _init
 .init          0x0000000000011666        0x5 /usr/lib/gcc/i686-linux-gnu/5/../../../i386-linux-gnu/crtn.o

.plt            0x0000000000011670       0x10
 *(.plt)
 .plt           0x0000000000011670       0x10 /usr/lib/gcc/i686-linux-gnu/5/../../../i386-linux-gnu/crti.o
 *(.iplt)

.plt.got        0x0000000000011680       0x10
 *(.plt.got)
 .plt.got       0x0000000000011680       0x10 /usr/lib/gcc/i686-linux-gnu/5/../../../i386-linux-gnu/crti.o

.text           0x0000000000011690    0x189d2
 *(.text.unlikely .text.*_unlikely .text.unlikely.*)
 .text.unlikely
                0x0000000000011690        0x0 /usr/lib/gcc/i686-linux-gnu/5/crtbeginS.o
 .text.unlikely
                0x0000000000011690        0x0 /usr/lib/gcc/i686-linux-gnu/5/libgcc.a(_udivdi3.o)
 *(.text.exit .text.exit.*)
 *(.text.startup .text.startup.*)
 *(.text.hot .text.hot.*)
 *(.text .stub .text.* .gnu.linkonce.t.*)
 .text          0x0000000000011690        0x0 /usr/lib/gcc/i686-linux-gnu/5/../../../i386-linux-gnu/crti.o
 .gnu.linkonce.t.__x86.get_pc_thunk.bx
                0x0000000000011690        0x4 /usr/lib/gcc/i686-linux-gnu/5/../../../i386-linux-gnu/crti.o
                0x0000000000011690                __x86.get_pc_thunk.bx
 *fill*         0x0000000000011694        0xc 
 .text          0x00000000000116a0      0x11c /usr/lib/gcc/i686-linux-gnu/5/crtbeginS.o
 .text.__x86.get_pc_thunk.dx
                0x00000000000117bc        0x4 /usr/lib/gcc/i686-linux-gnu/5/crtbeginS.o
                0x00000000000117bc                __x86.get_pc_thunk.dx
 .text          0x00000000000117c0      0x357 air.o
                0x00000000000117c0                client_chunk_handler
 .text          0x0000000000011b17      0x283 build/cooja/mtype328.o
                0x0000000000011ba9                platform_init_stage_one
                0x0000000000011bbc                platform_init_stage_two
                0x0000000000011bcf                platform_init_stage_three
                0x0000000000011be2                platform_main_loop
                0x0000000000011c55                Java_org_contikios_cooja_corecomm_Lib2_init
                0x0000000000011c8c                Java_org_contikios_cooja_corecomm_Lib2_getMemory
                0x0000000000011cbf                Java_org_contikios_cooja_corecomm_Lib2_setMemory
                0x0000000000011d1f                Java_org_contikios_cooja_corecomm_Lib2_tick
                0x0000000000011d87                Java_org_contikios_cooja_corecomm_Lib2_setReferenceAddress
 .text          0x0000000000011d9a       0x65 build/cooja/mtype328.a(simEnvChange.o)
                0x0000000000011d9a                doActionsBeforeTick
                0x0000000000011dcc                doActionsAfterTick
 .text          0x0000000000011dff       0x83 build/cooja/mtype328.a(cooja_mt.o)
                0x0000000000011dff                cooja_mt_start
                0x0000000000011e29                cooja_mt_exec
                0x0000000000011e5f                cooja_mt_yield
 .text          0x0000000000011e82       0xbe build/cooja/mtype328.a(cooja_mtarch.o)
                0x0000000000011e82                cooja_mtarch_start
                0x0000000000011ef5                cooja_sw
                0x0000000000011f18                cooja_mtarch_exec
                0x0000000000011f35                cooja_mtarch_yield
 .text          0x0000000000011f40       0xc5 build/cooja/mtype328.a(rtimer-arch.o)
                0x0000000000011f40                rtimer_arch_init
                0x0000000000011f64                rtimer_arch_schedule
                0x0000000000011f94                rtimer_arch_next
                0x0000000000011fa4                rtimer_arch_pending
                0x0000000000011fae                rtimer_arch_check
                0x0000000000011ff5                rtimer_arch_now
 .text          0x0000000000012005       0x81 build/cooja/mtype328.a(beep.o)
                0x0000000000012005                beep_alarm
                0x0000000000012012                beep_beep
                0x000000000001201f                beep
                0x000000000001202c                beep_down
                0x0000000000012039                beep_on
                0x0000000000012046                beep_off
                0x0000000000012053                beep_spinup
                0x0000000000012060                beep_quick
                0x000000000001206d                beep_long
 .text          0x0000000000012086       0x65 build/cooja/mtype328.a(leds-arch.o)
                0x0000000000012099                leds_arch_init
 .text          0x00000000000120eb       0x35 build/cooja/mtype328.a(moteid.o)
 .text          0x0000000000012120       0xb7 build/cooja/mtype328.a(pir-sensor.o)
 .text          0x00000000000121d7      0x148 build/cooja/mtype328.a(rs232.o)
                0x00000000000121d7                rs232_init
                0x00000000000121dd                rs232_set_speed
                0x00000000000121ec                rs232_set_input
                0x00000000000121fa                rs232_send
                0x000000000001221e                rs232_print
                0x000000000001223a                slip_arch_writeb
 .text          0x000000000001231f       0xb7 build/cooja/mtype328.a(vib-sensor.o)
 .text          0x00000000000123d6       0x38 build/cooja/mtype328.a(clock.o)
                0x00000000000123d6                clock_init
                0x00000000000123dc                clock_time
                0x00000000000123e6                clock_seconds
                0x00000000000123fc                clock_delay
 .text          0x000000000001240e      0x219 build/cooja/mtype328.a(cooja-log.o)
                0x000000000001240e                simlog_char
                0x0000000000012451                simlog
                0x00000000000124c7                log_message
                0x00000000000124f8                log_set_putchar_with_slip
                0x0000000000012506                log_putchar
                0x0000000000012581                log_puts
                0x00000000000125a9                log_printf
 .text          0x0000000000012627      0x2b9 build/cooja/mtype328.a(cfs-cooja.o)
                0x0000000000012627                cfs_open
                0x0000000000012690                cfs_close
                0x000000000001269d                cfs_read
                0x0000000000012732                cfs_write
                0x000000000001280e                cfs_seek
                0x0000000000012896                cfs_remove
                0x00000000000128ba                cfs_opendir
                0x00000000000128c4                cfs_readdir
                0x00000000000128ce                cfs_closedir
 .text          0x00000000000128e0      0x620 build/cooja/mtype328.a(cooja-radio.o)
                0x0000000000012922                radio_set_channel
                0x0000000000012930                radio_set_txpower
                0x0000000000012948                radio_signal_strength_last
                0x0000000000012952                radio_signal_strength_current
                0x000000000001295c                radio_LQI
 .text          0x0000000000012f00       0xee build/cooja/mtype328.a(eeprom.o)
                0x0000000000012f00                eeprom_init
                0x0000000000012f06                eeprom_read
                0x0000000000012f74                eeprom_write
 .text          0x0000000000012fee       0x2d build/cooja/mtype328.a(random.o)
                0x0000000000012fee                random_init
                0x000000000001300e                random_rand
 .text          0x000000000001301b      0x29c build/cooja/mtype328.a(sensors.o)
                0x0000000000013056                sensors_first
                0x0000000000013060                sensors_next
                0x000000000001307a                sensors_changed
                0x00000000000130ae                sensors_find
 .text          0x00000000000132b7      0x349 build/cooja/mtype328.a(leds.o)
                0x00000000000132b7                leds_init
                0x00000000000132fe                leds_single_on
                0x000000000001335d                leds_single_off
                0x00000000000133bc                leds_single_toggle
                0x00000000000133ee                leds_on
                0x0000000000013470                leds_off
                0x00000000000134f2                leds_toggle
                0x0000000000013547                leds_set
                0x0000000000013573                leds_get
 .text          0x0000000000013600      0x343 build/cooja/mtype328.a(gpio-hal-arch.o)
                0x0000000000013600                gpio_hal_arch_register_pin_callback
                0x000000000001366c                gpio_hal_arch_init
                0x00000000000136b1                gpio_hal_arch_no_port_interrupt_enable
                0x00000000000136e1                gpio_hal_arch_no_port_interrupt_disable
                0x0000000000013711                gpio_hal_arch_no_port_pin_cfg_set
                0x0000000000013736                gpio_hal_arch_no_port_pin_cfg_get
                0x000000000001375c                gpio_hal_arch_no_port_pin_set_input
                0x000000000001376e                gpio_hal_arch_no_port_pin_set_output
                0x0000000000013780                gpio_hal_arch_no_port_set_pin
                0x00000000000137a1                gpio_hal_arch_no_port_clear_pin
                0x00000000000137c2                gpio_hal_arch_no_port_read_pin
                0x00000000000137e8                gpio_hal_arch_no_port_write_pin
                0x0000000000013812                gpio_hal_arch_no_port_set_pins
                0x0000000000013859                gpio_hal_arch_no_port_clear_pins
                0x00000000000138a0                gpio_hal_arch_no_port_read_pins
                0x00000000000138e3                gpio_hal_arch_no_port_write_pins
 .text          0x0000000000013943       0x89 build/cooja/mtype328.a(buttons.o)
 .text          0x00000000000139cc      0x3cb build/cooja/mtype328.a(res_air.o)
 .text          0x0000000000013d97      0x1f7 build/cooja/mtype328.a(res_quality.o)
 .text          0x0000000000013f8e      0x27b build/cooja/mtype328.a(coap-blocking-a)
                0x0000000000013f8e                coap_blocking_request_callback
                0x0000000000013fb8                coap_blocking_request
 .text          0x0000000000014209      0xbea build/cooja/mtype328.a(coap-engine.o)
                0x000000000001429e                coap_add_handler
                0x00000000000142bb                coap_remove_handler
                0x00000000000142d8                coap_call_handlers
                0x00000000000143e0                coap_receive
                0x00000000000149db                coap_engine_init
                0x0000000000014a39                coap_activate_resource
                0x0000000000014ae4                coap_get_first_resource
                0x0000000000014afd                coap_get_next_resource
 .text          0x0000000000014df3      0x2d9 build/cooja/mtype328.a(coap-res-well-k)
 .text          0x00000000000150cc      0x96a build/cooja/mtype328.a(coap-observe.o)
                0x00000000000151e1                coap_remove_observer
                0x0000000000015211                coap_remove_observer_by_client
                0x0000000000015279                coap_remove_observer_by_token
                0x000000000001530c                coap_remove_observer_by_uri
                0x00000000000153b3                coap_remove_observer_by_mid
                0x000000000001542f                coap_notify_observers
                0x0000000000015448                coap_notify_observers_sub
                0x00000000000158b2                coap_observe_handler
                0x00000000000159cd                coap_has_observers
 .text          0x0000000000015a36      0x733 build/cooja/mtype328.a(coap-uip.o)
                0x0000000000015a36                coap_endpoint_log
                0x0000000000015abc                coap_endpoint_print
                0x0000000000015b42                coap_endpoint_snprint
                0x0000000000015c75                coap_endpoint_copy
                0x0000000000015cb2                coap_endpoint_cmp
                0x0000000000015dc0                coap_endpoint_parse
                0x0000000000015fab                coap_endpoint_is_secure
                0x0000000000015fba                coap_endpoint_is_connected
                0x0000000000015fee                coap_endpoint_connect
                0x000000000001600a                coap_endpoint_disconnect
                0x0000000000016010                coap_databuf
                0x000000000001601a                coap_transport_init
                0x000000000001606a                coap_sendto
 .text          0x0000000000016169      0x324 build/cooja/mtype328.a(coap-timer.o)
                0x0000000000016266                coap_timer_stop
                0x0000000000016291                coap_timer_set
                0x00000000000162d4                coap_timer_reset
                0x0000000000016317                coap_timer_time_to_next_expiration
                0x0000000000016383                coap_timer_run
                0x000000000001644f                coap_timer_init
 .text          0x000000000001648d      0x2c6 build/cooja/mtype328.a(coap-transactio)
                0x00000000000164f3                coap_new_transaction
                0x0000000000016559                coap_send_transaction
                0x00000000000166ba                coap_clear_transaction
                0x0000000000016702                coap_get_transaction_by_mid
 .text          0x0000000000016753     0x1c53 build/cooja/mtype328.a(coap.o)
                0x0000000000016cc0                coap_init_connection
                0x0000000000016cd4                coap_get_mid
                0x0000000000016cf0                coap_init_message
                0x0000000000016d39                coap_serialize_message
                0x00000000000173bb                coap_parse_message
                0x0000000000017a22                coap_get_query_variable
                0x0000000000017a64                coap_get_post_variable
                0x0000000000017aa8                coap_set_status_code
                0x0000000000017acd                coap_set_token
                0x0000000000017b14                coap_get_header_content_format
                0x0000000000017b45                coap_set_header_content_format
                0x0000000000017b68                coap_get_header_accept
                0x0000000000017b99                coap_set_header_accept
                0x0000000000017bbc                coap_get_header_max_age
                0x0000000000017bed                coap_set_header_max_age
                0x0000000000017c0d                coap_get_header_etag
                0x0000000000017c3f                coap_set_header_etag
                0x0000000000017c96                coap_get_header_if_match
                0x0000000000017cc8                coap_set_header_if_match
                0x0000000000017d1f                coap_get_header_if_none_match
                0x0000000000017d39                coap_set_header_if_none_match
                0x0000000000017d50                coap_get_header_proxy_uri
                0x0000000000017d7e                coap_set_header_proxy_uri
                0x0000000000017dbb                coap_get_header_uri_host
                0x0000000000017de9                coap_set_header_uri_host
                0x0000000000017e26                coap_get_header_uri_path
                0x0000000000017e54                coap_set_header_uri_path
                0x0000000000017ea1                coap_get_header_uri_query
                0x0000000000017ed5                coap_set_header_uri_query
                0x0000000000017f2b                coap_get_header_location_path
                0x0000000000017f59                coap_set_header_location_path
                0x0000000000017ff2                coap_get_header_location_query
                0x0000000000018020                coap_set_header_location_query
                0x000000000001806d                coap_get_header_observe
                0x000000000001809c                coap_set_header_observe
                0x00000000000180bc                coap_get_header_block2
                0x0000000000018128                coap_set_header_block2
                0x000000000001819f                coap_get_header_block1
                0x0000000000018214                coap_set_header_block1
                0x000000000001828f                coap_get_header_size2
                0x00000000000182bf                coap_set_header_size2
                0x00000000000182e2                coap_get_header_size1
                0x0000000000018312                coap_set_header_size1
                0x0000000000018335                coap_get_payload
                0x000000000001836f                coap_set_payload
 .text          0x00000000000183a6      0x332 build/cooja/mtype328.a(contiki-main.o)
                0x00000000000183a6                main
 .text          0x00000000000186d8       0x92 build/cooja/mtype328.a(autostart.o)
                0x00000000000186d8                autostart_start
                0x0000000000018722                autostart_exit
 .text          0x000000000001876a      0x355 build/cooja/mtype328.a(ctimer.o)
                0x0000000000018892                ctimer_init
                0x00000000000188c5                ctimer_set
                0x00000000000188eb                ctimer_set_with_process
                0x0000000000018968                ctimer_reset
                0x00000000000189bc                ctimer_restart
                0x0000000000018a10                ctimer_stop
                0x0000000000018a60                ctimer_expired
 .text          0x0000000000018abf      0x394 build/cooja/mtype328.a(log.o)
                0x0000000000018abf                log_6addr
                0x0000000000018b12                log_6addr_compact_snprint
                0x0000000000018bb0                log_6addr_compact
                0x0000000000018c03                log_lladdr
                0x0000000000018c75                log_lladdr_compact
                0x0000000000018cdd                log_set_level
                0x0000000000018d98                log_get_level
                0x0000000000018e11                log_level_to_str
 .text          0x0000000000018e53       0x1b build/cooja/mtype328.a(energest.o)
                0x0000000000018e53                energest_init
                0x0000000000018e59                energest_flush
                0x0000000000018e5f                energest_get_total_time
 .text          0x0000000000018e6e      0x43f build/cooja/mtype328.a(etimer.o)
                0x0000000000019092                etimer_request_poll
                0x000000000001911b                etimer_set
                0x0000000000019144                etimer_reset_with_new_interval
                0x0000000000019173                etimer_reset
                0x0000000000019199                etimer_restart
                0x00000000000191bf                etimer_adjust
                0x00000000000191dc                etimer_expired
                0x00000000000191ef                etimer_expiration_time
                0x0000000000019201                etimer_start_time
                0x000000000001920b                etimer_pending
                0x000000000001921d                etimer_next_expiration_time
                0x0000000000019237                etimer_stop
 .text          0x00000000000192ad       0x25 build/cooja/mtype328.a(node-id.o)
                0x00000000000192ad                node_id_init
 .text          0x00000000000192d2       0xeb build/cooja/mtype328.a(rtimer.o)
                0x00000000000192d2                rtimer_init
                0x00000000000192e0                rtimer_set
                0x000000000001935b                rtimer_run_next
 .text          0x00000000000193bd      0x4fb build/cooja/mtype328.a(process.o)
                0x00000000000193bd                process_alloc_event
                0x00000000000193d2                process_start
                0x00000000000195ac                process_exit
                0x00000000000195c9                process_init
                0x000000000001975e                process_run
                0x0000000000019791                process_nevents
                0x00000000000197ac                process_post
                0x000000000001983f                process_post_synch
                0x0000000000019874                process_poll
                0x00000000000198a4                process_is_running
 .text          0x00000000000198b8       0xb1 build/cooja/mtype328.a(timer.o)
                0x00000000000198b8                timer_set
                0x00000000000198d6                timer_reset
                0x0000000000019903                timer_restart
                0x0000000000019918                timer_expired
                0x0000000000019945                timer_remaining
 .text          0x0000000000019969      0x28f build/cooja/mtype328.a(list.o)
                0x0000000000019969                list_init
                0x0000000000019978                list_head
                0x0000000000019982                list_copy
                0x0000000000019992                list_tail
                0x00000000000199c8                list_add
                0x0000000000019a14                list_push
                0x0000000000019a40                list_chop
                0x0000000000019aaa                list_pop
                0x0000000000019ad2                list_remove
                0x0000000000019b3a                list_length
                0x0000000000019b68                list_insert
                0x0000000000019bad                list_item_next
                0x0000000000019bc4                list_contains
 .text          0x0000000000019bf8      0x1b5 build/cooja/mtype328.a(memb.o)
                0x0000000000019bf8                memb_init
                0x0000000000019c4d                memb_alloc
                0x0000000000019cb0                memb_free
                0x0000000000019d27                memb_inmemb
                0x0000000000019d66                memb_numfree
 .text          0x0000000000019dad      0x41c build/cooja/mtype328.a(button-hal.o)
                0x0000000000019f26                button_hal_get_by_id
                0x0000000000019f64                button_hal_get_by_index
                0x0000000000019f90                button_hal_get_state
                0x0000000000019fe2                button_hal_init
 .text          0x000000000001a1c9      0x1f3 build/cooja/mtype328.a(serial-line.o)
                0x000000000001a1c9                serial_line_input_byte
                0x000000000001a387                serial_line_init
 .text          0x000000000001a3bc      0x168 build/cooja/mtype328.a(gpio-hal.o)
                0x000000000001a3bc                gpio_hal_register_handler
                0x000000000001a3d9                gpio_hal_event_handler
                0x000000000001a435                gpio_hal_init
                0x000000000001a454                gpio_hal_arch_port_toggle_pin
                0x000000000001a490                gpio_hal_arch_port_toggle_pins
                0x000000000001a4be                gpio_hal_arch_no_port_toggle_pin
                0x000000000001a4fc                gpio_hal_arch_no_port_toggle_pins
 .text          0x000000000001a524      0x2e7 build/cooja/mtype328.a(queuebuf.o)
                0x000000000001a52e                queuebuf_init
                0x000000000001a557                queuebuf_numfree
                0x000000000001a56f                queuebuf_new_from_packetbuf
                0x000000000001a60e                queuebuf_update_attr_from_packetbuf
                0x000000000001a643                queuebuf_update_from_packetbuf
                0x000000000001a693                queuebuf_free
                0x000000000001a6dc                queuebuf_to_packetbuf
                0x000000000001a748                queuebuf_dataptr
                0x000000000001a782                queuebuf_datalen
                0x000000000001a7a5                queuebuf_addr
                0x000000000001a7da                queuebuf_attr
                0x000000000001a805                queuebuf_debug_print
 .text          0x000000000001a80b      0x407 build/cooja/mtype328.a(packetbuf.o)
                0x000000000001a80b                packetbuf_clear
                0x000000000001a836                packetbuf_copyfrom
                0x000000000001a885                packetbuf_copyto
                0x000000000001a918                packetbuf_hdralloc
                0x000000000001a994                packetbuf_hdrreduce
                0x000000000001a9da                packetbuf_set_datalen
                0x000000000001a9f4                packetbuf_dataptr
                0x000000000001aa11                packetbuf_hdrptr
                0x000000000001aa1b                packetbuf_datalen
                0x000000000001aa27                packetbuf_hdrlen
                0x000000000001aa3e                packetbuf_totlen
                0x000000000001aa54                packetbuf_remaininglen
                0x000000000001aa67                packetbuf_attr_clear
                0x000000000001aab3                packetbuf_attr_copyto
                0x000000000001ab0b                packetbuf_attr_copyfrom
                0x000000000001ab63                packetbuf_set_attr
                0x000000000001ab8d                packetbuf_attr
                0x000000000001aba7                packetbuf_set_addr
                0x000000000001abd8                packetbuf_addr
                0x000000000001abf5                packetbuf_holds_broadcast
 .text          0x000000000001ac12       0xef build/cooja/mtype328.a(netstack.o)
                0x000000000001ac12                netstack_process_ip_callback
                0x000000000001aca3                netstack_ip_packet_processor_add
                0x000000000001acc6                uip_ds6_ip_packet_processor_rm
                0x000000000001ace3                netstack_init
 .text          0x000000000001ad01       0x4f build/cooja/mtype328.a(linkaddr.o)
                0x000000000001ad01                linkaddr_copy
                0x000000000001ad17                linkaddr_cmp
                0x000000000001ad3a                linkaddr_set_node_addr
 .text          0x000000000001ad50      0x1f6 build/cooja/mtype328.a(csma.o)
 .text          0x000000000001af46      0x95d build/cooja/mtype328.a(csma-output.o)
                0x000000000001b5dd                csma_output_packet
                0x000000000001b86a                csma_output_init
 .text          0x000000000001b8a3      0xc11 build/cooja/mtype328.a(uip-ds6.o)
                0x000000000001b8a3                uip_ds6_default_prefix
                0x000000000001b8ad                uip_ds6_set_default_prefix
                0x000000000001b8d8                uip_ds6_init
                0x000000000001bb3a                uip_ds6_periodic
                0x000000000001bbc1                uip_ds6_list_loop
                0x000000000001bc81                uip_ds6_prefix_add
                0x000000000001bd2d                uip_ds6_prefix_rm
                0x000000000001bd40                uip_ds6_prefix_lookup
                0x000000000001bd7f                uip_ds6_is_addr_onlink
                0x000000000001bdf2                uip_ds6_addr_add
                0x000000000001bf12                uip_ds6_addr_rm
                0x000000000001bfbb                uip_ds6_addr_lookup
                0x000000000001bff4                uip_ds6_get_link_local
                0x000000000001c075                uip_ds6_get_global
                0x000000000001c0f6                uip_ds6_maddr_add
                0x000000000001c156                uip_ds6_maddr_rm
                0x000000000001c169                uip_ds6_maddr_lookup
                0x000000000001c1a2                uip_ds6_aaddr_add
                0x000000000001c202                uip_ds6_aaddr_rm
                0x000000000001c215                uip_ds6_aaddr_lookup
                0x000000000001c24e                uip_ds6_select_src
                0x000000000001c397                uip_ds6_set_addr_iid
                0x000000000001c3c2                uip_ds6_set_lladdr_from_iid
                0x000000000001c3eb                get_match_length
                0x000000000001c47c                uip_ds6_compute_reachable_time
 .text          0x000000000001c4b4      0x128 build/cooja/mtype328.a(uip-udp-packet.)
                0x000000000001c4b4                uip_udp_packet_send
                0x000000000001c50f                uip_udp_packet_sendto
 .text          0x000000000001c5dc      0x35b build/cooja/mtype328.a(uip-ds6-route.o)
                0x000000000001c62d                uip_ds6_route_init
                0x000000000001c657                uip_ds6_route_nexthop
                0x000000000001c661                uip_ds6_route_head
                0x000000000001c66b                uip_ds6_route_next
                0x000000000001c675                uip_ds6_route_is_nexthop
                0x000000000001c67f                uip_ds6_route_num_routes
                0x000000000001c689                uip_ds6_route_lookup
                0x000000000001c693                uip_ds6_route_add
                0x000000000001c6a6                uip_ds6_route_rm
                0x000000000001c6ac                uip_ds6_route_rm_by_nexthop
                0x000000000001c6b2                uip_ds6_defrt_head
                0x000000000001c6cb                uip_ds6_defrt_add
                0x000000000001c779                uip_ds6_defrt_rm
                0x000000000001c7df                uip_ds6_defrt_lookup
                0x000000000001c846                uip_ds6_defrt_choose
                0x000000000001c8bc                uip_ds6_defrt_periodic
 .text          0x000000000001c937      0x6f7 build/cooja/mtype328.a(tcpip.o)
                0x000000000001c951                tcpip_output
                0x000000000001c9d0                udp_attach
                0x000000000001c9e8                udp_new
                0x000000000001ca32                udp_broadcast_new
                0x000000000001cba4                tcpip_input
                0x000000000001cd34                tcpip_ipv6_output
                0x000000000001cf28                tcpip_poll_udp
                0x000000000001cf46                tcpip_uipcall
 .text          0x000000000001d02e     0x1205 build/cooja/mtype328.a(uip6.o)
                0x000000000001d0dd                uip_chksum
                0x000000000001d1b4                uip_icmp6chksum
                0x000000000001d1c9                uip_udpchksum
                0x000000000001d1de                uip_init
                0x000000000001d227                uip_remove_ext_hdr
                0x000000000001d301                uip_udp_new
                0x000000000001d615                uip_process
                0x000000000001e10d                uip_htons
                0x000000000001e12f                uip_htonl
                0x000000000001e16d                uip_send
 .text          0x000000000001e233      0x369 build/cooja/mtype328.a(uip-ds6-nbr.o)
                0x000000000001e233                uip_ds6_neighbors_init
                0x000000000001e257                uip_ds6_nbr_add
                0x000000000001e2dd                uip_ds6_nbr_rm
                0x000000000001e328                uip_ds6_nbr_update_ll
                0x000000000001e416                uip_ds6_nbr_get_ipaddr
                0x000000000001e42b                uip_ds6_nbr_get_ll
                0x000000000001e447                uip_ds6_nbr_num
                0x000000000001e490                uip_ds6_nbr_head
                0x000000000001e4a9                uip_ds6_nbr_next
                0x000000000001e4c5                uip_ds6_nbr_lookup
                0x000000000001e51d                uip_ds6_nbr_ll_lookup
                0x000000000001e539                uip_ds6_nbr_ipaddr_from_lladdr
                0x000000000001e562                uip_ds6_nbr_lladdr_from_ipaddr
                0x000000000001e596                uip_ds6_link_callback
 .text          0x000000000001e59c      0x6a7 build/cooja/mtype328.a(uip-nd6.o)
                0x000000000001ec2a                uip_nd6_init
 .text          0x000000000001ec43     0x2c17 build/cooja/mtype328.a(sicslowpan.o)
                0x000000000001f24a                netstack_sniffer_add
                0x000000000001f258                netstack_sniffer_remove
                0x000000000002182e                sicslowpan_init
                0x0000000000021850                sicslowpan_get_last_rssi
 .text          0x000000000002185a      0x4d1 build/cooja/mtype328.a(uiplib.o)
                0x000000000002185a                uiplib_ip6addrconv
                0x0000000000021a12                uiplib_ip4addrconv
                0x0000000000021ad5                uiplib_ipaddr_print
                0x0000000000021b28                uiplib_ipaddr_snprint
 .text          0x0000000000021d2b      0x4c9 build/cooja/mtype328.a(rpl.o)
                0x0000000000021d2b                rpl_lollipop_greater_than
                0x0000000000021d85                rpl_get_global_address
                0x0000000000021e7d                rpl_link_callback
                0x0000000000021ec1                rpl_has_joined
                0x0000000000021ee6                rpl_is_reachable
                0x0000000000021f67                rpl_reset_prefix
                0x0000000000021fd1                rpl_set_prefix_from_addr
                0x00000000000220b6                rpl_set_prefix
                0x00000000000221d0                rpl_set_leaf_only
                0x00000000000221e8                rpl_get_leaf_only
 .text          0x00000000000221f4     0x138c build/cooja/mtype328.a(rpl-icmp6.o)
                0x0000000000022319                rpl_icmp6_update_nbr_table
                0x00000000000223a2                rpl_icmp6_dis_output
                0x00000000000229e8                rpl_icmp6_dio_output
                0x00000000000231e6                rpl_icmp6_dao_output
                0x00000000000234c7                rpl_icmp6_dao_ack_output
                0x0000000000023537                rpl_icmp6_init
 .text          0x0000000000023580      0x264 build/cooja/mtype328.a(rpl-dag-root.o)
                0x0000000000023580                rpl_dag_root_print_links
                0x00000000000236ac                rpl_dag_root_set_prefix
                0x00000000000236d8                rpl_dag_root_start
                0x00000000000237b5                rpl_dag_root_is_root
 .text          0x00000000000237e4       0x30 build/cooja/mtype328.a(watchdog.o)
                0x00000000000237e4                watchdog_init
                0x00000000000237ea                watchdog_start
                0x00000000000237f0                watchdog_periodic
                0x0000000000023808                watchdog_stop
                0x000000000002380e                watchdog_reboot
 .text          0x0000000000023814       0x4a build/cooja/mtype328.a(int-master.o)
                0x0000000000023814                int_master_enable
                0x0000000000023824                int_master_read_and_disable
                0x0000000000023841                int_master_status_set
                0x000000000002384f                int_master_is_enabled
 .text          0x000000000002385e      0x226 build/cooja/mtype328.a(coap-timer-defa)
 .text          0x0000000000023a84       0xc7 build/cooja/mtype328.a(stimer.o)
                0x0000000000023a84                stimer_set
                0x0000000000023aa2                stimer_reset
                0x0000000000023acf                stimer_restart
                0x0000000000023ae4                stimer_expired
                0x0000000000023b0f                stimer_remaining
                0x0000000000023b33                stimer_elapsed
 .text          0x0000000000023b4b      0x156 build/cooja/mtype328.a(ringbuf.o)
                0x0000000000023b4b                ringbuf_init
                0x0000000000023b7d                ringbuf_put
                0x0000000000023bfb                ringbuf_get
                0x0000000000023c68                ringbuf_size
                0x0000000000023c7a                ringbuf_elements
 .text          0x0000000000023ca1       0x1f build/cooja/mtype328.a(assert.o)
                0x0000000000023ca1                _xassert
 .text          0x0000000000023cc0      0x79b build/cooja/mtype328.a(nbr-table.o)
                0x0000000000024139                nbr_table_register
                0x00000000000241a6                nbr_table_is_registered
                0x00000000000241e1                nbr_table_head
                0x000000000002423c                nbr_table_next
                0x000000000002429d                nbr_table_add_lladdr
                0x0000000000024377                nbr_table_get_from_lladdr
                0x00000000000243c3                nbr_table_remove
                0x00000000000243fb                nbr_table_lock
                0x0000000000024415                nbr_table_unlock
                0x000000000002442f                nbr_table_get_lladdr
 .text          0x000000000002445b      0x3a5 build/cooja/mtype328.a(link-stats.o)
                0x000000000002445b                link_stats_from_lladdr
                0x0000000000024477                link_stats_get_lladdr
                0x0000000000024493                link_stats_is_fresh
                0x00000000000244cf                guess_etx_from_rssi
                0x000000000002454b                link_stats_packet_sent
                0x000000000002466b                link_stats_input_callback
                0x000000000002477b                link_stats_reset
                0x00000000000247cb                link_stats_init
 .text          0x0000000000024800      0x187 build/cooja/mtype328.a(mac-sequence.o)
                0x0000000000024800                mac_sequence_is_duplicate
                0x00000000000248a0                mac_sequence_register_seqno
 .text          0x0000000000024987       0x23 build/cooja/mtype328.a(mac.o)
                0x0000000000024987                mac_call_sent_callback
 .text          0x00000000000249aa      0x432 build/cooja/mtype328.a(framer-802154.o)
                0x0000000000024b39                framer_802154_setup_params
 .text          0x0000000000024ddc      0xb6f build/cooja/mtype328.a(frame802154.o)
                0x0000000000024e0d                frame802154_get_pan_id
                0x0000000000024e19                frame802154_set_pan_id
                0x0000000000024e33                frame802154_has_panid
                0x0000000000024fe2                frame802154_check_dest_panid
                0x000000000002506a                frame802154_is_broadcast_addr
                0x00000000000250b7                frame802154_extract_linkaddr
                0x000000000002531c                frame802154_hdrlen
                0x000000000002538f                frame802154_create_fcf
                0x0000000000025447                frame802154_create
                0x00000000000255bc                frame802154_parse_fcf
                0x000000000002569e                frame802154_parse
 .text          0x000000000002594b       0x2d build/cooja/mtype328.a(csma-security.o)
                0x000000000002594b                csma_security_create_frame
                0x0000000000025969                csma_security_parse_frame
 .text          0x0000000000025978      0x4e4 build/cooja/mtype328.a(uipbuf.o)
                0x0000000000025978                uipbuf_clear
                0x000000000002599f                uipbuf_add_ext_hdr
                0x0000000000025a1f                uipbuf_set_len
                0x0000000000025a4c                uipbuf_set_len_field
                0x0000000000025a78                uipbuf_get_len_field
                0x0000000000025a98                uipbuf_get_next_header
                0x0000000000025bca                uipbuf_get_last_header
                0x0000000000025c43                uipbuf_search_header
                0x0000000000025cf9                uipbuf_get_attr
                0x0000000000025d20                uipbuf_set_attr
                0x0000000000025d57                uipbuf_set_default_attr
                0x0000000000025d8e                uipbuf_clear_attr
                0x0000000000025db2                uipbuf_set_attr_flag
                0x0000000000025dd3                uipbuf_clr_attr_flag
                0x0000000000025dfa                uipbuf_is_attr_flag
                0x0000000000025e1e                uipbuf_init
 .text          0x0000000000025e5c      0x73f build/cooja/mtype328.a(uip-icmp6.o)
                0x0000000000025ed1                uip_icmp6_input
                0x0000000000025f28                uip_icmp6_register_input_handler
                0x000000000002607b                uip_icmp6_error_output
                0x000000000002632c                uip_icmp6_send
                0x0000000000026523                uip_icmp6_echo_reply_callback_add
                0x0000000000026555                uip_icmp6_echo_reply_callback_rm
                0x0000000000026572                uip_icmp6_init
 .text          0x000000000002659b      0x69b build/cooja/mtype328.a(uip-sr.o)
                0x000000000002659b                uip_sr_num_nodes
                0x0000000000026629                uip_sr_get_node
                0x0000000000026680                uip_sr_is_addr_reachable
                0x000000000002672e                uip_sr_expire_parent
                0x0000000000026777                uip_sr_update_node
                0x00000000000268a7                uip_sr_init
                0x00000000000268db                uip_sr_node_head
                0x00000000000268f4                uip_sr_node_next
                0x000000000002690a                uip_sr_periodic
                0x0000000000026a10                uip_sr_free_all
                0x0000000000026a80                uip_sr_link_snprint
 .text          0x0000000000026c36      0x146 build/cooja/mtype328.a(uip-packetqueue)
                0x0000000000026c64                uip_packetqueue_new
                0x0000000000026c73                uip_packetqueue_alloc
                0x0000000000026cce                uip_packetqueue_free
                0x0000000000026d15                uip_packetqueue_buf
                0x0000000000026d32                uip_packetqueue_buflen
                0x0000000000026d53                uip_packetqueue_set_buflen
 .text          0x0000000000026d7c      0x1b0 build/cooja/mtype328.a(rpl-nbr-policy.)
                0x0000000000026ee9                rpl_nbr_policy_find_removable
 .text          0x0000000000026f2c      0x915 build/cooja/mtype328.a(rpl-neighbor.o)
                0x0000000000026fa8                rpl_neighbor_snprint
                0x000000000002725b                rpl_neighbor_print_list
                0x0000000000027310                rpl_neighbor_count
                0x00000000000273b7                rpl_neighbor_get_from_lladdr
                0x00000000000273d3                rpl_neighbor_is_acceptable_parent
                0x0000000000027407                rpl_neighbor_get_link_metric
                0x000000000002743b                rpl_neighbor_rank_via_nbr
                0x000000000002746f                rpl_neighbor_get_lladdr
                0x000000000002748b                rpl_neighbor_get_ipaddr
                0x00000000000274b2                rpl_neighbor_get_link_stats
                0x00000000000274d9                rpl_neighbor_is_fresh
                0x0000000000027500                rpl_neighbor_is_reachable
                0x000000000002754b                rpl_neighbor_is_parent
                0x0000000000027575                rpl_neighbor_set_preferred_parent
                0x000000000002760c                rpl_neighbor_remove_all
                0x0000000000027668                rpl_neighbor_get_from_ipaddr
                0x0000000000027776                rpl_neighbor_select_best
                0x0000000000027822                rpl_neighbor_init
 .text          0x0000000000027841      0xe69 build/cooja/mtype328.a(rpl-dag.o)
                0x0000000000027841                rpl_dag_state_to_str
                0x0000000000027880                rpl_dag_get_root_ipaddr
                0x00000000000278c8                rpl_dag_leave
                0x0000000000027951                rpl_dag_poison_and_leave
                0x0000000000027969                rpl_dag_periodic
                0x00000000000279f1                rpl_is_addr_in_our_dag
                0x0000000000027a35                rpl_get_default_instance
                0x0000000000027a51                rpl_get_any_dag
                0x0000000000027aaa                rpl_refresh_routes
                0x0000000000027aea                rpl_global_repair
                0x0000000000027b83                rpl_local_repair
                0x0000000000027bcd                rpl_dag_ready_to_advertise
                0x0000000000027c10                rpl_dag_update_state
                0x000000000002833d                rpl_process_dio
                0x00000000000283bb                rpl_process_dis
                0x0000000000028400                rpl_process_dao
                0x000000000002848f                rpl_process_dao_ack
                0x0000000000028526                rpl_process_hbh
                0x0000000000028576                rpl_dag_init_root
                0x000000000002868a                rpl_dag_init
 .text          0x00000000000286aa      0x9e7 build/cooja/mtype328.a(rpl-timers.o)
                0x00000000000286aa                rpl_timers_schedule_periodic_dis
                0x00000000000287f8                rpl_timers_dio_reset
                0x0000000000028906                rpl_timers_schedule_unicast_dio
                0x0000000000028a5a                rpl_timers_schedule_dao
                0x0000000000028b19                rpl_timers_schedule_dao_ack
                0x0000000000028b9f                rpl_timers_notify_dao_ack
                0x0000000000028bfd                get_probing_delay
                0x0000000000028c31                get_probing_target
                0x0000000000028e1b                rpl_schedule_probing
                0x0000000000028e49                rpl_schedule_probing_now
                0x0000000000028eb3                rpl_timers_unschedule_leaving
                0x0000000000028eeb                rpl_timers_schedule_leaving
                0x0000000000028f2c                rpl_timers_init
                0x0000000000028fbc                rpl_timers_stop_dag_timers
                0x0000000000029035                rpl_timers_unschedule_state_update
                0x0000000000029059                rpl_timers_schedule_state_update
 .text          0x0000000000029091      0xb8e build/cooja/mtype328.a(rpl-ext-header.)
                0x0000000000029091                rpl_ext_header_srh_get_next_hop
                0x0000000000029178                rpl_ext_header_srh_update
                0x00000000000296e4                rpl_ext_header_hbh_update
                0x00000000000299e4                rpl_ext_header_update
                0x0000000000029a6d                rpl_ext_header_remove
 .text          0x0000000000029c1f      0x31b build/cooja/mtype328.a(rpl-mrhof.o)
 *fill*         0x0000000000029f3a        0x6 
 .text          0x0000000000029f40      0x122 /usr/lib/gcc/i686-linux-gnu/5/libgcc.a(_udivdi3.o)
                0x0000000000029f40                __udivdi3
 .text          0x000000000002a062        0x0 /usr/lib/gcc/i686-linux-gnu/5/crtendS.o
 .text          0x000000000002a062        0x0 /usr/lib/gcc/i686-linux-gnu/5/../../../i386-linux-gnu/crtn.o
 *(.gnu.warning)

.fini           0x000000000002a064       0x14
 *(SORT(.fini))
 .fini          0x000000000002a064        0xf /usr/lib/gcc/i686-linux-gnu/5/../../../i386-linux-gnu/crti.o
                0x000000000002a064                _fini
 .fini          0x000000000002a073        0x5 /usr/lib/gcc/i686-linux-gnu/5/../../../i386-linux-gnu/crtn.o
                [!provide]                        PROVIDE (__etext, .)
                [!provide]                        PROVIDE (_etext, .)
                [!provide]                        PROVIDE (etext, .)

.rodata         0x000000000002a080      0xc2b
 *(.rodata .rodata.* .gnu.linkonce.r.*)
 .rodata        0x000000000002a080       0xb8 air.o
                0x000000000002a094                autostart_processes
 .rodata        0x000000000002a138        0x8 build/cooja/mtype328.a(beep.o)
                0x000000000002a138                beep_interface
 .rodata        0x000000000002a140        0xe build/cooja/mtype328.a(leds-arch.o)
                0x000000000002a140                leds_interface
                0x000000000002a148                leds_arch_leds
 *fill*         0x000000000002a14e        0x2 
 .rodata        0x000000000002a150        0x8 build/cooja/mtype328.a(moteid.o)
                0x000000000002a150                moteid_interface
 .rodata        0x000000000002a158       0x1c build/cooja/mtype328.a(pir-sensor.o)
                0x000000000002a158                pir_interface
                0x000000000002a164                pir_sensor
 .rodata        0x000000000002a174        0xe build/cooja/mtype328.a(rs232.o)
                0x000000000002a174                rs232_interface
 *fill*         0x000000000002a182        0x2 
 .rodata        0x000000000002a184       0x24 build/cooja/mtype328.a(vib-sensor.o)
                0x000000000002a184                vib_interface
                0x000000000002a198                vib_sensor
 .rodata        0x000000000002a1a8        0x8 build/cooja/mtype328.a(clock.o)
                0x000000000002a1a8                clock_interface
 .rodata        0x000000000002a1b0        0x8 build/cooja/mtype328.a(cooja-log.o)
                0x000000000002a1b0                simlog_interface
 .rodata        0x000000000002a1b8       0x2f build/cooja/mtype328.a(cfs-cooja.o)
                0x000000000002a1b8                cfs_interface
 *fill*         0x000000000002a1e7       0x19 
 .rodata        0x000000000002a200       0xb8 build/cooja/mtype328.a(cooja-radio.o)
                0x000000000002a200                radio_interface
                0x000000000002a280                cooja_radio_driver
 .rodata        0x000000000002a2b8        0x8 build/cooja/mtype328.a(eeprom.o)
                0x000000000002a2b8                eeprom_interface
 .rodata        0x000000000002a2c0        0x8 build/cooja/mtype328.a(sensors.o)
 .rodata        0x000000000002a2c8       0x2c build/cooja/mtype328.a(buttons.o)
                0x000000000002a2c8                button_interface
                0x000000000002a2dc                button_hal_button_count
                0x000000000002a2e4                button_sensor
 .rodata        0x000000000002a2f4      0x146 build/cooja/mtype328.a(res_air.o)
 *fill*         0x000000000002a43a        0x2 
 .rodata        0x000000000002a43c       0xcb build/cooja/mtype328.a(res_quality.o)
 .rodata        0x000000000002a507       0x41 build/cooja/mtype328.a(coap-engine.o)
 .rodata        0x000000000002a548       0x19 build/cooja/mtype328.a(coap-res-well-k)
 .rodata        0x000000000002a561       0x11 build/cooja/mtype328.a(coap-observe.o)
 .rodata        0x000000000002a572       0x35 build/cooja/mtype328.a(coap-uip.o)
 *fill*         0x000000000002a5a7        0x1 
 .rodata        0x000000000002a5a8      0x1ac build/cooja/mtype328.a(coap.o)
 .rodata        0x000000000002a754       0xf8 build/cooja/mtype328.a(contiki-main.o)
 .rodata        0x000000000002a84c        0xf build/cooja/mtype328.a(ctimer.o)
 *fill*         0x000000000002a85b        0x1 
 .rodata        0x000000000002a85c       0xc4 build/cooja/mtype328.a(log.o)
 .rodata        0x000000000002a920        0xc build/cooja/mtype328.a(etimer.o)
 .rodata        0x000000000002a92c       0x13 build/cooja/mtype328.a(button-hal.o)
 .rodata        0x000000000002a93f        0xe build/cooja/mtype328.a(serial-line.o)
 *fill*         0x000000000002a94d        0x3 
 .rodata        0x000000000002a950        0x8 build/cooja/mtype328.a(linkaddr.o)
                0x000000000002a950                linkaddr_null
 .rodata        0x000000000002a958       0x24 build/cooja/mtype328.a(csma.o)
                0x000000000002a960                csma_driver
 .rodata        0x000000000002a97c       0x24 build/cooja/mtype328.a(csma-output.o)
 .rodata        0x000000000002a9a0       0x4d build/cooja/mtype328.a(uip-ds6-route.o)
 .rodata        0x000000000002a9ed        0xd build/cooja/mtype328.a(tcpip.o)
 *fill*         0x000000000002a9fa        0x2 
 .rodata        0x000000000002a9fc       0x30 build/cooja/mtype328.a(sicslowpan.o)
                0x000000000002a9fc                unc_llconf
                0x000000000002aa00                unc_ctxconf
                0x000000000002aa04                unc_mxconf
                0x000000000002aa08                llprefix
                0x000000000002aa1c                sicslowpan_driver
 .rodata        0x000000000002aa2c       0x2d build/cooja/mtype328.a(uiplib.o)
 *fill*         0x000000000002aa59        0x7 
 .rodata        0x000000000002aa60       0x74 build/cooja/mtype328.a(rpl.o)
                0x000000000002aa80                rpl_lite_driver
 .rodata        0x000000000002aad4       0x20 build/cooja/mtype328.a(coap-timer-defa)
                0x000000000002aae8                coap_timer_default_driver
 .rodata        0x000000000002aaf4       0x25 build/cooja/mtype328.a(assert.o)
 *fill*         0x000000000002ab19        0x3 
 .rodata        0x000000000002ab1c        0xc build/cooja/mtype328.a(framer-802154.o)
                0x000000000002ab1c                framer_802154
 .rodata        0x000000000002ab28       0x44 build/cooja/mtype328.a(uip-sr.o)
 .rodata        0x000000000002ab6c       0x58 build/cooja/mtype328.a(rpl-neighbor.o)
 .rodata        0x000000000002abc4       0xdb build/cooja/mtype328.a(rpl-dag.o)
 .rodata        0x000000000002ac9f        0xc build/cooja/mtype328.a(rpl-timers.o)

.rodata1
 *(.rodata1)

.eh_frame_hdr   0x000000000002acac     0x19ec
 *(.eh_frame_hdr)
 .eh_frame_hdr  0x000000000002acac     0x19ec air.o
                0x000000000002acac                __GNU_EH_FRAME_HDR
 *(.eh_frame_entry .eh_frame_entry.*)

.eh_frame       0x000000000002c698     0x6928
 *(.eh_frame)
 .eh_frame      0x000000000002c698       0x3c /usr/lib/gcc/i686-linux-gnu/5/../../../i386-linux-gnu/crti.o
                                         0x40 (size before relaxing)
 .eh_frame      0x000000000002c6d4       0x40 air.o
                                         0x58 (size before relaxing)
 .eh_frame      0x000000000002c714      0x178 build/cooja/mtype328.o
                                        0x190 (size before relaxing)
 .eh_frame      0x000000000002c88c       0x40 build/cooja/mtype328.a(simEnvChange.o)
                                         0x58 (size before relaxing)
 .eh_frame      0x000000000002c8cc       0x60 build/cooja/mtype328.a(cooja_mt.o)
                                         0x78 (size before relaxing)
 .eh_frame      0x000000000002c92c       0x80 build/cooja/mtype328.a(cooja_mtarch.o)
                                         0x98 (size before relaxing)
 .eh_frame      0x000000000002c9ac       0xc8 build/cooja/mtype328.a(rtimer-arch.o)
                                         0xe0 (size before relaxing)
 .eh_frame      0x000000000002ca74      0x160 build/cooja/mtype328.a(beep.o)
                                        0x178 (size before relaxing)
 .eh_frame      0x000000000002cbd4       0x80 build/cooja/mtype328.a(leds-arch.o)
                                         0x98 (size before relaxing)
 .eh_frame      0x000000000002cc54       0x40 build/cooja/mtype328.a(moteid.o)
                                         0x58 (size before relaxing)
 .eh_frame      0x000000000002cc94       0xa0 build/cooja/mtype328.a(pir-sensor.o)
                                         0xb8 (size before relaxing)
 .eh_frame      0x000000000002cd34      0x100 build/cooja/mtype328.a(rs232.o)
                                        0x118 (size before relaxing)
 .eh_frame      0x000000000002ce34       0xa0 build/cooja/mtype328.a(vib-sensor.o)
                                         0xb8 (size before relaxing)
 .eh_frame      0x000000000002ced4       0xc0 build/cooja/mtype328.a(clock.o)
                                         0xd8 (size before relaxing)
 .eh_frame      0x000000000002cf94      0x120 build/cooja/mtype328.a(cooja-log.o)
                                        0x138 (size before relaxing)
 .eh_frame      0x000000000002d0b4      0x160 build/cooja/mtype328.a(cfs-cooja.o)
                                        0x178 (size before relaxing)
 .eh_frame      0x000000000002d214      0x340 build/cooja/mtype328.a(cooja-radio.o)
                                        0x358 (size before relaxing)
 .eh_frame      0x000000000002d554       0xa0 build/cooja/mtype328.a(eeprom.o)
                                         0xb8 (size before relaxing)
 .eh_frame      0x000000000002d5f4       0x40 build/cooja/mtype328.a(random.o)
                                         0x58 (size before relaxing)
 .eh_frame      0x000000000002d634       0xc0 build/cooja/mtype328.a(sensors.o)
                                         0xd8 (size before relaxing)
 .eh_frame      0x000000000002d6f4      0x120 build/cooja/mtype328.a(leds.o)
                                        0x138 (size before relaxing)
 .eh_frame      0x000000000002d814      0x220 build/cooja/mtype328.a(gpio-hal-arch.o)
                                        0x238 (size before relaxing)
 .eh_frame      0x000000000002da34       0xa0 build/cooja/mtype328.a(buttons.o)
                                         0xb8 (size before relaxing)
 .eh_frame      0x000000000002dad4       0x60 build/cooja/mtype328.a(res_air.o)
                                         0x78 (size before relaxing)
 .eh_frame      0x000000000002db34       0x40 build/cooja/mtype328.a(res_quality.o)
                                         0x58 (size before relaxing)
 .eh_frame      0x000000000002db74       0x44 build/cooja/mtype328.a(coap-blocking-a)
                                         0x5c (size before relaxing)
 .eh_frame      0x000000000002dbb8      0x220 build/cooja/mtype328.a(coap-engine.o)
                                        0x238 (size before relaxing)
 .eh_frame      0x000000000002ddd8       0x24 build/cooja/mtype328.a(coap-res-well-k)
                                         0x3c (size before relaxing)
 .eh_frame      0x000000000002ddfc      0x188 build/cooja/mtype328.a(coap-observe.o)
                                        0x1a0 (size before relaxing)
 .eh_frame      0x000000000002df84      0x250 build/cooja/mtype328.a(coap-uip.o)
                                        0x268 (size before relaxing)
 .eh_frame      0x000000000002e1d4      0x114 build/cooja/mtype328.a(coap-timer.o)
                                        0x12c (size before relaxing)
 .eh_frame      0x000000000002e2e8      0x100 build/cooja/mtype328.a(coap-transactio)
                                        0x118 (size before relaxing)
 .eh_frame      0x000000000002e3e8      0x6ec build/cooja/mtype328.a(coap.o)
                                        0x704 (size before relaxing)
 .eh_frame      0x000000000002ead4       0x30 build/cooja/mtype328.a(contiki-main.o)
                                         0x48 (size before relaxing)
 .eh_frame      0x000000000002eb04       0x40 build/cooja/mtype328.a(autostart.o)
                                         0x58 (size before relaxing)
 .eh_frame      0x000000000002eb44      0x100 build/cooja/mtype328.a(ctimer.o)
                                        0x118 (size before relaxing)
 .eh_frame      0x000000000002ec44      0x100 build/cooja/mtype328.a(log.o)
                                        0x118 (size before relaxing)
 .eh_frame      0x000000000002ed44       0x60 build/cooja/mtype328.a(energest.o)
                                         0x78 (size before relaxing)
 .eh_frame      0x000000000002eda4      0x1e0 build/cooja/mtype328.a(etimer.o)
                                        0x1f8 (size before relaxing)
 .eh_frame      0x000000000002ef84       0x20 build/cooja/mtype328.a(node-id.o)
                                         0x38 (size before relaxing)
 .eh_frame      0x000000000002efa4       0x60 build/cooja/mtype328.a(rtimer.o)
                                         0x78 (size before relaxing)
 .eh_frame      0x000000000002f004      0x1c4 build/cooja/mtype328.a(process.o)
                                        0x1dc (size before relaxing)
 .eh_frame      0x000000000002f1c8       0xa4 build/cooja/mtype328.a(timer.o)
                                         0xbc (size before relaxing)
 .eh_frame      0x000000000002f26c      0x1a0 build/cooja/mtype328.a(list.o)
                                        0x1b8 (size before relaxing)
 .eh_frame      0x000000000002f40c       0xa0 build/cooja/mtype328.a(memb.o)
                                         0xb8 (size before relaxing)
 .eh_frame      0x000000000002f4ac      0x144 build/cooja/mtype328.a(button-hal.o)
                                        0x15c (size before relaxing)
 .eh_frame      0x000000000002f5f0       0x60 build/cooja/mtype328.a(serial-line.o)
                                         0x78 (size before relaxing)
 .eh_frame      0x000000000002f650       0xe0 build/cooja/mtype328.a(gpio-hal.o)
                                         0xf8 (size before relaxing)
 .eh_frame      0x000000000002f730      0x1a0 build/cooja/mtype328.a(queuebuf.o)
                                        0x1b8 (size before relaxing)
 .eh_frame      0x000000000002f8d0      0x28c build/cooja/mtype328.a(packetbuf.o)
                                        0x2a4 (size before relaxing)
 .eh_frame      0x000000000002fb5c       0x80 build/cooja/mtype328.a(netstack.o)
                                         0x98 (size before relaxing)
 .eh_frame      0x000000000002fbdc       0x60 build/cooja/mtype328.a(linkaddr.o)
                                         0x78 (size before relaxing)
 .eh_frame      0x000000000002fc3c       0xe0 build/cooja/mtype328.a(csma.o)
                                         0xf8 (size before relaxing)
 .eh_frame      0x000000000002fd1c      0x1d0 build/cooja/mtype328.a(csma-output.o)
                                        0x1e8 (size before relaxing)
 .eh_frame      0x000000000002feec      0x328 build/cooja/mtype328.a(uip-ds6.o)
                                        0x340 (size before relaxing)
 .eh_frame      0x0000000000030214       0x40 build/cooja/mtype328.a(uip-udp-packet.)
                                         0x58 (size before relaxing)
 .eh_frame      0x0000000000030254      0x220 build/cooja/mtype328.a(uip-ds6-route.o)
                                        0x238 (size before relaxing)
 .eh_frame      0x0000000000030474      0x244 build/cooja/mtype328.a(tcpip.o)
                                        0x25c (size before relaxing)
 .eh_frame      0x00000000000306b8      0x1e8 build/cooja/mtype328.a(uip6.o)
                                        0x200 (size before relaxing)
 .eh_frame      0x00000000000308a0      0x1c0 build/cooja/mtype328.a(uip-ds6-nbr.o)
                                        0x1d8 (size before relaxing)
 .eh_frame      0x0000000000030a60       0x84 build/cooja/mtype328.a(uip-nd6.o)
                                         0x9c (size before relaxing)
 .eh_frame      0x0000000000030ae4      0x2f8 build/cooja/mtype328.a(sicslowpan.o)
                                        0x310 (size before relaxing)
 .eh_frame      0x0000000000030ddc       0x88 build/cooja/mtype328.a(uiplib.o)
                                         0xa0 (size before relaxing)
 .eh_frame      0x0000000000030e64      0x1e0 build/cooja/mtype328.a(rpl.o)
                                        0x1f8 (size before relaxing)
 .eh_frame      0x0000000000031044      0x1c4 build/cooja/mtype328.a(rpl-icmp6.o)
                                        0x1dc (size before relaxing)
 .eh_frame      0x0000000000031208       0xa0 build/cooja/mtype328.a(rpl-dag-root.o)
                                         0xb8 (size before relaxing)
 .eh_frame      0x00000000000312a8       0xa0 build/cooja/mtype328.a(watchdog.o)
                                         0xb8 (size before relaxing)
 .eh_frame      0x0000000000031348       0x80 build/cooja/mtype328.a(int-master.o)
                                         0x98 (size before relaxing)
 .eh_frame      0x00000000000313c8       0xa4 build/cooja/mtype328.a(coap-timer-defa)
                                         0xbc (size before relaxing)
 .eh_frame      0x000000000003146c       0xc4 build/cooja/mtype328.a(stimer.o)
                                         0xdc (size before relaxing)
 .eh_frame      0x0000000000031530       0xa0 build/cooja/mtype328.a(ringbuf.o)
                                         0xb8 (size before relaxing)
 .eh_frame      0x00000000000315d0       0x20 build/cooja/mtype328.a(assert.o)
                                         0x38 (size before relaxing)
 .eh_frame      0x00000000000315f0      0x2ac build/cooja/mtype328.a(nbr-table.o)
                                        0x2c4 (size before relaxing)
 .eh_frame      0x000000000003189c      0x120 build/cooja/mtype328.a(link-stats.o)
                                        0x138 (size before relaxing)
 .eh_frame      0x00000000000319bc       0x48 build/cooja/mtype328.a(mac-sequence.o)
                                         0x60 (size before relaxing)
 .eh_frame      0x0000000000031a04       0x20 build/cooja/mtype328.a(mac.o)
                                         0x38 (size before relaxing)
 .eh_frame      0x0000000000031a24       0xa4 build/cooja/mtype328.a(framer-802154.o)
                                         0xbc (size before relaxing)
 .eh_frame      0x0000000000031ac8      0x1a4 build/cooja/mtype328.a(frame802154.o)
                                        0x1bc (size before relaxing)
 .eh_frame      0x0000000000031c6c       0x40 build/cooja/mtype328.a(csma-security.o)
                                         0x58 (size before relaxing)
 .eh_frame      0x0000000000031cac      0x200 build/cooja/mtype328.a(uipbuf.o)
                                        0x218 (size before relaxing)
 .eh_frame      0x0000000000031eac      0x150 build/cooja/mtype328.a(uip-icmp6.o)
                                        0x168 (size before relaxing)
 .eh_frame      0x0000000000031ffc      0x184 build/cooja/mtype328.a(uip-sr.o)
                                        0x19c (size before relaxing)
 .eh_frame      0x0000000000032180       0xe0 build/cooja/mtype328.a(uip-packetqueue)
                                         0xf8 (size before relaxing)
 .eh_frame      0x0000000000032260       0x80 build/cooja/mtype328.a(rpl-nbr-policy.)
                                         0x98 (size before relaxing)
 .eh_frame      0x00000000000322e0      0x2d4 build/cooja/mtype328.a(rpl-neighbor.o)
                                        0x2ec (size before relaxing)
 .eh_frame      0x00000000000325b4      0x370 build/cooja/mtype328.a(rpl-dag.o)
                                        0x388 (size before relaxing)
 .eh_frame      0x0000000000032924      0x3a8 build/cooja/mtype328.a(rpl-timers.o)
                                        0x3c0 (size before relaxing)
 .eh_frame      0x0000000000032ccc      0x124 build/cooja/mtype328.a(rpl-ext-header.)
                                        0x13c (size before relaxing)
 .eh_frame      0x0000000000032df0      0x148 build/cooja/mtype328.a(rpl-mrhof.o)
                                        0x160 (size before relaxing)
 .eh_frame      0x0000000000032f38       0x84 /usr/lib/gcc/i686-linux-gnu/5/libgcc.a(_udivdi3.o)
                                         0x9c (size before relaxing)
 .eh_frame      0x0000000000032fbc        0x4 /usr/lib/gcc/i686-linux-gnu/5/crtendS.o
 *(.eh_frame.*)

.gcc_except_table
 *(.gcc_except_table .gcc_except_table.*)

.gnu_extab
 *(.gnu_extab*)

.exception_ranges
 *(.exception_ranges .exception_ranges*)
                0x0000000000034f10                . = DATA_SEGMENT_ALIGN (0x1000, 0x1000)

.eh_frame
 *(.eh_frame)
 *(.eh_frame.*)

.gnu_extab
 *(.gnu_extab)

.gcc_except_table
 *(.gcc_except_table .gcc_except_table.*)

.exception_ranges
 *(.exception_ranges .exception_ranges*)

.tdata
 *(.tdata .tdata.* .gnu.linkonce.td.*)

.tbss
 *(.tbss .tbss.* .gnu.linkonce.tb.*)
 *(.tcommon)

.preinit_array
 *(.preinit_array)

.init_array     0x0000000000034f10        0x4
 *(SORT(.init_array.*) SORT(.ctors.*))
 *(.init_array EXCLUDE_FILE(*crtend?.o *crtend.o *crtbegin?.o *crtbegin.o) .ctors)
 .init_array    0x0000000000034f10        0x4 /usr/lib/gcc/i686-linux-gnu/5/crtbeginS.o

.fini_array     0x0000000000034f14        0x4
 *(SORT(.fini_array.*) SORT(.dtors.*))
 *(.fini_array EXCLUDE_FILE(*crtend?.o *crtend.o *crtbegin?.o *crtbegin.o) .dtors)
 .fini_array    0x0000000000034f14        0x4 /usr/lib/gcc/i686-linux-gnu/5/crtbeginS.o

.ctors
 *crtbegin.o(.ctors)
 *crtbegin?.o(.ctors)
 *(EXCLUDE_FILE(*crtend?.o *crtend.o) .ctors)
 *(SORT(.ctors.*))
 *(.ctors)

.dtors
 *crtbegin.o(.dtors)
 *crtbegin?.o(.dtors)
 *(EXCLUDE_FILE(*crtend?.o *crtend.o) .dtors)
 *(SORT(.dtors.*))
 *(.dtors)

.jcr            0x0000000000034f18        0x4
 *(.jcr)
 .jcr           0x0000000000034f18        0x0 /usr/lib/gcc/i686-linux-gnu/5/crtbeginS.o
 .jcr           0x0000000000034f18        0x4 /usr/lib/gcc/i686-linux-gnu/5/crtendS.o

.data.rel.ro
 *(.data.rel.ro.local* .gnu.linkonce.d.rel.ro.local.*)
 *(.data.rel.ro .data.rel.ro.* .gnu.linkonce.d.rel.ro.*)

.dynamic        0x0000000000034f1c       0xd0
 *(.dynamic)
 .dynamic       0x0000000000034f1c       0xd0 /usr/lib/gcc/i686-linux-gnu/5/../../../i386-linux-gnu/crti.o
                0x0000000000034f1c                _DYNAMIC

.got            0x0000000000034fec       0x14
 *(.got)
 .got           0x0000000000034fec       0x14 /usr/lib/gcc/i686-linux-gnu/5/../../../i386-linux-gnu/crti.o
 *(.igot)
                0x0000000000035ff4                . = DATA_SEGMENT_RELRO_END (., (SIZEOF (.got.plt) >= 0xc)?0xc:0x0)

.got.plt        0x0000000000035000        0xc
 *(.got.plt)
 .got.plt       0x0000000000035000        0xc /usr/lib/gcc/i686-linux-gnu/5/../../../i386-linux-gnu/crti.o
                0x0000000000035000                _GLOBAL_OFFSET_TABLE_
 *(.igot.plt)

.data           0x0000000000035020      0x4a4
 *(.data .data.* .gnu.linkonce.d.*)
 .data          0x0000000000035020        0x0 /usr/lib/gcc/i686-linux-gnu/5/../../../i386-linux-gnu/crti.o
 .data          0x0000000000035020        0x0 /usr/lib/gcc/i686-linux-gnu/5/crtbeginS.o
 .data.rel.local
                0x0000000000035020        0x4 /usr/lib/gcc/i686-linux-gnu/5/crtbeginS.o
                0x0000000000035020                __dso_handle
 .data          0x0000000000035024       0x10 air.o
                0x0000000000035024                air_node
 *fill*         0x0000000000035034        0xc 
 .data          0x0000000000035040       0x44 build/cooja/mtype328.o
                0x0000000000035040                simInterfaces
                0x0000000000035074                sensors
 .data          0x0000000000035084        0x0 build/cooja/mtype328.a(simEnvChange.o)
 .data          0x0000000000035084        0x0 build/cooja/mtype328.a(cooja_mt.o)
 .data          0x0000000000035084        0x0 build/cooja/mtype328.a(cooja_mtarch.o)
 .data          0x0000000000035084        0x0 build/cooja/mtype328.a(rtimer-arch.o)
 .data          0x0000000000035084        0x0 build/cooja/mtype328.a(beep.o)
 .data          0x0000000000035084        0x0 build/cooja/mtype328.a(leds-arch.o)
 .data          0x0000000000035084        0x0 build/cooja/mtype328.a(moteid.o)
 .data          0x0000000000035084        0x0 build/cooja/mtype328.a(pir-sensor.o)
 .data          0x0000000000035084        0x0 build/cooja/mtype328.a(rs232.o)
 .data          0x0000000000035084        0x0 build/cooja/mtype328.a(vib-sensor.o)
 .data          0x0000000000035084        0x0 build/cooja/mtype328.a(clock.o)
 .data          0x0000000000035084        0x0 build/cooja/mtype328.a(cooja-log.o)
 .data          0x0000000000035084        0x0 build/cooja/mtype328.a(cfs-cooja.o)
 .data          0x0000000000035084       0x2c build/cooja/mtype328.a(cooja-radio.o)
                0x0000000000035084                simRadioHWOn
                0x0000000000035088                simSignalStrength
                0x000000000003508c                simLastSignalStrength
                0x0000000000035090                simPower
                0x0000000000035094                simRadioChannel
                0x0000000000035098                simLQI
                0x00000000000350a0                cooja_radio_process
 .data          0x00000000000350b0        0x0 build/cooja/mtype328.a(eeprom.o)
 .data          0x00000000000350b0        0x0 build/cooja/mtype328.a(random.o)
 .data          0x00000000000350b0       0x10 build/cooja/mtype328.a(sensors.o)
                0x00000000000350b0                sensors_process
 .data          0x00000000000350c0        0x0 build/cooja/mtype328.a(leds.o)
 .data          0x00000000000350c0        0x0 build/cooja/mtype328.a(gpio-hal-arch.o)
 .data          0x00000000000350c0       0x78 build/cooja/mtype328.a(buttons.o)
                0x00000000000350c0                simButtonIsActive
                0x0000000000035130                button_hal_buttons
 *fill*         0x0000000000035138        0x8 
 .data          0x0000000000035140       0x24 build/cooja/mtype328.a(res_air.o)
                0x0000000000035140                res_air
 *fill*         0x0000000000035164       0x1c 
 .data          0x0000000000035180       0x44 build/cooja/mtype328.a(res_quality.o)
                0x0000000000035180                quality
                0x00000000000351a0                res_quality
 .data          0x00000000000351c4        0x0 build/cooja/mtype328.a(coap-blocking-a)
 .data          0x00000000000351c4        0x8 build/cooja/mtype328.a(coap-engine.o)
 *fill*         0x00000000000351cc       0x14 
 .data          0x00000000000351e0       0x24 build/cooja/mtype328.a(coap-res-well-k)
                0x00000000000351e0                res_well_known_core
 .data          0x0000000000035204       0x10 build/cooja/mtype328.a(coap-observe.o)
 .data          0x0000000000035214       0x10 build/cooja/mtype328.a(coap-uip.o)
                0x0000000000035214                coap_engine
 .data          0x0000000000035224        0x4 build/cooja/mtype328.a(coap-timer.o)
 .data          0x0000000000035228       0x10 build/cooja/mtype328.a(coap-transactio)
 .data          0x0000000000035238        0x4 build/cooja/mtype328.a(coap.o)
                0x0000000000035238                coap_error_message
 .data          0x000000000003523c        0x0 build/cooja/mtype328.a(contiki-main.o)
 .data          0x000000000003523c        0x0 build/cooja/mtype328.a(autostart.o)
 .data          0x000000000003523c       0x14 build/cooja/mtype328.a(ctimer.o)
                0x0000000000035240                ctimer_process
 *fill*         0x0000000000035250       0x10 
 .data          0x0000000000035260       0xbc build/cooja/mtype328.a(log.o)
                0x0000000000035260                curr_log_level_main
                0x0000000000035280                all_modules
 .data          0x000000000003531c        0x0 build/cooja/mtype328.a(energest.o)
 .data          0x000000000003531c       0x10 build/cooja/mtype328.a(etimer.o)
                0x000000000003531c                etimer_process
 .data          0x000000000003532c        0x0 build/cooja/mtype328.a(node-id.o)
 .data          0x000000000003532c        0x0 build/cooja/mtype328.a(rtimer.o)
 .data          0x000000000003532c        0x0 build/cooja/mtype328.a(process.o)
 .data          0x000000000003532c        0x0 build/cooja/mtype328.a(timer.o)
 .data          0x000000000003532c        0x0 build/cooja/mtype328.a(list.o)
 .data          0x000000000003532c        0x0 build/cooja/mtype328.a(memb.o)
 .data          0x000000000003532c       0x10 build/cooja/mtype328.a(button-hal.o)
                0x000000000003532c                button_hal_process
 .data          0x000000000003533c       0x10 build/cooja/mtype328.a(serial-line.o)
                0x000000000003533c                serial_line_process
 .data          0x000000000003534c        0x4 build/cooja/mtype328.a(gpio-hal.o)
 .data          0x0000000000035350       0x18 build/cooja/mtype328.a(queuebuf.o)
 .data          0x0000000000035368        0x4 build/cooja/mtype328.a(packetbuf.o)
 .data          0x000000000003536c        0x4 build/cooja/mtype328.a(netstack.o)
 .data          0x0000000000035370        0x0 build/cooja/mtype328.a(linkaddr.o)
 .data          0x0000000000035370        0x0 build/cooja/mtype328.a(csma.o)
 .data          0x0000000000035370       0x28 build/cooja/mtype328.a(csma-output.o)
 .data          0x0000000000035398        0x0 build/cooja/mtype328.a(uip-ds6.o)
 .data          0x0000000000035398        0x0 build/cooja/mtype328.a(uip-udp-packet.)
 .data          0x0000000000035398       0x10 build/cooja/mtype328.a(uip-ds6-route.o)
 .data          0x00000000000353a8       0x10 build/cooja/mtype328.a(tcpip.o)
                0x00000000000353a8                tcpip_process
 .data          0x00000000000353b8        0x0 build/cooja/mtype328.a(uip6.o)
 .data          0x00000000000353b8       0x14 build/cooja/mtype328.a(uip-ds6-nbr.o)
 .data          0x00000000000353cc        0xc build/cooja/mtype328.a(uip-nd6.o)
 .data          0x00000000000353d8        0x0 build/cooja/mtype328.a(sicslowpan.o)
 .data          0x00000000000353d8        0x0 build/cooja/mtype328.a(uiplib.o)
 .data          0x00000000000353d8        0x0 build/cooja/mtype328.a(rpl.o)
 .data          0x00000000000353d8       0x30 build/cooja/mtype328.a(rpl-icmp6.o)
 .data          0x0000000000035408        0x0 build/cooja/mtype328.a(rpl-dag-root.o)
 .data          0x0000000000035408        0x0 build/cooja/mtype328.a(watchdog.o)
 .data          0x0000000000035408        0x0 build/cooja/mtype328.a(int-master.o)
 .data          0x0000000000035408       0x10 build/cooja/mtype328.a(coap-timer-defa)
                0x0000000000035408                coap_timer_process
 .data          0x0000000000035418        0x0 build/cooja/mtype328.a(stimer.o)
 .data          0x0000000000035418        0x0 build/cooja/mtype328.a(ringbuf.o)
 .data          0x0000000000035418        0x0 build/cooja/mtype328.a(assert.o)
 .data          0x0000000000035418       0x10 build/cooja/mtype328.a(nbr-table.o)
 .data          0x0000000000035428       0x14 build/cooja/mtype328.a(link-stats.o)
 .data          0x000000000003543c        0x0 build/cooja/mtype328.a(mac-sequence.o)
 .data          0x000000000003543c        0x0 build/cooja/mtype328.a(mac.o)
 .data          0x000000000003543c        0x0 build/cooja/mtype328.a(framer-802154.o)
 .data          0x000000000003543c        0x2 build/cooja/mtype328.a(frame802154.o)
 .data          0x000000000003543e        0x0 build/cooja/mtype328.a(csma-security.o)
 .data          0x000000000003543e        0x0 build/cooja/mtype328.a(uipbuf.o)
 *fill*         0x000000000003543e        0x2 
 .data          0x0000000000035440       0x20 build/cooja/mtype328.a(uip-icmp6.o)
 .data          0x0000000000035460       0x10 build/cooja/mtype328.a(uip-sr.o)
 .data          0x0000000000035470        0xc build/cooja/mtype328.a(uip-packetqueue)
 .data          0x000000000003547c        0x0 build/cooja/mtype328.a(rpl-nbr-policy.)
 .data          0x000000000003547c       0x14 build/cooja/mtype328.a(rpl-neighbor.o)
                0x000000000003548c                rpl_neighbors
 .data          0x0000000000035490        0x0 build/cooja/mtype328.a(rpl-dag.o)
 .data          0x0000000000035490        0x0 build/cooja/mtype328.a(rpl-timers.o)
 .data          0x0000000000035490        0x0 build/cooja/mtype328.a(rpl-ext-header.)
 *fill*         0x0000000000035490       0x10 
 .data          0x00000000000354a0       0x24 build/cooja/mtype328.a(rpl-mrhof.o)
                0x00000000000354a0                rpl_mrhof
 .data          0x00000000000354c4        0x0 /usr/lib/gcc/i686-linux-gnu/5/libgcc.a(_udivdi3.o)
 .data          0x00000000000354c4        0x0 /usr/lib/gcc/i686-linux-gnu/5/crtendS.o
 .data          0x00000000000354c4        0x0 /usr/lib/gcc/i686-linux-gnu/5/../../../i386-linux-gnu/crtn.o

.tm_clone_table
                0x00000000000354c4        0x0
 .tm_clone_table
                0x00000000000354c4        0x0 /usr/lib/gcc/i686-linux-gnu/5/crtbeginS.o
 .tm_clone_table
                0x00000000000354c4        0x0 /usr/lib/gcc/i686-linux-gnu/5/crtendS.o

.data1
 *(.data1)
                0x00000000000354c4                _edata = .
                [!provide]                        PROVIDE (edata, .)
                0x00000000000354c4                . = .
                0x00000000000354c4                __bss_start = .

.bss            0x00000000000354e0    0x13f84
 *(.dynbss)
 .dynbss        0x00000000000354e0        0x0 /usr/lib/gcc/i686-linux-gnu/5/../../../i386-linux-gnu/crti.o
 *(.bss .bss.* .gnu.linkonce.b.*)
 .bss           0x00000000000354e0        0x0 /usr/lib/gcc/i686-linux-gnu/5/../../../i386-linux-gnu/crti.o
 .bss           0x00000000000354e0        0x1 /usr/lib/gcc/i686-linux-gnu/5/crtbeginS.o
 *fill*         0x00000000000354e1       0x1f 
 .bss           0x0000000000035500      0x12c air.o
                0x0000000000035500                registered
 *fill*         0x000000000003562c       0x14 
 .bss           0x0000000000035640     0x2030 build/cooja/mtype328.o
 .bss           0x0000000000037670        0x1 build/cooja/mtype328.a(simEnvChange.o)
                0x0000000000037670                simDontFallAsleep
 *fill*         0x0000000000037671        0x3 
 .bss           0x0000000000037674        0x4 build/cooja/mtype328.a(cooja_mt.o)
 .bss           0x0000000000037678        0x4 build/cooja/mtype328.a(cooja_mtarch.o)
 .bss           0x000000000003767c        0x0 build/cooja/mtype328.a(rtimer-arch.o)
 .bss           0x000000000003767c        0x0 build/cooja/mtype328.a(beep.o)
 .bss           0x000000000003767c        0x1 build/cooja/mtype328.a(leds-arch.o)
                0x000000000003767c                simLedsValue
 .bss           0x000000000003767d        0x0 build/cooja/mtype328.a(moteid.o)
 .bss           0x000000000003767d        0x1 build/cooja/mtype328.a(pir-sensor.o)
                0x000000000003767d                simPirValue
 *fill*         0x000000000003767e        0x2 
 .bss           0x0000000000037680        0x4 build/cooja/mtype328.a(rs232.o)
 .bss           0x0000000000037684        0x1 build/cooja/mtype328.a(vib-sensor.o)
                0x0000000000037684                simVibValue
 .bss           0x0000000000037685        0x0 build/cooja/mtype328.a(clock.o)
 *fill*         0x0000000000037685       0x1b 
 .bss           0x00000000000376a0     0x2020 build/cooja/mtype328.a(cooja-log.o)
 .bss           0x00000000000396c0      0xfc0 build/cooja/mtype328.a(cfs-cooja.o)
                0x00000000000396c0                simCFSData
                0x000000000003a660                simCFSSize
                0x000000000003a664                simCFSChanged
                0x000000000003a668                simCFSRead
                0x000000000003a66c                simCFSWritten
 .bss           0x000000000003a680       0x24 build/cooja/mtype328.a(cooja-radio.o)
                0x000000000003a680                simReceiving
                0x000000000003a684                simInSize
                0x000000000003a688                simLastPacketTimestamp
                0x000000000003a690                simOutSize
 .bss           0x000000000003a6a4        0xc build/cooja/mtype328.a(eeprom.o)
                0x000000000003a6a4                simEEPROMChanged
                0x000000000003a6a8                simEEPROMRead
                0x000000000003a6ac                simEEPROMWritten
 .bss           0x000000000003a6b0        0x0 build/cooja/mtype328.a(random.o)
 .bss           0x000000000003a6b0        0xc build/cooja/mtype328.a(sensors.o)
 .bss           0x000000000003a6bc        0x0 build/cooja/mtype328.a(leds.o)
 .bss           0x000000000003a6bc       0x24 build/cooja/mtype328.a(gpio-hal-arch.o)
 .bss           0x000000000003a6e0        0x0 build/cooja/mtype328.a(buttons.o)
 .bss           0x000000000003a6e0        0x1 build/cooja/mtype328.a(res_air.o)
                0x000000000003a6e0                air_state
 *fill*         0x000000000003a6e1        0x3 
 .bss           0x000000000003a6e4        0x4 build/cooja/mtype328.a(res_quality.o)
 .bss           0x000000000003a6e8        0x0 build/cooja/mtype328.a(coap-blocking-a)
 *fill*         0x000000000003a6e8       0x18 
 .bss           0x000000000003a700      0x190 build/cooja/mtype328.a(coap-engine.o)
 .bss           0x000000000003a890        0x0 build/cooja/mtype328.a(coap-res-well-k)
 *fill*         0x000000000003a890       0x10 
 .bss           0x000000000003a8a0      0x120 build/cooja/mtype328.a(coap-observe.o)
 .bss           0x000000000003a9c0       0x18 build/cooja/mtype328.a(coap-uip.o)
 .bss           0x000000000003a9d8        0x5 build/cooja/mtype328.a(coap-timer.o)
 *fill*         0x000000000003a9dd        0x3 
 .bss           0x000000000003a9e0      0x334 build/cooja/mtype328.a(coap-transactio)
 .bss           0x000000000003ad14        0x6 build/cooja/mtype328.a(coap.o)
                0x000000000003ad14                coap_status_code
 .bss           0x000000000003ad1a        0x0 build/cooja/mtype328.a(contiki-main.o)
 .bss           0x000000000003ad1a        0x0 build/cooja/mtype328.a(autostart.o)
 *fill*         0x000000000003ad1a        0x2 
 .bss           0x000000000003ad1c        0x5 build/cooja/mtype328.a(ctimer.o)
 *fill*         0x000000000003ad21        0x3 
 .bss           0x000000000003ad24       0x2c build/cooja/mtype328.a(log.o)
                0x000000000003ad24                curr_log_level_rpl
                0x000000000003ad28                curr_log_level_tcpip
                0x000000000003ad2c                curr_log_level_ipv6
                0x000000000003ad30                curr_log_level_6lowpan
                0x000000000003ad34                curr_log_level_nullnet
                0x000000000003ad38                curr_log_level_mac
                0x000000000003ad3c                curr_log_level_framer
                0x000000000003ad40                curr_log_level_6top
                0x000000000003ad44                curr_log_level_coap
                0x000000000003ad48                curr_log_level_snmp
                0x000000000003ad4c                curr_log_level_lwm2m
 .bss           0x000000000003ad50        0x0 build/cooja/mtype328.a(energest.o)
 .bss           0x000000000003ad50        0x8 build/cooja/mtype328.a(etimer.o)
 .bss           0x000000000003ad58        0x2 build/cooja/mtype328.a(node-id.o)
                0x000000000003ad58                node_id
 *fill*         0x000000000003ad5a        0x2 
 .bss           0x000000000003ad5c        0x4 build/cooja/mtype328.a(rtimer.o)
 .bss           0x000000000003ad60      0x1a1 build/cooja/mtype328.a(process.o)
                0x000000000003ad60                process_list
                0x000000000003ad64                process_current
 .bss           0x000000000003af01        0x0 build/cooja/mtype328.a(timer.o)
 .bss           0x000000000003af01        0x0 build/cooja/mtype328.a(list.o)
 .bss           0x000000000003af01        0x0 build/cooja/mtype328.a(memb.o)
 *fill*         0x000000000003af01        0x3 
 .bss           0x000000000003af04       0x10 build/cooja/mtype328.a(button-hal.o)
 *fill*         0x000000000003af14        0xc 
 .bss           0x000000000003af20      0x140 build/cooja/mtype328.a(serial-line.o)
 .bss           0x000000000003b060        0x4 build/cooja/mtype328.a(gpio-hal.o)
 *fill*         0x000000000003b064       0x1c 
 .bss           0x000000000003b080     0x2c80 build/cooja/mtype328.a(queuebuf.o)
 .bss           0x000000000003dd00       0xa0 build/cooja/mtype328.a(packetbuf.o)
 .bss           0x000000000003dda0        0x4 build/cooja/mtype328.a(netstack.o)
 .bss           0x000000000003dda4        0x0 build/cooja/mtype328.a(linkaddr.o)
 .bss           0x000000000003dda4        0x0 build/cooja/mtype328.a(csma.o)
 *fill*         0x000000000003dda4       0x1c 
 .bss           0x000000000003ddc0      0x726 build/cooja/mtype328.a(csma-output.o)
 *fill*         0x000000000003e4e6        0x2 
 .bss           0x000000000003e4e8       0x30 build/cooja/mtype328.a(uip-ds6.o)
 .bss           0x000000000003e518        0x0 build/cooja/mtype328.a(uip-udp-packet.)
 *fill*         0x000000000003e518        0x8 
 .bss           0x000000000003e520       0x60 build/cooja/mtype328.a(uip-ds6-route.o)
 .bss           0x000000000003e580       0x10 build/cooja/mtype328.a(tcpip.o)
 .bss           0x000000000003e590        0x8 build/cooja/mtype328.a(uip6.o)
                0x000000000003e590                uip_ext_bitmap
                0x000000000003e592                uip_ext_len
                0x000000000003e594                uip_last_proto
 *fill*         0x000000000003e598        0x8 