Archive member included to satisfy reference by file (symbol)

build/cooja/mtype727.a(simEnvChange.o)
                              build/cooja/mtype727.o (simDontFallAsleep)
build/cooja/mtype727.a(cooja_mt.o)
                              build/cooja/mtype727.o (cooja_mt_start)
build/cooja/mtype727.a(cooja_mtarch.o)
                              build/cooja/mtype727.a(cooja_mt.o) (cooja_mtarch_start)
build/cooja/mtype727.a(rtimer-arch.o)
                              build/cooja/mtype727.o (rtimer_arch_check)
build/cooja/mtype727.a(beep.o)
                              build/cooja/mtype727.o (beep_interface)
build/cooja/mtype727.a(leds-arch.o)
                              build/cooja/mtype727.o (leds_interface)
build/cooja/mtype727.a(moteid.o)
                              build/cooja/mtype727.o (moteid_interface)
build/cooja/mtype727.a(pir-sensor.o)
                              build/cooja/mtype727.o (pir_interface)
build/cooja/mtype727.a(rs232.o)
                              build/cooja/mtype727.o (rs232_interface)
build/cooja/mtype727.a(vib-sensor.o)
                              build/cooja/mtype727.o (vib_interface)
build/cooja/mtype727.a(clock.o)
                              build/cooja/mtype727.o (clock_interface)
build/cooja/mtype727.a(cooja-log.o)
                              build/cooja/mtype727.o (simlog_interface)
build/cooja/mtype727.a(cfs-cooja.o)
                              build/cooja/mtype727.o (cfs_interface)
build/cooja/mtype727.a(cooja-radio.o)
                              build/cooja/mtype727.o (radio_interface)
build/cooja/mtype727.a(eeprom.o)
                              build/cooja/mtype727.o (eeprom_interface)
build/cooja/mtype727.a(random.o)
                              build/cooja/mtype727.a(moteid.o) (random_init)
build/cooja/mtype727.a(sensors.o)
                              build/cooja/mtype727.a(pir-sensor.o) (sensors_changed)
build/cooja/mtype727.a(leds.o)
                              air.o (leds_set)
build/cooja/mtype727.a(gpio-hal-arch.o)
                              build/cooja/mtype727.a(leds-arch.o) (gpio_hal_arch_register_pin_callback)
build/cooja/mtype727.a(buttons.o)
                              build/cooja/mtype727.o (button_interface)
build/cooja/mtype727.a(res_presence.o)
                              air.o (presence)
build/cooja/mtype727.a(res_air.o)
                              air.o (air_state)
build/cooja/mtype727.a(res_quality.o)
                              air.o (quality)
build/cooja/mtype727.a(coap-blocking-a)
                              air.o (coap_blocking_request)
build/cooja/mtype727.a(coap-engine.o)
                              air.o (coap_activate_resource)
build/cooja/mtype727.a(coap-res-well-k)
                              build/cooja/mtype727.a(coap-engine.o) (res_well_known_core)
build/cooja/mtype727.a(coap-observe.o)
                              build/cooja/mtype727.a(coap-engine.o) (coap_remove_observer_by_mid)
build/cooja/mtype727.a(coap-uip.o)
                              build/cooja/mtype727.a(coap-observe.o) (coap_endpoint_copy)
build/cooja/mtype727.a(coap-timer.o)
                              build/cooja/mtype727.a(coap-engine.o) (coap_timer_set)
build/cooja/mtype727.a(coap-transactio)
                              build/cooja/mtype727.a(coap-blocking-a) (coap_send_transaction)
build/cooja/mtype727.a(coap.o)
                              build/cooja/mtype727.a(coap-engine.o) (coap_status_code)
build/cooja/mtype727.a(contiki-main.o)
                              build/cooja/mtype727.o (main)
build/cooja/mtype727.a(autostart.o)
                              build/cooja/mtype727.a(contiki-main.o) (autostart_start)
build/cooja/mtype727.a(ctimer.o)
                              build/cooja/mtype727.a(contiki-main.o) (ctimer_init)
build/cooja/mtype727.a(log.o)
                              build/cooja/mtype727.a(contiki-main.o) (curr_log_level_main)
build/cooja/mtype727.a(energest.o)
                              build/cooja/mtype727.a(contiki-main.o) (energest_init)
build/cooja/mtype727.a(etimer.o)
                              build/cooja/mtype727.a(contiki-main.o) (etimer_process)
build/cooja/mtype727.a(node-id.o)
                              air.o (node_id)
build/cooja/mtype727.a(rtimer.o)
                              build/cooja/mtype727.a(contiki-main.o) (rtimer_init)
build/cooja/mtype727.a(process.o)
                              build/cooja/mtype727.a(coap-blocking-a) (process_current)
build/cooja/mtype727.a(timer.o)
                              build/cooja/mtype727.a(etimer.o) (timer_set)
build/cooja/mtype727.a(list.o)
                              build/cooja/mtype727.a(coap-engine.o) (list_init)
build/cooja/mtype727.a(memb.o)
                              build/cooja/mtype727.a(coap-observe.o) (memb_alloc)
build/cooja/mtype727.a(button-hal.o)
                              build/cooja/mtype727.o (button_hal_init)
build/cooja/mtype727.a(serial-line.o)
[...]
Memory Configuration

Name             Origin             Length             Attributes
*default*        0x0000000000000000 0xffffffffffffffff

Linker script and memory map

LOAD /usr/lib/gcc/i686-linux-gnu/5/../../../i386-linux-gnu/crti.o
LOAD /usr/lib/gcc/i686-linux-gnu/5/crtbeginS.o
LOAD air.o
LOAD build/cooja/mtype727.o
LOAD build/cooja/mtype727.a
LOAD /usr/lib/gcc/i686-linux-gnu/5/libgcc.a
LOAD /usr/lib/gcc/i686-linux-gnu/5/libgcc_s.so
LOAD /usr/lib/gcc/i686-linux-gnu/5/../../../i386-linux-gnu/libc.so
START GROUP
LOAD /lib/i386-linux-gnu/libc.so.6
LOAD /usr/lib/i386-linux-gnu/libc_nonshared.a
LOAD /lib/i386-linux-gnu/ld-linux.so.2
END GROUP
LOAD /usr/lib/gcc/i686-linux-gnu/5/libgcc.a
LOAD /usr/lib/gcc/i686-linux-gnu/5/libgcc_s.so
LOAD /usr/lib/gcc/i686-linux-gnu/5/crtendS.o
LOAD /usr/lib/gcc/i686-linux-gnu/5/../../../i386-linux-gnu/crtn.o
                0x0000000000000114                . = (0x0 + SIZEOF_HEADERS)

.note.gnu.build-id
                0x0000000000000114       0x24
 *(.note.gnu.build-id)
 .note.gnu.build-id
                0x0000000000000114       0x24 /usr/lib/gcc/i686-linux-gnu/5/../../../i386-linux-gnu/crti.o

.hash
 *(.hash)

.gnu.hash       0x0000000000000138     0x15ac
 *(.gnu.hash)
 .gnu.hash      0x0000000000000138     0x15ac /usr/lib/gcc/i686-linux-gnu/5/../../../i386-linux-gnu/crti.o

.dynsym         0x00000000000016e4     0x2f50
 *(.dynsym)
 .dynsym        0x00000000000016e4     0x2f50 /usr/lib/gcc/i686-linux-gnu/5/../../../i386-linux-gnu/crti.o

.dynstr         0x0000000000004634     0x36b8
 *(.dynstr)
 .dynstr        0x0000000000004634     0x36b8 /usr/lib/gcc/i686-linux-gnu/5/../../../i386-linux-gnu/crti.o

.gnu.version    0x0000000000007cec      0x5ea
 *(.gnu.version)
 .gnu.version   0x0000000000007cec      0x5ea /usr/lib/gcc/i686-linux-gnu/5/../../../i386-linux-gnu/crti.o

.gnu.version_d  0x00000000000082d8        0x0
 *(.gnu.version_d)
 .gnu.version_d
                0x00000000000082d8        0x0 /usr/lib/gcc/i686-linux-gnu/5/../../../i386-linux-gnu/crti.o

.gnu.version_r  0x00000000000082d8       0x40
 *(.gnu.version_r)
 .gnu.version_r
                0x00000000000082d8       0x40 /usr/lib/gcc/i686-linux-gnu/5/../../../i386-linux-gnu/crti.o

.rel.dyn        0x0000000000008318     0x9438
 *(.rel.init)
 .rel.init      0x0000000000008318        0x0 /usr/lib/gcc/i686-linux-gnu/5/../../../i386-linux-gnu/crti.o
 *(.rel.text .rel.text.* .rel.gnu.linkonce.t.*)
 .rel.text      0x0000000000008318     0x8a48 /usr/lib/gcc/i686-linux-gnu/5/../../../i386-linux-gnu/crti.o
 *(.rel.fini)
 .rel.fini      0x0000000000010d60        0x0 /usr/lib/gcc/i686-linux-gnu/5/../../../i386-linux-gnu/crti.o
 *(.rel.rodata .rel.rodata.* .rel.gnu.linkonce.r.*)
 .rel.rodata    0x0000000000010d60      0x588 /usr/lib/gcc/i686-linux-gnu/5/../../../i386-linux-gnu/crti.o
 *(.rel.data.rel.ro .rel.data.rel.ro.* .rel.gnu.linkonce.d.rel.ro.*)
 *(.rel.data .rel.data.* .rel.gnu.linkonce.d.*)
 .rel.data.rel.local
                0x00000000000112e8        0x8 /usr/lib/gcc/i686-linux-gnu/5/../../../i386-linux-gnu/crti.o
 .rel.data      0x00000000000112f0      0x428 /usr/lib/gcc/i686-linux-gnu/5/../../../i386-linux-gnu/crti.o
 *(.rel.tdata .rel.tdata.* .rel.gnu.linkonce.td.*)
 *(.rel.tbss .rel.tbss.* .rel.gnu.linkonce.tb.*)
 *(.rel.ctors)
 *(.rel.dtors)
 *(.rel.got)
 .rel.got       0x0000000000011718       0x28 /usr/lib/gcc/i686-linux-gnu/5/../../../i386-linux-gnu/crti.o
 *(.rel.bss .rel.bss.* .rel.gnu.linkonce.b.*)
 *(.rel.ifunc)
 .rel.ifunc     0x0000000000011740        0x0 /usr/lib/gcc/i686-linux-gnu/5/../../../i386-linux-gnu/crti.o
 .rel.fini_array
                0x0000000000011740        0x8 /usr/lib/gcc/i686-linux-gnu/5/../../../i386-linux-gnu/crti.o
 .rel.init_array
                0x0000000000011748        0x8 /usr/lib/gcc/i686-linux-gnu/5/../../../i386-linux-gnu/crti.o

.rel.plt        0x0000000000011750        0x0
 *(.rel.plt)
 .rel.plt       0x0000000000011750        0x0 /usr/lib/gcc/i686-linux-gnu/5/../../../i386-linux-gnu/crti.o
 *(.rel.iplt)

.init           0x0000000000011750       0x23
 *(SORT(.init))
 .init          0x0000000000011750       0x1e /usr/lib/gcc/i686-linux-gnu/5/../../../i386-linux-gnu/crti.o
                0x0000000000011750                _init
 .init          0x000000000001176e        0x5 /usr/lib/gcc/i686-linux-gnu/5/../../../i386-linux-gnu/crtn.o

.plt            0x0000000000011780       0x10
 *(.plt)
 .plt           0x0000000000011780       0x10 /usr/lib/gcc/i686-linux-gnu/5/../../../i386-linux-gnu/crti.o
 *(.iplt)

.plt.got        0x0000000000011790       0x10
 *(.plt.got)
 .plt.got       0x0000000000011790       0x10 /usr/lib/gcc/i686-linux-gnu/5/../../../i386-linux-gnu/crti.o

.text           0x00000000000117a0    0x18aa2
 *(.text.unlikely .text.*_unlikely .text.unlikely.*)
 .text.unlikely
                0x00000000000117a0        0x0 /usr/lib/gcc/i686-linux-gnu/5/crtbeginS.o
 .text.unlikely
                0x00000000000117a0        0x0 /usr/lib/gcc/i686-linux-gnu/5/libgcc.a(_udivdi3.o)
 *(.text.exit .text.exit.*)
 *(.text.startup .text.startup.*)
 *(.text.hot .text.hot.*)
 *(.text .stub .text.* .gnu.linkonce.t.*)
 .text          0x00000000000117a0        0x0 /usr/lib/gcc/i686-linux-gnu/5/../../../i386-linux-gnu/crti.o
 .gnu.linkonce.t.__x86.get_pc_thunk.bx
                0x00000000000117a0        0x4 /usr/lib/gcc/i686-linux-gnu/5/../../../i386-linux-gnu/crti.o
                0x00000000000117a0                __x86.get_pc_thunk.bx
 *fill*         0x00000000000117a4        0xc 
 .text          0x00000000000117b0      0x11c /usr/lib/gcc/i686-linux-gnu/5/crtbeginS.o
 .text.__x86.get_pc_thunk.dx
                0x00000000000118cc        0x4 /usr/lib/gcc/i686-linux-gnu/5/crtbeginS.o
                0x00000000000118cc                __x86.get_pc_thunk.dx
 .text          0x00000000000118d0      0x416 air.o
                0x00000000000118d0                client_chunk_handler
 .text          0x0000000000011ce6      0x283 build/cooja/mtype727.o
                0x0000000000011d78                platform_init_stage_one
                0x0000000000011d8b                platform_init_stage_two
                0x0000000000011d9e                platform_init_stage_three
                0x0000000000011db1                platform_main_loop
                0x0000000000011e24                Java_org_contikios_cooja_corecomm_Lib2_init
                0x0000000000011e5b                Java_org_contikios_cooja_corecomm_Lib2_getMemory
                0x0000000000011e8e                Java_org_contikios_cooja_corecomm_Lib2_setMemory
                0x0000000000011eee                Java_org_contikios_cooja_corecomm_Lib2_tick
                0x0000000000011f56                Java_org_contikios_cooja_corecomm_Lib2_setReferenceAddress
 .text          0x0000000000011f69       0x65 build/cooja/mtype727.a(simEnvChange.o)
                0x0000000000011f69                doActionsBeforeTick
                0x0000000000011f9b                doActionsAfterTick
 .text          0x0000000000011fce       0x83 build/cooja/mtype727.a(cooja_mt.o)
                0x0000000000011fce                cooja_mt_start
                0x0000000000011ff8                cooja_mt_exec
                0x000000000001202e                cooja_mt_yield
 .text          0x0000000000012051       0xbe build/cooja/mtype727.a(cooja_mtarch.o)
                0x0000000000012051                cooja_mtarch_start
                0x00000000000120c4                cooja_sw
                0x00000000000120e7                cooja_mtarch_exec
                0x0000000000012104                cooja_mtarch_yield
 .text          0x000000000001210f       0xc5 build/cooja/mtype727.a(rtimer-arch.o)
                0x000000000001210f                rtimer_arch_init
                0x0000000000012133                rtimer_arch_schedule
                0x0000000000012163                rtimer_arch_next
                0x0000000000012173                rtimer_arch_pending
                0x000000000001217d                rtimer_arch_check
                0x00000000000121c4                rtimer_arch_now
 .text          0x00000000000121d4       0x81 build/cooja/mtype727.a(beep.o)
                0x00000000000121d4                beep_alarm
                0x00000000000121e1                beep_beep
                0x00000000000121ee                beep
                0x00000000000121fb                beep_down
                0x0000000000012208                beep_on
                0x0000000000012215                beep_off
                0x0000000000012222                beep_spinup
                0x000000000001222f                beep_quick
                0x000000000001223c                beep_long
 .text          0x0000000000012255       0x65 build/cooja/mtype727.a(leds-arch.o)
                0x0000000000012268                leds_arch_init
 .text          0x00000000000122ba       0x35 build/cooja/mtype727.a(moteid.o)
 .text          0x00000000000122ef       0xb7 build/cooja/mtype727.a(pir-sensor.o)
 .text          0x00000000000123a6      0x148 build/cooja/mtype727.a(rs232.o)
                0x00000000000123a6                rs232_init
                0x00000000000123ac                rs232_set_speed
                0x00000000000123bb                rs232_set_input
                0x00000000000123c9                rs232_send
                0x00000000000123ed                rs232_print
                0x0000000000012409                slip_arch_writeb
 .text          0x00000000000124ee       0xb7 build/cooja/mtype727.a(vib-sensor.o)
 .text          0x00000000000125a5       0x38 build/cooja/mtype727.a(clock.o)
                0x00000000000125a5                clock_init
                0x00000000000125ab                clock_time
                0x00000000000125b5                clock_seconds
                0x00000000000125cb                clock_delay
 .text          0x00000000000125dd      0x219 build/cooja/mtype727.a(cooja-log.o)
                0x00000000000125dd                simlog_char
                0x0000000000012620                simlog
                0x0000000000012696                log_message
                0x00000000000126c7                log_set_putchar_with_slip
                0x00000000000126d5                log_putchar
                0x0000000000012750                log_puts
                0x0000000000012778                log_printf
 .text          0x00000000000127f6      0x2b9 build/cooja/mtype727.a(cfs-cooja.o)
                0x00000000000127f6                cfs_open
                0x000000000001285f                cfs_close
                0x000000000001286c                cfs_read
                0x0000000000012901                cfs_write
                0x00000000000129dd                cfs_seek
                0x0000000000012a65                cfs_remove
                0x0000000000012a89                cfs_opendir
                0x0000000000012a93                cfs_readdir
                0x0000000000012a9d                cfs_closedir
 .text          0x0000000000012aaf      0x620 build/cooja/mtype727.a(cooja-radio.o)
                0x0000000000012af1                radio_set_channel
                0x0000000000012aff                radio_set_txpower
                0x0000000000012b17                radio_signal_strength_last
                0x0000000000012b21                radio_signal_strength_current
                0x0000000000012b2b                radio_LQI
 .text          0x00000000000130cf       0xee build/cooja/mtype727.a(eeprom.o)
                0x00000000000130cf                eeprom_init
                0x00000000000130d5                eeprom_read
                0x0000000000013143                eeprom_write
 .text          0x00000000000131bd       0x2d build/cooja/mtype727.a(random.o)
                0x00000000000131bd                random_init
                0x00000000000131dd                random_rand
 .text          0x00000000000131ea      0x29c build/cooja/mtype727.a(sensors.o)
                0x0000000000013225                sensors_first
                0x000000000001322f                sensors_next
                0x0000000000013249                sensors_changed
                0x000000000001327d                sensors_find
 .text          0x0000000000013486      0x349 build/cooja/mtype727.a(leds.o)
                0x0000000000013486                leds_init
                0x00000000000134cd                leds_single_on
                0x000000000001352c                leds_single_off
                0x000000000001358b                leds_single_toggle
                0x00000000000135bd                leds_on
                0x000000000001363f                leds_off
                0x00000000000136c1                leds_toggle
                0x0000000000013716                leds_set
                0x0000000000013742                leds_get
 .text          0x00000000000137cf      0x343 build/cooja/mtype727.a(gpio-hal-arch.o)
                0x00000000000137cf                gpio_hal_arch_register_pin_callback
                0x000000000001383b                gpio_hal_arch_init
                0x0000000000013880                gpio_hal_arch_no_port_interrupt_enable
                0x00000000000138b0                gpio_hal_arch_no_port_interrupt_disable
                0x00000000000138e0                gpio_hal_arch_no_port_pin_cfg_set
                0x0000000000013905                gpio_hal_arch_no_port_pin_cfg_get
                0x000000000001392b                gpio_hal_arch_no_port_pin_set_input
                0x000000000001393d                gpio_hal_arch_no_port_pin_set_output
                0x000000000001394f                gpio_hal_arch_no_port_set_pin
                0x0000000000013970                gpio_hal_arch_no_port_clear_pin
                0x0000000000013991                gpio_hal_arch_no_port_read_pin
                0x00000000000139b7                gpio_hal_arch_no_port_write_pin
                0x00000000000139e1                gpio_hal_arch_no_port_set_pins
                0x0000000000013a28                gpio_hal_arch_no_port_clear_pins
                0x0000000000013a6f                gpio_hal_arch_no_port_read_pins
                0x0000000000013ab2                gpio_hal_arch_no_port_write_pins
 .text          0x0000000000013b12       0x89 build/cooja/mtype727.a(buttons.o)
 .text          0x0000000000013b9b      0x1a9 build/cooja/mtype727.a(res_presence.o)
 .text          0x0000000000013d44      0x2e7 build/cooja/mtype727.a(res_air.o)
 .text          0x000000000001402b      0x13b build/cooja/mtype727.a(res_quality.o)
 .text          0x0000000000014166      0x27b build/cooja/mtype727.a(coap-blocking-a)
                0x0000000000014166                coap_blocking_request_callback
                0x0000000000014190                coap_blocking_request
 .text          0x00000000000143e1      0xbea build/cooja/mtype727.a(coap-engine.o)
                0x0000000000014476                coap_add_handler
                0x0000000000014493                coap_remove_handler
                0x00000000000144b0                coap_call_handlers
                0x00000000000145b8                coap_receive
                0x0000000000014bb3                coap_engine_init
                0x0000000000014c11                coap_activate_resource
                0x0000000000014cbc                coap_get_first_resource
                0x0000000000014cd5                coap_get_next_resource
 .text          0x0000000000014fcb      0x2d9 build/cooja/mtype727.a(coap-res-well-k)
 .text          0x00000000000152a4      0x96a build/cooja/mtype727.a(coap-observe.o)
                0x00000000000153b9                coap_remove_observer
                0x00000000000153e9                coap_remove_observer_by_client
                0x0000000000015451                coap_remove_observer_by_token
                0x00000000000154e4                coap_remove_observer_by_uri
                0x000000000001558b                coap_remove_observer_by_mid
                0x0000000000015607                coap_notify_observers
                0x0000000000015620                coap_notify_observers_sub
                0x0000000000015a8a                coap_observe_handler
                0x0000000000015ba5                coap_has_observers
 .text          0x0000000000015c0e      0x733 build/cooja/mtype727.a(coap-uip.o)
                0x0000000000015c0e                coap_endpoint_log
                0x0000000000015c94                coap_endpoint_print
                0x0000000000015d1a                coap_endpoint_snprint
                0x0000000000015e4d                coap_endpoint_copy
                0x0000000000015e8a                coap_endpoint_cmp
                0x0000000000015f98                coap_endpoint_parse
                0x0000000000016183                coap_endpoint_is_secure
                0x0000000000016192                coap_endpoint_is_connected
                0x00000000000161c6                coap_endpoint_connect
                0x00000000000161e2                coap_endpoint_disconnect
                0x00000000000161e8                coap_databuf
                0x00000000000161f2                coap_transport_init
                0x0000000000016242                coap_sendto
 .text          0x0000000000016341      0x324 build/cooja/mtype727.a(coap-timer.o)
                0x000000000001643e                coap_timer_stop
                0x0000000000016469                coap_timer_set
                0x00000000000164ac                coap_timer_reset
                0x00000000000164ef                coap_timer_time_to_next_expiration
                0x000000000001655b                coap_timer_run
                0x0000000000016627                coap_timer_init
 .text          0x0000000000016665      0x2c6 build/cooja/mtype727.a(coap-transactio)
                0x00000000000166cb                coap_new_transaction
                0x0000000000016731                coap_send_transaction
                0x0000000000016892                coap_clear_transaction
                0x00000000000168da                coap_get_transaction_by_mid
 .text          0x000000000001692b     0x1c53 build/cooja/mtype727.a(coap.o)
                0x0000000000016e98                coap_init_connection
                0x0000000000016eac                coap_get_mid
                0x0000000000016ec8                coap_init_message
                0x0000000000016f11                coap_serialize_message
                0x0000000000017593                coap_parse_message
                0x0000000000017bfa                coap_get_query_variable
                0x0000000000017c3c                coap_get_post_variable
                0x0000000000017c80                coap_set_status_code
                0x0000000000017ca5                coap_set_token
                0x0000000000017cec                coap_get_header_content_format
                0x0000000000017d1d                coap_set_header_content_format
                0x0000000000017d40                coap_get_header_accept
                0x0000000000017d71                coap_set_header_accept
                0x0000000000017d94                coap_get_header_max_age
                0x0000000000017dc5                coap_set_header_max_age
                0x0000000000017de5                coap_get_header_etag
                0x0000000000017e17                coap_set_header_etag
                0x0000000000017e6e                coap_get_header_if_match
                0x0000000000017ea0                coap_set_header_if_match
                0x0000000000017ef7                coap_get_header_if_none_match
                0x0000000000017f11                coap_set_header_if_none_match
                0x0000000000017f28                coap_get_header_proxy_uri
                0x0000000000017f56                coap_set_header_proxy_uri
                0x0000000000017f93                coap_get_header_uri_host
                0x0000000000017fc1                coap_set_header_uri_host
                0x0000000000017ffe                coap_get_header_uri_path
                0x000000000001802c                coap_set_header_uri_path
                0x0000000000018079                coap_get_header_uri_query
                0x00000000000180ad                coap_set_header_uri_query
                0x0000000000018103                coap_get_header_location_path
                0x0000000000018131                coap_set_header_location_path
                0x00000000000181ca                coap_get_header_location_query
                0x00000000000181f8                coap_set_header_location_query
                0x0000000000018245                coap_get_header_observe
                0x0000000000018274                coap_set_header_observe
                0x0000000000018294                coap_get_header_block2
                0x0000000000018300                coap_set_header_block2
                0x0000000000018377                coap_get_header_block1
                0x00000000000183ec                coap_set_header_block1
                0x0000000000018467                coap_get_header_size2
                0x0000000000018497                coap_set_header_size2
                0x00000000000184ba                coap_get_header_size1
                0x00000000000184ea                coap_set_header_size1
                0x000000000001850d                coap_get_payload
                0x0000000000018547                coap_set_payload
 .text          0x000000000001857e      0x332 build/cooja/mtype727.a(contiki-main.o)
                0x000000000001857e                main
 .text          0x00000000000188b0       0x92 build/cooja/mtype727.a(autostart.o)
                0x00000000000188b0                autostart_start
                0x00000000000188fa                autostart_exit
 .text          0x0000000000018942      0x355 build/cooja/mtype727.a(ctimer.o)
                0x0000000000018a6a                ctimer_init
                0x0000000000018a9d                ctimer_set
                0x0000000000018ac3                ctimer_set_with_process
                0x0000000000018b40                ctimer_reset
                0x0000000000018b94                ctimer_restart
                0x0000000000018be8                ctimer_stop
                0x0000000000018c38                ctimer_expired
 .text          0x0000000000018c97      0x394 build/cooja/mtype727.a(log.o)
                0x0000000000018c97                log_6addr
                0x0000000000018cea                log_6addr_compact_snprint
                0x0000000000018d88                log_6addr_compact
                0x0000000000018ddb                log_lladdr
                0x0000000000018e4d                log_lladdr_compact
                0x0000000000018eb5                log_set_level
                0x0000000000018f70                log_get_level
                0x0000000000018fe9                log_level_to_str
 .text          0x000000000001902b       0x1b build/cooja/mtype727.a(energest.o)
                0x000000000001902b                energest_init
                0x0000000000019031                energest_flush
                0x0000000000019037                energest_get_total_time
 .text          0x0000000000019046      0x43f build/cooja/mtype727.a(etimer.o)
                0x000000000001926a                etimer_request_poll
                0x00000000000192f3                etimer_set
                0x000000000001931c                etimer_reset_with_new_interval
                0x000000000001934b                etimer_reset
                0x0000000000019371                etimer_restart
                0x0000000000019397                etimer_adjust
                0x00000000000193b4                etimer_expired
                0x00000000000193c7                etimer_expiration_time
                0x00000000000193d9                etimer_start_time
                0x00000000000193e3                etimer_pending
                0x00000000000193f5                etimer_next_expiration_time
                0x000000000001940f                etimer_stop
 .text          0x0000000000019485       0x25 build/cooja/mtype727.a(node-id.o)
                0x0000000000019485                node_id_init
 .text          0x00000000000194aa       0xeb build/cooja/mtype727.a(rtimer.o)
                0x00000000000194aa                rtimer_init
                0x00000000000194b8                rtimer_set
                0x0000000000019533                rtimer_run_next
 .text          0x0000000000019595      0x4fb build/cooja/mtype727.a(process.o)
                0x0000000000019595                process_alloc_event
                0x00000000000195aa                process_start
                0x0000000000019784                process_exit
                0x00000000000197a1                process_init
                0x0000000000019936                process_run
                0x0000000000019969                process_nevents
                0x0000000000019984                process_post
                0x0000000000019a17                process_post_synch
                0x0000000000019a4c                process_poll
                0x0000000000019a7c                process_is_running
 .text          0x0000000000019a90       0xb1 build/cooja/mtype727.a(timer.o)
                0x0000000000019a90                timer_set
                0x0000000000019aae                timer_reset
                0x0000000000019adb                timer_restart
                0x0000000000019af0                timer_expired
                0x0000000000019b1d                timer_remaining
 .text          0x0000000000019b41      0x28f build/cooja/mtype727.a(list.o)
                0x0000000000019b41                list_init
                0x0000000000019b50                list_head
                0x0000000000019b5a                list_copy
                0x0000000000019b6a                list_tail
                0x0000000000019ba0                list_add
                0x0000000000019bec                list_push
                0x0000000000019c18                list_chop
                0x0000000000019c82                list_pop
                0x0000000000019caa                list_remove
                0x0000000000019d12                list_length
                0x0000000000019d40                list_insert
                0x0000000000019d85                list_item_next
                0x0000000000019d9c                list_contains
 .text          0x0000000000019dd0      0x1b5 build/cooja/mtype727.a(memb.o)
                0x0000000000019dd0                memb_init
                0x0000000000019e25                memb_alloc
                0x0000000000019e88                memb_free
                0x0000000000019eff                memb_inmemb
                0x0000000000019f3e                memb_numfree
 .text          0x0000000000019f85      0x41c build/cooja/mtype727.a(button-hal.o)
                0x000000000001a0fe                button_hal_get_by_id
                0x000000000001a13c                button_hal_get_by_index
                0x000000000001a168                button_hal_get_state
                0x000000000001a1ba                button_hal_init
 .text          0x000000000001a3a1      0x1f3 build/cooja/mtype727.a(serial-line.o)
                0x000000000001a3a1                serial_line_input_byte
                0x000000000001a55f                serial_line_init
 .text          0x000000000001a594      0x168 build/cooja/mtype727.a(gpio-hal.o)
                0x000000000001a594                gpio_hal_register_handler
                0x000000000001a5b1                gpio_hal_event_handler
                0x000000000001a60d                gpio_hal_init
                0x000000000001a62c                gpio_hal_arch_port_toggle_pin
                0x000000000001a668                gpio_hal_arch_port_toggle_pins
                0x000000000001a696                gpio_hal_arch_no_port_toggle_pin
                0x000000000001a6d4                gpio_hal_arch_no_port_toggle_pins
 .text          0x000000000001a6fc      0x2e7 build/cooja/mtype727.a(queuebuf.o)
                0x000000000001a706                queuebuf_init
                0x000000000001a72f                queuebuf_numfree
                0x000000000001a747                queuebuf_new_from_packetbuf
                0x000000000001a7e6                queuebuf_update_attr_from_packetbuf
                0x000000000001a81b                queuebuf_update_from_packetbuf
                0x000000000001a86b                queuebuf_free
                0x000000000001a8b4                queuebuf_to_packetbuf
                0x000000000001a920                queuebuf_dataptr
                0x000000000001a95a                queuebuf_datalen
                0x000000000001a97d                queuebuf_addr
                0x000000000001a9b2                queuebuf_attr
                0x000000000001a9dd                queuebuf_debug_print
 .text          0x000000000001a9e3      0x407 build/cooja/mtype727.a(packetbuf.o)
                0x000000000001a9e3                packetbuf_clear
                0x000000000001aa0e                packetbuf_copyfrom
                0x000000000001aa5d                packetbuf_copyto
                0x000000000001aaf0                packetbuf_hdralloc
                0x000000000001ab6c                packetbuf_hdrreduce
                0x000000000001abb2                packetbuf_set_datalen
                0x000000000001abcc                packetbuf_dataptr
                0x000000000001abe9                packetbuf_hdrptr
                0x000000000001abf3                packetbuf_datalen
                0x000000000001abff                packetbuf_hdrlen
                0x000000000001ac16                packetbuf_totlen
                0x000000000001ac2c                packetbuf_remaininglen
                0x000000000001ac3f                packetbuf_attr_clear
                0x000000000001ac8b                packetbuf_attr_copyto
                0x000000000001ace3                packetbuf_attr_copyfrom
                0x000000000001ad3b                packetbuf_set_attr
                0x000000000001ad65                packetbuf_attr
                0x000000000001ad7f                packetbuf_set_addr
                0x000000000001adb0                packetbuf_addr
                0x000000000001adcd                packetbuf_holds_broadcast
 .text          0x000000000001adea       0xef build/cooja/mtype727.a(netstack.o)
                0x000000000001adea                netstack_process_ip_callback
                0x000000000001ae7b                netstack_ip_packet_processor_add
                0x000000000001ae9e                uip_ds6_ip_packet_processor_rm
                0x000000000001aebb                netstack_init
 .text          0x000000000001aed9       0x4f build/cooja/mtype727.a(linkaddr.o)
                0x000000000001aed9                linkaddr_copy
                0x000000000001aeef                linkaddr_cmp
                0x000000000001af12                linkaddr_set_node_addr
 .text          0x000000000001af28      0x1f6 build/cooja/mtype727.a(csma.o)
 .text          0x000000000001b11e      0x95d build/cooja/mtype727.a(csma-output.o)
                0x000000000001b7b5                csma_output_packet
                0x000000000001ba42                csma_output_init
 .text          0x000000000001ba7b      0xc11 build/cooja/mtype727.a(uip-ds6.o)
                0x000000000001ba7b                uip_ds6_default_prefix
                0x000000000001ba85                uip_ds6_set_default_prefix
                0x000000000001bab0                uip_ds6_init
                0x000000000001bd12                uip_ds6_periodic
                0x000000000001bd99                uip_ds6_list_loop
                0x000000000001be59                uip_ds6_prefix_add
                0x000000000001bf05                uip_ds6_prefix_rm
                0x000000000001bf18                uip_ds6_prefix_lookup
                0x000000000001bf57                uip_ds6_is_addr_onlink
                0x000000000001bfca                uip_ds6_addr_add
                0x000000000001c0ea                uip_ds6_addr_rm
                0x000000000001c193                uip_ds6_addr_lookup
                0x000000000001c1cc                uip_ds6_get_link_local
                0x000000000001c24d                uip_ds6_get_global
                0x000000000001c2ce                uip_ds6_maddr_add
                0x000000000001c32e                uip_ds6_maddr_rm
                0x000000000001c341                uip_ds6_maddr_lookup
                0x000000000001c37a                uip_ds6_aaddr_add
                0x000000000001c3da                uip_ds6_aaddr_rm
                0x000000000001c3ed                uip_ds6_aaddr_lookup
                0x000000000001c426                uip_ds6_select_src
                0x000000000001c56f                uip_ds6_set_addr_iid
                0x000000000001c59a                uip_ds6_set_lladdr_from_iid
                0x000000000001c5c3                get_match_length
                0x000000000001c654                uip_ds6_compute_reachable_time
 .text          0x000000000001c68c      0x128 build/cooja/mtype727.a(uip-udp-packet.)
                0x000000000001c68c                uip_udp_packet_send
                0x000000000001c6e7                uip_udp_packet_sendto
 .text          0x000000000001c7b4      0x35b build/cooja/mtype727.a(uip-ds6-route.o)
                0x000000000001c805                uip_ds6_route_init
                0x000000000001c82f                uip_ds6_route_nexthop
                0x000000000001c839                uip_ds6_route_head
                0x000000000001c843                uip_ds6_route_next
                0x000000000001c84d                uip_ds6_route_is_nexthop
                0x000000000001c857                uip_ds6_route_num_routes
                0x000000000001c861                uip_ds6_route_lookup
                0x000000000001c86b                uip_ds6_route_add
                0x000000000001c87e                uip_ds6_route_rm
                0x000000000001c884                uip_ds6_route_rm_by_nexthop
                0x000000000001c88a                uip_ds6_defrt_head
                0x000000000001c8a3                uip_ds6_defrt_add
                0x000000000001c951                uip_ds6_defrt_rm
                0x000000000001c9b7                uip_ds6_defrt_lookup
                0x000000000001ca1e                uip_ds6_defrt_choose
                0x000000000001ca94                uip_ds6_defrt_periodic
 .text          0x000000000001cb0f      0x6f7 build/cooja/mtype727.a(tcpip.o)
                0x000000000001cb29                tcpip_output
                0x000000000001cba8                udp_attach
                0x000000000001cbc0                udp_new
                0x000000000001cc0a                udp_broadcast_new
                0x000000000001cd7c                tcpip_input
                0x000000000001cf0c                tcpip_ipv6_output
                0x000000000001d100                tcpip_poll_udp
                0x000000000001d11e                tcpip_uipcall
 .text          0x000000000001d206     0x1205 build/cooja/mtype727.a(uip6.o)
                0x000000000001d2b5                uip_chksum
                0x000000000001d38c                uip_icmp6chksum
                0x000000000001d3a1                uip_udpchksum
                0x000000000001d3b6                uip_init
                0x000000000001d3ff                uip_remove_ext_hdr
                0x000000000001d4d9                uip_udp_new
                0x000000000001d7ed                uip_process
                0x000000000001e2e5                uip_htons
                0x000000000001e307                uip_htonl
                0x000000000001e345                uip_send
 .text          0x000000000001e40b      0x369 build/cooja/mtype727.a(uip-ds6-nbr.o)
                0x000000000001e40b                uip_ds6_neighbors_init
                0x000000000001e42f                uip_ds6_nbr_add
                0x000000000001e4b5                uip_ds6_nbr_rm
                0x000000000001e500                uip_ds6_nbr_update_ll
                0x000000000001e5ee                uip_ds6_nbr_get_ipaddr
                0x000000000001e603                uip_ds6_nbr_get_ll
                0x000000000001e61f                uip_ds6_nbr_num
                0x000000000001e668                uip_ds6_nbr_head
                0x000000000001e681                uip_ds6_nbr_next
                0x000000000001e69d                uip_ds6_nbr_lookup
                0x000000000001e6f5                uip_ds6_nbr_ll_lookup
                0x000000000001e711                uip_ds6_nbr_ipaddr_from_lladdr
                0x000000000001e73a                uip_ds6_nbr_lladdr_from_ipaddr
                0x000000000001e76e                uip_ds6_link_callback
 .text          0x000000000001e774      0x6a7 build/cooja/mtype727.a(uip-nd6.o)
                0x000000000001ee02                uip_nd6_init
 .text          0x000000000001ee1b     0x2c17 build/cooja/mtype727.a(sicslowpan.o)
                0x000000000001f422                netstack_sniffer_add
                0x000000000001f430                netstack_sniffer_remove
                0x0000000000021a06                sicslowpan_init
                0x0000000000021a28                sicslowpan_get_last_rssi
 .text          0x0000000000021a32      0x4d1 build/cooja/mtype727.a(uiplib.o)
                0x0000000000021a32                uiplib_ip6addrconv
                0x0000000000021bea                uiplib_ip4addrconv
                0x0000000000021cad                uiplib_ipaddr_print
                0x0000000000021d00                uiplib_ipaddr_snprint
 .text          0x0000000000021f03      0x4c9 build/cooja/mtype727.a(rpl.o)
                0x0000000000021f03                rpl_lollipop_greater_than
                0x0000000000021f5d                rpl_get_global_address
                0x0000000000022055                rpl_link_callback
                0x0000000000022099                rpl_has_joined
                0x00000000000220be                rpl_is_reachable
                0x000000000002213f                rpl_reset_prefix
                0x00000000000221a9                rpl_set_prefix_from_addr
                0x000000000002228e                rpl_set_prefix
                0x00000000000223a8                rpl_set_leaf_only
                0x00000000000223c0                rpl_get_leaf_only
 .text          0x00000000000223cc     0x138c build/cooja/mtype727.a(rpl-icmp6.o)
                0x00000000000224f1                rpl_icmp6_update_nbr_table
                0x000000000002257a                rpl_icmp6_dis_output
                0x0000000000022bc0                rpl_icmp6_dio_output
                0x00000000000233be                rpl_icmp6_dao_output
                0x000000000002369f                rpl_icmp6_dao_ack_output
                0x000000000002370f                rpl_icmp6_init
 .text          0x0000000000023758      0x264 build/cooja/mtype727.a(rpl-dag-root.o)
                0x0000000000023758                rpl_dag_root_print_links
                0x0000000000023884                rpl_dag_root_set_prefix
                0x00000000000238b0                rpl_dag_root_start
                0x000000000002398d                rpl_dag_root_is_root
 .text          0x00000000000239bc       0x30 build/cooja/mtype727.a(watchdog.o)
                0x00000000000239bc                watchdog_init
                0x00000000000239c2                watchdog_start
                0x00000000000239c8                watchdog_periodic
                0x00000000000239e0                watchdog_stop
                0x00000000000239e6                watchdog_reboot
 .text          0x00000000000239ec       0x4a build/cooja/mtype727.a(int-master.o)
                0x00000000000239ec                int_master_enable
                0x00000000000239fc                int_master_read_and_disable
                0x0000000000023a19                int_master_status_set
                0x0000000000023a27                int_master_is_enabled
 .text          0x0000000000023a36      0x226 build/cooja/mtype727.a(coap-timer-defa)
 .text          0x0000000000023c5c       0xc7 build/cooja/mtype727.a(stimer.o)
                0x0000000000023c5c                stimer_set
                0x0000000000023c7a                stimer_reset
                0x0000000000023ca7                stimer_restart
                0x0000000000023cbc                stimer_expired
                0x0000000000023ce7                stimer_remaining
                0x0000000000023d0b                stimer_elapsed
 .text          0x0000000000023d23      0x156 build/cooja/mtype727.a(ringbuf.o)
                0x0000000000023d23                ringbuf_init
                0x0000000000023d55                ringbuf_put
                0x0000000000023dd3                ringbuf_get
                0x0000000000023e40                ringbuf_size
                0x0000000000023e52                ringbuf_elements
 .text          0x0000000000023e79       0x1f build/cooja/mtype727.a(assert.o)
                0x0000000000023e79                _xassert
 .text          0x0000000000023e98      0x79b build/cooja/mtype727.a(nbr-table.o)
                0x0000000000024311                nbr_table_register
                0x000000000002437e                nbr_table_is_registered
                0x00000000000243b9                nbr_table_head
                0x0000000000024414                nbr_table_next
                0x0000000000024475                nbr_table_add_lladdr
                0x000000000002454f                nbr_table_get_from_lladdr
                0x000000000002459b                nbr_table_remove
                0x00000000000245d3                nbr_table_lock
                0x00000000000245ed                nbr_table_unlock
                0x0000000000024607                nbr_table_get_lladdr
 .text          0x0000000000024633      0x3a5 build/cooja/mtype727.a(link-stats.o)
                0x0000000000024633                link_stats_from_lladdr
                0x000000000002464f                link_stats_get_lladdr
                0x000000000002466b                link_stats_is_fresh
                0x00000000000246a7                guess_etx_from_rssi
                0x0000000000024723                link_stats_packet_sent
                0x0000000000024843                link_stats_input_callback
                0x0000000000024953                link_stats_reset
                0x00000000000249a3                link_stats_init
 .text          0x00000000000249d8      0x187 build/cooja/mtype727.a(mac-sequence.o)
                0x00000000000249d8                mac_sequence_is_duplicate
                0x0000000000024a78                mac_sequence_register_seqno
 .text          0x0000000000024b5f       0x23 build/cooja/mtype727.a(mac.o)
                0x0000000000024b5f                mac_call_sent_callback
 .text          0x0000000000024b82      0x432 build/cooja/mtype727.a(framer-802154.o)
                0x0000000000024d11                framer_802154_setup_params
 .text          0x0000000000024fb4      0xb6f build/cooja/mtype727.a(frame802154.o)
                0x0000000000024fe5                frame802154_get_pan_id
                0x0000000000024ff1                frame802154_set_pan_id
                0x000000000002500b                frame802154_has_panid
                0x00000000000251ba                frame802154_check_dest_panid
                0x0000000000025242                frame802154_is_broadcast_addr
                0x000000000002528f                frame802154_extract_linkaddr
                0x00000000000254f4                frame802154_hdrlen
                0x0000000000025567                frame802154_create_fcf
                0x000000000002561f                frame802154_create
                0x0000000000025794                frame802154_parse_fcf
                0x0000000000025876                frame802154_parse
 .text          0x0000000000025b23       0x2d build/cooja/mtype727.a(csma-security.o)
                0x0000000000025b23                csma_security_create_frame
                0x0000000000025b41                csma_security_parse_frame
 .text          0x0000000000025b50      0x4e4 build/cooja/mtype727.a(uipbuf.o)
                0x0000000000025b50                uipbuf_clear
                0x0000000000025b77                uipbuf_add_ext_hdr
                0x0000000000025bf7                uipbuf_set_len
                0x0000000000025c24                uipbuf_set_len_field
                0x0000000000025c50                uipbuf_get_len_field
                0x0000000000025c70                uipbuf_get_next_header
                0x0000000000025da2                uipbuf_get_last_header
                0x0000000000025e1b                uipbuf_search_header
                0x0000000000025ed1                uipbuf_get_attr
                0x0000000000025ef8                uipbuf_set_attr
                0x0000000000025f2f                uipbuf_set_default_attr
                0x0000000000025f66                uipbuf_clear_attr
                0x0000000000025f8a                uipbuf_set_attr_flag
                0x0000000000025fab                uipbuf_clr_attr_flag
                0x0000000000025fd2                uipbuf_is_attr_flag
                0x0000000000025ff6                uipbuf_init
 .text          0x0000000000026034      0x73f build/cooja/mtype727.a(uip-icmp6.o)
                0x00000000000260a9                uip_icmp6_input
                0x0000000000026100                uip_icmp6_register_input_handler
                0x0000000000026253                uip_icmp6_error_output
                0x0000000000026504                uip_icmp6_send
                0x00000000000266fb                uip_icmp6_echo_reply_callback_add
                0x000000000002672d                uip_icmp6_echo_reply_callback_rm
                0x000000000002674a                uip_icmp6_init
 .text          0x0000000000026773      0x69b build/cooja/mtype727.a(uip-sr.o)
                0x0000000000026773                uip_sr_num_nodes
                0x0000000000026801                uip_sr_get_node
                0x0000000000026858                uip_sr_is_addr_reachable
                0x0000000000026906                uip_sr_expire_parent
                0x000000000002694f                uip_sr_update_node
                0x0000000000026a7f                uip_sr_init
                0x0000000000026ab3                uip_sr_node_head
                0x0000000000026acc                uip_sr_node_next
                0x0000000000026ae2                uip_sr_periodic
                0x0000000000026be8                uip_sr_free_all
                0x0000000000026c58                uip_sr_link_snprint
 .text          0x0000000000026e0e      0x146 build/cooja/mtype727.a(uip-packetqueue)
                0x0000000000026e3c                uip_packetqueue_new
                0x0000000000026e4b                uip_packetqueue_alloc
                0x0000000000026ea6                uip_packetqueue_free
                0x0000000000026eed                uip_packetqueue_buf
                0x0000000000026f0a                uip_packetqueue_buflen
                0x0000000000026f2b                uip_packetqueue_set_buflen
 .text          0x0000000000026f54      0x1b0 build/cooja/mtype727.a(rpl-nbr-policy.)
                0x00000000000270c1                rpl_nbr_policy_find_removable
 .text          0x0000000000027104      0x915 build/cooja/mtype727.a(rpl-neighbor.o)
                0x0000000000027180                rpl_neighbor_snprint
                0x0000000000027433                rpl_neighbor_print_list
                0x00000000000274e8                rpl_neighbor_count
                0x000000000002758f                rpl_neighbor_get_from_lladdr
                0x00000000000275ab                rpl_neighbor_is_acceptable_parent
                0x00000000000275df                rpl_neighbor_get_link_metric
                0x0000000000027613                rpl_neighbor_rank_via_nbr
                0x0000000000027647                rpl_neighbor_get_lladdr
                0x0000000000027663                rpl_neighbor_get_ipaddr
                0x000000000002768a                rpl_neighbor_get_link_stats
                0x00000000000276b1                rpl_neighbor_is_fresh
                0x00000000000276d8                rpl_neighbor_is_reachable
                0x0000000000027723                rpl_neighbor_is_parent
                0x000000000002774d                rpl_neighbor_set_preferred_parent
                0x00000000000277e4                rpl_neighbor_remove_all
                0x0000000000027840                rpl_neighbor_get_from_ipaddr
                0x000000000002794e                rpl_neighbor_select_best
                0x00000000000279fa                rpl_neighbor_init
 .text          0x0000000000027a19      0xe69 build/cooja/mtype727.a(rpl-dag.o)
                0x0000000000027a19                rpl_dag_state_to_str
                0x0000000000027a58                rpl_dag_get_root_ipaddr
                0x0000000000027aa0                rpl_dag_leave
                0x0000000000027b29                rpl_dag_poison_and_leave
                0x0000000000027b41                rpl_dag_periodic
                0x0000000000027bc9                rpl_is_addr_in_our_dag
                0x0000000000027c0d                rpl_get_default_instance
                0x0000000000027c29                rpl_get_any_dag
                0x0000000000027c82                rpl_refresh_routes
                0x0000000000027cc2                rpl_global_repair
                0x0000000000027d5b                rpl_local_repair
                0x0000000000027da5                rpl_dag_ready_to_advertise
                0x0000000000027de8                rpl_dag_update_state
                0x0000000000028515                rpl_process_dio
                0x0000000000028593                rpl_process_dis
                0x00000000000285d8                rpl_process_dao
                0x0000000000028667                rpl_process_dao_ack
                0x00000000000286fe                rpl_process_hbh
                0x000000000002874e                rpl_dag_init_root
                0x0000000000028862                rpl_dag_init
 .text          0x0000000000028882      0x9e7 build/cooja/mtype727.a(rpl-timers.o)
                0x0000000000028882                rpl_timers_schedule_periodic_dis
                0x00000000000289d0                rpl_timers_dio_reset
                0x0000000000028ade                rpl_timers_schedule_unicast_dio
                0x0000000000028c32                rpl_timers_schedule_dao
                0x0000000000028cf1                rpl_timers_schedule_dao_ack
                0x0000000000028d77                rpl_timers_notify_dao_ack
                0x0000000000028dd5                get_probing_delay
                0x0000000000028e09                get_probing_target
                0x0000000000028ff3                rpl_schedule_probing
                0x0000000000029021                rpl_schedule_probing_now
                0x000000000002908b                rpl_timers_unschedule_leaving
                0x00000000000290c3                rpl_timers_schedule_leaving
                0x0000000000029104                rpl_timers_init
                0x0000000000029194                rpl_timers_stop_dag_timers
                0x000000000002920d                rpl_timers_unschedule_state_update
                0x0000000000029231                rpl_timers_schedule_state_update
 .text          0x0000000000029269      0xb8e build/cooja/mtype727.a(rpl-ext-header.)
                0x0000000000029269                rpl_ext_header_srh_get_next_hop
                0x0000000000029350                rpl_ext_header_srh_update
                0x00000000000298bc                rpl_ext_header_hbh_update
                0x0000000000029bbc                rpl_ext_header_update
                0x0000000000029c45                rpl_ext_header_remove
 .text          0x0000000000029df7      0x31b build/cooja/mtype727.a(rpl-mrhof.o)
 *fill*         0x000000000002a112        0xe 
 .text          0x000000000002a120      0x122 /usr/lib/gcc/i686-linux-gnu/5/libgcc.a(_udivdi3.o)
                0x000000000002a120                __udivdi3
 .text          0x000000000002a242        0x0 /usr/lib/gcc/i686-linux-gnu/5/crtendS.o
 .text          0x000000000002a242        0x0 /usr/lib/gcc/i686-linux-gnu/5/../../../i386-linux-gnu/crtn.o
 *(.gnu.warning)

.fini           0x000000000002a244       0x14
 *(SORT(.fini))
 .fini          0x000000000002a244        0xf /usr/lib/gcc/i686-linux-gnu/5/../../../i386-linux-gnu/crti.o
                0x000000000002a244                _fini
 .fini          0x000000000002a253        0x5 /usr/lib/gcc/i686-linux-gnu/5/../../../i386-linux-gnu/crtn.o
                [!provide]                        PROVIDE (__etext, .)
                [!provide]                        PROVIDE (_etext, .)
                [!provide]                        PROVIDE (etext, .)

.rodata         0x000000000002a260      0xccb
 *(.rodata .rodata.* .gnu.linkonce.r.*)
 .rodata        0x000000000002a260       0xde air.o
                0x000000000002a274                autostart_processes
 *fill*         0x000000000002a33e        0x2 
 .rodata        0x000000000002a340        0x8 build/cooja/mtype727.a(beep.o)
                0x000000000002a340                beep_interface
 .rodata        0x000000000002a348        0xe build/cooja/mtype727.a(leds-arch.o)
                0x000000000002a348                leds_interface
                0x000000000002a350                leds_arch_leds
 *fill*         0x000000000002a356        0x2 
 .rodata        0x000000000002a358        0x8 build/cooja/mtype727.a(moteid.o)
                0x000000000002a358                moteid_interface
 .rodata        0x000000000002a360       0x1c build/cooja/mtype727.a(pir-sensor.o)
                0x000000000002a360                pir_interface
                0x000000000002a36c                pir_sensor
 .rodata        0x000000000002a37c        0xe build/cooja/mtype727.a(rs232.o)
                0x000000000002a37c                rs232_interface
 *fill*         0x000000000002a38a        0x2 
 .rodata        0x000000000002a38c       0x24 build/cooja/mtype727.a(vib-sensor.o)
                0x000000000002a38c                vib_interface
                0x000000000002a3a0                vib_sensor
 .rodata        0x000000000002a3b0        0x8 build/cooja/mtype727.a(clock.o)
                0x000000000002a3b0                clock_interface
 .rodata        0x000000000002a3b8        0x8 build/cooja/mtype727.a(cooja-log.o)
                0x000000000002a3b8                simlog_interface
 .rodata        0x000000000002a3c0       0x2f build/cooja/mtype727.a(cfs-cooja.o)
                0x000000000002a3c0                cfs_interface
 *fill*         0x000000000002a3ef       0x11 
 .rodata        0x000000000002a400       0xb8 build/cooja/mtype727.a(cooja-radio.o)
                0x000000000002a400                radio_interface
                0x000000000002a480                cooja_radio_driver
 .rodata        0x000000000002a4b8        0x8 build/cooja/mtype727.a(eeprom.o)
                0x000000000002a4b8                eeprom_interface
 .rodata        0x000000000002a4c0        0x8 build/cooja/mtype727.a(sensors.o)
 .rodata        0x000000000002a4c8       0x2c build/cooja/mtype727.a(buttons.o)
                0x000000000002a4c8                button_interface
                0x000000000002a4dc                button_hal_button_count
                0x000000000002a4e4                button_sensor
 .rodata        0x000000000002a4f4       0xc1 build/cooja/mtype727.a(res_presence.o)
 *fill*         0x000000000002a5b5        0x3 
 .rodata        0x000000000002a5b8      0x129 build/cooja/mtype727.a(res_air.o)
 *fill*         0x000000000002a6e1        0x3 
 .rodata        0x000000000002a6e4       0xa0 build/cooja/mtype727.a(res_quality.o)
 .rodata        0x000000000002a784       0x41 build/cooja/mtype727.a(coap-engine.o)
 .rodata        0x000000000002a7c5       0x19 build/cooja/mtype727.a(coap-res-well-k)
 .rodata        0x000000000002a7de       0x11 build/cooja/mtype727.a(coap-observe.o)
 .rodata        0x000000000002a7ef       0x35 build/cooja/mtype727.a(coap-uip.o)
 .rodata        0x000000000002a824      0x1ac build/cooja/mtype727.a(coap.o)
 .rodata        0x000000000002a9d0       0xf8 build/cooja/mtype727.a(contiki-main.o)
 .rodata        0x000000000002aac8        0xf build/cooja/mtype727.a(ctimer.o)
 *fill*         0x000000000002aad7        0x1 
 .rodata        0x000000000002aad8       0xc4 build/cooja/mtype727.a(log.o)
 .rodata        0x000000000002ab9c        0xc build/cooja/mtype727.a(etimer.o)
 .rodata        0x000000000002aba8       0x13 build/cooja/mtype727.a(button-hal.o)
 .rodata        0x000000000002abbb        0xe build/cooja/mtype727.a(serial-line.o)
 *fill*         0x000000000002abc9        0x3 
 .rodata        0x000000000002abcc        0x8 build/cooja/mtype727.a(linkaddr.o)
                0x000000000002abcc                linkaddr_null
 .rodata        0x000000000002abd4       0x24 build/cooja/mtype727.a(csma.o)
                0x000000000002abdc                csma_driver
 .rodata        0x000000000002abf8       0x24 build/cooja/mtype727.a(csma-output.o)
 .rodata        0x000000000002ac1c       0x4d build/cooja/mtype727.a(uip-ds6-route.o)
 .rodata        0x000000000002ac69        0xd build/cooja/mtype727.a(tcpip.o)
 *fill*         0x000000000002ac76        0x2 
 .rodata        0x000000000002ac78       0x30 build/cooja/mtype727.a(sicslowpan.o)
                0x000000000002ac78                unc_llconf
                0x000000000002ac7c                unc_ctxconf
                0x000000000002ac80                unc_mxconf
                0x000000000002ac84                llprefix
                0x000000000002ac98                sicslowpan_driver
 .rodata        0x000000000002aca8       0x2d build/cooja/mtype727.a(uiplib.o)
 *fill*         0x000000000002acd5        0xb 
 .rodata        0x000000000002ace0       0x74 build/cooja/mtype727.a(rpl.o)
                0x000000000002ad00                rpl_lite_driver
 .rodata        0x000000000002ad54       0x20 build/cooja/mtype727.a(coap-timer-defa)
                0x000000000002ad68                coap_timer_default_driver
 .rodata        0x000000000002ad74       0x25 build/cooja/mtype727.a(assert.o)
 *fill*         0x000000000002ad99        0x3 
 .rodata        0x000000000002ad9c        0xc build/cooja/mtype727.a(framer-802154.o)
                0x000000000002ad9c                framer_802154
 .rodata        0x000000000002ada8       0x44 build/cooja/mtype727.a(uip-sr.o)
 .rodata        0x000000000002adec       0x58 build/cooja/mtype727.a(rpl-neighbor.o)
 .rodata        0x000000000002ae44       0xdb build/cooja/mtype727.a(rpl-dag.o)
 .rodata        0x000000000002af1f        0xc build/cooja/mtype727.a(rpl-timers.o)

.rodata1
 *(.rodata1)

.eh_frame_hdr   0x000000000002af2c     0x19fc
 *(.eh_frame_hdr)
 .eh_frame_hdr  0x000000000002af2c     0x19fc air.o
                0x000000000002af2c                __GNU_EH_FRAME_HDR
 *(.eh_frame_entry .eh_frame_entry.*)

.eh_frame       0x000000000002c928     0x6968
 *(.eh_frame)
 .eh_frame      0x000000000002c928       0x3c /usr/lib/gcc/i686-linux-gnu/5/../../../i386-linux-gnu/crti.o
                                         0x40 (size before relaxing)
 .eh_frame      0x000000000002c964       0x40 air.o
                                         0x58 (size before relaxing)
 .eh_frame      0x000000000002c9a4      0x178 build/cooja/mtype727.o
                                        0x190 (size before relaxing)
 .eh_frame      0x000000000002cb1c       0x40 build/cooja/mtype727.a(simEnvChange.o)
                                         0x58 (size before relaxing)
 .eh_frame      0x000000000002cb5c       0x60 build/cooja/mtype727.a(cooja_mt.o)
                                         0x78 (size before relaxing)
 .eh_frame      0x000000000002cbbc       0x80 build/cooja/mtype727.a(cooja_mtarch.o)
                                         0x98 (size before relaxing)
 .eh_frame      0x000000000002cc3c       0xc8 build/cooja/mtype727.a(rtimer-arch.o)
                                         0xe0 (size before relaxing)
 .eh_frame      0x000000000002cd04      0x160 build/cooja/mtype727.a(beep.o)
                                        0x178 (size before relaxing)
 .eh_frame      0x000000000002ce64       0x80 build/cooja/mtype727.a(leds-arch.o)
                                         0x98 (size before relaxing)
 .eh_frame      0x000000000002cee4       0x40 build/cooja/mtype727.a(moteid.o)
                                         0x58 (size before relaxing)
 .eh_frame      0x000000000002cf24       0xa0 build/cooja/mtype727.a(pir-sensor.o)
                                         0xb8 (size before relaxing)
 .eh_frame      0x000000000002cfc4      0x100 build/cooja/mtype727.a(rs232.o)
                                        0x118 (size before relaxing)
 .eh_frame      0x000000000002d0c4       0xa0 build/cooja/mtype727.a(vib-sensor.o)
                                         0xb8 (size before relaxing)
 .eh_frame      0x000000000002d164       0xc0 build/cooja/mtype727.a(clock.o)
                                         0xd8 (size before relaxing)
 .eh_frame      0x000000000002d224      0x120 build/cooja/mtype727.a(cooja-log.o)
                                        0x138 (size before relaxing)
 .eh_frame      0x000000000002d344      0x160 build/cooja/mtype727.a(cfs-cooja.o)
                                        0x178 (size before relaxing)
 .eh_frame      0x000000000002d4a4      0x340 build/cooja/mtype727.a(cooja-radio.o)
                                        0x358 (size before relaxing)
 .eh_frame      0x000000000002d7e4       0xa0 build/cooja/mtype727.a(eeprom.o)
                                         0xb8 (size before relaxing)
 .eh_frame      0x000000000002d884       0x40 build/cooja/mtype727.a(random.o)
                                         0x58 (size before relaxing)
 .eh_frame      0x000000000002d8c4       0xc0 build/cooja/mtype727.a(sensors.o)
                                         0xd8 (size before relaxing)
 .eh_frame      0x000000000002d984      0x120 build/cooja/mtype727.a(leds.o)
                                        0x138 (size before relaxing)
 .eh_frame      0x000000000002daa4      0x220 build/cooja/mtype727.a(gpio-hal-arch.o)
                                        0x238 (size before relaxing)
 .eh_frame      0x000000000002dcc4       0xa0 build/cooja/mtype727.a(buttons.o)
                                         0xb8 (size before relaxing)
 .eh_frame      0x000000000002dd64       0x40 build/cooja/mtype727.a(res_presence.o)
                                         0x58 (size before relaxing)
 .eh_frame      0x000000000002dda4       0x60 build/cooja/mtype727.a(res_air.o)
                                         0x78 (size before relaxing)
 .eh_frame      0x000000000002de04       0x40 build/cooja/mtype727.a(res_quality.o)
                                         0x58 (size before relaxing)
 .eh_frame      0x000000000002de44       0x44 build/cooja/mtype727.a(coap-blocking-a)
                                         0x5c (size before relaxing)
 .eh_frame      0x000000000002de88      0x220 build/cooja/mtype727.a(coap-engine.o)
                                        0x238 (size before relaxing)
 .eh_frame      0x000000000002e0a8       0x24 build/cooja/mtype727.a(coap-res-well-k)
                                         0x3c (size before relaxing)
 .eh_frame      0x000000000002e0cc      0x188 build/cooja/mtype727.a(coap-observe.o)
                                        0x1a0 (size before relaxing)
 .eh_frame      0x000000000002e254      0x250 build/cooja/mtype727.a(coap-uip.o)
                                        0x268 (size before relaxing)
 .eh_frame      0x000000000002e4a4      0x114 build/cooja/mtype727.a(coap-timer.o)
                                        0x12c (size before relaxing)
 .eh_frame      0x000000000002e5b8      0x100 build/cooja/mtype727.a(coap-transactio)
                                        0x118 (size before relaxing)
 .eh_frame      0x000000000002e6b8      0x6ec build/cooja/mtype727.a(coap.o)
                                        0x704 (size before relaxing)
 .eh_frame      0x000000000002eda4       0x30 build/cooja/mtype727.a(contiki-main.o)
                                         0x48 (size before relaxing)
 .eh_frame      0x000000000002edd4       0x40 build/cooja/mtype727.a(autostart.o)
                                         0x58 (size before relaxing)
 .eh_frame      0x000000000002ee14      0x100 build/cooja/mtype727.a(ctimer.o)
                                        0x118 (size before relaxing)
 .eh_frame      0x000000000002ef14      0x100 build/cooja/mtype727.a(log.o)
                                        0x118 (size before relaxing)
 .eh_frame      0x000000000002f014       0x60 build/cooja/mtype727.a(energest.o)
                                         0x78 (size before relaxing)
 .eh_frame      0x000000000002f074      0x1e0 build/cooja/mtype727.a(etimer.o)
                                        0x1f8 (size before relaxing)
 .eh_frame      0x000000000002f254       0x20 build/cooja/mtype727.a(node-id.o)
                                         0x38 (size before relaxing)
 .eh_frame      0x000000000002f274       0x60 build/cooja/mtype727.a(rtimer.o)
                                         0x78 (size before relaxing)
 .eh_frame      0x000000000002f2d4      0x1c4 build/cooja/mtype727.a(process.o)
                                        0x1dc (size before relaxing)
 .eh_frame      0x000000000002f498       0xa4 build/cooja/mtype727.a(timer.o)
                                         0xbc (size before relaxing)
 .eh_frame      0x000000000002f53c      0x1a0 build/cooja/mtype727.a(list.o)
                                        0x1b8 (size before relaxing)
 .eh_frame      0x000000000002f6dc       0xa0 build/cooja/mtype727.a(memb.o)
                                         0xb8 (size before relaxing)
 .eh_frame      0x000000000002f77c      0x144 build/cooja/mtype727.a(button-hal.o)
                                        0x15c (size before relaxing)
 .eh_frame      0x000000000002f8c0       0x60 build/cooja/mtype727.a(serial-line.o)
                                         0x78 (size before relaxing)
 .eh_frame      0x000000000002f920       0xe0 build/cooja/mtype727.a(gpio-hal.o)
                                         0xf8 (size before relaxing)
 .eh_frame      0x000000000002fa00      0x1a0 build/cooja/mtype727.a(queuebuf.o)
                                        0x1b8 (size before relaxing)
 .eh_frame      0x000000000002fba0      0x28c build/cooja/mtype727.a(packetbuf.o)
                                        0x2a4 (size before relaxing)
 .eh_frame      0x000000000002fe2c       0x80 build/cooja/mtype727.a(netstack.o)
                                         0x98 (size before relaxing)
 .eh_frame      0x000000000002feac       0x60 build/cooja/mtype727.a(linkaddr.o)
                                         0x78 (size before relaxing)
 .eh_frame      0x000000000002ff0c       0xe0 build/cooja/mtype727.a(csma.o)
                                         0xf8 (size before relaxing)
 .eh_frame      0x000000000002ffec      0x1d0 build/cooja/mtype727.a(csma-output.o)
                                        0x1e8 (size before relaxing)
 .eh_frame      0x00000000000301bc      0x328 build/cooja/mtype727.a(uip-ds6.o)
                                        0x340 (size before relaxing)
 .eh_frame      0x00000000000304e4       0x40 build/cooja/mtype727.a(uip-udp-packet.)
                                         0x58 (size before relaxing)
 .eh_frame      0x0000000000030524      0x220 build/cooja/mtype727.a(uip-ds6-route.o)
                                        0x238 (size before relaxing)
 .eh_frame      0x0000000000030744      0x244 build/cooja/mtype727.a(tcpip.o)
                                        0x25c (size before relaxing)
 .eh_frame      0x0000000000030988      0x1e8 build/cooja/mtype727.a(uip6.o)
                                        0x200 (size before relaxing)
 .eh_frame      0x0000000000030b70      0x1c0 build/cooja/mtype727.a(uip-ds6-nbr.o)
                                        0x1d8 (size before relaxing)
 .eh_frame      0x0000000000030d30       0x84 build/cooja/mtype727.a(uip-nd6.o)
                                         0x9c (size before relaxing)
 .eh_frame      0x0000000000030db4      0x2f8 build/cooja/mtype727.a(sicslowpan.o)
                                        0x310 (size before relaxing)
 .eh_frame      0x00000000000310ac       0x88 build/cooja/mtype727.a(uiplib.o)
                                         0xa0 (size before relaxing)
 .eh_frame      0x0000000000031134      0x1e0 build/cooja/mtype727.a(rpl.o)
                                        0x1f8 (size before relaxing)
 .eh_frame      0x0000000000031314      0x1c4 build/cooja/mtype727.a(rpl-icmp6.o)
                                        0x1dc (size before relaxing)
 .eh_frame      0x00000000000314d8       0xa0 build/cooja/mtype727.a(rpl-dag-root.o)
                                         0xb8 (size before relaxing)
 .eh_frame      0x0000000000031578       0xa0 build/cooja/mtype727.a(watchdog.o)
                                         0xb8 (size before relaxing)
 .eh_frame      0x0000000000031618       0x80 build/cooja/mtype727.a(int-master.o)
                                         0x98 (size before relaxing)
 .eh_frame      0x0000000000031698       0xa4 build/cooja/mtype727.a(coap-timer-defa)
                                         0xbc (size before relaxing)
 .eh_frame      0x000000000003173c       0xc4 build/cooja/mtype727.a(stimer.o)
                                         0xdc (size before relaxing)
 .eh_frame      0x0000000000031800       0xa0 build/cooja/mtype727.a(ringbuf.o)
                                         0xb8 (size before relaxing)
 .eh_frame      0x00000000000318a0       0x20 build/cooja/mtype727.a(assert.o)
                                         0x38 (size before relaxing)
 .eh_frame      0x00000000000318c0      0x2ac build/cooja/mtype727.a(nbr-table.o)
                                        0x2c4 (size before relaxing)
 .eh_frame      0x0000000000031b6c      0x120 build/cooja/mtype727.a(link-stats.o)
                                        0x138 (size before relaxing)
 .eh_frame      0x0000000000031c8c       0x48 build/cooja/mtype727.a(mac-sequence.o)
                                         0x60 (size before relaxing)
 .eh_frame      0x0000000000031cd4       0x20 build/cooja/mtype727.a(mac.o)
                                         0x38 (size before relaxing)
 .eh_frame      0x0000000000031cf4       0xa4 build/cooja/mtype727.a(framer-802154.o)
                                         0xbc (size before relaxing)
 .eh_frame      0x0000000000031d98      0x1a4 build/cooja/mtype727.a(frame802154.o)
                                        0x1bc (size before relaxing)
 .eh_frame      0x0000000000031f3c       0x40 build/cooja/mtype727.a(csma-security.o)
                                         0x58 (size before relaxing)
 .eh_frame      0x0000000000031f7c      0x200 build/cooja/mtype727.a(uipbuf.o)
                                        0x218 (size before relaxing)
 .eh_frame      0x000000000003217c      0x150 build/cooja/mtype727.a(uip-icmp6.o)
                                        0x168 (size before relaxing)
 .eh_frame      0x00000000000322cc      0x184 build/cooja/mtype727.a(uip-sr.o)
                                        0x19c (size before relaxing)
 .eh_frame      0x0000000000032450       0xe0 build/cooja/mtype727.a(uip-packetqueue)
                                         0xf8 (size before relaxing)
 .eh_frame      0x0000000000032530       0x80 build/cooja/mtype727.a(rpl-nbr-policy.)
                                         0x98 (size before relaxing)
 .eh_frame      0x00000000000325b0      0x2d4 build/cooja/mtype727.a(rpl-neighbor.o)
                                        0x2ec (size before relaxing)
 .eh_frame      0x0000000000032884      0x370 build/cooja/mtype727.a(rpl-dag.o)
                                        0x388 (size before relaxing)
 .eh_frame      0x0000000000032bf4      0x3a8 build/cooja/mtype727.a(rpl-timers.o)
                                        0x3c0 (size before relaxing)
 .eh_frame      0x0000000000032f9c      0x124 build/cooja/mtype727.a(rpl-ext-header.)
                                        0x13c (size before relaxing)
 .eh_frame      0x00000000000330c0      0x148 build/cooja/mtype727.a(rpl-mrhof.o)
                                        0x160 (size before relaxing)
 .eh_frame      0x0000000000033208       0x84 /usr/lib/gcc/i686-linux-gnu/5/libgcc.a(_udivdi3.o)
                                         0x9c (size before relaxing)
 .eh_frame      0x000000000003328c        0x4 /usr/lib/gcc/i686-linux-gnu/5/crtendS.o
 *(.eh_frame.*)

.gcc_except_table
 *(.gcc_except_table .gcc_except_table.*)

.gnu_extab
 *(.gnu_extab*)

.exception_ranges
 *(.exception_ranges .exception_ranges*)
                0x0000000000034f10                . = DATA_SEGMENT_ALIGN (0x1000, 0x1000)

.eh_frame
 *(.eh_frame)
 *(.eh_frame.*)

.gnu_extab
 *(.gnu_extab)

.gcc_except_table
 *(.gcc_except_table .gcc_except_table.*)

.exception_ranges
 *(.exception_ranges .exception_ranges*)

.tdata
 *(.tdata .tdata.* .gnu.linkonce.td.*)

.tbss
 *(.tbss .tbss.* .gnu.linkonce.tb.*)
 *(.tcommon)

.preinit_array
 *(.preinit_array)

.init_array     0x0000000000034f10        0x4
 *(SORT(.init_array.*) SORT(.ctors.*))
 *(.init_array EXCLUDE_FILE(*crtend?.o *crtend.o *crtbegin?.o *crtbegin.o) .ctors)
 .init_array    0x0000000000034f10        0x4 /usr/lib/gcc/i686-linux-gnu/5/crtbeginS.o

.fini_array     0x0000000000034f14        0x4
 *(SORT(.fini_array.*) SORT(.dtors.*))
 *(.fini_array EXCLUDE_FILE(*crtend?.o *crtend.o *crtbegin?.o *crtbegin.o) .dtors)
 .fini_array    0x0000000000034f14        0x4 /usr/lib/gcc/i686-linux-gnu/5/crtbeginS.o

.ctors
 *crtbegin.o(.ctors)
 *crtbegin?.o(.ctors)
 *(EXCLUDE_FILE(*crtend?.o *crtend.o) .ctors)
 *(SORT(.ctors.*))
 *(.ctors)

.dtors
 *crtbegin.o(.dtors)
 *crtbegin?.o(.dtors)
 *(EXCLUDE_FILE(*crtend?.o *crtend.o) .dtors)
 *(SORT(.dtors.*))
 *(.dtors)

.jcr            0x0000000000034f18        0x4
 *(.jcr)
 .jcr           0x0000000000034f18        0x0 /usr/lib/gcc/i686-linux-gnu/5/crtbeginS.o
 .jcr           0x0000000000034f18        0x4 /usr/lib/gcc/i686-linux-gnu/5/crtendS.o

.data.rel.ro
 *(.data.rel.ro.local* .gnu.linkonce.d.rel.ro.local.*)
 *(.data.rel.ro .data.rel.ro.* .gnu.linkonce.d.rel.ro.*)

.dynamic        0x0000000000034f1c       0xd0
 *(.dynamic)
 .dynamic       0x0000000000034f1c       0xd0 /usr/lib/gcc/i686-linux-gnu/5/../../../i386-linux-gnu/crti.o
                0x0000000000034f1c                _DYNAMIC

.got            0x0000000000034fec       0x14
 *(.got)
 .got           0x0000000000034fec       0x14 /usr/lib/gcc/i686-linux-gnu/5/../../../i386-linux-gnu/crti.o
 *(.igot)
                0x0000000000035ff4                . = DATA_SEGMENT_RELRO_END (., (SIZEOF (.got.plt) >= 0xc)?0xc:0x0)

.got.plt        0x0000000000035000        0xc
 *(.got.plt)
 .got.plt       0x0000000000035000        0xc /usr/lib/gcc/i686-linux-gnu/5/../../../i386-linux-gnu/crti.o
                0x0000000000035000                _GLOBAL_OFFSET_TABLE_
 *(.igot.plt)

.data           0x0000000000035020      0x504
 *(.data .data.* .gnu.linkonce.d.*)
 .data          0x0000000000035020        0x0 /usr/lib/gcc/i686-linux-gnu/5/../../../i386-linux-gnu/crti.o
 .data          0x0000000000035020        0x0 /usr/lib/gcc/i686-linux-gnu/5/crtbeginS.o
 .data.rel.local
                0x0000000000035020        0x4 /usr/lib/gcc/i686-linux-gnu/5/crtbeginS.o
                0x0000000000035020                __dso_handle
 .data          0x0000000000035024       0x10 air.o
                0x0000000000035024                air_node
 *fill*         0x0000000000035034        0xc 
 .data          0x0000000000035040       0x44 build/cooja/mtype727.o
                0x0000000000035040                simInterfaces
                0x0000000000035074                sensors
 .data          0x0000000000035084        0x0 build/cooja/mtype727.a(simEnvChange.o)
 .data          0x0000000000035084        0x0 build/cooja/mtype727.a(cooja_mt.o)
 .data          0x0000000000035084        0x0 build/cooja/mtype727.a(cooja_mtarch.o)
 .data          0x0000000000035084        0x0 build/cooja/mtype727.a(rtimer-arch.o)
 .data          0x0000000000035084        0x0 build/cooja/mtype727.a(beep.o)
 .data          0x0000000000035084        0x0 build/cooja/mtype727.a(leds-arch.o)
 .data          0x0000000000035084        0x0 build/cooja/mtype727.a(moteid.o)
 .data          0x0000000000035084        0x0 build/cooja/mtype727.a(pir-sensor.o)
 .data          0x0000000000035084        0x0 build/cooja/mtype727.a(rs232.o)
 .data          0x0000000000035084        0x0 build/cooja/mtype727.a(vib-sensor.o)
 .data          0x0000000000035084        0x0 build/cooja/mtype727.a(clock.o)
 .data          0x0000000000035084        0x0 build/cooja/mtype727.a(cooja-log.o)
 .data          0x0000000000035084        0x0 build/cooja/mtype727.a(cfs-cooja.o)
 .data          0x0000000000035084       0x2c build/cooja/mtype727.a(cooja-radio.o)
                0x0000000000035084                simRadioHWOn
                0x0000000000035088                simSignalStrength
                0x000000000003508c                simLastSignalStrength
                0x0000000000035090                simPower
                0x0000000000035094                simRadioChannel
                0x0000000000035098                simLQI
                0x00000000000350a0                cooja_radio_process
 .data          0x00000000000350b0        0x0 build/cooja/mtype727.a(eeprom.o)
 .data          0x00000000000350b0        0x0 build/cooja/mtype727.a(random.o)
 .data          0x00000000000350b0       0x10 build/cooja/mtype727.a(sensors.o)
                0x00000000000350b0                sensors_process
 .data          0x00000000000350c0        0x0 build/cooja/mtype727.a(leds.o)
 .data          0x00000000000350c0        0x0 build/cooja/mtype727.a(gpio-hal-arch.o)
 .data          0x00000000000350c0       0x78 build/cooja/mtype727.a(buttons.o)
                0x00000000000350c0                simButtonIsActive
                0x0000000000035130                button_hal_buttons
 *fill*         0x0000000000035138        0x8 
 .data          0x0000000000035140       0x44 build/cooja/mtype727.a(res_presence.o)
                0x0000000000035140                presence
                0x0000000000035160                res_presence
 *fill*         0x0000000000035184       0x1c 
 .data          0x00000000000351a0       0x24 build/cooja/mtype727.a(res_air.o)
                0x00000000000351a0                res_air
 *fill*         0x00000000000351c4       0x1c 
 .data          0x00000000000351e0       0x44 build/cooja/mtype727.a(res_quality.o)
                0x00000000000351e0                quality
                0x0000000000035200                res_quality
 .data          0x0000000000035224        0x0 build/cooja/mtype727.a(coap-blocking-a)
 .data          0x0000000000035224        0x8 build/cooja/mtype727.a(coap-engine.o)
 *fill*         0x000000000003522c       0x14 
 .data          0x0000000000035240       0x24 build/cooja/mtype727.a(coap-res-well-k)
                0x0000000000035240                res_well_known_core
 .data          0x0000000000035264       0x10 build/cooja/mtype727.a(coap-observe.o)
 .data          0x0000000000035274       0x10 build/cooja/mtype727.a(coap-uip.o)
                0x0000000000035274                coap_engine
 .data          0x0000000000035284        0x4 build/cooja/mtype727.a(coap-timer.o)
 .data          0x0000000000035288       0x10 build/cooja/mtype727.a(coap-transactio)
 .data          0x0000000000035298        0x4 build/cooja/mtype727.a(coap.o)
                0x0000000000035298                coap_error_message
 .data          0x000000000003529c        0x0 build/cooja/mtype727.a(contiki-main.o)
 .data          0x000000000003529c        0x0 build/cooja/mtype727.a(autostart.o)
 .data          0x000000000003529c       0x14 build/cooja/mtype727.a(ctimer.o)
                0x00000000000352a0                ctimer_process
 *fill*         0x00000000000352b0       0x10 
 .data          0x00000000000352c0       0xbc build/cooja/mtype727.a(log.o)
                0x00000000000352c0                curr_log_level_main
                0x00000000000352e0                all_modules
 .data          0x000000000003537c        0x0 build/cooja/mtype727.a(energest.o)
 .data          0x000000000003537c       0x10 build/cooja/mtype727.a(etimer.o)
                0x000000000003537c                etimer_process
 .data          0x000000000003538c        0x0 build/cooja/mtype727.a(node-id.o)
 .data          0x000000000003538c        0x0 build/cooja/mtype727.a(rtimer.o)
 .data          0x000000000003538c        0x0 build/cooja/mtype727.a(process.o)
 .data          0x000000000003538c        0x0 build/cooja/mtype727.a(timer.o)
 .data          0x000000000003538c        0x0 build/cooja/mtype727.a(list.o)
 .data          0x000000000003538c        0x0 build/cooja/mtype727.a(memb.o)
 .data          0x000000000003538c       0x10 build/cooja/mtype727.a(button-hal.o)
                0x000000000003538c                button_hal_process
 .data          0x000000000003539c       0x10 build/cooja/mtype727.a(serial-line.o)
                0x000000000003539c                serial_line_process
 .data          0x00000000000353ac        0x4 build/cooja/mtype727.a(gpio-hal.o)
 .data          0x00000000000353b0       0x18 build/cooja/mtype727.a(queuebuf.o)
 .data          0x00000000000353c8        0x4 build/cooja/mtype727.a(packetbuf.o)
 .data          0x00000000000353cc        0x4 build/cooja/mtype727.a(netstack.o)
 .data          0x00000000000353d0        0x0 build/cooja/mtype727.a(linkaddr.o)
 .data          0x00000000000353d0        0x0 build/cooja/mtype727.a(csma.o)
 .data          0x00000000000353d0       0x28 build/cooja/mtype727.a(csma-output.o)
 .data          0x00000000000353f8        0x0 build/cooja/mtype727.a(uip-ds6.o)
 .data          0x00000000000353f8        0x0 build/cooja/mtype727.a(uip-udp-packet.)
 .data          0x00000000000353f8       0x10 build/cooja/mtype727.a(uip-ds6-route.o)
 .data          0x0000000000035408       0x10 build/cooja/mtype727.a(tcpip.o)
                0x0000000000035408                tcpip_process
 .data          0x0000000000035418        0x0 build/cooja/mtype727.a(uip6.o)
 .data          0x0000000000035418       0x14 build/cooja/mtype727.a(uip-ds6-nbr.o)
 .data          0x000000000003542c        0xc build/cooja/mtype727.a(uip-nd6.o)
 .data          0x0000000000035438        0x0 build/cooja/mtype727.a(sicslowpan.o)
 .data          0x0000000000035438        0x0 build/cooja/mtype727.a(uiplib.o)
 .data          0x0000000000035438        0x0 build/cooja/mtype727.a(rpl.o)
 .data          0x0000000000035438       0x30 build/cooja/mtype727.a(rpl-icmp6.o)
 .data          0x0000000000035468        0x0 build/cooja/mtype727.a(rpl-dag-root.o)
 .data          0x0000000000035468        0x0 build/cooja/mtype727.a(watchdog.o)
 .data          0x0000000000035468        0x0 build/cooja/mtype727.a(int-master.o)
 .data          0x0000000000035468       0x10 build/cooja/mtype727.a(coap-timer-defa)
                0x0000000000035468                coap_timer_process
 .data          0x0000000000035478        0x0 build/cooja/mtype727.a(stimer.o)
 .data          0x0000000000035478        0x0 build/cooja/mtype727.a(ringbuf.o)
 .data          0x0000000000035478        0x0 build/cooja/mtype727.a(assert.o)
 .data          0x0000000000035478       0x10 build/cooja/mtype727.a(nbr-table.o)
 .data          0x0000000000035488       0x14 build/cooja/mtype727.a(link-stats.o)
 .data          0x000000000003549c        0x0 build/cooja/mtype727.a(mac-sequence.o)
 .data          0x000000000003549c        0x0 build/cooja/mtype727.a(mac.o)
 .data          0x000000000003549c        0x0 build/cooja/mtype727.a(framer-802154.o)
 .data          0x000000000003549c        0x2 build/cooja/mtype727.a(frame802154.o)
 .data          0x000000000003549e        0x0 build/cooja/mtype727.a(csma-security.o)
 .data          0x000000000003549e        0x0 build/cooja/mtype727.a(uipbuf.o)
 *fill*         0x000000000003549e        0x2 
 .data          0x00000000000354a0       0x20 build/cooja/mtype727.a(uip-icmp6.o)
 .data          0x00000000000354c0       0x10 build/cooja/mtype727.a(uip-sr.o)
 .data          0x00000000000354d0        0xc build/cooja/mtype727.a(uip-packetqueue)
 .data          0x00000000000354dc        0x0 build/cooja/mtype727.a(rpl-nbr-policy.)
 .data          0x00000000000354dc       0x14 build/cooja/mtype727.a(rpl-neighbor.o)
                0x00000000000354ec                rpl_neighbors
 .data          0x00000000000354f0        0x0 build/cooja/mtype727.a(rpl-dag.o)
 .data          0x00000000000354f0        0x0 build/cooja/mtype727.a(rpl-timers.o)
 .data          0x00000000000354f0        0x0 build/cooja/mtype727.a(rpl-ext-header.)
 *fill*         0x00000000000354f0       0x10 
 .data          0x0000000000035500       0x24 build/cooja/mtype727.a(rpl-mrhof.o)
                0x0000000000035500                rpl_mrhof
 .data          0x0000000000035524        0x0 /usr/lib/gcc/i686-linux-gnu/5/libgcc.a(_udivdi3.o)
 .data          0x0000000000035524        0x0 /usr/lib/gcc/i686-linux-gnu/5/crtendS.o
 .data          0x0000000000035524        0x0 /usr/lib/gcc/i686-linux-gnu/5/../../../i386-linux-gnu/crtn.o

.tm_clone_table
                0x0000000000035524        0x0
 .tm_clone_table
                0x0000000000035524        0x0 /usr/lib/gcc/i686-linux-gnu/5/crtbeginS.o
 .tm_clone_table
                0x0000000000035524        0x0 /usr/lib/gcc/i686-linux-gnu/5/crtendS.o

.data1
 *(.data1)
                0x0000000000035524                _edata = .
                [!provide]                        PROVIDE (edata, .)
                0x0000000000035524                . = .
                0x0000000000035524                __bss_start = .

.bss            0x0000000000035540    0x13f84
 *(.dynbss)
 .dynbss        0x0000000000035540        0x0 /usr/lib/gcc/i686-linux-gnu/5/../../../i386-linux-gnu/crti.o
 *(.bss .bss.* .gnu.linkonce.b.*)
 .bss           0x0000000000035540        0x0 /usr/lib/gcc/i686-linux-gnu/5/../../../i386-linux-gnu/crti.o
 .bss           0x0000000000035540        0x1 /usr/lib/gcc/i686-linux-gnu/5/crtbeginS.o
 *fill*         0x0000000000035541       0x1f 
 .bss           0x0000000000035560      0x12c air.o
                0x0000000000035560                registered
 *fill*         0x000000000003568c       0x14 
 .bss           0x00000000000356a0     0x2030 build/cooja/mtype727.o
 .bss           0x00000000000376d0        0x1 build/cooja/mtype727.a(simEnvChange.o)
                0x00000000000376d0                simDontFallAsleep
 *fill*         0x00000000000376d1        0x3 
 .bss           0x00000000000376d4        0x4 build/cooja/mtype727.a(cooja_mt.o)
 .bss           0x00000000000376d8        0x4 build/cooja/mtype727.a(cooja_mtarch.o)
 .bss           0x00000000000376dc        0x0 build/cooja/mtype727.a(rtimer-arch.o)
 .bss           0x00000000000376dc        0x0 build/cooja/mtype727.a(beep.o)
 .bss           0x00000000000376dc        0x1 build/cooja/mtype727.a(leds-arch.o)
                0x00000000000376dc                simLedsValue
 .bss           0x00000000000376dd        0x0 build/cooja/mtype727.a(moteid.o)
 .bss           0x00000000000376dd        0x1 build/cooja/mtype727.a(pir-sensor.o)
                0x00000000000376dd                simPirValue
 *fill*         0x00000000000376de        0x2 
 .bss           0x00000000000376e0        0x4 build/cooja/mtype727.a(rs232.o)
 .bss           0x00000000000376e4        0x1 build/cooja/mtype727.a(vib-sensor.o)
                0x00000000000376e4                simVibValue
 .bss           0x00000000000376e5        0x0 build/cooja/mtype727.a(clock.o)
 *fill*         0x00000000000376e5       0x1b 
 .bss           0x0000000000037700     0x2020 build/cooja/mtype727.a(cooja-log.o)
 .bss           0x0000000000039720      0xfc0 build/cooja/mtype727.a(cfs-cooja.o)
                0x0000000000039720                simCFSData
                0x000000000003a6c0                simCFSSize
                0x000000000003a6c4                simCFSChanged
                0x000000000003a6c8                simCFSRead
                0x000000000003a6cc                simCFSWritten
 .bss           0x000000000003a6e0       0x24 build/cooja/mtype727.a(cooja-radio.o)
                0x000000000003a6e0                simReceiving
                0x000000000003a6e4                simInSize
                0x000000000003a6e8                simLastPacketTimestamp
                0x000000000003a6f0                simOutSize
 .bss           0x000000000003a704        0xc build/cooja/mtype727.a(eeprom.o)
                0x000000000003a704                simEEPROMChanged
                0x000000000003a708                simEEPROMRead
                0x000000000003a70c                simEEPROMWritten
 .bss           0x000000000003a710        0x0 build/cooja/mtype727.a(random.o)
 .bss           0x000000000003a710        0xc build/cooja/mtype727.a(sensors.o)
 .bss           0x000000000003a71c        0x0 build/cooja/mtype727.a(leds.o)
 .bss           0x000000000003a71c       0x24 build/cooja/mtype727.a(gpio-hal-arch.o)
 .bss           0x000000000003a740        0x0 build/cooja/mtype727.a(buttons.o)
 .bss           0x000000000003a740        0x4 build/cooja/mtype727.a(res_presence.o)
 .bss           0x000000000003a744        0x8 build/cooja/mtype727.a(res_air.o)
                0x000000000003a744                air_state
                0x000000000003a745                lightOn
 .bss           0x000000000003a74c        0x4 build/cooja/mtype727.a(res_quality.o)
 .bss           0x000000000003a750        0x0 build/cooja/mtype727.a(coap-blocking-a)
 *fill*         0x000000000003a750       0x10 
 .bss           0x000000000003a760      0x190 build/cooja/mtype727.a(coap-engine.o)
 .bss           0x000000000003a8f0        0x0 build/cooja/mtype727.a(coap-res-well-k)
 *fill*         0x000000000003a8f0       0x10 
 .bss           0x000000000003a900      0x120 build/cooja/mtype727.a(coap-observe.o)
 .bss           0x000000000003aa20       0x18 build/cooja/mtype727.a(coap-uip.o)
 .bss           0x000000000003aa38        0x5 build/cooja/mtype727.a(coap-timer.o)
 *fill*         0x000000000003aa3d        0x3 
 .bss           0x000000000003aa40      0x334 build/cooja/mtype727.a(coap-transactio)
 .bss           0x000000000003ad74        0x6 build/cooja/mtype727.a(coap.o)
                0x000000000003ad74                coap_status_code
 .bss           0x000000000003ad7a        0x0 build/cooja/mtype727.a(contiki-main.o)
 .bss           0x000000000003ad7a        0x0 build/cooja/mtype727.a(autostart.o)
 *fill*         0x000000000003ad7a        0x2 
 .bss           0x000000000003ad7c        0x5 build/cooja/mtype727.a(ctimer.o)
 *fill*         0x000000000003ad81        0x3 
 .bss           0x000000000003ad84       0x2c build/cooja/mtype727.a(log.o)
                0x000000000003ad84                curr_log_level_rpl
                0x000000000003ad88                curr_log_level_tcpip
                0x000000000003ad8c                curr_log_level_ipv6
                0x000000000003ad90                curr_log_level_6lowpan
                0x000000000003ad94                curr_log_level_nullnet
                0x000000000003ad98                curr_log_level_mac
                0x000000000003ad9c                curr_log_level_framer
                0x000000000003ada0                curr_log_level_6top
                0x000000000003ada4                curr_log_level_coap
                0x000000000003ada8                curr_log_level_snmp
                0x000000000003adac                curr_log_level_lwm2m
 .bss           0x000000000003adb0        0x0 build/cooja/mtype727.a(energest.o)
 .bss           0x000000000003adb0        0x8 build/cooja/mtype727.a(etimer.o)
 .bss           0x000000000003adb8        0x2 build/cooja/mtype727.a(node-id.o)
                0x000000000003adb8                node_id
 *fill*         0x000000000003adba        0x2 
 .bss           0x000000000003adbc        0x4 build/cooja/mtype727.a(rtimer.o)
 .bss           0x000000000003adc0      0x1a1 build/cooja/mtype727.a(process.o)
                0x000000000003adc0                process_list
                0x000000000003adc4                process_current
 .bss           0x000000000003af61        0x0 build/cooja/mtype727.a(timer.o)
 .bss           0x000000000003af61        0x0 build/cooja/mtype727.a(list.o)
 .bss           0x000000000003af61        0x0 build/cooja/mtype727.a(memb.o)
 *fill*         0x000000000003af61        0x3 
 .bss           0x000000000003af64       0x10 build/cooja/mtype727.a(button-hal.o)
 *fill*         0x000000000003af74        0xc 
 .bss           0x000000000003af80      0x140 build/cooja/mtype727.a(serial-line.o)
 .bss           0x000000000003b0c0        0x4 build/cooja/mtype727.a(gpio-hal.o)
 *fill*         0x000000000003b0c4       0x1c 
 .bss           0x000000000003b0e0     0x2c80 build/cooja/mtype727.a(queuebuf.o)
 .bss           0x000000000003dd60       0xa0 build/cooja/mtype727.a(packetbuf.o)
 .bss           0x000000000003de00        0x4 build/cooja/mtype727.a(netstack.o)
 .bss           0x000000000003de04        0x0 build/cooja/mtype727.a(linkaddr.o)
 .bss           0x000000000003de04        0x0 build/cooja/mtype727.a(csma.o)
 *fill*         0x000000000003de04       0x1c 
 .bss           0x000000000003de20      0x726 build/cooja/mtype727.a(csma-output.o)
 *fill*         0x000000000003e546        0x2 